Component: ARM Compiler 5.05 update 2 (build 169) Tool: armlink [4d0f33]

==============================================================================

Section Cross References

    lib_mem.o(.text) refers to lib_mem.o(.data) for xStart
    lib_mem.o(.text) refers to lib_mem.o(.bss) for ucHeap
    ap_sta.o(.text) refers to strlen.o(.text) for strlen
    ap_sta.o(.text) refers to memseta.o(.text) for __aeabi_memclr4
    ap_sta.o(.text) refers to rw_lib.o(i.rw_wlanConnect) for rw_wlanConnect
    ap_sta.o(.text) refers to rw_lib_platform.o(.text) for get_stamp
    ap_sta.o(.text) refers to printf8.o(i.__0printf$8) for __2printf
    ap_sta.o(.text) refers to rw_lib.o(i.rw_ipConfig) for rw_ipConfig
    ap_sta.o(.text) refers to rw_lib.o(i.rw_startEasyWps) for rw_startEasyWps
    ap_sta.o(.text) refers to ap_sta.o(.bss) for app_demo_ctx
    ap_sta.o(.text) refers to rw_lib_platform.o(.bss) for conn
    tcp_udp.o(.text) refers to strlen.o(.text) for strlen
    tcp_udp.o(.text) refers to rw_lib.o(i.socket) for socket
    tcp_udp.o(.text) refers to rw_lib_platform.o(.text) for get_stamp
    tcp_udp.o(.text) refers to rand.o(.text) for srand
    tcp_udp.o(.text) refers to idiv.o(.text) for __aeabi_idivmod
    tcp_udp.o(.text) refers to rw_lib.o(i.bind) for bind
    tcp_udp.o(.text) refers to rw_lib.o(i.close) for close
    tcp_udp.o(.text) refers to rw_lib.o(i.connect) for connect
    tcp_udp.o(.text) refers to printf8.o(i.__0printf$8) for __2printf
    tcp_udp.o(.text) refers to rw_lib.o(i.recv) for recv
    tcp_udp.o(.text) refers to rw_lib.o(i.send) for send
    tcp_udp.o(.text) refers to rw_lib.o(i.listen) for listen
    tcp_udp.o(.text) refers to rw_lib.o(i.select) for select
    tcp_udp.o(.text) refers to rw_lib.o(i.accept) for accept
    tcp_udp.o(.text) refers to tcp_udp.o(.data) for tmp_sockfd
    tcp_udp.o(.text) refers to ap_sta.o(.bss) for app_demo_ctx
    tcp_udp.o(.text) refers to tcp_udp.o(.bss) for temp_buf
    tcp_udp.o(.text) refers to rw_lib.o(i.recvfrom) for recvfrom
    tcp_udp.o(.text) refers to rw_lib.o(i.sendto) for sendto
    tcpudp_test.o(.text) refers to strlen.o(.text) for strlen
    tcpudp_test.o(.text) refers to memseta.o(.text) for __aeabi_memclr4
    tcpudp_test.o(.text) refers to bsp.o(.text) for host_platformInit
    tcpudp_test.o(.text) refers to rw_lib_platform.o(.text) for get_stamp
    tcpudp_test.o(.text) refers to printf8.o(i.__0printf$8) for __2printf
    tcpudp_test.o(.text) refers to rw_lib.o(i.rw_sysDriverInit) for rw_sysDriverInit
    tcpudp_test.o(.text) refers to rw_lib.o(i.rw_getLibVersion) for rw_getLibVersion
    tcpudp_test.o(.text) refers to rw_lib.o(i.rw_getMacAddr) for rw_getMacAddr
    tcpudp_test.o(.text) refers to ap_sta.o(.text) for rw_appdemo_context_init
    tcpudp_test.o(.text) refers to rw_lib.o(i.rw_sysDriverLoop) for rw_sysDriverLoop
    tcpudp_test.o(.text) refers to tcp_udp.o(.text) for RAK_TcpServer_EventHandle
    tcpudp_test.o(.text) refers to rw_lib.o(i.rw_sysDriverReset) for rw_sysDriverReset
    tcpudp_test.o(.text) refers to ap_sta.o(.bss) for app_demo_ctx
    bsp.o(.text) refers to strlen.o(.text) for strlen
    bsp.o(.text) refers to memseta.o(.text) for __aeabi_memclr4
    bsp.o(.text) refers to nano1xx_sys.o(.text) for SYS_InitChipClock
    bsp.o(.text) refers to system_nano1xx.o(.text) for SystemCoreClockUpdate
    bsp.o(.text) refers to memcpya.o(.text) for __aeabi_memcpy4
    bsp.o(.text) refers to nano1xx_uart.o(.text) for UART_Init
    bsp.o(.text) refers to nano1xx_timer.o(.text) for TIMER_Init
    bsp.o(.text) refers to nano1xx_spi.o(.text) for SPI_Init
    bsp.o(.text) refers to nano1xx_gpio.o(.text) for GPIO_EnableEINT1
    bsp.o(.text) refers to bsp.o(.data) for u32Timer0Cnt
    bsp.o(.text) refers to bsp.o(.constdata) for .constdata
    nano1xx_spi.o(.text) refers to nano1xx_sys.o(.text) for SYS_GetPLLClockFreq
    nano1xx_spi.o(.text) refers to uidiv.o(.text) for __aeabi_uidivmod
    nano1xx_sys.o(.text) refers to system_nano1xx.o(.text) for SystemCoreClockUpdate
    nano1xx_sys.o(.text) refers to uidiv.o(.text) for __aeabi_uidivmod
    nano1xx_sys.o(.text) refers to nano1xx_sys.o(.data) for _DrvSYS_PLL_Table
    nano1xx_sys.o(.text) refers to system_nano1xx.o(.data) for SystemCoreClock
    nano1xx_uart.o(.text) refers to nano1xx_sys.o(.text) for SYS_GetPLLClockFreq
    nano1xx_uart.o(.text) refers to uidiv.o(.text) for __aeabi_uidivmod
    startup_nano1xx.o(RESET) refers to startup_nano1xx.o(STACK) for __initial_sp
    startup_nano1xx.o(RESET) refers to startup_nano1xx.o(.text) for Reset_Handler
    startup_nano1xx.o(RESET) refers to bsp.o(.text) for HardFault_Handler
    startup_nano1xx.o(RESET) refers to rw_lib_platform.o(.text) for EINT1_IRQHandler
    startup_nano1xx.o(.text) refers to system_nano1xx.o(.text) for SystemInit
    startup_nano1xx.o(.text) refers to entry.o(.ARM.Collect$$$$00000000) for __main
[...]
    GPIO_EnableInt                           0x00001831   Thumb Code    86  nano1xx_gpio.o(.text)
    GPIO_DisableInt                          0x00001887   Thumb Code    84  nano1xx_gpio.o(.text)
    GPIO_EnableEINT0                         0x000018db   Thumb Code    36  nano1xx_gpio.o(.text)
    GPIO_DisableEINT0                        0x000018ff   Thumb Code    34  nano1xx_gpio.o(.text)
    GPIO_EnableEINT1                         0x00001921   Thumb Code    36  nano1xx_gpio.o(.text)
    GPIO_DisableEINT1                        0x00001945   Thumb Code    34  nano1xx_gpio.o(.text)
    SPI_Init                                 0x000019ff   Thumb Code    64  nano1xx_spi.o(.text)
    SPI_DeInit                               0x00001a3f   Thumb Code    64  nano1xx_spi.o(.text)
    SPI_Open                                 0x00001a7f   Thumb Code   220  nano1xx_spi.o(.text)
    SPI_Close                                0x00001b5b   Thumb Code    46  nano1xx_spi.o(.text)
    SPI_SetBitLength                         0x00001b89   Thumb Code    20  nano1xx_spi.o(.text)
    SPI_SetSuspendCycle                      0x00001b9d   Thumb Code    46  nano1xx_spi.o(.text)
    SPI_GetSourceClockFreq                   0x00001bcb   Thumb Code    90  nano1xx_spi.o(.text)
    SPI_SetClockFreq                         0x00001c25   Thumb Code   172  nano1xx_spi.o(.text)
    SPI_GetClock1Freq                        0x00001cd1   Thumb Code    34  nano1xx_spi.o(.text)
    SPI_GetClock2Freq                        0x00001cf3   Thumb Code    32  nano1xx_spi.o(.text)
    SPI_EnableInt                            0x00001d13   Thumb Code    56  nano1xx_spi.o(.text)
    SPI_DisableInt                           0x00001d4b   Thumb Code    88  nano1xx_spi.o(.text)
    SPI_SingleRead                           0x00001da3   Thumb Code    32  nano1xx_spi.o(.text)
    SPI_SingleWrite                          0x00001dc3   Thumb Code    32  nano1xx_spi.o(.text)
    SPI_DumpRxRegister                       0x00001de3   Thumb Code    18  nano1xx_spi.o(.text)
    SPI_SetTxRegister                        0x00001df5   Thumb Code    18  nano1xx_spi.o(.text)
    SPI_SetTxPDMA                            0x00001e07   Thumb Code    24  nano1xx_spi.o(.text)
    SPI_SetRxPDMA                            0x00001e1f   Thumb Code    24  nano1xx_spi.o(.text)
    SPI_Enable3WireStartInt                  0x00001e37   Thumb Code    80  nano1xx_spi.o(.text)
    SPI_Disable3WireStartInt                 0x00001e87   Thumb Code    56  nano1xx_spi.o(.text)
    SPI_WakeupConfigure                      0x00001ebf   Thumb Code    26  nano1xx_spi.o(.text)
    SPI_SetFIFOMode                          0x00001ed9   Thumb Code    44  nano1xx_spi.o(.text)
    SPI_FIFOWrite8                           0x00001f05   Thumb Code    54  nano1xx_spi.o(.text)
    SPI_FIFOWrite16                          0x00001f3b   Thumb Code    56  nano1xx_spi.o(.text)
    SPI_FIFOWrite32                          0x00001f73   Thumb Code    56  nano1xx_spi.o(.text)
    SPI_FIFORead8                            0x00001fab   Thumb Code    54  nano1xx_spi.o(.text)
    SPI_FIFORead16                           0x00001fe1   Thumb Code    56  nano1xx_spi.o(.text)
    SPI_FIFORead32                           0x00002019   Thumb Code    56  nano1xx_spi.o(.text)
    SPI_FIFOReadWrite8                       0x00002051   Thumb Code   156  nano1xx_spi.o(.text)
    SPI_FIFOReadWrite16                      0x000020ed   Thumb Code   170  nano1xx_spi.o(.text)
    SPI_FIFOReadWrite32                      0x00002197   Thumb Code   158  nano1xx_spi.o(.text)
    SYS_SelectHCLKSource                     0x00002259   Thumb Code    54  nano1xx_sys.o(.text)
    SYS_SetUpPowerDown                       0x0000228f   Thumb Code    58  nano1xx_sys.o(.text)
    SYS_GetPLLClockFreq                      0x000022c9   Thumb Code   120  nano1xx_sys.o(.text)
    SYS_GetHCLKFreq                          0x00002341   Thumb Code    68  nano1xx_sys.o(.text)
    SYS_InitChipClock                        0x00002385   Thumb Code   232  nano1xx_sys.o(.text)
    SYS_Delay                                0x0000246d   Thumb Code    50  nano1xx_sys.o(.text)
    TIMER_Init                               0x000024cd   Thumb Code    90  nano1xx_timer.o(.text)
    TIMER_DeInit                             0x00002527   Thumb Code   120  nano1xx_timer.o(.text)
    TIMER_EnableInt                          0x0000259f   Thumb Code    66  nano1xx_timer.o(.text)
    TIMER_DisableInt                         0x000025e1   Thumb Code    68  nano1xx_timer.o(.text)
    TIMER_ConfigTriggerEvent                 0x00002625   Thumb Code    22  nano1xx_timer.o(.text)
    WDT_Init                                 0x0000263b   Thumb Code    40  nano1xx_timer.o(.text)
    WDT_DeInit                               0x00002663   Thumb Code    56  nano1xx_timer.o(.text)
    WDT_EnableInt                            0x0000269b   Thumb Code    28  nano1xx_timer.o(.text)
    WDT_DisableInt                           0x000026b7   Thumb Code    34  nano1xx_timer.o(.text)
    WWDT_Init                                0x000026d9   Thumb Code    26  nano1xx_timer.o(.text)
    WWDT_DeInit                              0x000026f3   Thumb Code     2  nano1xx_timer.o(.text)
    WWDT_IsResetSource                       0x000026f5   Thumb Code    24  nano1xx_timer.o(.text)
    WWDT_EnableInterrupt                     0x0000270d   Thumb Code    16  nano1xx_timer.o(.text)
    UART_GetUartClk                          0x00002759   Thumb Code    82  nano1xx_uart.o(.text)
    UART_SetRTS                              0x000027ab   Thumb Code    46  nano1xx_uart.o(.text)
    UART_Init                                0x000027d9   Thumb Code   260  nano1xx_uart.o(.text)
    UART_DeInit                              0x000028dd   Thumb Code    66  nano1xx_uart.o(.text)
    UART_EnableInt                           0x0000291f   Thumb Code    30  nano1xx_uart.o(.text)
    UART_DisableInt                          0x0000293d   Thumb Code    34  nano1xx_uart.o(.text)
    UART_ClearIntFlag                        0x0000295f   Thumb Code   144  nano1xx_uart.o(.text)
    UART_GetIntStatus                        0x000029ef   Thumb Code   142  nano1xx_uart.o(.text)
    DrvUART_GetCTSInfo                       0x00002a7d   Thumb Code    26  nano1xx_uart.o(.text)
    UART_Read                                0x00002a97   Thumb Code    52  nano1xx_uart.o(.text)
    UART_Write                               0x00002acb   Thumb Code    54  nano1xx_uart.o(.text)
    UART_SetFnIRDA                           0x00002b01   Thumb Code    42  nano1xx_uart.o(.text)
    UART_SetFnLIN                            0x00002b2b   Thumb Code    86  nano1xx_uart.o(.text)
    UART_SetFnRS485                          0x00002b81   Thumb Code    82  nano1xx_uart.o(.text)
    Reset_Handler                            0x00002bf5   Thumb Code    32  startup_nano1xx.o(.text)
    NMI_Handler                              0x00002c15   Thumb Code     2  startup_nano1xx.o(.text)
    SVC_Handler                              0x00002c19   Thumb Code     2  startup_nano1xx.o(.text)
    PendSV_Handler                           0x00002c1b   Thumb Code     2  startup_nano1xx.o(.text)
    SysTick_Handler                          0x00002c1d   Thumb Code     2  startup_nano1xx.o(.text)
    ADC_IRQHandler                           0x00002c1f   Thumb Code     0  startup_nano1xx.o(.text)
    BOD_IRQHandler                           0x00002c1f   Thumb Code     0  startup_nano1xx.o(.text)
    DAC_IRQHandler                           0x00002c1f   Thumb Code     0  startup_nano1xx.o(.text)
    EINT0_IRQHandler                         0x00002c1f   Thumb Code     0  startup_nano1xx.o(.text)
    GPABC_IRQHandler                         0x00002c1f   Thumb Code     0  startup_nano1xx.o(.text)
    GPDEF_IRQHandler                         0x00002c1f   Thumb Code     0  startup_nano1xx.o(.text)
    HIRC_IRQHandler                          0x00002c1f   Thumb Code     0  startup_nano1xx.o(.text)
    I2C0_IRQHandler                          0x00002c1f   Thumb Code     0  startup_nano1xx.o(.text)
    I2C1_IRQHandler                          0x00002c1f   Thumb Code     0  startup_nano1xx.o(.text)
    I2S_IRQHandler                           0x00002c1f   Thumb Code     0  startup_nano1xx.o(.text)
    LCD_IRQHandler                           0x00002c1f   Thumb Code     0  startup_nano1xx.o(.text)
    PDWU_IRQHandler                          0x00002c1f   Thumb Code     0  startup_nano1xx.o(.text)
    PWM0_IRQHandler                          0x00002c1f   Thumb Code     0  startup_nano1xx.o(.text)
    PWM1_IRQHandler                          0x00002c1f   Thumb Code     0  startup_nano1xx.o(.text)
    RTC_IRQHandler                           0x00002c1f   Thumb Code     0  startup_nano1xx.o(.text)
    SC0_IRQHandler                           0x00002c1f   Thumb Code     0  startup_nano1xx.o(.text)
    SC1_IRQHandler                           0x00002c1f   Thumb Code     0  startup_nano1xx.o(.text)
    SC2_IRQHandler                           0x00002c1f   Thumb Code     0  startup_nano1xx.o(.text)
    SPI0_IRQHandler                          0x00002c1f   Thumb Code     0  startup_nano1xx.o(.text)
    SPI1_IRQHandler                          0x00002c1f   Thumb Code     0  startup_nano1xx.o(.text)
    SPI2_IRQHandler                          0x00002c1f   Thumb Code     0  startup_nano1xx.o(.text)
    TK_IRQHandler                            0x00002c1f   Thumb Code     0  startup_nano1xx.o(.text)
    TMR1_IRQHandler                          0x00002c1f   Thumb Code     0  startup_nano1xx.o(.text)
    TMR2_IRQHandler                          0x00002c1f   Thumb Code     0  startup_nano1xx.o(.text)
    TMR3_IRQHandler                          0x00002c1f   Thumb Code     0  startup_nano1xx.o(.text)
    UART0_IRQHandler                         0x00002c1f   Thumb Code     0  startup_nano1xx.o(.text)
    UART1_IRQHandler                         0x00002c1f   Thumb Code     0  startup_nano1xx.o(.text)
    USBD_IRQHandler                          0x00002c1f   Thumb Code     0  startup_nano1xx.o(.text)
    WDT_IRQHandler                           0x00002c1f   Thumb Code     0  startup_nano1xx.o(.text)
    SysInit_DebugConsole                     0x00002c41   Thumb Code    68  system_nano1xx.o(.text)
    SysInit_PinFunc                          0x00002c85   Thumb Code     2  system_nano1xx.o(.text)
    SysGet_PLLClockFreq                      0x00002c87   Thumb Code   120  system_nano1xx.o(.text)
    SysGet_HCLKFreq                          0x00002cff   Thumb Code    68  system_nano1xx.o(.text)
    SystemCoreClockUpdate                    0x00002d43   Thumb Code    12  system_nano1xx.o(.text)
    SysInit_Clock                            0x00002d4f   Thumb Code    86  system_nano1xx.o(.text)
    SystemInit                               0x00002da5   Thumb Code    16  system_nano1xx.o(.text)
    get_stamp                                0x00002df5   Thumb Code     6  rw_lib_platform.o(.text)
    EINT1_IRQHandler                         0x00003563   Thumb Code    22  rw_lib_platform.o(.text)
    PDMA_IRQHandler                          0x00003579   Thumb Code    32  rw_lib_platform.o(.text)
    delay_ms                                 0x000035bf   Thumb Code    24  rw_lib_platform.o(.text)
    wifi_init_params                         0x000036cd   Thumb Code    90  rw_lib_platform.o(.text)
    __aeabi_uidiv                            0x000037f9   Thumb Code     0  uidiv.o(.text)
    __aeabi_uidivmod                         0x000037f9   Thumb Code    44  uidiv.o(.text)
    __aeabi_idiv                             0x00003825   Thumb Code     0  idiv.o(.text)
    __aeabi_idivmod                          0x00003825   Thumb Code    40  idiv.o(.text)
    rand                                     0x0000384d   Thumb Code    18  rand.o(.text)
    srand                                    0x0000385f   Thumb Code     6  rand.o(.text)
    __aeabi_memcpy                           0x00003871   Thumb Code    36  memcpya.o(.text)
    __aeabi_memcpy4                          0x00003871   Thumb Code     0  memcpya.o(.text)
    __aeabi_memcpy8                          0x00003871   Thumb Code     0  memcpya.o(.text)
    __aeabi_memset                           0x00003895   Thumb Code    14  memseta.o(.text)
    __aeabi_memset4                          0x00003895   Thumb Code     0  memseta.o(.text)
    __aeabi_memset8                          0x00003895   Thumb Code     0  memseta.o(.text)
    __aeabi_memclr                           0x000038a3   Thumb Code     4  memseta.o(.text)
    __aeabi_memclr4                          0x000038a3   Thumb Code     0  memseta.o(.text)
    __aeabi_memclr8                          0x000038a3   Thumb Code     0  memseta.o(.text)
    _memset$wrapper                          0x000038a7   Thumb Code    18  memseta.o(.text)
    strncpy                                  0x000038b9   Thumb Code    26  strncpy.o(.text)
    strlen                                   0x000038d3   Thumb Code    14  strlen.o(.text)
    strcmp                                   0x000038e1   Thumb Code    28  strcmp.o(.text)
    memcmp                                   0x000038fd   Thumb Code    26  memcmp.o(.text)
    strcpy                                   0x00003917   Thumb Code    18  strcpy.o(.text)
    strncmp                                  0x00003929   Thumb Code    30  strncmp.o(.text)
    __aeabi_uread4                           0x00003947   Thumb Code    20  uread4.o(.text)
    __rt_uread4                              0x00003947   Thumb Code     0  uread4.o(.text)
    _uread4                                  0x00003947   Thumb Code     0  uread4.o(.text)
    __aeabi_uwrite4                          0x0000395b   Thumb Code    18  uwrite4.o(.text)
    __rt_uwrite4                             0x0000395b   Thumb Code     0  uwrite4.o(.text)
    _uwrite4                                 0x0000395b   Thumb Code     0  uwrite4.o(.text)
    __aeabi_uldivmod                         0x0000396d   Thumb Code    96  uldiv.o(.text)
    __scatterload                            0x000039cd   Thumb Code    28  init.o(.text)
    __scatterload_rt2                        0x000039cd   Thumb Code     0  init.o(.text)
    __aeabi_llsl                             0x000039f1   Thumb Code    32  llshl.o(.text)
    _ll_shift_l                              0x000039f1   Thumb Code     0  llshl.o(.text)
    __aeabi_llsr                             0x00003a11   Thumb Code    34  llushr.o(.text)
    _ll_ushift_r                             0x00003a11   Thumb Code     0  llushr.o(.text)
    Api_AggrRecvAddbaReqEvent                0x00003a33   Thumb Code    32  api_wmi_rx.o(i.Api_AggrRecvAddbaReqEvent)
    Api_AggrRecvDelbaReqEvent                0x00003a53   Thumb Code    16  api_wmi_rx.o(i.Api_AggrRecvDelbaReqEvent)
    Api_BssInfoEvent                         0x00003a63   Thumb Code     8  api_wmi_rx.o(i.Api_BssInfoEvent)
    Api_ConnectEvent                         0x00003a6b   Thumb Code    60  api_wmi_rx.o(i.Api_ConnectEvent)
    Api_ConnectWiFi                          0x00003aa9   Thumb Code   254  api_ioctl.o(i.Api_ConnectWiFi)
    Api_DataTxStart                          0x00003bad   Thumb Code   156  api_txrx.o(i.Api_DataTxStart)
    Api_DeInitFinish                         0x00003c4d   Thumb Code    18  api_init.o(i.Api_DeInitFinish)
    Api_DeInitStart                          0x00003c5f   Thumb Code     4  api_init.o(i.Api_DeInitStart)
    Api_DisconnectEvent                      0x00003c65   Thumb Code   110  api_wmi_rx.o(i.Api_DisconnectEvent)
    Api_DisconnectWiFi                       0x00003cd9   Thumb Code    66  api_ioctl.o(i.Api_DisconnectWiFi)
    Api_DriverAccessCheck                    0x00003d1d   Thumb Code    54  api_ioctl.o(i.Api_DriverAccessCheck)
    Api_GetPmkEvent                          0x00003d59   Thumb Code    26  api_wmi_rx.o(i.Api_GetPmkEvent)
    Api_InitFinish                           0x00003d75   Thumb Code    48  api_init.o(i.Api_InitFinish)
    Api_InitStart                            0x00003db1   Thumb Code    20  api_init.o(i.Api_InitStart)
    Api_ParseInfoElem                        0x00003dc5   Thumb Code   288  api_ioctl.o(i.Api_ParseInfoElem)
    Api_RSNASuccessEvent                     0x00003ee9   Thumb Code     8  api_wmi_rx.o(i.Api_RSNASuccessEvent)
    Api_ReadyEvent                           0x00003ef1   Thumb Code    20  api_wmi_rx.o(i.Api_ReadyEvent)
    Api_RegDomainEvent                       0x00003f05   Thumb Code     2  api_wmi_rx.o(i.Api_RegDomainEvent)
    Api_RxComplete                           0x00003f09   Thumb Code   232  api_txrx.o(i.Api_RxComplete)
    Api_ScanCompleteEvent                    0x00003ff9   Thumb Code    24  api_wmi_rx.o(i.Api_ScanCompleteEvent)
    Api_SockResponseEventRx                  0x00004011   Thumb Code   564  api_stack_offload.o(i.Api_SockResponseEventRx)
    Api_TargetStatsEvent                     0x00004249   Thumb Code    30  api_wmi_rx.o(i.Api_TargetStatsEvent)
    Api_TkipMicErrorEvent                    0x00004267   Thumb Code    18  api_wmi_rx.o(i.Api_TkipMicErrorEvent)
    Api_TxComplete                           0x00004279   Thumb Code    48  api_txrx.o(i.Api_TxComplete)
    Api_TxGetStatus                          0x000042ad   Thumb Code    74  api_txrx.o(i.Api_TxGetStatus)
    Api_WMIInitFinish                        0x00004301   Thumb Code   146  api_init.o(i.Api_WMIInitFinish)
    Api_WmiTxStart                           0x00004399   Thumb Code    24  api_txrx.o(i.Api_WmiTxStart)
    Api_WpsProfileEvent                      0x000043b1   Thumb Code   246  api_wmi_rx.o(i.Api_WpsProfileEvent)
    Api_accept                               0x000044ad   Thumb Code   364  api_stack_offload.o(i.Api_accept)
    Api_bind                                 0x00004621   Thumb Code   274  api_stack_offload.o(i.Api_bind)
    Api_connect                              0x0000473d   Thumb Code   272  api_stack_offload.o(i.Api_connect)
    Api_easyconfigEvent                      0x00004855   Thumb Code     8  api_wmi_rx.o(i.Api_easyconfigEvent)
    Api_ipconfig                             0x0000485d   Thumb Code   242  api_stack_offload.o(i.Api_ipconfig)
    Api_ipconfig_dhcp_pool                   0x00004959   Thumb Code    68  api_stack_offload.o(i.Api_ipconfig_dhcp_pool)
    Api_ipconfig_set_tcp_exponential_backoff_retry 0x000049a1   Thumb Code    56  api_stack_offload.o(i.Api_ipconfig_set_tcp_exponential_backoff_retry)
    Api_listen                               0x000049dd   Thumb Code   216  api_stack_offload.o(i.Api_listen)
    Api_recvfrom                             0x00004abd   Thumb Code   168  cust_api_stack_offload.o(i.Api_recvfrom)
    Api_select                               0x00004b69   Thumb Code   174  api_stack_offload.o(i.Api_select)
    Api_shutdown                             0x00004c1d   Thumb Code   182  api_stack_offload.o(i.Api_shutdown)
    Api_socket                               0x00004cdd   Thumb Code    48  api_stack_offload.o(i.Api_socket)
    Bus_InOutDescriptorSet                   0x00004d15   Thumb Code   142  hw_api.o(i.Bus_InOutDescriptorSet)
    Bus_InOutToken                           0x00004da9   Thumb Code    34  hw_api.o(i.Bus_InOutToken)
    Custom_Api_BssInfoEvent                  0x00004e87   Thumb Code   148  cust_api_wmi_rx.o(i.Custom_Api_BssInfoEvent)
    Custom_Api_ConnectEvent                  0x00004f1b   Thumb Code   172  cust_api_wmi_rx.o(i.Custom_Api_ConnectEvent)
    Custom_Api_DisconnectEvent               0x00004fc7   Thumb Code    98  cust_api_wmi_rx.o(i.Custom_Api_DisconnectEvent)
    Custom_Api_RSNASuccessEvent              0x00005029   Thumb Code   128  cust_api_wmi_rx.o(i.Custom_Api_RSNASuccessEvent)
    Custom_Api_ReadyEvent                    0x000050a9   Thumb Code    12  cust_api_wmi_rx.o(i.Custom_Api_ReadyEvent)
    Custom_Api_Shutdown                      0x000050b5   Thumb Code    52  cust_api_init.o(i.Custom_Api_Shutdown)
    Custom_Api_Start                         0x000050ed   Thumb Code   168  cust_api_init.o(i.Custom_Api_Start)
    Custom_Api_easyconfigEvent               0x000051a5   Thumb Code   194  cust_api_wmi_rx.o(i.Custom_Api_easyconfigEvent)
    Custom_DeliverFrameToNetworkStack        0x00005271   Thumb Code     8  cust_api_stack_txrx.o(i.Custom_DeliverFrameToNetworkStack)
    Custom_Driver_ContextDeInit              0x00005279   Thumb Code    72  cust_driver_main.o(i.Custom_Driver_ContextDeInit)
    Custom_Driver_ContextInit                0x000052c5   Thumb Code    82  cust_driver_main.o(i.Custom_Driver_ContextInit)
    Custom_Driver_WaitForCondition           0x00005317   Thumb Code    60  cust_driver_main.o(i.Custom_Driver_WaitForCondition)
    Custom_GetRxRequest                      0x00005355   Thumb Code    62  cust_driver_main.o(i.Custom_GetRxRequest)
    DRIVER_INT_HANDLE                        0x0000539d   Thumb Code    18  cust_api_isr.o(i.DRIVER_INT_HANDLE)
    Driver_BootComm                          0x000054a1   Thumb Code   214  driver_init.o(i.Driver_BootComm)
    Driver_CompleteRequest                   0x00005599   Thumb Code    64  driver_main.o(i.Driver_CompleteRequest)
    Driver_ContextDeInit                     0x000055dd   Thumb Code    30  driver_init.o(i.Driver_ContextDeInit)
    Driver_ContextInit                       0x000055fd   Thumb Code   142  driver_init.o(i.Driver_ContextInit)
    Driver_DeInit                            0x00005691   Thumb Code    60  driver_init.o(i.Driver_DeInit)
    Driver_DropTxDataPackets                 0x000056cd   Thumb Code    62  driver_main.o(i.Driver_DropTxDataPackets)
    Driver_GetTargetInfo                     0x0000570b   Thumb Code    12  driver_init.o(i.Driver_GetTargetInfo)
    Driver_Init                              0x00005719   Thumb Code   150  driver_init.o(i.Driver_Init)
    Driver_Main                              0x000057b5   Thumb Code   386  driver_main.o(i.Driver_Main)
    Driver_ReadDataDiag                      0x00005963   Thumb Code    46  driver_diag.o(i.Driver_ReadDataDiag)
    Driver_ReadRegDiag                       0x00005991   Thumb Code    68  driver_diag.o(i.Driver_ReadRegDiag)
    Driver_RecvPacket                        0x000059d9   Thumb Code    60  driver_txrx.o(i.Driver_RecvPacket)
    Driver_ReportRxBuffStatus                0x00005a15   Thumb Code     6  driver_main.o(i.Driver_ReportRxBuffStatus)
    Driver_RxComplete                        0x00005a1d   Thumb Code    56  driver_txrx.o(i.Driver_RxComplete)
    Driver_RxReady                           0x00005a59   Thumb Code   234  driver_main.o(i.Driver_RxReady)
    Driver_SendPacket                        0x00005b4d   Thumb Code    84  driver_txrx.o(i.Driver_SendPacket)
    Driver_SubmitTxRequest                   0x00005c11   Thumb Code    92  driver_txrx.o(i.Driver_SubmitTxRequest)
    Driver_TxReady                           0x00005dad   Thumb Code   210  driver_main.o(i.Driver_TxReady)
    Driver_WriteDataDiag                     0x00005e85   Thumb Code    46  driver_diag.o(i.Driver_WriteDataDiag)
    Driver_WriteRegDiag                      0x00005eb5   Thumb Code    68  driver_diag.o(i.Driver_WriteRegDiag)
    GetDriverContextByInterrupt              0x00005f61   Thumb Code    14  cust_api_init.o(i.GetDriverContextByInterrupt)
    GetDriverContextPtr                      0x00005f75   Thumb Code    12  cust_api_init.o(i.GetDriverContextPtr)
    HTC_ConnectService                       0x00005f85   Thumb Code   164  htc.o(i.HTC_ConnectService)
    HTC_ProcessCpuInterrupt                  0x00006075   Thumb Code    92  htc.o(i.HTC_ProcessCpuInterrupt)
    HTC_Start                                0x00006115   Thumb Code    48  htc.o(i.HTC_Start)
    HTC_WaitTarget                           0x00006149   Thumb Code    74  htc.o(i.HTC_WaitTarget)
    HW_DeInit                                0x00006199   Thumb Code     8  hw_api.o(i.HW_DeInit)
    HW_EnableDisableSPIIRQ                   0x000061a1   Thumb Code    42  hw_api.o(i.HW_EnableDisableSPIIRQ)
    HW_Init                                  0x000061cb   Thumb Code    36  hw_api.o(i.HW_Init)
    HW_InterruptHandler                      0x000061ef   Thumb Code    24  hw_api.o(i.HW_InterruptHandler)
    HW_MsecDelay                             0x00006207   Thumb Code    10  hw_api.o(i.HW_MsecDelay)
    HW_PowerUpDown                           0x00006211   Thumb Code    46  hw_api.o(i.HW_PowerUpDown)
    Hcd_ClearCPUInterrupt                    0x00006241   Thumb Code    54  spi_hcd.o(i.Hcd_ClearCPUInterrupt)
    Hcd_Deinitialize                         0x0000627d   Thumb Code    26  spi_hcd.o(i.Hcd_Deinitialize)
    Hcd_DoPioExternalAccess                  0x00006299   Thumb Code   246  spi_hcd.o(i.Hcd_DoPioExternalAccess)
    Hcd_DoPioInternalAccess                  0x00006395   Thumb Code    20  spi_hcd.o(i.Hcd_DoPioInternalAccess)
    Hcd_GetLookAhead                         0x000063a9   Thumb Code   128  spi_hcd.o(i.Hcd_GetLookAhead)
    Hcd_GetMboxAddress                       0x00006431   Thumb Code    36  spi_hcd.o(i.Hcd_GetMboxAddress)
    Hcd_Init                                 0x00006459   Thumb Code   238  spi_hcd.o(i.Hcd_Init)
    Hcd_ProgramWriteBufferWaterMark          0x00006559   Thumb Code   166  spi_hcd.o(i.Hcd_ProgramWriteBufferWaterMark)
    Hcd_RefreshWriteBufferSpace              0x00006609   Thumb Code    30  spi_hcd.o(i.Hcd_RefreshWriteBufferSpace)
    Hcd_Request                              0x00006629   Thumb Code   142  spi_hcd.o(i.Hcd_Request)
    Hcd_SpiInterrupt                         0x000066bd   Thumb Code   290  spi_hcd.o(i.Hcd_SpiInterrupt)
    Hcd_UnmaskSPIInterrupts                  0x000067f5   Thumb Code    40  spi_hcd.o(i.Hcd_UnmaskSPIInterrupts)
    Htc_GetCreditCounterUpdate               0x00006851   Thumb Code    90  htc.o(i.Htc_GetCreditCounterUpdate)
    Htc_PrepareRecvPacket                    0x000068ed   Thumb Code    58  htc.o(i.Htc_PrepareRecvPacket)
    Htc_ProcessRecvHeader                    0x000069c5   Thumb Code   216  htc.o(i.Htc_ProcessRecvHeader)
    Htc_ProcessTxComplete                    0x00006bbd   Thumb Code    12  htc.o(i.Htc_ProcessTxComplete)
    Htc_ReadCreditCounter                    0x00006bc9   Thumb Code    76  htc.o(i.Htc_ReadCreditCounter)
    Htc_RxComplete                           0x00006c55   Thumb Code    30  htc.o(i.Htc_RxComplete)
    Htc_SendPacket                           0x00006cb5   Thumb Code   138  htc.o(i.Htc_SendPacket)
    Util_AC2EndpointID                       0x00006ea5   Thumb Code    10  util.o(i.Util_AC2EndpointID)
    Util_Freq2ieee                           0x00006eb1   Thumb Code    58  util.o(i.Util_Freq2ieee)
    Util_GetEndpoint                         0x00006ef9   Thumb Code    16  util.o(i.Util_GetEndpoint)
    Util_Ieee2freq                           0x00006f09   Thumb Code    46  util.o(i.Util_Ieee2freq)
    __0printf$8                              0x00006f41   Thumb Code    24  printf8.o(i.__0printf$8)
    __1printf$8                              0x00006f41   Thumb Code     0  printf8.o(i.__0printf$8)
    __2printf                                0x00006f41   Thumb Code     0  printf8.o(i.__0printf$8)
    __0sprintf$8                             0x00006f61   Thumb Code    36  printf8.o(i.__0sprintf$8)
    __1sprintf$8                             0x00006f61   Thumb Code     0  printf8.o(i.__0sprintf$8)
    __2sprintf                               0x00006f61   Thumb Code     0  printf8.o(i.__0sprintf$8)
    __ARM_common_switch8                     0x00006f89   Thumb Code    26  cust_api_ioctl.o(i.__ARM_common_switch8)
    __scatterload_copy                       0x00006fa3   Thumb Code    14  handlers.o(i.__scatterload_copy)
    __scatterload_null                       0x00006fb1   Thumb Code     2  handlers.o(i.__scatterload_null)
    __scatterload_zeroinit                   0x00006fb3   Thumb Code    14  handlers.o(i.__scatterload_zeroinit)
    _api_socket                              0x00006fc1   Thumb Code   200  api_stack_offload.o(i._api_socket)
    _ascii_to_hex                            0x00007091   Thumb Code    42  rw_lib.o(i._ascii_to_hex)
    a_free                                   0x00007b07   Thumb Code    22  cust_driver_netbuf.o(i.a_free)
    a_malloc                                 0x00007b1d   Thumb Code    22  cust_driver_netbuf.o(i.a_malloc)
    a_malloc_init                            0x00007b33   Thumb Code     2  cust_driver_netbuf.o(i.a_malloc_init)
    a_netbuf_alloc                           0x00007b35   Thumb Code    84  cust_driver_netbuf.o(i.a_netbuf_alloc)
    a_netbuf_alloc_raw                       0x00007b89   Thumb Code    70  cust_driver_netbuf.o(i.a_netbuf_alloc_raw)
    a_netbuf_configure                       0x00007bcf   Thumb Code    40  cust_driver_netbuf.o(i.a_netbuf_configure)
    a_netbuf_dequeue                         0x00007bf7   Thumb Code    40  driver_netbuf.o(i.a_netbuf_dequeue)
    a_netbuf_enqueue                         0x00007c1f   Thumb Code    28  driver_netbuf.o(i.a_netbuf_enqueue)
    a_netbuf_free                            0x00007c3b   Thumb Code    60  cust_driver_netbuf.o(i.a_netbuf_free)
    a_netbuf_free_rx_pool                    0x00007c77   Thumb Code    22  cust_driver_netbuf.o(i.a_netbuf_free_rx_pool)
    a_netbuf_get_fragment                    0x00007c8d   Thumb Code    50  cust_driver_netbuf.o(i.a_netbuf_get_fragment)
    a_netbuf_headroom                        0x00007cbf   Thumb Code     8  cust_driver_netbuf.o(i.a_netbuf_headroom)
    a_netbuf_init                            0x00007cc7   Thumb Code    24  cust_driver_netbuf.o(i.a_netbuf_init)
    a_netbuf_pull                            0x00007ce1   Thumb Code    36  cust_driver_netbuf.o(i.a_netbuf_pull)
    a_netbuf_purge_queue                     0x00007d09   Thumb Code    44  cust_driver_netbuf.o(i.a_netbuf_purge_queue)
    a_netbuf_push                            0x00007d39   Thumb Code    36  cust_driver_netbuf.o(i.a_netbuf_push)
    a_netbuf_put                             0x00007d61   Thumb Code    42  cust_driver_netbuf.o(i.a_netbuf_put)
    a_netbuf_put_data                        0x00007d91   Thumb Code    28  cust_driver_netbuf.o(i.a_netbuf_put_data)
    a_netbuf_queue_init                      0x00007dad   Thumb Code    10  driver_netbuf.o(i.a_netbuf_queue_init)
    a_netbuf_reinit                          0x00007db7   Thumb Code    52  cust_driver_netbuf.o(i.a_netbuf_reinit)
    a_netbuf_set_rx_pool                     0x00007deb   Thumb Code     8  cust_driver_netbuf.o(i.a_netbuf_set_rx_pool)
    a_netbuf_tailroom                        0x00007df3   Thumb Code     8  cust_driver_netbuf.o(i.a_netbuf_tailroom)
    a_netbuf_to_data                         0x00007dfb   Thumb Code     4  cust_driver_netbuf.o(i.a_netbuf_to_data)
    a_netbuf_to_len                          0x00007dff   Thumb Code    66  cust_driver_netbuf.o(i.a_netbuf_to_len)
    a_netbuf_trim                            0x00007e41   Thumb Code    36  cust_driver_netbuf.o(i.a_netbuf_trim)
    accept                                   0x00007e69   Thumb Code   104  rw_lib.o(i.accept)
    aggr_deinit                              0x00007ed9   Thumb Code     2  rcv_aggr.o(i.aggr_deinit)
    aggr_init                                0x00007edd   Thumb Code    12  rcv_aggr.o(i.aggr_init)
    aggr_recv_addba_req_evt                  0x00007eed   Thumb Code    48  rcv_aggr.o(i.aggr_recv_addba_req_evt)
    aggr_recv_delba_req_evt                  0x00007f21   Thumb Code    28  rcv_aggr.o(i.aggr_recv_delba_req_evt)
    aggr_reset_state                         0x00007f41   Thumb Code    20  rcv_aggr.o(i.aggr_reset_state)
    assert_func                              0x00007f59   Thumb Code    46  rw_lib.o(i.assert_func)
    ath_ioctl_handler                        0x00007f8d   Thumb Code  1722  cust_api_ioctl.o(i.ath_ioctl_handler)
    bind                                     0x00008649   Thumb Code    70  rw_lib.o(i.bind)
    blockForResponse                         0x00008695   Thumb Code   160  cust_api_stack_offload.o(i.blockForResponse)
    clearSocketBlocked                       0x00008735   Thumb Code    10  cust_api_stack_offload.o(i.clearSocketBlocked)
    clear_socket_context                     0x00008741   Thumb Code    48  api_stack_offload.o(i.clear_socket_context)
    close                                    0x00008775   Thumb Code    10  rw_lib.o(i.close)
    connect                                  0x00008781   Thumb Code    70  rw_lib.o(i.connect)
    custom_header_alloc                      0x000087cd   Thumb Code    78  cust_api_stack_offload.o(i.custom_header_alloc)
    custom_header_free                       0x0000881b   Thumb Code    42  cust_api_stack_offload.o(i.custom_header_free)
    custom_ipconfig_set_tcp_exponential_backoff_retry 0x00008845   Thumb Code    40  cust_api_stack_offload.o(i.custom_ipconfig_set_tcp_exponential_backoff_retry)
    custom_queue_empty                       0x00008871   Thumb Code    22  cust_api_stack_offload.o(i.custom_queue_empty)
    custom_receive_tcpip                     0x0000888d   Thumb Code    84  cust_api_stack_txrx.o(i.custom_receive_tcpip)
    custom_send_tcpip                        0x000088e5   Thumb Code    64  cust_api_stack_txrx.o(i.custom_send_tcpip)
    custom_socket_context_deinit             0x00008925   Thumb Code    36  cust_api_stack_offload.o(i.custom_socket_context_deinit)
    custom_socket_context_init               0x0000894d   Thumb Code    56  cust_api_stack_offload.o(i.custom_socket_context_init)
    default_native_free_fn                   0x00008989   Thumb Code    34  cust_driver_netbuf.o(i.default_native_free_fn)
    dnsreq_recv                              0x000089ab   Thumb Code    98  rw_dns.o(i.dnsreq_recv)
    find_socket_context                      0x00008b31   Thumb Code    46  api_stack_offload.o(i.find_socket_context)
    isSocketBlocked                          0x00008b65   Thumb Code     8  cust_api_stack_offload.o(i.isSocketBlocked)
    listen                                   0x00008b6d   Thumb Code    66  rw_lib.o(i.listen)
    recv                                     0x00008c79   Thumb Code    66  rw_lib.o(i.recv)
    recvfrom                                 0x00008cc1   Thumb Code    64  rw_lib.o(i.recvfrom)
    rwIsStampPassed                          0x00008d05   Thumb Code    28  rw_lib.o(i.rwIsStampPassed)
    rw_getLibVersion                         0x00008d29   Thumb Code    94  rw_lib.o(i.rw_getLibVersion)
    rw_getMacAddr                            0x00008da5   Thumb Code    32  rw_lib.o(i.rw_getMacAddr)
    rw_ipConfig                              0x00008dc9   Thumb Code   168  rw_lib.o(i.rw_ipConfig)
    rw_startEasyWps                          0x00008e81   Thumb Code   114  rw_lib.o(i.rw_startEasyWps)
    rw_sysDriverInit                         0x00008efd   Thumb Code   168  rw_lib.o(i.rw_sysDriverInit)
    rw_sysDriverLoop                         0x00008fad   Thumb Code    22  rw_lib.o(i.rw_sysDriverLoop)
    rw_sysDriverReset                        0x00008fc9   Thumb Code   126  rw_lib.o(i.rw_sysDriverReset)
    rw_sysSleep                              0x00009051   Thumb Code    38  rw_lib.o(i.rw_sysSleep)
    rw_wlanConnect                           0x00009081   Thumb Code   576  rw_lib.o(i.rw_wlanConnect)
    rw_wlanGetScanInfo                       0x000092d1   Thumb Code    44  rw_lib.o(i.rw_wlanGetScanInfo)
    select                                   0x000094a9   Thumb Code    66  rw_lib.o(i.select)
    send                                     0x000094f1   Thumb Code   112  rw_lib.o(i.send)
    send_stack_init                          0x00009565   Thumb Code    44  api_stack_offload.o(i.send_stack_init)
    sendto                                   0x00009591   Thumb Code   120  rw_lib.o(i.sendto)
    shutdown                                 0x0000960d   Thumb Code    62  rw_lib.o(i.shutdown)
    socket                                   0x00009651   Thumb Code    18  rw_lib.o(i.socket)
    socket_context_deinit                    0x00009669   Thumb Code    46  api_stack_offload.o(i.socket_context_deinit)
    socket_context_init                      0x0000969d   Thumb Code   104  api_stack_offload.o(i.socket_context_init)
    t_accept                                 0x00009709   Thumb Code    50  cust_api_stack_offload.o(i.t_accept)
    t_bind                                   0x00009741   Thumb Code    50  cust_api_stack_offload.o(i.t_bind)
    t_connect                                0x00009779   Thumb Code    50  cust_api_stack_offload.o(i.t_connect)
    t_ipconfig                               0x000097b1   Thumb Code    58  cust_api_stack_offload.o(i.t_ipconfig)
    t_ipconfig_dhcp_pool                     0x000097f1   Thumb Code    50  cust_api_stack_offload.o(i.t_ipconfig_dhcp_pool)
    t_listen                                 0x00009829   Thumb Code    44  cust_api_stack_offload.o(i.t_listen)
    t_recvfrom                               0x00009859   Thumb Code    56  cust_api_stack_offload.o(i.t_recvfrom)
    t_select                                 0x00009895   Thumb Code    44  cust_api_stack_offload.o(i.t_select)
    t_send                                   0x000098c5   Thumb Code    24  cust_api_stack_offload.o(i.t_send)
    t_sendto                                 0x000098dd   Thumb Code   322  cust_api_stack_offload.o(i.t_sendto)
    t_shutdown                               0x00009a2d   Thumb Code    40  cust_api_stack_offload.o(i.t_shutdown)
    t_socket                                 0x00009a59   Thumb Code    50  cust_api_stack_offload.o(i.t_socket)
    txpkt_free                               0x00009a91   Thumb Code    28  cust_api_stack_offload.o(i.txpkt_free)
    unblock                                  0x00009aad   Thumb Code    24  cust_api_stack_offload.o(i.unblock)
    wmi_allow_aggr_cmd                       0x00009ac5   Thumb Code    60  wmi.o(i.wmi_allow_aggr_cmd)
    wmi_ap_profile_commit                    0x00009b05   Thumb Code    64  wmi.o(i.wmi_ap_profile_commit)
    wmi_ap_set_param                         0x00009b49   Thumb Code   312  wmi.o(i.wmi_ap_set_param)
    wmi_bssfilter_cmd                        0x00009c85   Thumb Code    72  wmi.o(i.wmi_bssfilter_cmd)
    wmi_cmd_send                             0x00009ccd   Thumb Code    94  wmi.o(i.wmi_cmd_send)
    wmi_connect_cmd                          0x00009d71   Thumb Code   168  wmi.o(i.wmi_connect_cmd)
    wmi_control_rx                           0x00009edd   Thumb Code   630  wmi.o(i.wmi_control_rx)
    wmi_data_hdr_add                         0x0000a1e9   Thumb Code   134  wmi.o(i.wmi_data_hdr_add)
    wmi_data_hdr_remove                      0x0000a2b1   Thumb Code    24  wmi.o(i.wmi_data_hdr_remove)
    wmi_disconnect_cmd                       0x0000a30d   Thumb Code    10  wmi.o(i.wmi_disconnect_cmd)
    wmi_get_pmk_cmd                          0x0000a319   Thumb Code    10  wmi.o(i.wmi_get_pmk_cmd)
    wmi_get_power_mode_cmd                   0x0000a329   Thumb Code     6  wmi.o(i.wmi_get_power_mode_cmd)
    wmi_get_stats_cmd                        0x0000a32f   Thumb Code    10  wmi.o(i.wmi_get_stats_cmd)
    wmi_implicit_create_pstream              0x0000a339   Thumb Code   102  wmi.o(i.wmi_implicit_create_pstream)
    wmi_init                                 0x0000a3e9   Thumb Code    56  wmi.o(i.wmi_init)
    wmi_listeninterval_cmd                   0x0000a421   Thumb Code    66  wmi.o(i.wmi_listeninterval_cmd)
    wmi_meta_add                             0x0000a465   Thumb Code   156  wmi.o(i.wmi_meta_add)
    wmi_pmparams_cmd                         0x0000a541   Thumb Code   102  wmi.o(i.wmi_pmparams_cmd)
    wmi_powermode_cmd                        0x0000a5a7   Thumb Code    52  wmi.o(i.wmi_powermode_cmd)
    wmi_probedSsid_cmd                       0x0000a5dd   Thumb Code   112  wmi.o(i.wmi_probedSsid_cmd)
    wmi_promiscuous_cmd                      0x0000a651   Thumb Code    48  wmi.o(i.wmi_promiscuous_cmd)
    wmi_qos_state_init                       0x0000a685   Thumb Code    28  wmi.o(i.wmi_qos_state_init)
    wmi_scanparams_cmd                       0x0000a6a1   Thumb Code   128  wmi.o(i.wmi_scanparams_cmd)
    wmi_set_channelParams_cmd                0x0000a721   Thumb Code   106  wmi.o(i.wmi_set_channelParams_cmd)
    wmi_set_channel_cmd                      0x0000a78d   Thumb Code    54  wmi.o(i.wmi_set_channel_cmd)
    wmi_set_control_ep                       0x0000a7c9   Thumb Code    24  wmi.o(i.wmi_set_control_ep)
    wmi_set_ht_cap_cmd                       0x0000a821   Thumb Code    86  wmi.o(i.wmi_set_ht_cap_cmd)
    wmi_set_passphrase_cmd                   0x0000a87d   Thumb Code    98  wmi.o(i.wmi_set_passphrase_cmd)
    wmi_set_pmk_cmd                          0x0000a8e5   Thumb Code    64  wmi.o(i.wmi_set_pmk_cmd)
    wmi_shutdown                             0x0000a929   Thumb Code    12  wmi.o(i.wmi_shutdown)
    wmi_socket_cmd                           0x0000a955   Thumb Code   106  wmi.o(i.wmi_socket_cmd)
    wmi_startscan_cmd                        0x0000aa09   Thumb Code   140  wmi.o(i.wmi_startscan_cmd)
    wmi_storerecall_configure_cmd            0x0000aa95   Thumb Code    68  wmi.o(i.wmi_storerecall_configure_cmd)
    wmi_wps_start_cmd                        0x0000aadd   Thumb Code    54  wmi.o(i.wmi_wps_start_cmd)
    up_to_ac                                 0x0000ab68   Data           8  wmi.o(.constdata)
    Region$$Table$$Base                      0x0000aff0   Number         0  anon$$obj.o(Region$$Table)
    Region$$Table$$Limit                     0x0000b010   Number         0  anon$$obj.o(Region$$Table)
    u32Timer0Cnt                             0x20000030   Data           4  bsp.o(.data)
    SystemCoreClock                          0x20000070   Data           4  system_nano1xx.o(.data)
    g_handle                                 0x20000078   Data           4  rw_lib.o(.data)
    g_cxt_ptr                                0x2000007c   Data           8  cust_api_init.o(.data)
    is_probe_ssid                            0x20000084   Data           4  wmi.o(.data)
    g_driverState                            0x20000088   Data           1  cust_driver_netbuf.o(.data)
    __stdout                                 0x20000090   Data           4  stdout.o(.data)
    app_demo_ctx                             0x20002094   Data          84  ap_sta.o(.bss)
    temp_buf                                 0x200020e8   Data        1536  tcp_udp.o(.bss)
    conn                                     0x200026e8   Data          20  rw_lib_platform.o(.bss)
    easywpsinfo                              0x200026fc   Data         103  rw_lib_platform.o(.bss)
    g_driver_params                          0x20002764   Data          76  rw_lib.o(.bss)
    g_custom_driver_context                  0x200027fc   Data          60  cust_api_init.o(.bss)
    ath_sock_context                         0x200029ec   Data          36  api_stack_offload.o(.bss)
    ath_custom_init                          0x20002a10   Data          28  cust_driver_main.o(.bss)
    ath_custom_htc                           0x20002a2c   Data          12  cust_driver_main.o(.bss)
    __initial_sp                             0x20002f50   Data           0  startup_nano1xx.o(STACK)



==============================================================================

Memory Map of the image

  Image Entry point : 0x000000c1

  Load Region LR_IROM1 (Base: 0x00000000, Size: 0x0000b0a4, Max: 0x00020000, ABSOLUTE)

    Execution Region ER_IROM1 (Base: 0x00000000, Size: 0x0000b010, Max: 0x00020000, ABSOLUTE)

    Base Addr    Size         Type   Attr      Idx    E Section Name        Object

    0x00000000   0x000000c0   Data   RO          425    RESET               startup_nano1xx.o
    0x000000c0   0x00000000   Code   RO         3011  * .ARM.Collect$$$$00000000  mc_p.l(entry.o)
    0x000000c0   0x00000004   Code   RO         3304    .ARM.Collect$$$$00000001  mc_p.l(entry2.o)
    0x000000c4   0x00000004   Code   RO         3307    .ARM.Collect$$$$00000004  mc_p.l(entry5.o)
    0x000000c8   0x00000000   Code   RO         3309    .ARM.Collect$$$$00000008  mc_p.l(entry7b.o)
    0x000000c8   0x00000000   Code   RO         3311    .ARM.Collect$$$$0000000A  mc_p.l(entry8b.o)
    0x000000c8   0x00000008   Code   RO         3312    .ARM.Collect$$$$0000000B  mc_p.l(entry9a.o)
    0x000000d0   0x00000000   Code   RO         3314    .ARM.Collect$$$$0000000D  mc_p.l(entry10a.o)
    0x000000d0   0x00000000   Code   RO         3316    .ARM.Collect$$$$0000000F  mc_p.l(entry11a.o)
    0x000000d0   0x00000004   Code   RO         3305    .ARM.Collect$$$$00002712  mc_p.l(entry2.o)
    0x000000d4   0x000001e0   Code   RO            1    .text               lib_mem.o
    0x000002b4   0x0000031c   Code   RO           26    .text               ap_sta.o
    0x000005d0   0x00000cfc   Code   RO          123    .text               tcp_udp.o
    0x000012cc   0x000002ac   Code   RO          155    .text               tcpudp_test.o
    0x00001578   0x000002b8   Code   RO          183    .text               bsp.o
    0x00001830   0x00000160   Code   RO          253    .text               nano1xx_gpio.o
    0x00001990   0x000008c8   Code   RO          313    .text               nano1xx_spi.o
    0x00002258   0x00000274   Code   RO          346    .text               nano1xx_sys.o
    0x000024cc   0x0000028c   Code   RO          375    .text               nano1xx_timer.o
    0x00002758   0x0000049c   Code   RO          398    .text               nano1xx_uart.o
    0x00002bf4   0x0000004c   Code   RO          426    .text               startup_nano1xx.o
    0x00002c40   0x0000018c   Code   RO          432    .text               system_nano1xx.o
    0x00002dcc   0x00000a2c   Code   RO          458    .text               rw_lib_platform.o
    0x000037f8   0x0000002c   Code   RO         3014    .text               mc_p.l(uidiv.o)
    0x00003824   0x00000028   Code   RO         3016    .text               mc_p.l(idiv.o)
    0x0000384c   0x00000024   Code   RO         3018    .text               mc_p.l(rand.o)
    0x00003870   0x00000024   Code   RO         3021    .text               mc_p.l(memcpya.o)
    0x00003894   0x00000024   Code   RO         3023    .text               mc_p.l(memseta.o)
    0x000038b8   0x0000001a   Code   RO         3025    .text               mc_p.l(strncpy.o)
    0x000038d2   0x0000000e   Code   RO         3027    .text               mc_p.l(strlen.o)
    0x000038e0   0x0000001c   Code   RO         3029    .text               mc_p.l(strcmp.o)
    0x000038fc   0x0000001a   Code   RO         3031    .text               mc_p.l(memcmp.o)
    0x00003916   0x00000012   Code   RO         3033    .text               mc_p.l(strcpy.o)
    0x00003928   0x0000001e   Code   RO         3035    .text               mc_p.l(strncmp.o)
    0x00003946   0x00000014   Code   RO         3300    .text               mc_p.l(uread4.o)
    0x0000395a   0x00000012   Code   RO         3302    .text               mc_p.l(uwrite4.o)
    0x0000396c   0x00000060   Code   RO         3319    .text               mc_p.l(uldiv.o)
    0x000039cc   0x00000024   Code   RO         3332    .text               mc_p.l(init.o)
    0x000039f0   0x00000020   Code   RO         3334    .text               mc_p.l(llshl.o)
    0x00003a10   0x00000022   Code   RO         3336    .text               mc_p.l(llushr.o)
    0x00003a32   0x00000020   Code   RO         2772    i.Api_AggrRecvAddbaReqEvent  rak_wifi_nos_ARM_CM0.lib(api_wmi_rx.o)
    0x00003a52   0x00000010   Code   RO         2773    i.Api_AggrRecvDelbaReqEvent  rak_wifi_nos_ARM_CM0.lib(api_wmi_rx.o)
    0x00003a62   0x00000008   Code   RO         2775    i.Api_BssInfoEvent  rak_wifi_nos_ARM_CM0.lib(api_wmi_rx.o)
    0x00003a6a   0x0000003c   Code   RO         2777    i.Api_ConnectEvent  rak_wifi_nos_ARM_CM0.lib(api_wmi_rx.o)
    0x00003aa6   0x00000002   PAD
    0x00003aa8   0x00000104   Code   RO         1441    i.Api_ConnectWiFi   rak_wifi_nos_ARM_CM0.lib(api_ioctl.o)
    0x00003bac   0x000000a0   Code   RO         1494    i.Api_DataTxStart   rak_wifi_nos_ARM_CM0.lib(api_txrx.o)
    0x00003c4c   0x00000012   Code   RO         1398    i.Api_DeInitFinish  rak_wifi_nos_ARM_CM0.lib(api_init.o)
    0x00003c5e   0x00000004   Code   RO         1399    i.Api_DeInitStart   rak_wifi_nos_ARM_CM0.lib(api_init.o)
    0x00003c62   0x00000002   PAD
    0x00003c64   0x00000074   Code   RO         2778    i.Api_DisconnectEvent  rak_wifi_nos_ARM_CM0.lib(api_wmi_rx.o)
    0x00003cd8   0x00000042   Code   RO         1442    i.Api_DisconnectWiFi  rak_wifi_nos_ARM_CM0.lib(api_ioctl.o)
    0x00003d1a   0x00000002   PAD
    0x00003d1c   0x0000003c   Code   RO         1443    i.Api_DriverAccessCheck  rak_wifi_nos_ARM_CM0.lib(api_ioctl.o)
    0x00003d58   0x0000001a   Code   RO         2779    i.Api_GetPmkEvent   rak_wifi_nos_ARM_CM0.lib(api_wmi_rx.o)
    0x00003d72   0x00000002   PAD
    0x00003d74   0x0000003c   Code   RO         1400    i.Api_InitFinish    rak_wifi_nos_ARM_CM0.lib(api_init.o)
    0x00003db0   0x00000014   Code   RO         1401    i.Api_InitStart     rak_wifi_nos_ARM_CM0.lib(api_init.o)
    0x00003dc4   0x00000124   Code   RO         1444    i.Api_ParseInfoElem  rak_wifi_nos_ARM_CM0.lib(api_ioctl.o)
    0x00003ee8   0x00000008   Code   RO         2780    i.Api_RSNASuccessEvent  rak_wifi_nos_ARM_CM0.lib(api_wmi_rx.o)
    0x00003ef0   0x00000014   Code   RO         2781    i.Api_ReadyEvent    rak_wifi_nos_ARM_CM0.lib(api_wmi_rx.o)
    0x00003f04   0x00000002   Code   RO         2782    i.Api_RegDomainEvent  rak_wifi_nos_ARM_CM0.lib(api_wmi_rx.o)
    0x00003f06   0x00000002   PAD
    0x00003f08   0x000000f0   Code   RO         1495    i.Api_RxComplete    rak_wifi_nos_ARM_CM0.lib(api_txrx.o)
    0x00003ff8   0x00000018   Code   RO         2783    i.Api_ScanCompleteEvent  rak_wifi_nos_ARM_CM0.lib(api_wmi_rx.o)
    0x00004010   0x00000238   Code   RO         1917    i.Api_SockResponseEventRx  rak_wifi_nos_ARM_CM0.lib(api_stack_offload.o)
    0x00004248   0x0000001e   Code   RO         2784    i.Api_TargetStatsEvent  rak_wifi_nos_ARM_CM0.lib(api_wmi_rx.o)
    0x00004266   0x00000012   Code   RO         2785    i.Api_TkipMicErrorEvent  rak_wifi_nos_ARM_CM0.lib(api_wmi_rx.o)
    0x00004278   0x00000034   Code   RO         1496    i.Api_TxComplete    rak_wifi_nos_ARM_CM0.lib(api_txrx.o)
    0x000042ac   0x00000054   Code   RO         1497    i.Api_TxGetStatus   rak_wifi_nos_ARM_CM0.lib(api_txrx.o)
    0x00004300   0x00000098   Code   RO         1402    i.Api_WMIInitFinish  rak_wifi_nos_ARM_CM0.lib(api_init.o)
    0x00004398   0x00000018   Code   RO         1498    i.Api_WmiTxStart    rak_wifi_nos_ARM_CM0.lib(api_txrx.o)
    0x000043b0   0x000000fc   Code   RO         2786    i.Api_WpsProfileEvent  rak_wifi_nos_ARM_CM0.lib(api_wmi_rx.o)
    0x000044ac   0x00000174   Code   RO         1918    i.Api_accept        rak_wifi_nos_ARM_CM0.lib(api_stack_offload.o)
    0x00004620   0x0000011c   Code   RO         1919    i.Api_bind          rak_wifi_nos_ARM_CM0.lib(api_stack_offload.o)
    0x0000473c   0x00000118   Code   RO         1920    i.Api_connect       rak_wifi_nos_ARM_CM0.lib(api_stack_offload.o)
    0x00004854   0x00000008   Code   RO         2787    i.Api_easyconfigEvent  rak_wifi_nos_ARM_CM0.lib(api_wmi_rx.o)
    0x0000485c   0x000000fc   Code   RO         1925    i.Api_ipconfig      rak_wifi_nos_ARM_CM0.lib(api_stack_offload.o)
    0x00004958   0x00000048   Code   RO         1926    i.Api_ipconfig_dhcp_pool  rak_wifi_nos_ARM_CM0.lib(api_stack_offload.o)
    0x000049a0   0x0000003c   Code   RO         1929    i.Api_ipconfig_set_tcp_exponential_backoff_retry  rak_wifi_nos_ARM_CM0.lib(api_stack_offload.o)
    0x000049dc   0x000000e0   Code   RO         1930    i.Api_listen        rak_wifi_nos_ARM_CM0.lib(api_stack_offload.o)
    0x00004abc   0x000000ac   Code   RO         1159    i.Api_recvfrom      rak_wifi_nos_ARM_CM0.lib(cust_api_stack_offload.o)
    0x00004b68   0x000000b4   Code   RO         1933    i.Api_select        rak_wifi_nos_ARM_CM0.lib(api_stack_offload.o)
    0x00004c1c   0x000000c0   Code   RO         1935    i.Api_shutdown      rak_wifi_nos_ARM_CM0.lib(api_stack_offload.o)
    0x00004cdc   0x00000038   Code   RO         1936    i.Api_socket        rak_wifi_nos_ARM_CM0.lib(api_stack_offload.o)
    0x00004d14   0x00000094   Code   RO          979    i.Bus_InOutDescriptorSet  rak_wifi_nos_ARM_CM0.lib(hw_api.o)
    0x00004da8   0x00000022   Code   RO          980    i.Bus_InOutToken    rak_wifi_nos_ARM_CM0.lib(hw_api.o)
    0x00004dca   0x00000002   PAD
    0x00004dcc   0x0000002c   Code   RO         1039    i.ClearDriverContextPtr  rak_wifi_nos_ARM_CM0.lib(cust_api_init.o)
    0x00004df8   0x0000008e   Code   RO         1539    i.ConnectService    rak_wifi_nos_ARM_CM0.lib(driver_init.o)
    0x00004e86   0x00000094   Code   RO         2964    i.Custom_Api_BssInfoEvent  rak_wifi_nos_ARM_CM0.lib(cust_api_wmi_rx.o)
    0x00004f1a   0x000000ac   Code   RO         2965    i.Custom_Api_ConnectEvent  rak_wifi_nos_ARM_CM0.lib(cust_api_wmi_rx.o)
    0x00004fc6   0x00000062   Code   RO         2966    i.Custom_Api_DisconnectEvent  rak_wifi_nos_ARM_CM0.lib(cust_api_wmi_rx.o)
    0x00005028   0x00000080   Code   RO         2967    i.Custom_Api_RSNASuccessEvent  rak_wifi_nos_ARM_CM0.lib(cust_api_wmi_rx.o)
    0x000050a8   0x0000000c   Code   RO         2968    i.Custom_Api_ReadyEvent  rak_wifi_nos_ARM_CM0.lib(cust_api_wmi_rx.o)
    0x000050b4   0x00000038   Code   RO         1040    i.Custom_Api_Shutdown  rak_wifi_nos_ARM_CM0.lib(cust_api_init.o)
    0x000050ec   0x000000b8   Code   RO         1041    i.Custom_Api_Start  rak_wifi_nos_ARM_CM0.lib(cust_api_init.o)
    0x000051a4   0x000000cc   Code   RO         2969    i.Custom_Api_easyconfigEvent  rak_wifi_nos_ARM_CM0.lib(cust_api_wmi_rx.o)
    0x00005270   0x00000008   Code   RO         2748    i.Custom_DeliverFrameToNetworkStack  rak_wifi_nos_ARM_CM0.lib(cust_api_stack_txrx.o)
    0x00005278   0x0000004c   Code   RO         2501    i.Custom_Driver_ContextDeInit  rak_wifi_nos_ARM_CM0.lib(cust_driver_main.o)
    0x000052c4   0x00000052   Code   RO         2502    i.Custom_Driver_ContextInit  rak_wifi_nos_ARM_CM0.lib(cust_driver_main.o)
    0x00005316   0x0000003c   Code   RO         2503    i.Custom_Driver_WaitForCondition  rak_wifi_nos_ARM_CM0.lib(cust_driver_main.o)
    0x00005352   0x00000002   Code   RO         2504    i.Custom_FreeRxRequest  rak_wifi_nos_ARM_CM0.lib(cust_driver_main.o)
    0x00005354   0x00000048   Code   RO         2505    i.Custom_GetRxRequest  rak_wifi_nos_ARM_CM0.lib(cust_driver_main.o)
    0x0000539c   0x00000012   Code   RO          871    i.DRIVER_INT_HANDLE  rak_wifi_nos_ARM_CM0.lib(cust_api_isr.o)
    0x000053ae   0x00000086   Code   RO         1692    i.DoDMAOp           rak_wifi_nos_ARM_CM0.lib(spi_hcd.o)
    0x00005434   0x0000003a   Code   RO         1693    i.DoPioReadInternal  rak_wifi_nos_ARM_CM0.lib(spi_hcd.o)
    0x0000546e   0x00000032   Code   RO         1694    i.DoPioWriteInternal  rak_wifi_nos_ARM_CM0.lib(spi_hcd.o)
    0x000054a0   0x000000f8   Code   RO         1540    i.Driver_BootComm   rak_wifi_nos_ARM_CM0.lib(driver_init.o)
    0x00005598   0x00000044   Code   RO          933    i.Driver_CompleteRequest  rak_wifi_nos_ARM_CM0.lib(driver_main.o)
    0x000055dc   0x0000001e   Code   RO         1541    i.Driver_ContextDeInit  rak_wifi_nos_ARM_CM0.lib(driver_init.o)
    0x000055fa   0x00000002   PAD
    0x000055fc   0x00000094   Code   RO         1542    i.Driver_ContextInit  rak_wifi_nos_ARM_CM0.lib(driver_init.o)
    0x00005690   0x0000003c   Code   RO         1543    i.Driver_DeInit     rak_wifi_nos_ARM_CM0.lib(driver_init.o)
    0x000056cc   0x0000003e   Code   RO          934    i.Driver_DropTxDataPackets  rak_wifi_nos_ARM_CM0.lib(driver_main.o)
    0x0000570a   0x0000000c   Code   RO         1544    i.Driver_GetTargetInfo  rak_wifi_nos_ARM_CM0.lib(driver_init.o)
    0x00005716   0x00000002   PAD
    0x00005718   0x0000009c   Code   RO         1545    i.Driver_Init       rak_wifi_nos_ARM_CM0.lib(driver_init.o)
    0x000057b4   0x00000188   Code   RO          935    i.Driver_Main       rak_wifi_nos_ARM_CM0.lib(driver_main.o)
    0x0000593c   0x00000026   Code   RO         1651    i.Driver_PostProcessRequest  rak_wifi_nos_ARM_CM0.lib(driver_txrx.o)
    0x00005962   0x0000002e   Code   RO         2878    i.Driver_ReadDataDiag  rak_wifi_nos_ARM_CM0.lib(driver_diag.o)
    0x00005990   0x00000048   Code   RO         2879    i.Driver_ReadRegDiag  rak_wifi_nos_ARM_CM0.lib(driver_diag.o)
    0x000059d8   0x0000003c   Code   RO         1652    i.Driver_RecvPacket  rak_wifi_nos_ARM_CM0.lib(driver_txrx.o)
    0x00005a14   0x00000006   Code   RO          936    i.Driver_ReportRxBuffStatus  rak_wifi_nos_ARM_CM0.lib(driver_main.o)
    0x00005a1a   0x00000002   PAD
    0x00005a1c   0x0000003c   Code   RO         1653    i.Driver_RxComplete  rak_wifi_nos_ARM_CM0.lib(driver_txrx.o)
    0x00005a58   0x000000f4   Code   RO          937    i.Driver_RxReady    rak_wifi_nos_ARM_CM0.lib(driver_main.o)
    0x00005b4c   0x00000054   Code   RO         1654    i.Driver_SendPacket  rak_wifi_nos_ARM_CM0.lib(driver_txrx.o)
    0x00005ba0   0x0000006e   Code   RO         2880    i.Driver_SetAddressWindowRegister  rak_wifi_nos_ARM_CM0.lib(driver_diag.o)
    0x00005c0e   0x00000002   PAD
    0x00005c10   0x00000060   Code   RO         1655    i.Driver_SubmitTxRequest  rak_wifi_nos_ARM_CM0.lib(driver_txrx.o)
    0x00005c70   0x0000010c   Code   RO         1546    i.Driver_TargReset  rak_wifi_nos_ARM_CM0.lib(driver_init.o)
    0x00005d7c   0x00000030   Code   RO         1656    i.Driver_TxComplete  rak_wifi_nos_ARM_CM0.lib(driver_txrx.o)
    0x00005dac   0x000000d8   Code   RO          938    i.Driver_TxReady    rak_wifi_nos_ARM_CM0.lib(driver_main.o)
    0x00005e84   0x0000002e   Code   RO         2881    i.Driver_WriteDataDiag  rak_wifi_nos_ARM_CM0.lib(driver_diag.o)
    0x00005eb2   0x00000002   PAD
    0x00005eb4   0x00000048   Code   RO         2882    i.Driver_WriteRegDiag  rak_wifi_nos_ARM_CM0.lib(driver_diag.o)
    0x00005efc   0x00000064   Code   RO         1695    i.EnableDisableSPIIRQHwDetect  rak_wifi_nos_ARM_CM0.lib(spi_hcd.o)
    0x00005f60   0x00000014   Code   RO         1042    i.GetDriverContextByInterrupt  rak_wifi_nos_ARM_CM0.lib(cust_api_init.o)
    0x00005f74   0x00000010   Code   RO         1043    i.GetDriverContextPtr  rak_wifi_nos_ARM_CM0.lib(cust_api_init.o)
    0x00005f84   0x000000f0   Code   RO         1827    i.HTC_ConnectService  rak_wifi_nos_ARM_CM0.lib(htc.o)
    0x00006074   0x000000a0   Code   RO         1828    i.HTC_ProcessCpuInterrupt  rak_wifi_nos_ARM_CM0.lib(htc.o)
    0x00006114   0x00000034   Code   RO         1829    i.HTC_Start         rak_wifi_nos_ARM_CM0.lib(htc.o)
    0x00006148   0x00000050   Code   RO         1830    i.HTC_WaitTarget    rak_wifi_nos_ARM_CM0.lib(htc.o)
    0x00006198   0x00000008   Code   RO          982    i.HW_DeInit         rak_wifi_nos_ARM_CM0.lib(hw_api.o)
    0x000061a0   0x0000002a   Code   RO          983    i.HW_EnableDisableSPIIRQ  rak_wifi_nos_ARM_CM0.lib(hw_api.o)
    0x000061ca   0x00000024   Code   RO          984    i.HW_Init           rak_wifi_nos_ARM_CM0.lib(hw_api.o)
    0x000061ee   0x00000018   Code   RO          985    i.HW_InterruptHandler  rak_wifi_nos_ARM_CM0.lib(hw_api.o)
    0x00006206   0x0000000a   Code   RO          986    i.HW_MsecDelay      rak_wifi_nos_ARM_CM0.lib(hw_api.o)
    0x00006210   0x0000002e   Code   RO          987    i.HW_PowerUpDown    rak_wifi_nos_ARM_CM0.lib(hw_api.o)
    0x0000623e   0x00000002   PAD
    0x00006240   0x0000003c   Code   RO         1696    i.Hcd_ClearCPUInterrupt  rak_wifi_nos_ARM_CM0.lib(spi_hcd.o)
    0x0000627c   0x0000001a   Code   RO         1697    i.Hcd_Deinitialize  rak_wifi_nos_ARM_CM0.lib(spi_hcd.o)
    0x00006296   0x00000002   PAD
    0x00006298   0x000000fc   Code   RO         1698    i.Hcd_DoPioExternalAccess  rak_wifi_nos_ARM_CM0.lib(spi_hcd.o)
    0x00006394   0x00000014   Code   RO         1699    i.Hcd_DoPioInternalAccess  rak_wifi_nos_ARM_CM0.lib(spi_hcd.o)
    0x000063a8   0x00000088   Code   RO         1701    i.Hcd_GetLookAhead  rak_wifi_nos_ARM_CM0.lib(spi_hcd.o)
    0x00006430   0x00000028   Code   RO         1702    i.Hcd_GetMboxAddress  rak_wifi_nos_ARM_CM0.lib(spi_hcd.o)
    0x00006458   0x00000100   Code   RO         1703    i.Hcd_Init          rak_wifi_nos_ARM_CM0.lib(spi_hcd.o)
    0x00006558   0x000000b0   Code   RO         1704    i.Hcd_ProgramWriteBufferWaterMark  rak_wifi_nos_ARM_CM0.lib(spi_hcd.o)
    0x00006608   0x0000001e   Code   RO         1705    i.Hcd_RefreshWriteBufferSpace  rak_wifi_nos_ARM_CM0.lib(spi_hcd.o)
    0x00006626   0x00000002   PAD
    0x00006628   0x00000094   Code   RO         1707    i.Hcd_Request       rak_wifi_nos_ARM_CM0.lib(spi_hcd.o)
    0x000066bc   0x00000130   Code   RO         1708    i.Hcd_SpiInterrupt  rak_wifi_nos_ARM_CM0.lib(spi_hcd.o)
    0x000067ec   0x00000008   Code   RO         1709    i.Hcd_TransferData  rak_wifi_nos_ARM_CM0.lib(spi_hcd.o)
    0x000067f4   0x00000028   Code   RO         1710    i.Hcd_UnmaskSPIInterrupts  rak_wifi_nos_ARM_CM0.lib(spi_hcd.o)
    0x0000681c   0x00000034   Code   RO         1831    i.Htc_DistributeCredits  rak_wifi_nos_ARM_CM0.lib(htc.o)
    0x00006850   0x0000009c   Code   RO         1832    i.Htc_GetCreditCounterUpdate  rak_wifi_nos_ARM_CM0.lib(htc.o)
    0x000068ec   0x0000003a   Code   RO         1833    i.Htc_PrepareRecvPacket  rak_wifi_nos_ARM_CM0.lib(htc.o)
    0x00006926   0x00000002   PAD
    0x00006928   0x0000009c   Code   RO         1834    i.Htc_ProcessCreditRpt  rak_wifi_nos_ARM_CM0.lib(htc.o)
    0x000069c4   0x00000118   Code   RO         1835    i.Htc_ProcessRecvHeader  rak_wifi_nos_ARM_CM0.lib(htc.o)
    0x00006adc   0x000000e0   Code   RO         1836    i.Htc_ProcessTrailer  rak_wifi_nos_ARM_CM0.lib(htc.o)
    0x00006bbc   0x0000000c   Code   RO         1837    i.Htc_ProcessTxComplete  rak_wifi_nos_ARM_CM0.lib(htc.o)
    0x00006bc8   0x0000008c   Code   RO         1838    i.Htc_ReadCreditCounter  rak_wifi_nos_ARM_CM0.lib(htc.o)
    0x00006c54   0x00000060   Code   RO         1839    i.Htc_RxComplete    rak_wifi_nos_ARM_CM0.lib(htc.o)
    0x00006cb4   0x000000cc   Code   RO         1840    i.Htc_SendPacket    rak_wifi_nos_ARM_CM0.lib(htc.o)
    0x00006d80   0x00000028   Code   RO         1711    i.MaskSPIInterrupts  rak_wifi_nos_ARM_CM0.lib(spi_hcd.o)
    0x00006da8   0x00000022   Code   RO         1712    i.ResetWriteBufferWaterMark  rak_wifi_nos_ARM_CM0.lib(spi_hcd.o)
    0x00006dca   0x00000002   PAD
    0x00006dcc   0x000000d8   Code   RO         1547    i.SetupServices     rak_wifi_nos_ARM_CM0.lib(driver_init.o)
    0x00006ea4   0x0000000a   Code   RO         2103    i.Util_AC2EndpointID  rak_wifi_nos_ARM_CM0.lib(util.o)
    0x00006eae   0x00000002   PAD
    0x00006eb0   0x00000048   Code   RO         2105    i.Util_Freq2ieee    rak_wifi_nos_ARM_CM0.lib(util.o)
    0x00006ef8   0x00000010   Code   RO         2106    i.Util_GetEndpoint  rak_wifi_nos_ARM_CM0.lib(util.o)
    0x00006f08   0x00000038   Code   RO         2107    i.Util_Ieee2freq    rak_wifi_nos_ARM_CM0.lib(util.o)
    0x00006f40   0x00000020   Code   RO         3246    i.__0printf$8       mc_p.l(printf8.o)
    0x00006f60   0x00000028   Code   RO         3248    i.__0sprintf$8      mc_p.l(printf8.o)
    0x00006f88   0x0000001a   Code   RO         1138    i.__ARM_common_switch8  rak_wifi_nos_ARM_CM0.lib(cust_api_ioctl.o)
    0x00006fa2   0x0000000e   Code   RO         3345    i.__scatterload_copy  mc_p.l(handlers.o)
    0x00006fb0   0x00000002   Code   RO         3346    i.__scatterload_null  mc_p.l(handlers.o)
    0x00006fb2   0x0000000e   Code   RO         3347    i.__scatterload_zeroinit  mc_p.l(handlers.o)
    0x00006fc0   0x000000d0   Code   RO         1937    i._api_socket       rak_wifi_nos_ARM_CM0.lib(api_stack_offload.o)
    0x00007090   0x0000002a   Code   RO          496    i._ascii_to_hex     rak_wifi_nos_ARM_CM0.lib(rw_lib.o)
    0x000070ba   0x00000002   PAD
    0x000070bc   0x00000024   Code   RO          497    i._ath_set_bssid    rak_wifi_nos_ARM_CM0.lib(rw_lib.o)
    0x000070e0   0x00000024   Code   RO          498    i._ath_set_cipher   rak_wifi_nos_ARM_CM0.lib(rw_lib.o)
    0x00007104   0x00000024   Code   RO          499    i._ath_set_essid    rak_wifi_nos_ARM_CM0.lib(rw_lib.o)
    0x00007128   0x00000024   Code   RO          500    i._ath_set_passphrase  rak_wifi_nos_ARM_CM0.lib(rw_lib.o)
    0x0000714c   0x00000030   Code   RO          501    i._ath_set_sec_type  rak_wifi_nos_ARM_CM0.lib(rw_lib.o)
    0x0000717c   0x0000000e   Code   RO          502    i._check_fd_invaild  rak_wifi_nos_ARM_CM0.lib(rw_lib.o)
    0x0000718a   0x00000002   PAD
    0x0000718c   0x000000a8   Code   RO          503    i._check_sys_params  rak_wifi_nos_ARM_CM0.lib(rw_lib.o)
    0x00007234   0x0000033c   Code   RO          505    i._loop_connect     rak_wifi_nos_ARM_CM0.lib(rw_lib.o)
    0x00007570   0x00000428   Code   RO         3253    i._printf_core      mc_p.l(printf8.o)
    0x00007998   0x00000020   Code   RO         3254    i._printf_post_padding  mc_p.l(printf8.o)
    0x000079b8   0x0000002c   Code   RO         3255    i._printf_pre_padding  mc_p.l(printf8.o)
    0x000079e4   0x0000002c   Code   RO          506    i._set_ap_params    rak_wifi_nos_ARM_CM0.lib(rw_lib.o)
    0x00007a10   0x00000038   Code   RO          507    i._set_power        rak_wifi_nos_ARM_CM0.lib(rw_lib.o)
    0x00007a48   0x0000005c   Code   RO          508    i._set_scan         rak_wifi_nos_ARM_CM0.lib(rw_lib.o)
    0x00007aa4   0x00000058   Code   RO          509    i._set_str_pmk      rak_wifi_nos_ARM_CM0.lib(rw_lib.o)
    0x00007afc   0x0000000a   Code   RO         3257    i._sputc            mc_p.l(printf8.o)
    0x00007b06   0x00000016   Code   RO         2551    i.a_free            rak_wifi_nos_ARM_CM0.lib(cust_driver_netbuf.o)
    0x00007b1c   0x00000016   Code   RO         2552    i.a_malloc          rak_wifi_nos_ARM_CM0.lib(cust_driver_netbuf.o)
    0x00007b32   0x00000002   Code   RO         2553    i.a_malloc_init     rak_wifi_nos_ARM_CM0.lib(cust_driver_netbuf.o)
    0x00007b34   0x00000054   Code   RO         2554    i.a_netbuf_alloc    rak_wifi_nos_ARM_CM0.lib(cust_driver_netbuf.o)
    0x00007b88   0x00000046   Code   RO         2555    i.a_netbuf_alloc_raw  rak_wifi_nos_ARM_CM0.lib(cust_driver_netbuf.o)
    0x00007bce   0x00000028   Code   RO         2557    i.a_netbuf_configure  rak_wifi_nos_ARM_CM0.lib(cust_driver_netbuf.o)
    0x00007bf6   0x00000028   Code   RO         1621    i.a_netbuf_dequeue  rak_wifi_nos_ARM_CM0.lib(driver_netbuf.o)
    0x00007c1e   0x0000001c   Code   RO         1622    i.a_netbuf_enqueue  rak_wifi_nos_ARM_CM0.lib(driver_netbuf.o)
    0x00007c3a   0x0000003c   Code   RO         2559    i.a_netbuf_free     rak_wifi_nos_ARM_CM0.lib(cust_driver_netbuf.o)
    0x00007c76   0x00000016   Code   RO         2560    i.a_netbuf_free_rx_pool  rak_wifi_nos_ARM_CM0.lib(cust_driver_netbuf.o)
    0x00007c8c   0x00000032   Code   RO         2562    i.a_netbuf_get_fragment  rak_wifi_nos_ARM_CM0.lib(cust_driver_netbuf.o)
    0x00007cbe   0x00000008   Code   RO         2563    i.a_netbuf_headroom  rak_wifi_nos_ARM_CM0.lib(cust_driver_netbuf.o)
    0x00007cc6   0x00000018   Code   RO         2564    i.a_netbuf_init     rak_wifi_nos_ARM_CM0.lib(cust_driver_netbuf.o)
    0x00007cde   0x00000002   PAD
    0x00007ce0   0x00000028   Code   RO         2565    i.a_netbuf_pull     rak_wifi_nos_ARM_CM0.lib(cust_driver_netbuf.o)
    0x00007d08   0x00000030   Code   RO         2566    i.a_netbuf_purge_queue  rak_wifi_nos_ARM_CM0.lib(cust_driver_netbuf.o)
    0x00007d38   0x00000028   Code   RO         2567    i.a_netbuf_push     rak_wifi_nos_ARM_CM0.lib(cust_driver_netbuf.o)
    0x00007d60   0x00000030   Code   RO         2569    i.a_netbuf_put      rak_wifi_nos_ARM_CM0.lib(cust_driver_netbuf.o)
    0x00007d90   0x0000001c   Code   RO         2570    i.a_netbuf_put_data  rak_wifi_nos_ARM_CM0.lib(cust_driver_netbuf.o)
    0x00007dac   0x0000000a   Code   RO         1624    i.a_netbuf_queue_init  rak_wifi_nos_ARM_CM0.lib(driver_netbuf.o)
    0x00007db6   0x00000034   Code   RO         2571    i.a_netbuf_reinit   rak_wifi_nos_ARM_CM0.lib(cust_driver_netbuf.o)
    0x00007dea   0x00000008   Code   RO         2572    i.a_netbuf_set_rx_pool  rak_wifi_nos_ARM_CM0.lib(cust_driver_netbuf.o)
    0x00007df2   0x00000008   Code   RO         2574    i.a_netbuf_tailroom  rak_wifi_nos_ARM_CM0.lib(cust_driver_netbuf.o)
    0x00007dfa   0x00000004   Code   RO         2575    i.a_netbuf_to_data  rak_wifi_nos_ARM_CM0.lib(cust_driver_netbuf.o)
    0x00007dfe   0x00000042   Code   RO         2576    i.a_netbuf_to_len   rak_wifi_nos_ARM_CM0.lib(cust_driver_netbuf.o)
    0x00007e40   0x00000028   Code   RO         2577    i.a_netbuf_trim     rak_wifi_nos_ARM_CM0.lib(cust_driver_netbuf.o)
    0x00007e68   0x00000070   Code   RO          510    i.accept            rak_wifi_nos_ARM_CM0.lib(rw_lib.o)
    0x00007ed8   0x00000002   Code   RO         2919    i.aggr_deinit       rak_wifi_nos_ARM_CM0.lib(rcv_aggr.o)
    0x00007eda   0x00000002   PAD
    0x00007edc   0x00000010   Code   RO         2920    i.aggr_init         rak_wifi_nos_ARM_CM0.lib(rcv_aggr.o)
    0x00007eec   0x00000034   Code   RO         2922    i.aggr_recv_addba_req_evt  rak_wifi_nos_ARM_CM0.lib(rcv_aggr.o)
    0x00007f20   0x00000020   Code   RO         2923    i.aggr_recv_delba_req_evt  rak_wifi_nos_ARM_CM0.lib(rcv_aggr.o)
    0x00007f40   0x00000018   Code   RO         2924    i.aggr_reset_state  rak_wifi_nos_ARM_CM0.lib(rcv_aggr.o)
    0x00007f58   0x00000034   Code   RO          511    i.assert_func       rak_wifi_nos_ARM_CM0.lib(rw_lib.o)
    0x00007f8c   0x000006ba   Code   RO         1125    i.ath_ioctl_handler  rak_wifi_nos_ARM_CM0.lib(cust_api_ioctl.o)
    0x00008646   0x00000002   PAD
    0x00008648   0x0000004c   Code   RO          512    i.bind              rak_wifi_nos_ARM_CM0.lib(rw_lib.o)
    0x00008694   0x000000a0   Code   RO         1160    i.blockForResponse  rak_wifi_nos_ARM_CM0.lib(cust_api_stack_offload.o)
    0x00008734   0x0000000a   Code   RO         1161    i.clearSocketBlocked  rak_wifi_nos_ARM_CM0.lib(cust_api_stack_offload.o)
    0x0000873e   0x00000002   PAD
    0x00008740   0x00000034   Code   RO         1938    i.clear_socket_context  rak_wifi_nos_ARM_CM0.lib(api_stack_offload.o)
    0x00008774   0x0000000a   Code   RO          513    i.close             rak_wifi_nos_ARM_CM0.lib(rw_lib.o)
    0x0000877e   0x00000002   PAD
    0x00008780   0x0000004c   Code   RO          514    i.connect           rak_wifi_nos_ARM_CM0.lib(rw_lib.o)
    0x000087cc   0x0000004e   Code   RO         1164    i.custom_header_alloc  rak_wifi_nos_ARM_CM0.lib(cust_api_stack_offload.o)
    0x0000881a   0x0000002a   Code   RO         1165    i.custom_header_free  rak_wifi_nos_ARM_CM0.lib(cust_api_stack_offload.o)
    0x00008844   0x0000002c   Code   RO         1168    i.custom_ipconfig_set_tcp_exponential_backoff_retry  rak_wifi_nos_ARM_CM0.lib(cust_api_stack_offload.o)
    0x00008870   0x0000001c   Code   RO         1169    i.custom_queue_empty  rak_wifi_nos_ARM_CM0.lib(cust_api_stack_offload.o)
    0x0000888c   0x00000058   Code   RO         2749    i.custom_receive_tcpip  rak_wifi_nos_ARM_CM0.lib(cust_api_stack_txrx.o)
    0x000088e4   0x00000040   Code   RO         2750    i.custom_send_tcpip  rak_wifi_nos_ARM_CM0.lib(cust_api_stack_txrx.o)
    0x00008924   0x00000028   Code   RO         1170    i.custom_socket_context_deinit  rak_wifi_nos_ARM_CM0.lib(cust_api_stack_offload.o)
    0x0000894c   0x0000003c   Code   RO         1171    i.custom_socket_context_init  rak_wifi_nos_ARM_CM0.lib(cust_api_stack_offload.o)
    0x00008988   0x00000022   Code   RO         2578    i.default_native_free_fn  rak_wifi_nos_ARM_CM0.lib(cust_driver_netbuf.o)
    0x000089aa   0x00000062   Code   RO          891    i.dnsreq_recv       rak_wifi_nos_ARM_CM0.lib(rw_dns.o)
    0x00008a0c   0x00000122   Code   RO         2970    i.fill_scan_info    rak_wifi_nos_ARM_CM0.lib(cust_api_wmi_rx.o)
    0x00008b2e   0x00000002   PAD
    0x00008b30   0x00000034   Code   RO         1939    i.find_socket_context  rak_wifi_nos_ARM_CM0.lib(api_stack_offload.o)
    0x00008b64   0x00000008   Code   RO         1173    i.isSocketBlocked   rak_wifi_nos_ARM_CM0.lib(cust_api_stack_offload.o)
    0x00008b6c   0x00000048   Code   RO          516    i.listen            rak_wifi_nos_ARM_CM0.lib(rw_lib.o)
    0x00008bb4   0x00000086   Code   RO          893    i.newdata           rak_wifi_nos_ARM_CM0.lib(rw_dns.o)
    0x00008c3a   0x00000018   Code   RO          894    i.parse_name        rak_wifi_nos_ARM_CM0.lib(rw_dns.o)
    0x00008c52   0x00000024   Code   RO         1499    i.query_credit_deficit  rak_wifi_nos_ARM_CM0.lib(api_txrx.o)
    0x00008c76   0x00000002   PAD
    0x00008c78   0x00000048   Code   RO          517    i.recv              rak_wifi_nos_ARM_CM0.lib(rw_lib.o)
    0x00008cc0   0x00000044   Code   RO          518    i.recvfrom          rak_wifi_nos_ARM_CM0.lib(rw_lib.o)
    0x00008d04   0x00000024   Code   RO          520    i.rwIsStampPassed   rak_wifi_nos_ARM_CM0.lib(rw_lib.o)
    0x00008d28   0x0000007c   Code   RO          523    i.rw_getLibVersion  rak_wifi_nos_ARM_CM0.lib(rw_lib.o)
    0x00008da4   0x00000024   Code   RO          524    i.rw_getMacAddr     rak_wifi_nos_ARM_CM0.lib(rw_lib.o)
    0x00008dc8   0x000000b8   Code   RO          527    i.rw_ipConfig       rak_wifi_nos_ARM_CM0.lib(rw_lib.o)
    0x00008e80   0x0000007c   Code   RO          529    i.rw_startEasyWps   rak_wifi_nos_ARM_CM0.lib(rw_lib.o)
    0x00008efc   0x000000b0   Code   RO          531    i.rw_sysDriverInit  rak_wifi_nos_ARM_CM0.lib(rw_lib.o)
    0x00008fac   0x0000001c   Code   RO          532    i.rw_sysDriverLoop  rak_wifi_nos_ARM_CM0.lib(rw_lib.o)
    0x00008fc8   0x00000088   Code   RO          533    i.rw_sysDriverReset  rak_wifi_nos_ARM_CM0.lib(rw_lib.o)
    0x00009050   0x00000030   Code   RO          534    i.rw_sysSleep       rak_wifi_nos_ARM_CM0.lib(rw_lib.o)
    0x00009080   0x00000250   Code   RO          536    i.rw_wlanConnect    rak_wifi_nos_ARM_CM0.lib(rw_lib.o)
    0x000092d0   0x00000034   Code   RO          537    i.rw_wlanGetScanInfo  rak_wifi_nos_ARM_CM0.lib(rw_lib.o)
    0x00009304   0x000001a4   Code   RO         1445    i.security_ie_parse  rak_wifi_nos_ARM_CM0.lib(api_ioctl.o)
    0x000094a8   0x00000048   Code   RO          539    i.select            rak_wifi_nos_ARM_CM0.lib(rw_lib.o)
    0x000094f0   0x00000074   Code   RO          540    i.send              rak_wifi_nos_ARM_CM0.lib(rw_lib.o)
    0x00009564   0x0000002c   Code   RO         1942    i.send_stack_init   rak_wifi_nos_ARM_CM0.lib(api_stack_offload.o)
    0x00009590   0x0000007c   Code   RO          541    i.sendto            rak_wifi_nos_ARM_CM0.lib(rw_lib.o)
    0x0000960c   0x00000044   Code   RO          542    i.shutdown          rak_wifi_nos_ARM_CM0.lib(rw_lib.o)
    0x00009650   0x00000018   Code   RO          543    i.socket            rak_wifi_nos_ARM_CM0.lib(rw_lib.o)
    0x00009668   0x00000034   Code   RO         1943    i.socket_context_deinit  rak_wifi_nos_ARM_CM0.lib(api_stack_offload.o)
    0x0000969c   0x0000006c   Code   RO         1944    i.socket_context_init  rak_wifi_nos_ARM_CM0.lib(api_stack_offload.o)
    0x00009708   0x00000038   Code   RO         1174    i.t_accept          rak_wifi_nos_ARM_CM0.lib(cust_api_stack_offload.o)
    0x00009740   0x00000038   Code   RO         1175    i.t_bind            rak_wifi_nos_ARM_CM0.lib(cust_api_stack_offload.o)
    0x00009778   0x00000038   Code   RO         1176    i.t_connect         rak_wifi_nos_ARM_CM0.lib(cust_api_stack_offload.o)
    0x000097b0   0x00000040   Code   RO         1181    i.t_ipconfig        rak_wifi_nos_ARM_CM0.lib(cust_api_stack_offload.o)
    0x000097f0   0x00000038   Code   RO         1182    i.t_ipconfig_dhcp_pool  rak_wifi_nos_ARM_CM0.lib(cust_api_stack_offload.o)
    0x00009828   0x00000030   Code   RO         1183    i.t_listen          rak_wifi_nos_ARM_CM0.lib(cust_api_stack_offload.o)
    0x00009858   0x0000003c   Code   RO         1187    i.t_recvfrom        rak_wifi_nos_ARM_CM0.lib(cust_api_stack_offload.o)
    0x00009894   0x00000030   Code   RO         1188    i.t_select          rak_wifi_nos_ARM_CM0.lib(cust_api_stack_offload.o)
    0x000098c4   0x00000018   Code   RO         1189    i.t_send            rak_wifi_nos_ARM_CM0.lib(cust_api_stack_offload.o)
    0x000098dc   0x00000150   Code   RO         1190    i.t_sendto          rak_wifi_nos_ARM_CM0.lib(cust_api_stack_offload.o)
    0x00009a2c   0x0000002c   Code   RO         1192    i.t_shutdown        rak_wifi_nos_ARM_CM0.lib(cust_api_stack_offload.o)
    0x00009a58   0x00000038   Code   RO         1193    i.t_socket          rak_wifi_nos_ARM_CM0.lib(cust_api_stack_offload.o)
    0x00009a90   0x0000001c   Code   RO         1194    i.txpkt_free        rak_wifi_nos_ARM_CM0.lib(cust_api_stack_offload.o)
    0x00009aac   0x00000018   Code   RO         1195    i.unblock           rak_wifi_nos_ARM_CM0.lib(cust_api_stack_offload.o)
    0x00009ac4   0x00000040   Code   RO         2140    i.wmi_allow_aggr_cmd  rak_wifi_nos_ARM_CM0.lib(wmi.o)
    0x00009b04   0x00000044   Code   RO         2141    i.wmi_ap_profile_commit  rak_wifi_nos_ARM_CM0.lib(wmi.o)
    0x00009b48   0x0000013c   Code   RO         2142    i.wmi_ap_set_param  rak_wifi_nos_ARM_CM0.lib(wmi.o)
    0x00009c84   0x00000048   Code   RO         2143    i.wmi_bssfilter_cmd  rak_wifi_nos_ARM_CM0.lib(wmi.o)
    0x00009ccc   0x000000a4   Code   RO         2144    i.wmi_cmd_send      rak_wifi_nos_ARM_CM0.lib(wmi.o)
    0x00009d70   0x000000a8   Code   RO         2145    i.wmi_connect_cmd   rak_wifi_nos_ARM_CM0.lib(wmi.o)
    0x00009e18   0x000000c4   Code   RO         2146    i.wmi_connect_event_rx  rak_wifi_nos_ARM_CM0.lib(wmi.o)
    0x00009edc   0x0000030c   Code   RO         2147    i.wmi_control_rx    rak_wifi_nos_ARM_CM0.lib(wmi.o)
    0x0000a1e8   0x000000c8   Code   RO         2148    i.wmi_data_hdr_add  rak_wifi_nos_ARM_CM0.lib(wmi.o)
    0x0000a2b0   0x0000005c   Code   RO         2149    i.wmi_data_hdr_remove  rak_wifi_nos_ARM_CM0.lib(wmi.o)
    0x0000a30c   0x0000000a   Code   RO         2151    i.wmi_disconnect_cmd  rak_wifi_nos_ARM_CM0.lib(wmi.o)
    0x0000a316   0x00000002   PAD
    0x0000a318   0x00000010   Code   RO         2159    i.wmi_get_pmk_cmd   rak_wifi_nos_ARM_CM0.lib(wmi.o)
    0x0000a328   0x00000006   Code   RO         2160    i.wmi_get_power_mode_cmd  rak_wifi_nos_ARM_CM0.lib(wmi.o)
    0x0000a32e   0x0000000a   Code   RO         2162    i.wmi_get_stats_cmd  rak_wifi_nos_ARM_CM0.lib(wmi.o)
    0x0000a338   0x000000b0   Code   RO         2165    i.wmi_implicit_create_pstream  rak_wifi_nos_ARM_CM0.lib(wmi.o)
    0x0000a3e8   0x00000038   Code   RO         2166    i.wmi_init          rak_wifi_nos_ARM_CM0.lib(wmi.o)
    0x0000a420   0x00000042   Code   RO         2167    i.wmi_listeninterval_cmd  rak_wifi_nos_ARM_CM0.lib(wmi.o)
    0x0000a462   0x00000002   PAD
    0x0000a464   0x000000dc   Code   RO         2169    i.wmi_meta_add      rak_wifi_nos_ARM_CM0.lib(wmi.o)
    0x0000a540   0x00000066   Code   RO         2170    i.wmi_pmparams_cmd  rak_wifi_nos_ARM_CM0.lib(wmi.o)
    0x0000a5a6   0x00000034   Code   RO         2171    i.wmi_powermode_cmd  rak_wifi_nos_ARM_CM0.lib(wmi.o)
    0x0000a5da   0x00000002   PAD
    0x0000a5dc   0x00000074   Code   RO         2172    i.wmi_probedSsid_cmd  rak_wifi_nos_ARM_CM0.lib(wmi.o)
    0x0000a650   0x00000034   Code   RO         2173    i.wmi_promiscuous_cmd  rak_wifi_nos_ARM_CM0.lib(wmi.o)
    0x0000a684   0x0000001c   Code   RO         2174    i.wmi_qos_state_init  rak_wifi_nos_ARM_CM0.lib(wmi.o)
    0x0000a6a0   0x00000080   Code   RO         2176    i.wmi_scanparams_cmd  rak_wifi_nos_ARM_CM0.lib(wmi.o)
    0x0000a720   0x0000006a   Code   RO         2177    i.wmi_set_channelParams_cmd  rak_wifi_nos_ARM_CM0.lib(wmi.o)
    0x0000a78a   0x00000002   PAD
    0x0000a78c   0x0000003c   Code   RO         2178    i.wmi_set_channel_cmd  rak_wifi_nos_ARM_CM0.lib(wmi.o)
    0x0000a7c8   0x00000058   Code   RO         2179    i.wmi_set_control_ep  rak_wifi_nos_ARM_CM0.lib(wmi.o)
    0x0000a820   0x0000005c   Code   RO         2181    i.wmi_set_ht_cap_cmd  rak_wifi_nos_ARM_CM0.lib(wmi.o)
    0x0000a87c   0x00000068   Code   RO         2183    i.wmi_set_passphrase_cmd  rak_wifi_nos_ARM_CM0.lib(wmi.o)
    0x0000a8e4   0x00000044   Code   RO         2184    i.wmi_set_pmk_cmd   rak_wifi_nos_ARM_CM0.lib(wmi.o)
    0x0000a928   0x0000000c   Code   RO         2188    i.wmi_shutdown      rak_wifi_nos_ARM_CM0.lib(wmi.o)
    0x0000a934   0x00000020   Code   RO         2189    i.wmi_simple_cmd    rak_wifi_nos_ARM_CM0.lib(wmi.o)
    0x0000a954   0x000000b4   Code   RO         2190    i.wmi_socket_cmd    rak_wifi_nos_ARM_CM0.lib(wmi.o)
    0x0000aa08   0x0000008c   Code   RO         2191    i.wmi_startscan_cmd  rak_wifi_nos_ARM_CM0.lib(wmi.o)
    0x0000aa94   0x00000048   Code   RO         2192    i.wmi_storerecall_configure_cmd  rak_wifi_nos_ARM_CM0.lib(wmi.o)
    0x0000aadc   0x0000003c   Code   RO         2195    i.wmi_wps_start_cmd  rak_wifi_nos_ARM_CM0.lib(wmi.o)
    0x0000ab18   0x00000018   Data   RO          184    .constdata          bsp.o
    0x0000ab30   0x00000038   Data   RO          545    .constdata          rak_wifi_nos_ARM_CM0.lib(rw_lib.o)
    0x0000ab68   0x000000f0   Data   RO         2196    .constdata          rak_wifi_nos_ARM_CM0.lib(wmi.o)
    0x0000ac58   0x00000048   Data   RO          939    .conststring        rak_wifi_nos_ARM_CM0.lib(driver_main.o)
    0x0000aca0   0x00000049   Data   RO          988    .conststring        rak_wifi_nos_ARM_CM0.lib(hw_api.o)
    0x0000ace9   0x00000003   PAD
    0x0000acec   0x00000051   Data   RO         1046    .conststring        rak_wifi_nos_ARM_CM0.lib(cust_api_init.o)
    0x0000ad3d   0x00000003   PAD
    0x0000ad40   0x00000059   Data   RO         1196    .conststring        rak_wifi_nos_ARM_CM0.lib(cust_api_stack_offload.o)
    0x0000ad99   0x00000003   PAD
    0x0000ad9c   0x0000004c   Data   RO         1403    .conststring        rak_wifi_nos_ARM_CM0.lib(api_init.o)
    0x0000ade8   0x0000004c   Data   RO         1500    .conststring        rak_wifi_nos_ARM_CM0.lib(api_txrx.o)
    0x0000ae34   0x00000048   Data   RO         1549    .conststring        rak_wifi_nos_ARM_CM0.lib(driver_init.o)
    0x0000ae7c   0x00000048   Data   RO         1657    .conststring        rak_wifi_nos_ARM_CM0.lib(driver_txrx.o)
    0x0000aec4   0x00000041   Data   RO         1713    .conststring        rak_wifi_nos_ARM_CM0.lib(spi_hcd.o)
    0x0000af05   0x00000003   PAD
    0x0000af08   0x0000004d   Data   RO         2508    .conststring        rak_wifi_nos_ARM_CM0.lib(cust_driver_main.o)
    0x0000af55   0x00000003   PAD
    0x0000af58   0x0000004f   Data   RO         2579    .conststring        rak_wifi_nos_ARM_CM0.lib(cust_driver_netbuf.o)
    0x0000afa7   0x00000001   PAD
    0x0000afa8   0x00000046   Data   RO         2926    .conststring        rak_wifi_nos_ARM_CM0.lib(rcv_aggr.o)
    0x0000afee   0x00000002   PAD
    0x0000aff0   0x00000020   Data   RO         3344    Region$$Table       anon$$obj.o


    Execution Region RW_IRAM1 (Base: 0x20000000, Size: 0x00002f50, Max: 0x00004000, ABSOLUTE)

    Base Addr    Size         Type   Attr      Idx    E Section Name        Object

    0x20000000   0x00000014   Data   RW            3    .data               lib_mem.o
    0x20000014   0x0000001c   Data   RW          125    .data               tcp_udp.o
    0x20000030   0x00000004   Data   RW          185    .data               bsp.o
    0x20000034   0x0000003c   Data   RW          347    .data               nano1xx_sys.o
    0x20000070   0x00000004   Data   RW          433    .data               system_nano1xx.o
    0x20000074   0x00000001   Data   RW          460    .data               rw_lib_platform.o
    0x20000075   0x00000003   PAD
    0x20000078   0x00000004   Data   RW          546    .data               rak_wifi_nos_ARM_CM0.lib(rw_lib.o)
    0x2000007c   0x00000008   Data   RW         1047    .data               rak_wifi_nos_ARM_CM0.lib(cust_api_init.o)
    0x20000084   0x00000004   Data   RW         2197    .data               rak_wifi_nos_ARM_CM0.lib(wmi.o)
    0x20000088   0x00000001   Data   RW         2580    .data               rak_wifi_nos_ARM_CM0.lib(cust_driver_netbuf.o)
    0x20000089   0x00000003   PAD
    0x2000008c   0x00000004   Data   RW         3019    .data               mc_p.l(rand.o)
    0x20000090   0x00000004   Data   RW         3318    .data               mc_p.l(stdout.o)
    0x20000094   0x00002000   Zero   RW            2    .bss                lib_mem.o
    0x20002094   0x00000054   Zero   RW           27    .bss                ap_sta.o
    0x200020e8   0x00000600   Zero   RW          124    .bss                tcp_udp.o
    0x200026e8   0x0000007b   Zero   RW          459    .bss                rw_lib_platform.o
    0x20002763   0x00000001   PAD
    0x20002764   0x00000098   Zero   RW          544    .bss                rak_wifi_nos_ARM_CM0.lib(rw_lib.o)
    0x200027fc   0x000001f0   Zero   RW         1045    .bss                rak_wifi_nos_ARM_CM0.lib(cust_api_init.o)
    0x200029ec   0x00000024   Zero   RW         1945    .bss                rak_wifi_nos_ARM_CM0.lib(api_stack_offload.o)
    0x20002a10   0x0000001c   Zero   RW         2506    .bss                rak_wifi_nos_ARM_CM0.lib(cust_driver_main.o)
    0x20002a2c   0x0000000c   Zero   RW         2507    .bss                rak_wifi_nos_ARM_CM0.lib(cust_driver_main.o)
    0x20002a38   0x00000014   Zero   RW         2925    .bss                rak_wifi_nos_ARM_CM0.lib(rcv_aggr.o)
    0x20002a4c   0x00000004   PAD
    0x20002a50   0x00000500   Zero   RW          423    STACK               startup_nano1xx.o


==============================================================================

Image component sizes


      Code (inc. data)   RO Data    RW Data    ZI Data      Debug   Object Name

       796        224          0          0         84     149591   ap_sta.o
       696         52         24          4          0      12572   bsp.o
       480         24          0         20       8192       6620   lib_mem.o
         0          0          0          0          0     130980   nano1xx_fmc.o
       352         12          0          0          0       8779   nano1xx_gpio.o
         0          0          0          0          0       5788   nano1xx_pdma.o
      2248         50          0          0          0      19786   nano1xx_spi.o
       628         46          0         60          0       6942   nano1xx_sys.o
       652         30          0          0          0       9755   nano1xx_timer.o
      1180         24          0          0          0       9824   nano1xx_uart.o
      2604        844          0          1        123      10290   rw_lib_platform.o
        76         32        192          0       1280        800   startup_nano1xx.o
       396         24          0          4          0       3108   system_nano1xx.o
      3324        534          0         28       1536       7117   tcp_udp.o
       684        256          0          0          0       1269   tcpudp_test.o

    ----------------------------------------------------------------------
     14116       2152        248        120      11216     383221   Object Totals
         0          0         32          0          0          0   (incl. Generated)
         0          0          0          3          1          0   (incl. Padding)

    ----------------------------------------------------------------------

      Code (inc. data)   RO Data    RW Data    ZI Data      Debug   Library Member Name

         0          0          0          0          0          0   entry.o
         0          0          0          0          0          0   entry10a.o
         0          0          0          0          0          0   entry11a.o
         8          4          0          0          0          0   entry2.o
         4          0          0          0          0          0   entry5.o
         0          0          0          0          0          0   entry7b.o
         0          0          0          0          0          0   entry8b.o
         8          4          0          0          0          0   entry9a.o
        30          0          0          0          0          0   handlers.o
        40          0          0          0          0         72   idiv.o
        36          8          0          0          0         68   init.o
        32          0          0          0          0         68   llshl.o
        34          0          0          0          0         68   llushr.o
        26          0          0          0          0         72   memcmp.o
        36          0          0          0          0         60   memcpya.o
        36          0          0          0          0        100   memseta.o
      1222         56          0          0          0        468   printf8.o
        36         12          0          4          0        120   rand.o
         0          0          0          4          0          0   stdout.o
        28          0          0          0          0         68   strcmp.o
        18          0          0          0          0         60   strcpy.o
        14          0          0          0          0         60   strlen.o
        30          0          0          0          0         72   strncmp.o
        26          0          0          0          0         68   strncpy.o
        44          0          0          0          0         72   uidiv.o
        96          0          0          0          0         84   uldiv.o
        20          0          0          0          0         60   uread4.o
        18          0          0          0          0         60   uwrite4.o
       254         18         76          0          0       4214   api_init.o
      1098         36          0          0          0       9359   api_ioctl.o
      3056        126          0          0         36      18573   api_stack_offload.o
       596         26         76          0          0       5323   api_txrx.o
       620         12          0          0          0      10150   api_wmi_rx.o
       320         36         81          8        496      56651   cust_api_init.o
      1748         84          0          0          0       8708   cust_api_ioctl.o
        18          0          0          0          0        588   cust_api_isr.o
      1598         88         89          0          0      25867   cust_api_stack_offload.o
       160          4          0          0          0       3299   cust_api_stack_txrx.o
      1052         10          0          0          0       6672   cust_api_wmi_rx.o
       292         14         77          0         40       6088   cust_driver_main.o
       820         22         79          1          0      16180   cust_driver_netbuf.o
       346          8          0          0          0       4568   driver_diag.o
      1280         80         72          0          0       7639   driver_init.o
       988         26         72          0          0       5524   driver_main.o
        78          0          0          0          0       2340   driver_netbuf.o
       386         14         72          0          0       4717   driver_txrx.o
      1910        620          0          0          0      10987   htc.o
       348          6         73          0          0       5973   hw_api.o
       126         16         70          0         20       3945   rcv_aggr.o
       256          0          0          0          0       5395   rw_dns.o
      4002        274         56          4        152      92752   rw_lib.o
      1912         78         65          0          0      14841   spi_hcd.o
       154         24          0          0          0       2978   util.o
      4172        714        240          4          0      32448   wmi.o

    ----------------------------------------------------------------------
     29492       2420       1216         28        748     367479   Library Totals
        60          0         18          3          4          0   (incl. Padding)

    ----------------------------------------------------------------------

      Code (inc. data)   RO Data    RW Data    ZI Data      Debug   Library Name

      1842         84          0          8          0       1700   mc_p.l
     27590       2336       1198         17        744     365779   rak_wifi_nos_ARM_CM0.lib

    ----------------------------------------------------------------------
     29492       2420       1216         28        748     367479   Library Totals

    ----------------------------------------------------------------------

==============================================================================


      Code (inc. data)   RO Data    RW Data    ZI Data      Debug   

     43608       4572       1464        148      11964     737256   Grand Totals
     43608       4572       1464        148      11964     737256   ELF Image Totals
     43608       4572       1464        148          0          0   ROM Totals

==============================================================================

    Total RO  Size (Code + RO Data)                45072 (  44.02kB)
    Total RW  Size (RW Data + ZI Data)             12112 (  11.83kB)
    Total ROM Size (Code + RO Data + RW Data)      45220 (  44.16kB)

==============================================================================

