<html>
<body>
<pre>
<h1>µVision Build Log</h1>
<h2>Tool Versions:</h2>
IDE-Version: ¦ÌVision V5.15
Copyright (C) 2015 ARM Ltd and ARM Germany GmbH. All rights reserved.
License Information: CAO Microsoft, Microsoft, LIC=0VRDY-I008K-ZDKK6-DKB7Z-J7CGA-9YRDN
 
Tool Versions:
Toolchain:       MDK-ARM Professional  Version: 5.15.0
Toolchain Path:  D:\Keil_v5\ARM\ARMCC\Bin
C Compiler:      Armcc.exe V5.05 update 2 (build 169)
Assembler:       Armasm.exe V5.05 update 2 (build 169)
Linker/Locator:  ArmLink.exe V5.05 update 2 (build 169)
Library Manager: ArmAr.exe V5.05 update 2 (build 169)
Hex Converter:   FromElf.exe V5.05 update 2 (build 169)
CPU DLL:         SARMCM3.DLL V5.15.0
Dialog DLL:      DCM.DLL V1.13.2.0
Target DLL:      STLink\ST-LINKIII-KEIL_SWO.dll V2.0.15.0_KEIL
Dialog DLL:      TCM.DLL V1.14.5.0
 
<h2>Project:</h2>
E:\RAKProductFile\RAK_Project_File\439ProductFile\RAK439_STM32F4xx_SDK_1_0_3\examples_nos\tcp_udp\project\MDK_ARM\RAK439.uvprojx
Project File Date:  12/02/2016

<h2>Output:</h2>
*** Using Compiler 'V5.05 update 2 (build 169)', folder: 'D:\Keil_v5\ARM\ARMCC\Bin'
Build target 'RAK439'
compiling bsp.c...
linking...
Program Size: Code=45808 RO-data=1600 RW-data=120 ZI-data=13008  
After Build - User command #1: fromelf.exe --bin -o "E:\RAKProductFile\RAK_Project_File\439ProductFile\RAK439_STM32F4xx_SDK_1_0_3\examples_nos\tcp_udp\project\MDK_ARM\Output\RAK439.bin" "E:\RAKProductFile\RAK_Project_File\439ProductFile\RAK439_STM32F4xx_SDK_1_0_3\examples_nos\tcp_udp\project\MDK_ARM\Output\RAK439.axf"
".\Output\RAK439.axf" - 0 Error(s), 0 Warning(s).

<h2>Collection of Component include folders:</h2>
  E:\RAKProductFile\RAK_Project_File\439ProductFile\RAK439_STM32F4xx_SDK_1_0_3\examples_nos\tcp_udp\project\MDK_ARM\RTE
  D:\Keil_v5\ARM\PACK\Keil\STM32F4xx_DFP\2.3.0\Drivers\CMSIS\Device\ST\STM32F4xx\Include

<h2>Collection of Component Files used:</h2>
</pre>
</body>
</html>
