Component: ARM Compiler 5.05 update 2 (build 169) Tool: armlink [4d0f33]

==============================================================================

Section Cross References

    lib_mem.o(i.prvHeapInit) refers to lib_mem.o(.bss) for .bss
    lib_mem.o(i.prvHeapInit) refers to lib_mem.o(.data) for .data
    lib_mem.o(i.prvInsertBlockIntoFreeList) refers to lib_mem.o(.data) for .data
    lib_mem.o(i.pvPortMalloc) refers to lib_mem.o(i.prvHeapInit) for prvHeapInit
    lib_mem.o(i.pvPortMalloc) refers to lib_mem.o(i.prvInsertBlockIntoFreeList) for prvInsertBlockIntoFreeList
    lib_mem.o(i.pvPortMalloc) refers to lib_mem.o(.data) for .data
    lib_mem.o(i.pvPortMemDeinit) refers to lib_mem.o(.data) for .data
    lib_mem.o(i.vPortFree) refers to lib_mem.o(i.prvInsertBlockIntoFreeList) for prvInsertBlockIntoFreeList
    lib_mem.o(i.vPortFree) refers to lib_mem.o(.data) for .data
    lib_mem.o(i.xPortGetFreeHeapSize) refers to lib_mem.o(.data) for .data
    ap_sta.o(i.clean_filename) refers to strlen.o(.text) for strlen
    ap_sta.o(i.rw_appdemo_context_init) refers to memseta.o(.text) for __aeabi_memclr4
    ap_sta.o(i.rw_appdemo_context_init) refers to ap_sta.o(.bss) for .bss
    ap_sta.o(i.rw_network_init) refers to rw_lib.o(i.rw_wlanConnect) for rw_wlanConnect
    ap_sta.o(i.rw_network_init) refers to ap_sta.o(i.clean_filename) for clean_filename
    ap_sta.o(i.rw_network_init) refers to stm32f4xx_it.o(i.HAL_GetTick) for HAL_GetTick
    ap_sta.o(i.rw_network_init) refers to printf8.o(i.__0printf$8) for __2printf
    ap_sta.o(i.rw_network_init) refers to rw_lib.o(i.rw_ipConfig) for rw_ipConfig
    ap_sta.o(i.rw_network_init) refers to ap_sta.o(.bss) for .bss
    ap_sta.o(i.rw_network_startAP) refers to memseta.o(.text) for __aeabi_memclr4
    ap_sta.o(i.rw_network_startAP) refers to ap_sta.o(i.rw_network_init) for rw_network_init
    ap_sta.o(i.rw_network_startAP) refers to ap_sta.o(i.clean_filename) for clean_filename
    ap_sta.o(i.rw_network_startAP) refers to stm32f4xx_it.o(i.HAL_GetTick) for HAL_GetTick
    ap_sta.o(i.rw_network_startAP) refers to printf8.o(i.__0printf$8) for __2printf
    ap_sta.o(i.rw_network_startAP) refers to rw_lib_platform.o(.bss) for conn
    ap_sta.o(i.rw_network_startConfig) refers to rw_lib.o(i.rw_startEasyWps) for rw_startEasyWps
    ap_sta.o(i.rw_network_startConfig) refers to ap_sta.o(i.clean_filename) for clean_filename
    ap_sta.o(i.rw_network_startConfig) refers to stm32f4xx_it.o(i.HAL_GetTick) for HAL_GetTick
    ap_sta.o(i.rw_network_startConfig) refers to printf8.o(i.__0printf$8) for __2printf
    ap_sta.o(i.rw_network_startConfig) refers to ap_sta.o(.bss) for .bss
    ap_sta.o(i.rw_network_startSTA) refers to memseta.o(.text) for __aeabi_memclr4
    ap_sta.o(i.rw_network_startSTA) refers to ap_sta.o(i.rw_network_init) for rw_network_init
    ap_sta.o(i.rw_network_startSTA) refers to ap_sta.o(i.clean_filename) for clean_filename
    ap_sta.o(i.rw_network_startSTA) refers to stm32f4xx_it.o(i.HAL_GetTick) for HAL_GetTick
    ap_sta.o(i.rw_network_startSTA) refers to printf8.o(i.__0printf$8) for __2printf
    ap_sta.o(i.rw_network_startSTA) refers to rw_lib_platform.o(.bss) for conn
    apsta_test.o(i.clean_filename) refers to strlen.o(.text) for strlen
    apsta_test.o(i.main) refers to apsta_test.o(i.platform_init) for platform_init
    apsta_test.o(i.main) refers to ap_sta.o(i.rw_appdemo_context_init) for rw_appdemo_context_init
    apsta_test.o(i.main) refers to ap_sta.o(i.rw_network_startSTA) for rw_network_startSTA
    apsta_test.o(i.main) refers to rw_lib.o(i.rw_sysDriverLoop) for rw_sysDriverLoop
    apsta_test.o(i.main) refers to apsta_test.o(i.clean_filename) for clean_filename
    apsta_test.o(i.main) refers to stm32f4xx_it.o(i.HAL_GetTick) for HAL_GetTick
    apsta_test.o(i.main) refers to printf8.o(i.__0printf$8) for __2printf
    apsta_test.o(i.main) refers to rw_lib.o(i.rw_sysDriverReset) for rw_sysDriverReset
    apsta_test.o(i.main) refers to ap_sta.o(i.rw_network_init) for rw_network_init
    apsta_test.o(i.main) refers to ap_sta.o(.bss) for app_demo_ctx
    apsta_test.o(i.main) refers to rw_lib_platform.o(.bss) for conn
    apsta_test.o(i.platform_init) refers to memseta.o(.text) for __aeabi_memclr4
    apsta_test.o(i.platform_init) refers to bsp.o(i.host_platformInit) for host_platformInit
    apsta_test.o(i.platform_init) refers to apsta_test.o(i.clean_filename) for clean_filename
    apsta_test.o(i.platform_init) refers to stm32f4xx_it.o(i.HAL_GetTick) for HAL_GetTick
    apsta_test.o(i.platform_init) refers to printf8.o(i.__0printf$8) for __2printf
    apsta_test.o(i.platform_init) refers to rw_lib_platform.o(i.wifi_init_params) for wifi_init_params
    apsta_test.o(i.platform_init) refers to rw_lib.o(i.rw_sysDriverInit) for rw_sysDriverInit
    apsta_test.o(i.platform_init) refers to rw_lib.o(i.rw_getLibVersion) for rw_getLibVersion
[...]
    _printf_truncate_unsigned                0x00000000   Number         0  stubs.o ABSOLUTE
    _printf_u                                0x00000000   Number         0  stubs.o ABSOLUTE
    _printf_wc                               0x00000000   Number         0  stubs.o ABSOLUTE
    _printf_wctomb                           0x00000000   Number         0  stubs.o ABSOLUTE
    _printf_widthprec                        0x00000000   Number         0  stubs.o ABSOLUTE
    _printf_x                                0x00000000   Number         0  stubs.o ABSOLUTE
    __cpp_initialize__aeabi_                  - Undefined Weak Reference
    __cxa_finalize                            - Undefined Weak Reference
    __decompress                              - Undefined Weak Reference
    _clock_init                               - Undefined Weak Reference
    _microlib_exit                            - Undefined Weak Reference
    __Vectors_Size                           0x00000198   Number         0  startup_stm32f411xe.o ABSOLUTE
    __Vectors                                0x08000000   Data           4  startup_stm32f411xe.o(RESET)
    __Vectors_End                            0x08000198   Data           0  startup_stm32f411xe.o(RESET)
    __main                                   0x08000199   Thumb Code     0  entry.o(.ARM.Collect$$$$00000000)
    _main_stk                                0x08000199   Thumb Code     0  entry2.o(.ARM.Collect$$$$00000001)
    _main_scatterload                        0x0800019d   Thumb Code     0  entry5.o(.ARM.Collect$$$$00000004)
    __main_after_scatterload                 0x080001a1   Thumb Code     0  entry5.o(.ARM.Collect$$$$00000004)
    _main_clock                              0x080001a1   Thumb Code     0  entry7b.o(.ARM.Collect$$$$00000008)
    _main_cpp_init                           0x080001a1   Thumb Code     0  entry8b.o(.ARM.Collect$$$$0000000A)
    _main_init                               0x080001a1   Thumb Code     0  entry9a.o(.ARM.Collect$$$$0000000B)
    __rt_final_cpp                           0x080001a9   Thumb Code     0  entry10a.o(.ARM.Collect$$$$0000000D)
    __rt_final_exit                          0x080001a9   Thumb Code     0  entry11a.o(.ARM.Collect$$$$0000000F)
    Reset_Handler                            0x080001ad   Thumb Code     8  startup_stm32f411xe.o(.text)
    ADC_IRQHandler                           0x080001c7   Thumb Code     0  startup_stm32f411xe.o(.text)
    DMA1_Stream0_IRQHandler                  0x080001c7   Thumb Code     0  startup_stm32f411xe.o(.text)
    DMA1_Stream1_IRQHandler                  0x080001c7   Thumb Code     0  startup_stm32f411xe.o(.text)
    DMA1_Stream2_IRQHandler                  0x080001c7   Thumb Code     0  startup_stm32f411xe.o(.text)
    DMA1_Stream3_IRQHandler                  0x080001c7   Thumb Code     0  startup_stm32f411xe.o(.text)
    DMA1_Stream4_IRQHandler                  0x080001c7   Thumb Code     0  startup_stm32f411xe.o(.text)
    DMA1_Stream5_IRQHandler                  0x080001c7   Thumb Code     0  startup_stm32f411xe.o(.text)
    DMA1_Stream6_IRQHandler                  0x080001c7   Thumb Code     0  startup_stm32f411xe.o(.text)
    DMA1_Stream7_IRQHandler                  0x080001c7   Thumb Code     0  startup_stm32f411xe.o(.text)
    DMA2_Stream0_IRQHandler                  0x080001c7   Thumb Code     0  startup_stm32f411xe.o(.text)
    DMA2_Stream1_IRQHandler                  0x080001c7   Thumb Code     0  startup_stm32f411xe.o(.text)
    DMA2_Stream2_IRQHandler                  0x080001c7   Thumb Code     0  startup_stm32f411xe.o(.text)
    DMA2_Stream3_IRQHandler                  0x080001c7   Thumb Code     0  startup_stm32f411xe.o(.text)
    DMA2_Stream4_IRQHandler                  0x080001c7   Thumb Code     0  startup_stm32f411xe.o(.text)
    DMA2_Stream5_IRQHandler                  0x080001c7   Thumb Code     0  startup_stm32f411xe.o(.text)
    DMA2_Stream6_IRQHandler                  0x080001c7   Thumb Code     0  startup_stm32f411xe.o(.text)
    DMA2_Stream7_IRQHandler                  0x080001c7   Thumb Code     0  startup_stm32f411xe.o(.text)
    EXTI15_10_IRQHandler                     0x080001c7   Thumb Code     0  startup_stm32f411xe.o(.text)
    EXTI1_IRQHandler                         0x080001c7   Thumb Code     0  startup_stm32f411xe.o(.text)
    EXTI2_IRQHandler                         0x080001c7   Thumb Code     0  startup_stm32f411xe.o(.text)
    EXTI3_IRQHandler                         0x080001c7   Thumb Code     0  startup_stm32f411xe.o(.text)
    EXTI4_IRQHandler                         0x080001c7   Thumb Code     0  startup_stm32f411xe.o(.text)
    EXTI9_5_IRQHandler                       0x080001c7   Thumb Code     0  startup_stm32f411xe.o(.text)
    FLASH_IRQHandler                         0x080001c7   Thumb Code     0  startup_stm32f411xe.o(.text)
    FPU_IRQHandler                           0x080001c7   Thumb Code     0  startup_stm32f411xe.o(.text)
    I2C1_ER_IRQHandler                       0x080001c7   Thumb Code     0  startup_stm32f411xe.o(.text)
    I2C1_EV_IRQHandler                       0x080001c7   Thumb Code     0  startup_stm32f411xe.o(.text)
    I2C2_ER_IRQHandler                       0x080001c7   Thumb Code     0  startup_stm32f411xe.o(.text)
    I2C2_EV_IRQHandler                       0x080001c7   Thumb Code     0  startup_stm32f411xe.o(.text)
    I2C3_ER_IRQHandler                       0x080001c7   Thumb Code     0  startup_stm32f411xe.o(.text)
    I2C3_EV_IRQHandler                       0x080001c7   Thumb Code     0  startup_stm32f411xe.o(.text)
    OTG_FS_IRQHandler                        0x080001c7   Thumb Code     0  startup_stm32f411xe.o(.text)
    OTG_FS_WKUP_IRQHandler                   0x080001c7   Thumb Code     0  startup_stm32f411xe.o(.text)
    PVD_IRQHandler                           0x080001c7   Thumb Code     0  startup_stm32f411xe.o(.text)
    RCC_IRQHandler                           0x080001c7   Thumb Code     0  startup_stm32f411xe.o(.text)
    RTC_Alarm_IRQHandler                     0x080001c7   Thumb Code     0  startup_stm32f411xe.o(.text)
    RTC_WKUP_IRQHandler                      0x080001c7   Thumb Code     0  startup_stm32f411xe.o(.text)
    SDIO_IRQHandler                          0x080001c7   Thumb Code     0  startup_stm32f411xe.o(.text)
    SPI1_IRQHandler                          0x080001c7   Thumb Code     0  startup_stm32f411xe.o(.text)
    SPI2_IRQHandler                          0x080001c7   Thumb Code     0  startup_stm32f411xe.o(.text)
    SPI3_IRQHandler                          0x080001c7   Thumb Code     0  startup_stm32f411xe.o(.text)
    SPI4_IRQHandler                          0x080001c7   Thumb Code     0  startup_stm32f411xe.o(.text)
    SPI5_IRQHandler                          0x080001c7   Thumb Code     0  startup_stm32f411xe.o(.text)
    TAMP_STAMP_IRQHandler                    0x080001c7   Thumb Code     0  startup_stm32f411xe.o(.text)
    TIM1_BRK_TIM9_IRQHandler                 0x080001c7   Thumb Code     0  startup_stm32f411xe.o(.text)
    TIM1_CC_IRQHandler                       0x080001c7   Thumb Code     0  startup_stm32f411xe.o(.text)
    TIM1_TRG_COM_TIM11_IRQHandler            0x080001c7   Thumb Code     0  startup_stm32f411xe.o(.text)
    TIM1_UP_TIM10_IRQHandler                 0x080001c7   Thumb Code     0  startup_stm32f411xe.o(.text)
    TIM2_IRQHandler                          0x080001c7   Thumb Code     0  startup_stm32f411xe.o(.text)
    TIM3_IRQHandler                          0x080001c7   Thumb Code     0  startup_stm32f411xe.o(.text)
    TIM4_IRQHandler                          0x080001c7   Thumb Code     0  startup_stm32f411xe.o(.text)
    TIM5_IRQHandler                          0x080001c7   Thumb Code     0  startup_stm32f411xe.o(.text)
    USART1_IRQHandler                        0x080001c7   Thumb Code     0  startup_stm32f411xe.o(.text)
    USART2_IRQHandler                        0x080001c7   Thumb Code     0  startup_stm32f411xe.o(.text)
    USART6_IRQHandler                        0x080001c7   Thumb Code     0  startup_stm32f411xe.o(.text)
    WWDG_IRQHandler                          0x080001c7   Thumb Code     0  startup_stm32f411xe.o(.text)
    __aeabi_memcpy                           0x080001d1   Thumb Code    36  memcpya.o(.text)
    __aeabi_memcpy4                          0x080001d1   Thumb Code     0  memcpya.o(.text)
    __aeabi_memcpy8                          0x080001d1   Thumb Code     0  memcpya.o(.text)
    __aeabi_memset                           0x080001f5   Thumb Code    14  memseta.o(.text)
    __aeabi_memset4                          0x080001f5   Thumb Code     0  memseta.o(.text)
    __aeabi_memset8                          0x080001f5   Thumb Code     0  memseta.o(.text)
    __aeabi_memclr                           0x08000203   Thumb Code     4  memseta.o(.text)
    __aeabi_memclr4                          0x08000203   Thumb Code     0  memseta.o(.text)
    __aeabi_memclr8                          0x08000203   Thumb Code     0  memseta.o(.text)
    _memset$wrapper                          0x08000207   Thumb Code    18  memseta.o(.text)
    strncpy                                  0x08000219   Thumb Code    24  strncpy.o(.text)
    strlen                                   0x08000231   Thumb Code    14  strlen.o(.text)
    strcmp                                   0x0800023f   Thumb Code    28  strcmp.o(.text)
    memcmp                                   0x0800025b   Thumb Code    26  memcmp.o(.text)
    strcpy                                   0x08000275   Thumb Code    18  strcpy.o(.text)
    strncmp                                  0x08000287   Thumb Code    30  strncmp.o(.text)
    __aeabi_uldivmod                         0x080002a5   Thumb Code    98  uldiv.o(.text)
    __scatterload                            0x08000309   Thumb Code    28  init.o(.text)
    __scatterload_rt2                        0x08000309   Thumb Code     0  init.o(.text)
    __aeabi_llsl                             0x0800032d   Thumb Code    30  llshl.o(.text)
    _ll_shift_l                              0x0800032d   Thumb Code     0  llshl.o(.text)
    __aeabi_llsr                             0x0800034b   Thumb Code    32  llushr.o(.text)
    _ll_ushift_r                             0x0800034b   Thumb Code     0  llushr.o(.text)
    Api_AggrRecvAddbaReqEvent                0x0800036b   Thumb Code    24  api_wmi_rx.o(i.Api_AggrRecvAddbaReqEvent)
    Api_AggrRecvDelbaReqEvent                0x08000383   Thumb Code    12  api_wmi_rx.o(i.Api_AggrRecvDelbaReqEvent)
    Api_BssInfoEvent                         0x0800038f   Thumb Code     4  api_wmi_rx.o(i.Api_BssInfoEvent)
    Api_ConnectEvent                         0x08000393   Thumb Code    56  api_wmi_rx.o(i.Api_ConnectEvent)
    Api_ConnectWiFi                          0x080003cb   Thumb Code   310  api_ioctl.o(i.Api_ConnectWiFi)
    Api_DeInitFinish                         0x08000501   Thumb Code    18  api_init.o(i.Api_DeInitFinish)
    Api_DeInitStart                          0x08000513   Thumb Code     4  api_init.o(i.Api_DeInitStart)
    Api_DisconnectEvent                      0x08000519   Thumb Code   118  api_wmi_rx.o(i.Api_DisconnectEvent)
    Api_DisconnectWiFi                       0x0800058f   Thumb Code    78  api_ioctl.o(i.Api_DisconnectWiFi)
    Api_DriverAccessCheck                    0x080005dd   Thumb Code    62  api_ioctl.o(i.Api_DriverAccessCheck)
    Api_GetPmkEvent                          0x0800061b   Thumb Code    22  api_wmi_rx.o(i.Api_GetPmkEvent)
    Api_InitFinish                           0x08000631   Thumb Code    50  api_init.o(i.Api_InitFinish)
    Api_InitStart                            0x08000669   Thumb Code    24  api_init.o(i.Api_InitStart)
    Api_ParseInfoElem                        0x08000681   Thumb Code   252  api_ioctl.o(i.Api_ParseInfoElem)
    Api_RSNASuccessEvent                     0x08000781   Thumb Code     4  api_wmi_rx.o(i.Api_RSNASuccessEvent)
    Api_ReadyEvent                           0x08000785   Thumb Code    20  api_wmi_rx.o(i.Api_ReadyEvent)
    Api_RegDomainEvent                       0x08000799   Thumb Code     2  api_wmi_rx.o(i.Api_RegDomainEvent)
    Api_RxComplete                           0x0800079d   Thumb Code   236  api_txrx.o(i.Api_RxComplete)
    Api_ScanCompleteEvent                    0x08000891   Thumb Code    22  api_wmi_rx.o(i.Api_ScanCompleteEvent)
    Api_SockResponseEventRx                  0x080008a9   Thumb Code   490  api_stack_offload.o(i.Api_SockResponseEventRx)
    Api_TargetStatsEvent                     0x08000a99   Thumb Code    24  api_wmi_rx.o(i.Api_TargetStatsEvent)
    Api_TkipMicErrorEvent                    0x08000ab1   Thumb Code    18  api_wmi_rx.o(i.Api_TkipMicErrorEvent)
    Api_TxComplete                           0x08000ac5   Thumb Code    44  api_txrx.o(i.Api_TxComplete)
    Api_TxGetStatus                          0x08000af5   Thumb Code    64  api_txrx.o(i.Api_TxGetStatus)
    Api_WMIInitFinish                        0x08000b39   Thumb Code   150  api_init.o(i.Api_WMIInitFinish)
    Api_WmiTxStart                           0x08000bd5   Thumb Code    22  api_txrx.o(i.Api_WmiTxStart)
    Api_WpsProfileEvent                      0x08000beb   Thumb Code   238  api_wmi_rx.o(i.Api_WpsProfileEvent)
    Api_bind                                 0x08000cd9   Thumb Code   308  api_stack_offload.o(i.Api_bind)
    Api_easyconfigEvent                      0x08000e11   Thumb Code     4  api_wmi_rx.o(i.Api_easyconfigEvent)
    Api_ipconfig                             0x08000e15   Thumb Code   258  api_stack_offload.o(i.Api_ipconfig)
    Api_ipconfig_dhcp_pool                   0x08000f1d   Thumb Code    66  api_stack_offload.o(i.Api_ipconfig_dhcp_pool)
    Api_ipconfig_set_tcp_exponential_backoff_retry 0x08000f65   Thumb Code    54  api_stack_offload.o(i.Api_ipconfig_set_tcp_exponential_backoff_retry)
    Api_recvfrom                             0x08000fa1   Thumb Code   166  cust_api_stack_offload.o(i.Api_recvfrom)
    Api_select                               0x0800104d   Thumb Code   188  api_stack_offload.o(i.Api_select)
    Api_shutdown                             0x0800110d   Thumb Code   194  api_stack_offload.o(i.Api_shutdown)
    Api_socket                               0x080011d5   Thumb Code    56  api_stack_offload.o(i.Api_socket)
    BusFault_Handler                         0x08001211   Thumb Code     2  stm32f4xx_it.o(i.BusFault_Handler)
    Bus_InOutDescriptorSet                   0x08001215   Thumb Code   142  hw_api.o(i.Bus_InOutDescriptorSet)
    Bus_InOutToken                           0x080012a9   Thumb Code    34  hw_api.o(i.Bus_InOutToken)
    Custom_Api_BssInfoEvent                  0x08001383   Thumb Code   168  cust_api_wmi_rx.o(i.Custom_Api_BssInfoEvent)
    Custom_Api_ConnectEvent                  0x0800142b   Thumb Code   178  cust_api_wmi_rx.o(i.Custom_Api_ConnectEvent)
    Custom_Api_DisconnectEvent               0x080014dd   Thumb Code   100  cust_api_wmi_rx.o(i.Custom_Api_DisconnectEvent)
    Custom_Api_RSNASuccessEvent              0x08001541   Thumb Code   134  cust_api_wmi_rx.o(i.Custom_Api_RSNASuccessEvent)
    Custom_Api_ReadyEvent                    0x080015c7   Thumb Code    12  cust_api_wmi_rx.o(i.Custom_Api_ReadyEvent)
    Custom_Api_Shutdown                      0x080015d5   Thumb Code    52  cust_api_init.o(i.Custom_Api_Shutdown)
    Custom_Api_Start                         0x0800160d   Thumb Code   168  cust_api_init.o(i.Custom_Api_Start)
    Custom_Api_easyconfigEvent               0x080016c5   Thumb Code   186  cust_api_wmi_rx.o(i.Custom_Api_easyconfigEvent)
    Custom_DeliverFrameToNetworkStack        0x08001789   Thumb Code     4  cust_api_stack_txrx.o(i.Custom_DeliverFrameToNetworkStack)
    Custom_Driver_ContextDeInit              0x0800178d   Thumb Code    72  cust_driver_main.o(i.Custom_Driver_ContextDeInit)
    Custom_Driver_ContextInit                0x080017d9   Thumb Code    92  cust_driver_main.o(i.Custom_Driver_ContextInit)
    Custom_Driver_WaitForCondition           0x08001835   Thumb Code    62  cust_driver_main.o(i.Custom_Driver_WaitForCondition)
    Custom_GetRxRequest                      0x08001875   Thumb Code    58  cust_driver_main.o(i.Custom_GetRxRequest)
    DRIVER_INT_HANDLE                        0x080018b9   Thumb Code    22  cust_api_isr.o(i.DRIVER_INT_HANDLE)
    DebugMon_Handler                         0x080018cf   Thumb Code     2  stm32f4xx_it.o(i.DebugMon_Handler)
    Driver_BootComm                          0x080019c5   Thumb Code   208  driver_init.o(i.Driver_BootComm)
    Driver_CompleteRequest                   0x08001ab1   Thumb Code    64  driver_main.o(i.Driver_CompleteRequest)
    Driver_ContextDeInit                     0x08001af5   Thumb Code    28  driver_init.o(i.Driver_ContextDeInit)
    Driver_ContextInit                       0x08001b11   Thumb Code   156  driver_init.o(i.Driver_ContextInit)
    Driver_DeInit                            0x08001bb1   Thumb Code    56  driver_init.o(i.Driver_DeInit)
    Driver_DropTxDataPackets                 0x08001be9   Thumb Code    66  driver_main.o(i.Driver_DropTxDataPackets)
    Driver_GetTargetInfo                     0x08001c2b   Thumb Code    12  driver_init.o(i.Driver_GetTargetInfo)
    Driver_Init                              0x08001c39   Thumb Code   146  driver_init.o(i.Driver_Init)
    Driver_Main                              0x08001cd1   Thumb Code   372  driver_main.o(i.Driver_Main)
    Driver_ReadDataDiag                      0x08001e6b   Thumb Code    48  driver_diag.o(i.Driver_ReadDataDiag)
    Driver_ReadRegDiag                       0x08001e9b   Thumb Code    74  driver_diag.o(i.Driver_ReadRegDiag)
    Driver_RecvPacket                        0x08001ee5   Thumb Code    60  driver_txrx.o(i.Driver_RecvPacket)
    Driver_ReportRxBuffStatus                0x08001f21   Thumb Code     6  driver_main.o(i.Driver_ReportRxBuffStatus)
    Driver_RxComplete                        0x08001f29   Thumb Code    54  driver_txrx.o(i.Driver_RxComplete)
    Driver_RxReady                           0x08001f65   Thumb Code   204  driver_main.o(i.Driver_RxReady)
    Driver_SendPacket                        0x08002039   Thumb Code    86  driver_txrx.o(i.Driver_SendPacket)
    Driver_SubmitTxRequest                   0x08002111   Thumb Code    84  driver_txrx.o(i.Driver_SubmitTxRequest)
    Driver_TxReady                           0x08002295   Thumb Code   204  driver_main.o(i.Driver_TxReady)
    Driver_WriteDataDiag                     0x08002365   Thumb Code    48  driver_diag.o(i.Driver_WriteDataDiag)
    Driver_WriteRegDiag                      0x08002395   Thumb Code    74  driver_diag.o(i.Driver_WriteRegDiag)
    EXTI0_IRQHandler                         0x080023df   Thumb Code    28  stm32f4xx_it.o(i.EXTI0_IRQHandler)
    EXTI_ClearITPendingBit                   0x080023fd   Thumb Code     6  stm32f4xx_exti.o(i.EXTI_ClearITPendingBit)
    EXTI_DeInit                              0x08002409   Thumb Code    28  stm32f4xx_exti.o(i.EXTI_DeInit)
    EXTI_GetITStatus                         0x0800242d   Thumb Code    16  stm32f4xx_exti.o(i.EXTI_GetITStatus)
    EXTI_Init                                0x08002441   Thumb Code   108  stm32f4xx_exti.o(i.EXTI_Init)
    GPIO_Init                                0x08002511   Thumb Code   162  stm32f4xx_gpio.o(i.GPIO_Init)
    GPIO_PinAFConfig                         0x080025b3   Thumb Code    32  stm32f4xx_gpio.o(i.GPIO_PinAFConfig)
    GPIO_WriteBit                            0x080025d3   Thumb Code    10  stm32f4xx_gpio.o(i.GPIO_WriteBit)
    GetDriverContextByInterrupt              0x080025dd   Thumb Code    14  cust_api_init.o(i.GetDriverContextByInterrupt)
    GetDriverContextPtr                      0x080025f1   Thumb Code    12  cust_api_init.o(i.GetDriverContextPtr)
    HAL_GPIO_EXTI_Callback                   0x08002601   Thumb Code     4  rw_lib_platform.o(i.HAL_GPIO_EXTI_Callback)
    HAL_GetTick                              0x08002605   Thumb Code     6  stm32f4xx_it.o(i.HAL_GetTick)
    HAL_IncTick                              0x08002611   Thumb Code    10  stm32f4xx_it.o(i.HAL_IncTick)
    HTC_ConnectService                       0x08002621   Thumb Code   162  htc.o(i.HTC_ConnectService)
    HTC_ProcessCpuInterrupt                  0x08002709   Thumb Code    94  htc.o(i.HTC_ProcessCpuInterrupt)
    HTC_Start                                0x080027a9   Thumb Code    44  htc.o(i.HTC_Start)
    HTC_WaitTarget                           0x080027d9   Thumb Code    74  htc.o(i.HTC_WaitTarget)
    HW_DeInit                                0x08002829   Thumb Code     8  hw_api.o(i.HW_DeInit)
    HW_EnableDisableSPIIRQ                   0x08002831   Thumb Code    42  hw_api.o(i.HW_EnableDisableSPIIRQ)
    HW_Init                                  0x0800285b   Thumb Code    42  hw_api.o(i.HW_Init)
    HW_InterruptHandler                      0x08002885   Thumb Code    22  hw_api.o(i.HW_InterruptHandler)
    HW_MsecDelay                             0x0800289b   Thumb Code    10  hw_api.o(i.HW_MsecDelay)
    HW_PowerUpDown                           0x080028a5   Thumb Code    52  hw_api.o(i.HW_PowerUpDown)
    HardFault_Handler                        0x080028d9   Thumb Code     2  stm32f4xx_it.o(i.HardFault_Handler)
    Hcd_ClearCPUInterrupt                    0x080028db   Thumb Code    60  spi_hcd.o(i.Hcd_ClearCPUInterrupt)
    Hcd_Deinitialize                         0x08002917   Thumb Code    22  spi_hcd.o(i.Hcd_Deinitialize)
    Hcd_DoPioExternalAccess                  0x0800292d   Thumb Code   246  spi_hcd.o(i.Hcd_DoPioExternalAccess)
    Hcd_DoPioInternalAccess                  0x08002a29   Thumb Code    14  spi_hcd.o(i.Hcd_DoPioInternalAccess)
    Hcd_GetLookAhead                         0x08002a39   Thumb Code   148  spi_hcd.o(i.Hcd_GetLookAhead)
    Hcd_GetMboxAddress                       0x08002ad1   Thumb Code    30  spi_hcd.o(i.Hcd_GetMboxAddress)
    Hcd_Init                                 0x08002af5   Thumb Code   258  spi_hcd.o(i.Hcd_Init)
    Hcd_ProgramWriteBufferWaterMark          0x08002c01   Thumb Code   164  spi_hcd.o(i.Hcd_ProgramWriteBufferWaterMark)
    Hcd_RefreshWriteBufferSpace              0x08002ca9   Thumb Code    28  spi_hcd.o(i.Hcd_RefreshWriteBufferSpace)
    Hcd_Request                              0x08002cc5   Thumb Code   146  spi_hcd.o(i.Hcd_Request)
    Hcd_SpiInterrupt                         0x08002d5d   Thumb Code   298  spi_hcd.o(i.Hcd_SpiInterrupt)
    Hcd_UnmaskSPIInterrupts                  0x08002e91   Thumb Code    42  spi_hcd.o(i.Hcd_UnmaskSPIInterrupts)
    Htc_GetCreditCounterUpdate               0x08002ef9   Thumb Code    86  htc.o(i.Htc_GetCreditCounterUpdate)
    Htc_PrepareRecvPacket                    0x08002f91   Thumb Code    54  htc.o(i.Htc_PrepareRecvPacket)
    Htc_ProcessRecvHeader                    0x08003069   Thumb Code   216  htc.o(i.Htc_ProcessRecvHeader)
    Htc_ProcessTxComplete                    0x08003269   Thumb Code     8  htc.o(i.Htc_ProcessTxComplete)
    Htc_ReadCreditCounter                    0x08003271   Thumb Code    76  htc.o(i.Htc_ReadCreditCounter)
    Htc_RxComplete                           0x080032fd   Thumb Code    30  htc.o(i.Htc_RxComplete)
    Htc_SendPacket                           0x0800335d   Thumb Code   138  htc.o(i.Htc_SendPacket)
    MemManage_Handler                        0x08003453   Thumb Code     2  stm32f4xx_it.o(i.MemManage_Handler)
    NMI_Handler                              0x08003455   Thumb Code     2  stm32f4xx_it.o(i.NMI_Handler)
    NVIC_Init                                0x08003459   Thumb Code    96  misc.o(i.NVIC_Init)
    PendSV_Handler                           0x080034bd   Thumb Code     2  stm32f4xx_it.o(i.PendSV_Handler)
    Print_USART_Init                         0x080034c1   Thumb Code   138  bsp.o(i.Print_USART_Init)
    RCC_AHB1PeriphClockCmd                   0x08003555   Thumb Code    18  stm32f4xx_rcc.o(i.RCC_AHB1PeriphClockCmd)
    RCC_APB1PeriphResetCmd                   0x0800356d   Thumb Code    18  stm32f4xx_rcc.o(i.RCC_APB1PeriphResetCmd)
    RCC_APB2PeriphClockCmd                   0x08003585   Thumb Code    18  stm32f4xx_rcc.o(i.RCC_APB2PeriphClockCmd)
    RCC_APB2PeriphResetCmd                   0x0800359d   Thumb Code    18  stm32f4xx_rcc.o(i.RCC_APB2PeriphResetCmd)
    RCC_GetClocksFreq                        0x080035b5   Thumb Code   132  stm32f4xx_rcc.o(i.RCC_GetClocksFreq)
    SPI_Cmd                                  0x0800366f   Thumb Code    20  stm32f4xx_spi.o(i.SPI_Cmd)
    SPI_I2S_DeInit                           0x08003685   Thumb Code   108  stm32f4xx_spi.o(i.SPI_I2S_DeInit)
    SPI_Init                                 0x08003709   Thumb Code    56  stm32f4xx_spi.o(i.SPI_Init)
    SVC_Handler                              0x08003741   Thumb Code     2  stm32f4xx_it.o(i.SVC_Handler)
    SYSCFG_EXTILineConfig                    0x08003745   Thumb Code    42  stm32f4xx_syscfg.o(i.SYSCFG_EXTILineConfig)
    SysTick_Handler                          0x080038c5   Thumb Code     4  stm32f4xx_it.o(i.SysTick_Handler)
    SystemCoreClockUpdate                    0x080038c9   Thumb Code   100  system_stm32f4xx.o(i.SystemCoreClockUpdate)
    SystemInit                               0x0800393d   Thumb Code    92  system_stm32f4xx.o(i.SystemInit)
    USART_Cmd                                0x080039ad   Thumb Code    20  stm32f4xx_usart.o(i.USART_Cmd)
    USART_GetFlagStatus                      0x080039c1   Thumb Code    14  stm32f4xx_usart.o(i.USART_GetFlagStatus)
    USART_Init                               0x080039d1   Thumb Code   164  stm32f4xx_usart.o(i.USART_Init)
    USART_SendData                           0x08003a7d   Thumb Code     8  stm32f4xx_usart.o(i.USART_SendData)
    UsageFault_Handler                       0x08003a85   Thumb Code     2  stm32f4xx_it.o(i.UsageFault_Handler)
    Util_Freq2ieee                           0x08003a87   Thumb Code    58  util.o(i.Util_Freq2ieee)
    Util_GetEndpoint                         0x08003ac1   Thumb Code    18  util.o(i.Util_GetEndpoint)
    Util_Ieee2freq                           0x08003ad3   Thumb Code    48  util.o(i.Util_Ieee2freq)
    WIFI_GPIO_Init                           0x08003b05   Thumb Code   150  bsp.o(i.WIFI_GPIO_Init)
    WIFI_INT_Init                            0x08003ba5   Thumb Code   100  bsp.o(i.WIFI_INT_Init)
    WIFI_SPI_Deinit                          0x08003c0d   Thumb Code    92  bsp.o(i.WIFI_SPI_Deinit)
    WIFI_SPI_Init                            0x08003c71   Thumb Code   178  bsp.o(i.WIFI_SPI_Init)
    __0printf$8                              0x08003d2d   Thumb Code    22  printf8.o(i.__0printf$8)
    __1printf$8                              0x08003d2d   Thumb Code     0  printf8.o(i.__0printf$8)
    __2printf                                0x08003d2d   Thumb Code     0  printf8.o(i.__0printf$8)
    __0sprintf$8                             0x08003d4d   Thumb Code    34  printf8.o(i.__0sprintf$8)
    __1sprintf$8                             0x08003d4d   Thumb Code     0  printf8.o(i.__0sprintf$8)
    __2sprintf                               0x08003d4d   Thumb Code     0  printf8.o(i.__0sprintf$8)
    __scatterload_copy                       0x08003d75   Thumb Code    14  handlers.o(i.__scatterload_copy)
    __scatterload_null                       0x08003d83   Thumb Code     2  handlers.o(i.__scatterload_null)
    __scatterload_zeroinit                   0x08003d85   Thumb Code    14  handlers.o(i.__scatterload_zeroinit)
    _api_socket                              0x08003d95   Thumb Code   220  api_stack_offload.o(i._api_socket)
    _ascii_to_hex                            0x08003e75   Thumb Code    42  rw_lib.o(i._ascii_to_hex)
    a_free                                   0x080049bf   Thumb Code    24  cust_driver_netbuf.o(i.a_free)
    a_malloc                                 0x080049d7   Thumb Code    24  cust_driver_netbuf.o(i.a_malloc)
    a_malloc_init                            0x080049ef   Thumb Code     2  cust_driver_netbuf.o(i.a_malloc_init)
    a_netbuf_alloc                           0x080049f1   Thumb Code    82  cust_driver_netbuf.o(i.a_netbuf_alloc)
    a_netbuf_alloc_raw                       0x08004a43   Thumb Code    68  cust_driver_netbuf.o(i.a_netbuf_alloc_raw)
    a_netbuf_configure                       0x08004a87   Thumb Code    48  cust_driver_netbuf.o(i.a_netbuf_configure)
    a_netbuf_dequeue                         0x08004ab7   Thumb Code    38  driver_netbuf.o(i.a_netbuf_dequeue)
    a_netbuf_enqueue                         0x08004add   Thumb Code    26  driver_netbuf.o(i.a_netbuf_enqueue)
    a_netbuf_free                            0x08004af7   Thumb Code    62  cust_driver_netbuf.o(i.a_netbuf_free)
    a_netbuf_free_rx_pool                    0x08004b35   Thumb Code    24  cust_driver_netbuf.o(i.a_netbuf_free_rx_pool)
    a_netbuf_get_fragment                    0x08004b4d   Thumb Code    54  cust_driver_netbuf.o(i.a_netbuf_get_fragment)
    a_netbuf_init                            0x08004b83   Thumb Code    24  cust_driver_netbuf.o(i.a_netbuf_init)
    a_netbuf_pull                            0x08004b9d   Thumb Code    36  cust_driver_netbuf.o(i.a_netbuf_pull)
    a_netbuf_purge_queue                     0x08004bc5   Thumb Code    44  cust_driver_netbuf.o(i.a_netbuf_purge_queue)
    a_netbuf_push                            0x08004bf5   Thumb Code    36  cust_driver_netbuf.o(i.a_netbuf_push)
    a_netbuf_put                             0x08004c1d   Thumb Code    42  cust_driver_netbuf.o(i.a_netbuf_put)
    a_netbuf_queue_init                      0x08004c4d   Thumb Code    10  driver_netbuf.o(i.a_netbuf_queue_init)
    a_netbuf_reinit                          0x08004c57   Thumb Code    52  cust_driver_netbuf.o(i.a_netbuf_reinit)
    a_netbuf_set_rx_pool                     0x08004c8b   Thumb Code     8  cust_driver_netbuf.o(i.a_netbuf_set_rx_pool)
    a_netbuf_tailroom                        0x08004c93   Thumb Code     8  cust_driver_netbuf.o(i.a_netbuf_tailroom)
    a_netbuf_to_data                         0x08004c9b   Thumb Code     4  cust_driver_netbuf.o(i.a_netbuf_to_data)
    a_netbuf_to_len                          0x08004ca1   Thumb Code    68  cust_driver_netbuf.o(i.a_netbuf_to_len)
    a_netbuf_trim                            0x08004ce5   Thumb Code    36  cust_driver_netbuf.o(i.a_netbuf_trim)
    aggr_deinit                              0x08004d0d   Thumb Code     2  rcv_aggr.o(i.aggr_deinit)
    aggr_init                                0x08004d11   Thumb Code    12  rcv_aggr.o(i.aggr_init)
    aggr_recv_addba_req_evt                  0x08004d21   Thumb Code    48  rcv_aggr.o(i.aggr_recv_addba_req_evt)
    aggr_recv_delba_req_evt                  0x08004d55   Thumb Code    28  rcv_aggr.o(i.aggr_recv_delba_req_evt)
    aggr_reset_state                         0x08004d75   Thumb Code    20  rcv_aggr.o(i.aggr_reset_state)
    assert_func                              0x08004d8d   Thumb Code    48  rw_lib.o(i.assert_func)
    ath_ioctl_handler                        0x08004dc1   Thumb Code  1696  cust_api_ioctl.o(i.ath_ioctl_handler)
    bind                                     0x08005461   Thumb Code    72  rw_lib.o(i.bind)
    blockForResponse                         0x080054ad   Thumb Code   158  cust_api_stack_offload.o(i.blockForResponse)
    clearSocketBlocked                       0x080055b7   Thumb Code    10  cust_api_stack_offload.o(i.clearSocketBlocked)
    clear_socket_context                     0x080055c1   Thumb Code    62  api_stack_offload.o(i.clear_socket_context)
    close                                    0x08005605   Thumb Code     6  rw_lib.o(i.close)
    custom_header_alloc                      0x080059fd   Thumb Code    72  cust_api_stack_offload.o(i.custom_header_alloc)
    custom_header_free                       0x08005a45   Thumb Code    42  cust_api_stack_offload.o(i.custom_header_free)
    custom_ipconfig_set_tcp_exponential_backoff_retry 0x08005a6f   Thumb Code    42  cust_api_stack_offload.o(i.custom_ipconfig_set_tcp_exponential_backoff_retry)
    custom_queue_empty                       0x08005a99   Thumb Code    20  cust_api_stack_offload.o(i.custom_queue_empty)
    custom_receive_tcpip                     0x08005ab1   Thumb Code    88  cust_api_stack_txrx.o(i.custom_receive_tcpip)
    custom_socket_context_deinit             0x08005b0d   Thumb Code    36  cust_api_stack_offload.o(i.custom_socket_context_deinit)
    custom_socket_context_init               0x08005b35   Thumb Code    62  cust_api_stack_offload.o(i.custom_socket_context_init)
    default_native_free_fn                   0x08005c01   Thumb Code    32  cust_driver_netbuf.o(i.default_native_free_fn)
    delay_ms                                 0x08005c21   Thumb Code    22  rw_lib_platform.o(i.delay_ms)
    dnsreq_recv                              0x08005cf1   Thumb Code   102  rw_dns.o(i.dnsreq_recv)
    find_socket_context                      0x08005ea1   Thumb Code    44  api_stack_offload.o(i.find_socket_context)
    fputc                                    0x08005ed1   Thumb Code    30  bsp.o(i.fputc)
    get_stamp                                0x08005ef5   Thumb Code     4  rw_lib_platform.o(i.get_stamp)
    host_platformInit                        0x08005ef9   Thumb Code    56  bsp.o(i.host_platformInit)
    isSocketBlocked                          0x08006001   Thumb Code     8  cust_api_stack_offload.o(i.isSocketBlocked)
    main                                     0x08006009   Thumb Code   128  apsta_test.o(i.main)
    platform_init                            0x08006189   Thumb Code   210  apsta_test.o(i.platform_init)
    pvPortMalloc                             0x080063ad   Thumb Code   132  lib_mem.o(i.pvPortMalloc)
    recvfrom                                 0x08006459   Thumb Code    70  rw_lib.o(i.recvfrom)
    rwIsStampPassed                          0x080064a5   Thumb Code    28  rw_lib.o(i.rwIsStampPassed)
    rw_appdemo_context_init                  0x080064c5   Thumb Code    42  ap_sta.o(i.rw_appdemo_context_init)
    rw_getLibVersion                         0x080064f5   Thumb Code    90  rw_lib.o(i.rw_getLibVersion)
    rw_getMacAddr                            0x0800656d   Thumb Code    36  rw_lib.o(i.rw_getMacAddr)
    rw_ipConfig                              0x08006595   Thumb Code   168  rw_lib.o(i.rw_ipConfig)
    rw_network_init                          0x08006645   Thumb Code   166  ap_sta.o(i.rw_network_init)
    rw_network_startSTA                      0x08006745   Thumb Code    82  ap_sta.o(i.rw_network_startSTA)
    rw_sysDriverInit                         0x080067e9   Thumb Code   172  rw_lib.o(i.rw_sysDriverInit)
    rw_sysDriverLoop                         0x0800689d   Thumb Code    24  rw_lib.o(i.rw_sysDriverLoop)
    rw_sysDriverReset                        0x080068b9   Thumb Code   120  rw_lib.o(i.rw_sysDriverReset)
    rw_sysSleep                              0x08006939   Thumb Code    42  rw_lib.o(i.rw_sysSleep)
    rw_wlanConnect                           0x0800696d   Thumb Code   572  rw_lib.o(i.rw_wlanConnect)
    rw_wlanGetScanInfo                       0x08006bb9   Thumb Code    44  rw_lib.o(i.rw_wlanGetScanInfo)
    select                                   0x08006dc9   Thumb Code    64  rw_lib.o(i.select)
    send_stack_init                          0x08006e0d   Thumb Code    48  api_stack_offload.o(i.send_stack_init)
    shutdown                                 0x08006e3d   Thumb Code    60  rw_lib.o(i.shutdown)
    socket                                   0x08006e7d   Thumb Code    14  rw_lib.o(i.socket)
    socket_context_deinit                    0x08006e91   Thumb Code    48  api_stack_offload.o(i.socket_context_deinit)
    socket_context_init                      0x08006ec5   Thumb Code   118  api_stack_offload.o(i.socket_context_init)
    t_bind                                   0x08006f41   Thumb Code    54  cust_api_stack_offload.o(i.t_bind)
    t_ipconfig                               0x08006f77   Thumb Code    70  cust_api_stack_offload.o(i.t_ipconfig)
    t_ipconfig_dhcp_pool                     0x08006fbd   Thumb Code    54  cust_api_stack_offload.o(i.t_ipconfig_dhcp_pool)
    t_recvfrom                               0x08006ff3   Thumb Code    68  cust_api_stack_offload.o(i.t_recvfrom)
    t_select                                 0x08007037   Thumb Code    50  cust_api_stack_offload.o(i.t_select)
    t_shutdown                               0x08007069   Thumb Code    42  cust_api_stack_offload.o(i.t_shutdown)
    t_socket                                 0x08007093   Thumb Code    54  cust_api_stack_offload.o(i.t_socket)
    txpkt_free                               0x080070c9   Thumb Code    28  cust_api_stack_offload.o(i.txpkt_free)
    unblock                                  0x080070e5   Thumb Code    22  cust_api_stack_offload.o(i.unblock)
    vPortFree                                0x080070fd   Thumb Code    46  lib_mem.o(i.vPortFree)
    wifi_init_params                         0x08007131   Thumb Code    90  rw_lib_platform.o(i.wifi_init_params)
    wmi_allow_aggr_cmd                       0x080071d9   Thumb Code    60  wmi.o(i.wmi_allow_aggr_cmd)
    wmi_ap_profile_commit                    0x08007215   Thumb Code    72  wmi.o(i.wmi_ap_profile_commit)
    wmi_ap_set_param                         0x0800725d   Thumb Code   296  wmi.o(i.wmi_ap_set_param)
    wmi_bssfilter_cmd                        0x08007385   Thumb Code    70  wmi.o(i.wmi_bssfilter_cmd)
    wmi_cmd_send                             0x080073cd   Thumb Code    90  wmi.o(i.wmi_cmd_send)
    wmi_connect_cmd                          0x08007469   Thumb Code   172  wmi.o(i.wmi_connect_cmd)
    wmi_control_rx                           0x080075b1   Thumb Code   606  wmi.o(i.wmi_control_rx)
    wmi_data_hdr_remove                      0x08007895   Thumb Code    28  wmi.o(i.wmi_data_hdr_remove)
    wmi_disconnect_cmd                       0x080078f1   Thumb Code     6  wmi.o(i.wmi_disconnect_cmd)
    wmi_get_pmk_cmd                          0x080078f7   Thumb Code     8  wmi.o(i.wmi_get_pmk_cmd)
    wmi_get_power_mode_cmd                   0x080078ff   Thumb Code     6  wmi.o(i.wmi_get_power_mode_cmd)
    wmi_get_stats_cmd                        0x08007905   Thumb Code     6  wmi.o(i.wmi_get_stats_cmd)
    wmi_init                                 0x0800790b   Thumb Code    64  wmi.o(i.wmi_init)
    wmi_listeninterval_cmd                   0x0800794b   Thumb Code    62  wmi.o(i.wmi_listeninterval_cmd)
    wmi_pmparams_cmd                         0x08007989   Thumb Code    90  wmi.o(i.wmi_pmparams_cmd)
    wmi_powermode_cmd                        0x080079e3   Thumb Code    54  wmi.o(i.wmi_powermode_cmd)
    wmi_probedSsid_cmd                       0x08007a19   Thumb Code   116  wmi.o(i.wmi_probedSsid_cmd)
    wmi_promiscuous_cmd                      0x08007a91   Thumb Code    52  wmi.o(i.wmi_promiscuous_cmd)
    wmi_qos_state_init                       0x08007ac5   Thumb Code    28  wmi.o(i.wmi_qos_state_init)
    wmi_scanparams_cmd                       0x08007ae1   Thumb Code   110  wmi.o(i.wmi_scanparams_cmd)
    wmi_set_channelParams_cmd                0x08007b4f   Thumb Code   114  wmi.o(i.wmi_set_channelParams_cmd)
    wmi_set_channel_cmd                      0x08007bc1   Thumb Code    52  wmi.o(i.wmi_set_channel_cmd)
    wmi_set_control_ep                       0x08007bf5   Thumb Code    24  wmi.o(i.wmi_set_control_ep)
    wmi_set_ht_cap_cmd                       0x08007c4d   Thumb Code    88  wmi.o(i.wmi_set_ht_cap_cmd)
    wmi_set_passphrase_cmd                   0x08007ca5   Thumb Code   102  wmi.o(i.wmi_set_passphrase_cmd)
    wmi_set_pmk_cmd                          0x08007d0b   Thumb Code    72  wmi.o(i.wmi_set_pmk_cmd)
    wmi_shutdown                             0x08007d53   Thumb Code    10  wmi.o(i.wmi_shutdown)
    wmi_socket_cmd                           0x08007d81   Thumb Code    98  wmi.o(i.wmi_socket_cmd)
    wmi_startscan_cmd                        0x08007e25   Thumb Code   126  wmi.o(i.wmi_startscan_cmd)
    wmi_storerecall_configure_cmd            0x08007ea3   Thumb Code    68  wmi.o(i.wmi_storerecall_configure_cmd)
    wmi_wps_start_cmd                        0x08007ee7   Thumb Code    58  wmi.o(i.wmi_wps_start_cmd)
    Region$$Table$$Base                      0x08008414   Number         0  anon$$obj.o(Region$$Table)
    Region$$Table$$Limit                     0x08008434   Number         0  anon$$obj.o(Region$$Table)
    SystemCoreClock                          0x20000018   Data           4  system_stm32f4xx.o(.data)
    AHBPrescTable                            0x2000001c   Data          16  system_stm32f4xx.o(.data)
    g_handle                                 0x2000003c   Data           4  rw_lib.o(.data)
    g_cxt_ptr                                0x20000040   Data           8  cust_api_init.o(.data)
    is_probe_ssid                            0x20000048   Data           4  wmi.o(.data)
    g_driverState                            0x2000004c   Data           1  cust_driver_netbuf.o(.data)
    __stdout                                 0x20000050   Data           4  stdout.o(.data)
    app_demo_ctx                             0x20002554   Data          84  ap_sta.o(.bss)
    conn                                     0x200025a8   Data          20  rw_lib_platform.o(.bss)
    easywpsinfo                              0x200025bc   Data         103  rw_lib_platform.o(.bss)
    g_driver_params                          0x20002624   Data          76  rw_lib.o(.bss)
    g_custom_driver_context                  0x200026bc   Data          60  cust_api_init.o(.bss)
    ath_sock_context                         0x200028ac   Data          36  api_stack_offload.o(.bss)
    ath_custom_init                          0x200028d0   Data          28  cust_driver_main.o(.bss)
    ath_custom_htc                           0x200028ec   Data          12  cust_driver_main.o(.bss)
    __initial_sp                             0x20002d10   Data           0  startup_stm32f411xe.o(STACK)



==============================================================================

Memory Map of the image

  Image Entry point : 0x08000199

  Load Region LR_IROM1 (Base: 0x08000000, Size: 0x00008488, Max: 0x00080000, ABSOLUTE)

    Execution Region ER_IROM1 (Base: 0x08000000, Size: 0x00008434, Max: 0x00080000, ABSOLUTE)

    Base Addr    Size         Type   Attr      Idx    E Section Name        Object

    0x08000000   0x00000198   Data   RO          483    RESET               startup_stm32f411xe.o
    0x08000198   0x00000000   Code   RO         7849  * .ARM.Collect$$$$00000000  mc_w.l(entry.o)
    0x08000198   0x00000004   Code   RO         8131    .ARM.Collect$$$$00000001  mc_w.l(entry2.o)
    0x0800019c   0x00000004   Code   RO         8134    .ARM.Collect$$$$00000004  mc_w.l(entry5.o)
    0x080001a0   0x00000000   Code   RO         8136    .ARM.Collect$$$$00000008  mc_w.l(entry7b.o)
    0x080001a0   0x00000000   Code   RO         8138    .ARM.Collect$$$$0000000A  mc_w.l(entry8b.o)
    0x080001a0   0x00000008   Code   RO         8139    .ARM.Collect$$$$0000000B  mc_w.l(entry9a.o)
    0x080001a8   0x00000000   Code   RO         8141    .ARM.Collect$$$$0000000D  mc_w.l(entry10a.o)
    0x080001a8   0x00000000   Code   RO         8143    .ARM.Collect$$$$0000000F  mc_w.l(entry11a.o)
    0x080001a8   0x00000004   Code   RO         8132    .ARM.Collect$$$$00002712  mc_w.l(entry2.o)
    0x080001ac   0x00000024   Code   RO          484    .text               startup_stm32f411xe.o
    0x080001d0   0x00000024   Code   RO         7852    .text               mc_w.l(memcpya.o)
    0x080001f4   0x00000024   Code   RO         7854    .text               mc_w.l(memseta.o)
    0x08000218   0x00000018   Code   RO         7856    .text               mc_w.l(strncpy.o)
    0x08000230   0x0000000e   Code   RO         7858    .text               mc_w.l(strlen.o)
    0x0800023e   0x0000001c   Code   RO         7860    .text               mc_w.l(strcmp.o)
    0x0800025a   0x0000001a   Code   RO         7862    .text               mc_w.l(memcmp.o)
    0x08000274   0x00000012   Code   RO         7864    .text               mc_w.l(strcpy.o)
    0x08000286   0x0000001e   Code   RO         7866    .text               mc_w.l(strncmp.o)
    0x080002a4   0x00000062   Code   RO         8148    .text               mc_w.l(uldiv.o)
    0x08000306   0x00000002   PAD
    0x08000308   0x00000024   Code   RO         8161    .text               mc_w.l(init.o)
    0x0800032c   0x0000001e   Code   RO         8163    .text               mc_w.l(llshl.o)
    0x0800034a   0x00000020   Code   RO         8165    .text               mc_w.l(llushr.o)
    0x0800036a   0x00000018   Code   RO         7610    i.Api_AggrRecvAddbaReqEvent  rak_wifi_nos_ARM_CM4F.lib(api_wmi_rx.o)
    0x08000382   0x0000000c   Code   RO         7611    i.Api_AggrRecvDelbaReqEvent  rak_wifi_nos_ARM_CM4F.lib(api_wmi_rx.o)
    0x0800038e   0x00000004   Code   RO         7613    i.Api_BssInfoEvent  rak_wifi_nos_ARM_CM4F.lib(api_wmi_rx.o)
    0x08000392   0x00000038   Code   RO         7615    i.Api_ConnectEvent  rak_wifi_nos_ARM_CM4F.lib(api_wmi_rx.o)
    0x080003ca   0x00000136   Code   RO         6279    i.Api_ConnectWiFi   rak_wifi_nos_ARM_CM4F.lib(api_ioctl.o)
    0x08000500   0x00000012   Code   RO         6236    i.Api_DeInitFinish  rak_wifi_nos_ARM_CM4F.lib(api_init.o)
    0x08000512   0x00000004   Code   RO         6237    i.Api_DeInitStart   rak_wifi_nos_ARM_CM4F.lib(api_init.o)
    0x08000516   0x00000002   PAD
    0x08000518   0x00000076   Code   RO         7616    i.Api_DisconnectEvent  rak_wifi_nos_ARM_CM4F.lib(api_wmi_rx.o)
    0x0800058e   0x0000004e   Code   RO         6280    i.Api_DisconnectWiFi  rak_wifi_nos_ARM_CM4F.lib(api_ioctl.o)
    0x080005dc   0x0000003e   Code   RO         6281    i.Api_DriverAccessCheck  rak_wifi_nos_ARM_CM4F.lib(api_ioctl.o)
    0x0800061a   0x00000016   Code   RO         7617    i.Api_GetPmkEvent   rak_wifi_nos_ARM_CM4F.lib(api_wmi_rx.o)
    0x08000630   0x00000038   Code   RO         6238    i.Api_InitFinish    rak_wifi_nos_ARM_CM4F.lib(api_init.o)
    0x08000668   0x00000018   Code   RO         6239    i.Api_InitStart     rak_wifi_nos_ARM_CM4F.lib(api_init.o)
    0x08000680   0x00000100   Code   RO         6282    i.Api_ParseInfoElem  rak_wifi_nos_ARM_CM4F.lib(api_ioctl.o)
    0x08000780   0x00000004   Code   RO         7618    i.Api_RSNASuccessEvent  rak_wifi_nos_ARM_CM4F.lib(api_wmi_rx.o)
    0x08000784   0x00000014   Code   RO         7619    i.Api_ReadyEvent    rak_wifi_nos_ARM_CM4F.lib(api_wmi_rx.o)
    0x08000798   0x00000002   Code   RO         7620    i.Api_RegDomainEvent  rak_wifi_nos_ARM_CM4F.lib(api_wmi_rx.o)
    0x0800079a   0x00000002   PAD
    0x0800079c   0x000000f4   Code   RO         6333    i.Api_RxComplete    rak_wifi_nos_ARM_CM4F.lib(api_txrx.o)
    0x08000890   0x00000016   Code   RO         7621    i.Api_ScanCompleteEvent  rak_wifi_nos_ARM_CM4F.lib(api_wmi_rx.o)
    0x080008a6   0x00000002   PAD
    0x080008a8   0x000001f0   Code   RO         6755    i.Api_SockResponseEventRx  rak_wifi_nos_ARM_CM4F.lib(api_stack_offload.o)
    0x08000a98   0x00000018   Code   RO         7622    i.Api_TargetStatsEvent  rak_wifi_nos_ARM_CM4F.lib(api_wmi_rx.o)
    0x08000ab0   0x00000012   Code   RO         7623    i.Api_TkipMicErrorEvent  rak_wifi_nos_ARM_CM4F.lib(api_wmi_rx.o)
    0x08000ac2   0x00000002   PAD
    0x08000ac4   0x00000030   Code   RO         6334    i.Api_TxComplete    rak_wifi_nos_ARM_CM4F.lib(api_txrx.o)
    0x08000af4   0x00000044   Code   RO         6335    i.Api_TxGetStatus   rak_wifi_nos_ARM_CM4F.lib(api_txrx.o)
    0x08000b38   0x0000009c   Code   RO         6240    i.Api_WMIInitFinish  rak_wifi_nos_ARM_CM4F.lib(api_init.o)
    0x08000bd4   0x00000016   Code   RO         6336    i.Api_WmiTxStart    rak_wifi_nos_ARM_CM4F.lib(api_txrx.o)
    0x08000bea   0x000000ee   Code   RO         7624    i.Api_WpsProfileEvent  rak_wifi_nos_ARM_CM4F.lib(api_wmi_rx.o)
    0x08000cd8   0x00000138   Code   RO         6757    i.Api_bind          rak_wifi_nos_ARM_CM4F.lib(api_stack_offload.o)
    0x08000e10   0x00000004   Code   RO         7625    i.Api_easyconfigEvent  rak_wifi_nos_ARM_CM4F.lib(api_wmi_rx.o)
    0x08000e14   0x00000108   Code   RO         6763    i.Api_ipconfig      rak_wifi_nos_ARM_CM4F.lib(api_stack_offload.o)
    0x08000f1c   0x00000048   Code   RO         6764    i.Api_ipconfig_dhcp_pool  rak_wifi_nos_ARM_CM4F.lib(api_stack_offload.o)
    0x08000f64   0x0000003c   Code   RO         6767    i.Api_ipconfig_set_tcp_exponential_backoff_retry  rak_wifi_nos_ARM_CM4F.lib(api_stack_offload.o)
    0x08000fa0   0x000000ac   Code   RO         5997    i.Api_recvfrom      rak_wifi_nos_ARM_CM4F.lib(cust_api_stack_offload.o)
    0x0800104c   0x000000c0   Code   RO         6771    i.Api_select        rak_wifi_nos_ARM_CM4F.lib(api_stack_offload.o)
    0x0800110c   0x000000c8   Code   RO         6773    i.Api_shutdown      rak_wifi_nos_ARM_CM4F.lib(api_stack_offload.o)
    0x080011d4   0x0000003c   Code   RO         6774    i.Api_socket        rak_wifi_nos_ARM_CM4F.lib(api_stack_offload.o)
    0x08001210   0x00000002   Code   RO          336    i.BusFault_Handler  stm32f4xx_it.o
    0x08001212   0x00000002   PAD
    0x08001214   0x00000094   Code   RO         5820    i.Bus_InOutDescriptorSet  rak_wifi_nos_ARM_CM4F.lib(hw_api.o)
    0x080012a8   0x00000022   Code   RO         5821    i.Bus_InOutToken    rak_wifi_nos_ARM_CM4F.lib(hw_api.o)
    0x080012ca   0x00000002   PAD
    0x080012cc   0x0000002c   Code   RO         5880    i.ClearDriverContextPtr  rak_wifi_nos_ARM_CM4F.lib(cust_api_init.o)
    0x080012f8   0x0000008a   Code   RO         6377    i.ConnectService    rak_wifi_nos_ARM_CM4F.lib(driver_init.o)
    0x08001382   0x000000a8   Code   RO         7802    i.Custom_Api_BssInfoEvent  rak_wifi_nos_ARM_CM4F.lib(cust_api_wmi_rx.o)
    0x0800142a   0x000000b2   Code   RO         7803    i.Custom_Api_ConnectEvent  rak_wifi_nos_ARM_CM4F.lib(cust_api_wmi_rx.o)
    0x080014dc   0x00000064   Code   RO         7804    i.Custom_Api_DisconnectEvent  rak_wifi_nos_ARM_CM4F.lib(cust_api_wmi_rx.o)
    0x08001540   0x00000086   Code   RO         7805    i.Custom_Api_RSNASuccessEvent  rak_wifi_nos_ARM_CM4F.lib(cust_api_wmi_rx.o)
    0x080015c6   0x0000000c   Code   RO         7806    i.Custom_Api_ReadyEvent  rak_wifi_nos_ARM_CM4F.lib(cust_api_wmi_rx.o)
    0x080015d2   0x00000002   PAD
    0x080015d4   0x00000038   Code   RO         5881    i.Custom_Api_Shutdown  rak_wifi_nos_ARM_CM4F.lib(cust_api_init.o)
    0x0800160c   0x000000b8   Code   RO         5882    i.Custom_Api_Start  rak_wifi_nos_ARM_CM4F.lib(cust_api_init.o)
    0x080016c4   0x000000c4   Code   RO         7807    i.Custom_Api_easyconfigEvent  rak_wifi_nos_ARM_CM4F.lib(cust_api_wmi_rx.o)
    0x08001788   0x00000004   Code   RO         7586    i.Custom_DeliverFrameToNetworkStack  rak_wifi_nos_ARM_CM4F.lib(cust_api_stack_txrx.o)
    0x0800178c   0x0000004c   Code   RO         7339    i.Custom_Driver_ContextDeInit  rak_wifi_nos_ARM_CM4F.lib(cust_driver_main.o)
    0x080017d8   0x0000005c   Code   RO         7340    i.Custom_Driver_ContextInit  rak_wifi_nos_ARM_CM4F.lib(cust_driver_main.o)
    0x08001834   0x0000003e   Code   RO         7341    i.Custom_Driver_WaitForCondition  rak_wifi_nos_ARM_CM4F.lib(cust_driver_main.o)
    0x08001872   0x00000002   Code   RO         7342    i.Custom_FreeRxRequest  rak_wifi_nos_ARM_CM4F.lib(cust_driver_main.o)
    0x08001874   0x00000044   Code   RO         7343    i.Custom_GetRxRequest  rak_wifi_nos_ARM_CM4F.lib(cust_driver_main.o)
    0x080018b8   0x00000016   Code   RO         5712    i.DRIVER_INT_HANDLE  rak_wifi_nos_ARM_CM4F.lib(cust_api_isr.o)
    0x080018ce   0x00000002   Code   RO          337    i.DebugMon_Handler  stm32f4xx_it.o
    0x080018d0   0x0000008a   Code   RO         6530    i.DoDMAOp           rak_wifi_nos_ARM_CM4F.lib(spi_hcd.o)
    0x0800195a   0x00000038   Code   RO         6531    i.DoPioReadInternal  rak_wifi_nos_ARM_CM4F.lib(spi_hcd.o)
    0x08001992   0x00000032   Code   RO         6532    i.DoPioWriteInternal  rak_wifi_nos_ARM_CM4F.lib(spi_hcd.o)
    0x080019c4   0x000000ec   Code   RO         6378    i.Driver_BootComm   rak_wifi_nos_ARM_CM4F.lib(driver_init.o)
    0x08001ab0   0x00000044   Code   RO         5774    i.Driver_CompleteRequest  rak_wifi_nos_ARM_CM4F.lib(driver_main.o)
    0x08001af4   0x0000001c   Code   RO         6379    i.Driver_ContextDeInit  rak_wifi_nos_ARM_CM4F.lib(driver_init.o)
    0x08001b10   0x000000a0   Code   RO         6380    i.Driver_ContextInit  rak_wifi_nos_ARM_CM4F.lib(driver_init.o)
    0x08001bb0   0x00000038   Code   RO         6381    i.Driver_DeInit     rak_wifi_nos_ARM_CM4F.lib(driver_init.o)
    0x08001be8   0x00000042   Code   RO         5775    i.Driver_DropTxDataPackets  rak_wifi_nos_ARM_CM4F.lib(driver_main.o)
    0x08001c2a   0x0000000c   Code   RO         6382    i.Driver_GetTargetInfo  rak_wifi_nos_ARM_CM4F.lib(driver_init.o)
    0x08001c36   0x00000002   PAD
    0x08001c38   0x00000098   Code   RO         6383    i.Driver_Init       rak_wifi_nos_ARM_CM4F.lib(driver_init.o)
    0x08001cd0   0x00000178   Code   RO         5776    i.Driver_Main       rak_wifi_nos_ARM_CM4F.lib(driver_main.o)
    0x08001e48   0x00000022   Code   RO         6489    i.Driver_PostProcessRequest  rak_wifi_nos_ARM_CM4F.lib(driver_txrx.o)
    0x08001e6a   0x00000030   Code   RO         7716    i.Driver_ReadDataDiag  rak_wifi_nos_ARM_CM4F.lib(driver_diag.o)
    0x08001e9a   0x0000004a   Code   RO         7717    i.Driver_ReadRegDiag  rak_wifi_nos_ARM_CM4F.lib(driver_diag.o)
    0x08001ee4   0x0000003c   Code   RO         6490    i.Driver_RecvPacket  rak_wifi_nos_ARM_CM4F.lib(driver_txrx.o)
    0x08001f20   0x00000006   Code   RO         5777    i.Driver_ReportRxBuffStatus  rak_wifi_nos_ARM_CM4F.lib(driver_main.o)
    0x08001f26   0x00000002   PAD
    0x08001f28   0x0000003c   Code   RO         6491    i.Driver_RxComplete  rak_wifi_nos_ARM_CM4F.lib(driver_txrx.o)
    0x08001f64   0x000000d4   Code   RO         5778    i.Driver_RxReady    rak_wifi_nos_ARM_CM4F.lib(driver_main.o)
    0x08002038   0x00000056   Code   RO         6492    i.Driver_SendPacket  rak_wifi_nos_ARM_CM4F.lib(driver_txrx.o)
    0x0800208e   0x00000082   Code   RO         7718    i.Driver_SetAddressWindowRegister  rak_wifi_nos_ARM_CM4F.lib(driver_diag.o)
    0x08002110   0x00000058   Code   RO         6493    i.Driver_SubmitTxRequest  rak_wifi_nos_ARM_CM4F.lib(driver_txrx.o)
    0x08002168   0x000000fc   Code   RO         6384    i.Driver_TargReset  rak_wifi_nos_ARM_CM4F.lib(driver_init.o)
    0x08002264   0x00000030   Code   RO         6494    i.Driver_TxComplete  rak_wifi_nos_ARM_CM4F.lib(driver_txrx.o)
    0x08002294   0x000000d0   Code   RO         5779    i.Driver_TxReady    rak_wifi_nos_ARM_CM4F.lib(driver_main.o)
    0x08002364   0x00000030   Code   RO         7719    i.Driver_WriteDataDiag  rak_wifi_nos_ARM_CM4F.lib(driver_diag.o)
    0x08002394   0x0000004a   Code   RO         7720    i.Driver_WriteRegDiag  rak_wifi_nos_ARM_CM4F.lib(driver_diag.o)
    0x080023de   0x0000001c   Code   RO          338    i.EXTI0_IRQHandler  stm32f4xx_it.o
    0x080023fa   0x00000002   PAD
    0x080023fc   0x0000000c   Code   RO         1818    i.EXTI_ClearITPendingBit  stm32f4xx_exti.o
    0x08002408   0x00000024   Code   RO         1819    i.EXTI_DeInit       stm32f4xx_exti.o
    0x0800242c   0x00000014   Code   RO         1822    i.EXTI_GetITStatus  stm32f4xx_exti.o
    0x08002440   0x00000070   Code   RO         1823    i.EXTI_Init         stm32f4xx_exti.o
    0x080024b0   0x00000060   Code   RO         6533    i.EnableDisableSPIIRQHwDetect  rak_wifi_nos_ARM_CM4F.lib(spi_hcd.o)
    0x08002510   0x000000a2   Code   RO         2175    i.GPIO_Init         stm32f4xx_gpio.o
    0x080025b2   0x00000020   Code   RO         2176    i.GPIO_PinAFConfig  stm32f4xx_gpio.o
    0x080025d2   0x0000000a   Code   RO         2187    i.GPIO_WriteBit     stm32f4xx_gpio.o
    0x080025dc   0x00000014   Code   RO         5883    i.GetDriverContextByInterrupt  rak_wifi_nos_ARM_CM4F.lib(cust_api_init.o)
    0x080025f0   0x00000010   Code   RO         5884    i.GetDriverContextPtr  rak_wifi_nos_ARM_CM4F.lib(cust_api_init.o)
    0x08002600   0x00000004   Code   RO         5227    i.HAL_GPIO_EXTI_Callback  rw_lib_platform.o
    0x08002604   0x0000000c   Code   RO          339    i.HAL_GetTick       stm32f4xx_it.o
    0x08002610   0x00000010   Code   RO          340    i.HAL_IncTick       stm32f4xx_it.o
    0x08002620   0x000000e8   Code   RO         6665    i.HTC_ConnectService  rak_wifi_nos_ARM_CM4F.lib(htc.o)
    0x08002708   0x000000a0   Code   RO         6666    i.HTC_ProcessCpuInterrupt  rak_wifi_nos_ARM_CM4F.lib(htc.o)
    0x080027a8   0x00000030   Code   RO         6667    i.HTC_Start         rak_wifi_nos_ARM_CM4F.lib(htc.o)
    0x080027d8   0x00000050   Code   RO         6668    i.HTC_WaitTarget    rak_wifi_nos_ARM_CM4F.lib(htc.o)
    0x08002828   0x00000008   Code   RO         5823    i.HW_DeInit         rak_wifi_nos_ARM_CM4F.lib(hw_api.o)
    0x08002830   0x0000002a   Code   RO         5824    i.HW_EnableDisableSPIIRQ  rak_wifi_nos_ARM_CM4F.lib(hw_api.o)
    0x0800285a   0x0000002a   Code   RO         5825    i.HW_Init           rak_wifi_nos_ARM_CM4F.lib(hw_api.o)
    0x08002884   0x00000016   Code   RO         5826    i.HW_InterruptHandler  rak_wifi_nos_ARM_CM4F.lib(hw_api.o)
    0x0800289a   0x0000000a   Code   RO         5827    i.HW_MsecDelay      rak_wifi_nos_ARM_CM4F.lib(hw_api.o)
    0x080028a4   0x00000034   Code   RO         5828    i.HW_PowerUpDown    rak_wifi_nos_ARM_CM4F.lib(hw_api.o)
    0x080028d8   0x00000002   Code   RO          341    i.HardFault_Handler  stm32f4xx_it.o
    0x080028da   0x0000003c   Code   RO         6534    i.Hcd_ClearCPUInterrupt  rak_wifi_nos_ARM_CM4F.lib(spi_hcd.o)
    0x08002916   0x00000016   Code   RO         6535    i.Hcd_Deinitialize  rak_wifi_nos_ARM_CM4F.lib(spi_hcd.o)
    0x0800292c   0x000000fc   Code   RO         6536    i.Hcd_DoPioExternalAccess  rak_wifi_nos_ARM_CM4F.lib(spi_hcd.o)
    0x08002a28   0x0000000e   Code   RO         6537    i.Hcd_DoPioInternalAccess  rak_wifi_nos_ARM_CM4F.lib(spi_hcd.o)
    0x08002a36   0x00000002   PAD
    0x08002a38   0x00000098   Code   RO         6539    i.Hcd_GetLookAhead  rak_wifi_nos_ARM_CM4F.lib(spi_hcd.o)
    0x08002ad0   0x00000024   Code   RO         6540    i.Hcd_GetMboxAddress  rak_wifi_nos_ARM_CM4F.lib(spi_hcd.o)
    0x08002af4   0x0000010c   Code   RO         6541    i.Hcd_Init          rak_wifi_nos_ARM_CM4F.lib(spi_hcd.o)
    0x08002c00   0x000000a8   Code   RO         6542    i.Hcd_ProgramWriteBufferWaterMark  rak_wifi_nos_ARM_CM4F.lib(spi_hcd.o)
    0x08002ca8   0x0000001c   Code   RO         6543    i.Hcd_RefreshWriteBufferSpace  rak_wifi_nos_ARM_CM4F.lib(spi_hcd.o)
    0x08002cc4   0x00000098   Code   RO         6545    i.Hcd_Request       rak_wifi_nos_ARM_CM4F.lib(spi_hcd.o)
    0x08002d5c   0x00000130   Code   RO         6546    i.Hcd_SpiInterrupt  rak_wifi_nos_ARM_CM4F.lib(spi_hcd.o)
    0x08002e8c   0x00000004   Code   RO         6547    i.Hcd_TransferData  rak_wifi_nos_ARM_CM4F.lib(spi_hcd.o)
    0x08002e90   0x0000002a   Code   RO         6548    i.Hcd_UnmaskSPIInterrupts  rak_wifi_nos_ARM_CM4F.lib(spi_hcd.o)
    0x08002eba   0x0000003e   Code   RO         6669    i.Htc_DistributeCredits  rak_wifi_nos_ARM_CM4F.lib(htc.o)
    0x08002ef8   0x00000098   Code   RO         6670    i.Htc_GetCreditCounterUpdate  rak_wifi_nos_ARM_CM4F.lib(htc.o)
    0x08002f90   0x00000036   Code   RO         6671    i.Htc_PrepareRecvPacket  rak_wifi_nos_ARM_CM4F.lib(htc.o)
    0x08002fc6   0x00000002   PAD
    0x08002fc8   0x000000a0   Code   RO         6672    i.Htc_ProcessCreditRpt  rak_wifi_nos_ARM_CM4F.lib(htc.o)
    0x08003068   0x00000118   Code   RO         6673    i.Htc_ProcessRecvHeader  rak_wifi_nos_ARM_CM4F.lib(htc.o)
    0x08003180   0x000000e8   Code   RO         6674    i.Htc_ProcessTrailer  rak_wifi_nos_ARM_CM4F.lib(htc.o)
    0x08003268   0x00000008   Code   RO         6675    i.Htc_ProcessTxComplete  rak_wifi_nos_ARM_CM4F.lib(htc.o)
    0x08003270   0x0000008c   Code   RO         6676    i.Htc_ReadCreditCounter  rak_wifi_nos_ARM_CM4F.lib(htc.o)
    0x080032fc   0x00000060   Code   RO         6677    i.Htc_RxComplete    rak_wifi_nos_ARM_CM4F.lib(htc.o)
    0x0800335c   0x000000cc   Code   RO         6678    i.Htc_SendPacket    rak_wifi_nos_ARM_CM4F.lib(htc.o)
    0x08003428   0x0000002a   Code   RO         6549    i.MaskSPIInterrupts  rak_wifi_nos_ARM_CM4F.lib(spi_hcd.o)
    0x08003452   0x00000002   Code   RO          342    i.MemManage_Handler  stm32f4xx_it.o
    0x08003454   0x00000002   Code   RO          343    i.NMI_Handler       stm32f4xx_it.o
    0x08003456   0x00000002   PAD
    0x08003458   0x00000064   Code   RO          491    i.NVIC_Init         misc.o
    0x080034bc   0x00000002   Code   RO          344    i.PendSV_Handler    stm32f4xx_it.o
    0x080034be   0x00000002   PAD
    0x080034c0   0x00000094   Code   RO          269    i.Print_USART_Init  bsp.o
    0x08003554   0x00000018   Code   RO         3074    i.RCC_AHB1PeriphClockCmd  stm32f4xx_rcc.o
    0x0800356c   0x00000018   Code   RO         3082    i.RCC_APB1PeriphResetCmd  stm32f4xx_rcc.o
    0x08003584   0x00000018   Code   RO         3083    i.RCC_APB2PeriphClockCmd  stm32f4xx_rcc.o
    0x0800359c   0x00000018   Code   RO         3085    i.RCC_APB2PeriphResetCmd  stm32f4xx_rcc.o
    0x080035b4   0x00000094   Code   RO         3092    i.RCC_GetClocksFreq  stm32f4xx_rcc.o
    0x08003648   0x00000026   Code   RO         6550    i.ResetWriteBufferWaterMark  rak_wifi_nos_ARM_CM4F.lib(spi_hcd.o)
    0x0800366e   0x00000014   Code   RO         4196    i.SPI_Cmd           stm32f4xx_spi.o
    0x08003682   0x00000002   PAD
    0x08003684   0x00000084   Code   RO         4203    i.SPI_I2S_DeInit    stm32f4xx_spi.o
    0x08003708   0x00000038   Code   RO         4209    i.SPI_Init          stm32f4xx_spi.o
    0x08003740   0x00000002   Code   RO          347    i.SVC_Handler       stm32f4xx_it.o
    0x08003742   0x00000002   PAD
    0x08003744   0x00000030   Code   RO         4361    i.SYSCFG_EXTILineConfig  stm32f4xx_syscfg.o
    0x08003774   0x00000074   Code   RO          443    i.SetSysClock       system_stm32f4xx.o
    0x080037e8   0x000000dc   Code   RO         6385    i.SetupServices     rak_wifi_nos_ARM_CM4F.lib(driver_init.o)
    0x080038c4   0x00000004   Code   RO          348    i.SysTick_Handler   stm32f4xx_it.o
    0x080038c8   0x00000074   Code   RO          444    i.SystemCoreClockUpdate  system_stm32f4xx.o
    0x0800393c   0x00000070   Code   RO          445    i.SystemInit        system_stm32f4xx.o
    0x080039ac   0x00000014   Code   RO         4973    i.USART_Cmd         stm32f4xx_usart.o
    0x080039c0   0x0000000e   Code   RO         4976    i.USART_GetFlagStatus  stm32f4xx_usart.o
    0x080039ce   0x00000002   PAD
    0x080039d0   0x000000ac   Code   RO         4980    i.USART_Init        stm32f4xx_usart.o
    0x08003a7c   0x00000008   Code   RO         4990    i.USART_SendData    stm32f4xx_usart.o
    0x08003a84   0x00000002   Code   RO          349    i.UsageFault_Handler  stm32f4xx_it.o
    0x08003a86   0x0000003a   Code   RO         6943    i.Util_Freq2ieee    rak_wifi_nos_ARM_CM4F.lib(util.o)
    0x08003ac0   0x00000012   Code   RO         6944    i.Util_GetEndpoint  rak_wifi_nos_ARM_CM4F.lib(util.o)
    0x08003ad2   0x00000030   Code   RO         6945    i.Util_Ieee2freq    rak_wifi_nos_ARM_CM4F.lib(util.o)
    0x08003b02   0x00000002   PAD
    0x08003b04   0x000000a0   Code   RO          270    i.WIFI_GPIO_Init    bsp.o
    0x08003ba4   0x00000068   Code   RO          271    i.WIFI_INT_Init     bsp.o
    0x08003c0c   0x00000064   Code   RO          272    i.WIFI_SPI_Deinit   bsp.o
    0x08003c70   0x000000bc   Code   RO          273    i.WIFI_SPI_Init     bsp.o
    0x08003d2c   0x00000020   Code   RO         8077    i.__0printf$8       mc_w.l(printf8.o)
    0x08003d4c   0x00000028   Code   RO         8079    i.__0sprintf$8      mc_w.l(printf8.o)
    0x08003d74   0x0000000e   Code   RO         8173    i.__scatterload_copy  mc_w.l(handlers.o)
    0x08003d82   0x00000002   Code   RO         8174    i.__scatterload_null  mc_w.l(handlers.o)
    0x08003d84   0x0000000e   Code   RO         8175    i.__scatterload_zeroinit  mc_w.l(handlers.o)
    0x08003d92   0x00000002   PAD
    0x08003d94   0x000000e0   Code   RO         6775    i._api_socket       rak_wifi_nos_ARM_CM4F.lib(api_stack_offload.o)
    0x08003e74   0x0000002a   Code   RO         5337    i._ascii_to_hex     rak_wifi_nos_ARM_CM4F.lib(rw_lib.o)
    0x08003e9e   0x00000002   PAD
    0x08003ea0   0x00000028   Code   RO         5338    i._ath_set_bssid    rak_wifi_nos_ARM_CM4F.lib(rw_lib.o)
    0x08003ec8   0x00000028   Code   RO         5339    i._ath_set_cipher   rak_wifi_nos_ARM_CM4F.lib(rw_lib.o)
    0x08003ef0   0x00000028   Code   RO         5340    i._ath_set_essid    rak_wifi_nos_ARM_CM4F.lib(rw_lib.o)
    0x08003f18   0x00000028   Code   RO         5341    i._ath_set_passphrase  rak_wifi_nos_ARM_CM4F.lib(rw_lib.o)
    0x08003f40   0x00000030   Code   RO         5342    i._ath_set_sec_type  rak_wifi_nos_ARM_CM4F.lib(rw_lib.o)
    0x08003f70   0x0000000e   Code   RO         5343    i._check_fd_invaild  rak_wifi_nos_ARM_CM4F.lib(rw_lib.o)
    0x08003f7e   0x00000002   PAD
    0x08003f80   0x00000088   Code   RO         5344    i._check_sys_params  rak_wifi_nos_ARM_CM4F.lib(rw_lib.o)
    0x08004008   0x0000000a   Code   RO         5228    i._deinit_interface  rw_lib_platform.o
    0x08004012   0x00000014   Code   RO         5229    i._ext_interrupt    rw_lib_platform.o
    0x08004026   0x00000012   Code   RO         5230    i._init_interface   rw_lib_platform.o
    0x08004038   0x00000348   Code   RO         5346    i._loop_connect     rak_wifi_nos_ARM_CM4F.lib(rw_lib.o)
    0x08004380   0x00000038   Code   RO         5231    i._power_up_down    rw_lib_platform.o
    0x080043b8   0x00000410   Code   RO         8084    i._printf_core      mc_w.l(printf8.o)
    0x080047c8   0x00000024   Code   RO         8085    i._printf_post_padding  mc_w.l(printf8.o)
    0x080047ec   0x0000002e   Code   RO         8086    i._printf_pre_padding  mc_w.l(printf8.o)
    0x0800481a   0x00000002   PAD
    0x0800481c   0x00000030   Code   RO         5347    i._set_ap_params    rak_wifi_nos_ARM_CM4F.lib(rw_lib.o)
    0x0800484c   0x00000038   Code   RO         5348    i._set_power        rak_wifi_nos_ARM_CM4F.lib(rw_lib.o)
    0x08004884   0x0000005c   Code   RO         5349    i._set_scan         rak_wifi_nos_ARM_CM4F.lib(rw_lib.o)
    0x080048e0   0x0000005c   Code   RO         5350    i._set_str_pmk      rak_wifi_nos_ARM_CM4F.lib(rw_lib.o)
    0x0800493c   0x00000078   Code   RO         5232    i._spi_io_buffer    rw_lib_platform.o
    0x080049b4   0x0000000a   Code   RO         8088    i._sputc            mc_w.l(printf8.o)
    0x080049be   0x00000018   Code   RO         7389    i.a_free            rak_wifi_nos_ARM_CM4F.lib(cust_driver_netbuf.o)
    0x080049d6   0x00000018   Code   RO         7390    i.a_malloc          rak_wifi_nos_ARM_CM4F.lib(cust_driver_netbuf.o)
    0x080049ee   0x00000002   Code   RO         7391    i.a_malloc_init     rak_wifi_nos_ARM_CM4F.lib(cust_driver_netbuf.o)
    0x080049f0   0x00000052   Code   RO         7392    i.a_netbuf_alloc    rak_wifi_nos_ARM_CM4F.lib(cust_driver_netbuf.o)
    0x08004a42   0x00000044   Code   RO         7393    i.a_netbuf_alloc_raw  rak_wifi_nos_ARM_CM4F.lib(cust_driver_netbuf.o)
    0x08004a86   0x00000030   Code   RO         7395    i.a_netbuf_configure  rak_wifi_nos_ARM_CM4F.lib(cust_driver_netbuf.o)
    0x08004ab6   0x00000026   Code   RO         6459    i.a_netbuf_dequeue  rak_wifi_nos_ARM_CM4F.lib(driver_netbuf.o)
    0x08004adc   0x0000001a   Code   RO         6460    i.a_netbuf_enqueue  rak_wifi_nos_ARM_CM4F.lib(driver_netbuf.o)
    0x08004af6   0x0000003e   Code   RO         7397    i.a_netbuf_free     rak_wifi_nos_ARM_CM4F.lib(cust_driver_netbuf.o)
    0x08004b34   0x00000018   Code   RO         7398    i.a_netbuf_free_rx_pool  rak_wifi_nos_ARM_CM4F.lib(cust_driver_netbuf.o)
    0x08004b4c   0x00000036   Code   RO         7400    i.a_netbuf_get_fragment  rak_wifi_nos_ARM_CM4F.lib(cust_driver_netbuf.o)
    0x08004b82   0x00000018   Code   RO         7402    i.a_netbuf_init     rak_wifi_nos_ARM_CM4F.lib(cust_driver_netbuf.o)
    0x08004b9a   0x00000002   PAD
    0x08004b9c   0x00000028   Code   RO         7403    i.a_netbuf_pull     rak_wifi_nos_ARM_CM4F.lib(cust_driver_netbuf.o)
    0x08004bc4   0x00000030   Code   RO         7404    i.a_netbuf_purge_queue  rak_wifi_nos_ARM_CM4F.lib(cust_driver_netbuf.o)
    0x08004bf4   0x00000028   Code   RO         7405    i.a_netbuf_push     rak_wifi_nos_ARM_CM4F.lib(cust_driver_netbuf.o)
    0x08004c1c   0x00000030   Code   RO         7407    i.a_netbuf_put      rak_wifi_nos_ARM_CM4F.lib(cust_driver_netbuf.o)
    0x08004c4c   0x0000000a   Code   RO         6462    i.a_netbuf_queue_init  rak_wifi_nos_ARM_CM4F.lib(driver_netbuf.o)
    0x08004c56   0x00000034   Code   RO         7409    i.a_netbuf_reinit   rak_wifi_nos_ARM_CM4F.lib(cust_driver_netbuf.o)
    0x08004c8a   0x00000008   Code   RO         7410    i.a_netbuf_set_rx_pool  rak_wifi_nos_ARM_CM4F.lib(cust_driver_netbuf.o)
    0x08004c92   0x00000008   Code   RO         7412    i.a_netbuf_tailroom  rak_wifi_nos_ARM_CM4F.lib(cust_driver_netbuf.o)
    0x08004c9a   0x00000004   Code   RO         7413    i.a_netbuf_to_data  rak_wifi_nos_ARM_CM4F.lib(cust_driver_netbuf.o)
    0x08004c9e   0x00000002   PAD
    0x08004ca0   0x00000044   Code   RO         7414    i.a_netbuf_to_len   rak_wifi_nos_ARM_CM4F.lib(cust_driver_netbuf.o)
    0x08004ce4   0x00000028   Code   RO         7415    i.a_netbuf_trim     rak_wifi_nos_ARM_CM4F.lib(cust_driver_netbuf.o)
    0x08004d0c   0x00000002   Code   RO         7757    i.aggr_deinit       rak_wifi_nos_ARM_CM4F.lib(rcv_aggr.o)
    0x08004d0e   0x00000002   PAD
    0x08004d10   0x00000010   Code   RO         7758    i.aggr_init         rak_wifi_nos_ARM_CM4F.lib(rcv_aggr.o)
    0x08004d20   0x00000034   Code   RO         7760    i.aggr_recv_addba_req_evt  rak_wifi_nos_ARM_CM4F.lib(rcv_aggr.o)
    0x08004d54   0x00000020   Code   RO         7761    i.aggr_recv_delba_req_evt  rak_wifi_nos_ARM_CM4F.lib(rcv_aggr.o)
    0x08004d74   0x00000018   Code   RO         7762    i.aggr_reset_state  rak_wifi_nos_ARM_CM4F.lib(rcv_aggr.o)
    0x08004d8c   0x00000034   Code   RO         5352    i.assert_func       rak_wifi_nos_ARM_CM4F.lib(rw_lib.o)
    0x08004dc0   0x000006a0   Code   RO         5966    i.ath_ioctl_handler  rak_wifi_nos_ARM_CM4F.lib(cust_api_ioctl.o)
    0x08005460   0x0000004c   Code   RO         5353    i.bind              rak_wifi_nos_ARM_CM4F.lib(rw_lib.o)
    0x080054ac   0x0000009e   Code   RO         5998    i.blockForResponse  rak_wifi_nos_ARM_CM4F.lib(cust_api_stack_offload.o)
    0x0800554a   0x00000024   Code   RO           61    i.clean_filename    ap_sta.o
    0x0800556e   0x00000024   Code   RO          230    i.clean_filename    apsta_test.o
    0x08005592   0x00000024   Code   RO         5233    i.clean_filename    rw_lib_platform.o
    0x080055b6   0x0000000a   Code   RO         5999    i.clearSocketBlocked  rak_wifi_nos_ARM_CM4F.lib(cust_api_stack_offload.o)
    0x080055c0   0x00000044   Code   RO         6776    i.clear_socket_context  rak_wifi_nos_ARM_CM4F.lib(api_stack_offload.o)
    0x08005604   0x00000006   Code   RO         5354    i.close             rak_wifi_nos_ARM_CM4F.lib(rw_lib.o)
    0x0800560a   0x00000002   PAD
    0x0800560c   0x000003f0   Code   RO         5234    i.connect_callback  rw_lib_platform.o
    0x080059fc   0x00000048   Code   RO         6002    i.custom_header_alloc  rak_wifi_nos_ARM_CM4F.lib(cust_api_stack_offload.o)
    0x08005a44   0x0000002a   Code   RO         6003    i.custom_header_free  rak_wifi_nos_ARM_CM4F.lib(cust_api_stack_offload.o)
    0x08005a6e   0x0000002a   Code   RO         6006    i.custom_ipconfig_set_tcp_exponential_backoff_retry  rak_wifi_nos_ARM_CM4F.lib(cust_api_stack_offload.o)
    0x08005a98   0x00000018   Code   RO         6007    i.custom_queue_empty  rak_wifi_nos_ARM_CM4F.lib(cust_api_stack_offload.o)
    0x08005ab0   0x0000005c   Code   RO         7587    i.custom_receive_tcpip  rak_wifi_nos_ARM_CM4F.lib(cust_api_stack_txrx.o)
    0x08005b0c   0x00000028   Code   RO         6008    i.custom_socket_context_deinit  rak_wifi_nos_ARM_CM4F.lib(cust_api_stack_offload.o)
    0x08005b34   0x00000044   Code   RO         6009    i.custom_socket_context_init  rak_wifi_nos_ARM_CM4F.lib(cust_api_stack_offload.o)
    0x08005b78   0x00000088   Code   RO         5235    i.customer_assert   rw_lib_platform.o
    0x08005c00   0x00000020   Code   RO         7416    i.default_native_free_fn  rak_wifi_nos_ARM_CM4F.lib(cust_driver_netbuf.o)
    0x08005c20   0x00000016   Code   RO         5236    i.delay_ms          rw_lib_platform.o
    0x08005c36   0x00000002   PAD
    0x08005c38   0x000000b8   Code   RO         5237    i.dns_ipcallback    rw_lib_platform.o
    0x08005cf0   0x00000066   Code   RO         5732    i.dnsreq_recv       rak_wifi_nos_ARM_CM4F.lib(rw_dns.o)
    0x08005d56   0x00000148   Code   RO         7808    i.fill_scan_info    rak_wifi_nos_ARM_CM4F.lib(cust_api_wmi_rx.o)
    0x08005e9e   0x00000002   PAD
    0x08005ea0   0x00000030   Code   RO         6777    i.find_socket_context  rak_wifi_nos_ARM_CM4F.lib(api_stack_offload.o)
    0x08005ed0   0x00000024   Code   RO          274    i.fputc             bsp.o
    0x08005ef4   0x00000004   Code   RO         5238    i.get_stamp         rw_lib_platform.o
    0x08005ef8   0x00000040   Code   RO          275    i.host_platformInit  bsp.o
    0x08005f38   0x000000c8   Code   RO         5239    i.ip_callback       rw_lib_platform.o
    0x08006000   0x00000008   Code   RO         6011    i.isSocketBlocked   rak_wifi_nos_ARM_CM4F.lib(cust_api_stack_offload.o)
    0x08006008   0x000000e8   Code   RO          231    i.main              apsta_test.o
    0x080060f0   0x0000007e   Code   RO         5734    i.newdata           rak_wifi_nos_ARM_CM4F.lib(rw_dns.o)
    0x0800616e   0x0000001a   Code   RO         5735    i.parse_name        rak_wifi_nos_ARM_CM4F.lib(rw_dns.o)
    0x08006188   0x00000194   Code   RO          232    i.platform_init     apsta_test.o
    0x0800631c   0x00000044   Code   RO            1    i.prvHeapInit       lib_mem.o
    0x08006360   0x0000004c   Code   RO            2    i.prvInsertBlockIntoFreeList  lib_mem.o
    0x080063ac   0x00000088   Code   RO            3    i.pvPortMalloc      lib_mem.o
    0x08006434   0x00000022   Code   RO         6337    i.query_credit_deficit  rak_wifi_nos_ARM_CM4F.lib(api_txrx.o)
    0x08006456   0x00000002   PAD
    0x08006458   0x0000004c   Code   RO         5359    i.recvfrom          rak_wifi_nos_ARM_CM4F.lib(rw_lib.o)
    0x080064a4   0x00000020   Code   RO         5361    i.rwIsStampPassed   rak_wifi_nos_ARM_CM4F.lib(rw_lib.o)
    0x080064c4   0x00000030   Code   RO           62    i.rw_appdemo_context_init  ap_sta.o
    0x080064f4   0x00000078   Code   RO         5364    i.rw_getLibVersion  rak_wifi_nos_ARM_CM4F.lib(rw_lib.o)
    0x0800656c   0x00000028   Code   RO         5365    i.rw_getMacAddr     rak_wifi_nos_ARM_CM4F.lib(rw_lib.o)
    0x08006594   0x000000b0   Code   RO         5368    i.rw_ipConfig       rak_wifi_nos_ARM_CM4F.lib(rw_lib.o)
    0x08006644   0x00000100   Code   RO           63    i.rw_network_init   ap_sta.o
    0x08006744   0x000000a4   Code   RO           66    i.rw_network_startSTA  ap_sta.o
    0x080067e8   0x000000b4   Code   RO         5372    i.rw_sysDriverInit  rak_wifi_nos_ARM_CM4F.lib(rw_lib.o)
    0x0800689c   0x0000001c   Code   RO         5373    i.rw_sysDriverLoop  rak_wifi_nos_ARM_CM4F.lib(rw_lib.o)
    0x080068b8   0x00000080   Code   RO         5374    i.rw_sysDriverReset  rak_wifi_nos_ARM_CM4F.lib(rw_lib.o)
    0x08006938   0x00000034   Code   RO         5375    i.rw_sysSleep       rak_wifi_nos_ARM_CM4F.lib(rw_lib.o)
    0x0800696c   0x0000024c   Code   RO         5377    i.rw_wlanConnect    rak_wifi_nos_ARM_CM4F.lib(rw_lib.o)
    0x08006bb8   0x00000034   Code   RO         5378    i.rw_wlanGetScanInfo  rak_wifi_nos_ARM_CM4F.lib(rw_lib.o)
    0x08006bec   0x00000078   Code   RO         5240    i.scan_callback     rw_lib_platform.o
    0x08006c64   0x00000164   Code   RO         6283    i.security_ie_parse  rak_wifi_nos_ARM_CM4F.lib(api_ioctl.o)
    0x08006dc8   0x00000044   Code   RO         5380    i.select            rak_wifi_nos_ARM_CM4F.lib(rw_lib.o)
    0x08006e0c   0x00000030   Code   RO         6780    i.send_stack_init   rak_wifi_nos_ARM_CM4F.lib(api_stack_offload.o)
    0x08006e3c   0x00000040   Code   RO         5383    i.shutdown          rak_wifi_nos_ARM_CM4F.lib(rw_lib.o)
    0x08006e7c   0x00000014   Code   RO         5384    i.socket            rak_wifi_nos_ARM_CM4F.lib(rw_lib.o)
    0x08006e90   0x00000034   Code   RO         6781    i.socket_context_deinit  rak_wifi_nos_ARM_CM4F.lib(api_stack_offload.o)
    0x08006ec4   0x0000007c   Code   RO         6782    i.socket_context_init  rak_wifi_nos_ARM_CM4F.lib(api_stack_offload.o)
    0x08006f40   0x00000036   Code   RO         6013    i.t_bind            rak_wifi_nos_ARM_CM4F.lib(cust_api_stack_offload.o)
    0x08006f76   0x00000046   Code   RO         6019    i.t_ipconfig        rak_wifi_nos_ARM_CM4F.lib(cust_api_stack_offload.o)
    0x08006fbc   0x00000036   Code   RO         6020    i.t_ipconfig_dhcp_pool  rak_wifi_nos_ARM_CM4F.lib(cust_api_stack_offload.o)
    0x08006ff2   0x00000044   Code   RO         6025    i.t_recvfrom        rak_wifi_nos_ARM_CM4F.lib(cust_api_stack_offload.o)
    0x08007036   0x00000032   Code   RO         6026    i.t_select          rak_wifi_nos_ARM_CM4F.lib(cust_api_stack_offload.o)
    0x08007068   0x0000002a   Code   RO         6030    i.t_shutdown        rak_wifi_nos_ARM_CM4F.lib(cust_api_stack_offload.o)
    0x08007092   0x00000036   Code   RO         6031    i.t_socket          rak_wifi_nos_ARM_CM4F.lib(cust_api_stack_offload.o)
    0x080070c8   0x0000001c   Code   RO         6032    i.txpkt_free        rak_wifi_nos_ARM_CM4F.lib(cust_api_stack_offload.o)
    0x080070e4   0x00000016   Code   RO         6033    i.unblock           rak_wifi_nos_ARM_CM4F.lib(cust_api_stack_offload.o)
    0x080070fa   0x00000002   PAD
    0x080070fc   0x00000034   Code   RO            5    i.vPortFree         lib_mem.o
    0x08007130   0x000000a8   Code   RO         5241    i.wifi_init_params  rw_lib_platform.o
    0x080071d8   0x0000003c   Code   RO         6978    i.wmi_allow_aggr_cmd  rak_wifi_nos_ARM_CM4F.lib(wmi.o)
    0x08007214   0x00000048   Code   RO         6979    i.wmi_ap_profile_commit  rak_wifi_nos_ARM_CM4F.lib(wmi.o)
    0x0800725c   0x00000128   Code   RO         6980    i.wmi_ap_set_param  rak_wifi_nos_ARM_CM4F.lib(wmi.o)
    0x08007384   0x00000046   Code   RO         6981    i.wmi_bssfilter_cmd  rak_wifi_nos_ARM_CM4F.lib(wmi.o)
    0x080073ca   0x00000002   PAD
    0x080073cc   0x0000009c   Code   RO         6982    i.wmi_cmd_send      rak_wifi_nos_ARM_CM4F.lib(wmi.o)
    0x08007468   0x000000ac   Code   RO         6983    i.wmi_connect_cmd   rak_wifi_nos_ARM_CM4F.lib(wmi.o)
    0x08007514   0x0000009c   Code   RO         6984    i.wmi_connect_event_rx  rak_wifi_nos_ARM_CM4F.lib(wmi.o)
    0x080075b0   0x000002e4   Code   RO         6985    i.wmi_control_rx    rak_wifi_nos_ARM_CM4F.lib(wmi.o)
    0x08007894   0x0000005c   Code   RO         6987    i.wmi_data_hdr_remove  rak_wifi_nos_ARM_CM4F.lib(wmi.o)
    0x080078f0   0x00000006   Code   RO         6989    i.wmi_disconnect_cmd  rak_wifi_nos_ARM_CM4F.lib(wmi.o)
    0x080078f6   0x00000008   Code   RO         6997    i.wmi_get_pmk_cmd   rak_wifi_nos_ARM_CM4F.lib(wmi.o)
    0x080078fe   0x00000006   Code   RO         6998    i.wmi_get_power_mode_cmd  rak_wifi_nos_ARM_CM4F.lib(wmi.o)
    0x08007904   0x00000006   Code   RO         7000    i.wmi_get_stats_cmd  rak_wifi_nos_ARM_CM4F.lib(wmi.o)
    0x0800790a   0x00000040   Code   RO         7004    i.wmi_init          rak_wifi_nos_ARM_CM4F.lib(wmi.o)
    0x0800794a   0x0000003e   Code   RO         7005    i.wmi_listeninterval_cmd  rak_wifi_nos_ARM_CM4F.lib(wmi.o)
    0x08007988   0x0000005a   Code   RO         7008    i.wmi_pmparams_cmd  rak_wifi_nos_ARM_CM4F.lib(wmi.o)
    0x080079e2   0x00000036   Code   RO         7009    i.wmi_powermode_cmd  rak_wifi_nos_ARM_CM4F.lib(wmi.o)
    0x08007a18   0x00000078   Code   RO         7010    i.wmi_probedSsid_cmd  rak_wifi_nos_ARM_CM4F.lib(wmi.o)
    0x08007a90   0x00000034   Code   RO         7011    i.wmi_promiscuous_cmd  rak_wifi_nos_ARM_CM4F.lib(wmi.o)
    0x08007ac4   0x0000001c   Code   RO         7012    i.wmi_qos_state_init  rak_wifi_nos_ARM_CM4F.lib(wmi.o)
    0x08007ae0   0x0000006e   Code   RO         7014    i.wmi_scanparams_cmd  rak_wifi_nos_ARM_CM4F.lib(wmi.o)
    0x08007b4e   0x00000072   Code   RO         7015    i.wmi_set_channelParams_cmd  rak_wifi_nos_ARM_CM4F.lib(wmi.o)
    0x08007bc0   0x00000034   Code   RO         7016    i.wmi_set_channel_cmd  rak_wifi_nos_ARM_CM4F.lib(wmi.o)
    0x08007bf4   0x00000058   Code   RO         7017    i.wmi_set_control_ep  rak_wifi_nos_ARM_CM4F.lib(wmi.o)
    0x08007c4c   0x00000058   Code   RO         7019    i.wmi_set_ht_cap_cmd  rak_wifi_nos_ARM_CM4F.lib(wmi.o)
    0x08007ca4   0x00000066   Code   RO         7021    i.wmi_set_passphrase_cmd  rak_wifi_nos_ARM_CM4F.lib(wmi.o)
    0x08007d0a   0x00000048   Code   RO         7022    i.wmi_set_pmk_cmd   rak_wifi_nos_ARM_CM4F.lib(wmi.o)
    0x08007d52   0x0000000a   Code   RO         7026    i.wmi_shutdown      rak_wifi_nos_ARM_CM4F.lib(wmi.o)
    0x08007d5c   0x00000022   Code   RO         7027    i.wmi_simple_cmd    rak_wifi_nos_ARM_CM4F.lib(wmi.o)
    0x08007d7e   0x00000002   PAD
    0x08007d80   0x000000a4   Code   RO         7028    i.wmi_socket_cmd    rak_wifi_nos_ARM_CM4F.lib(wmi.o)
    0x08007e24   0x0000007e   Code   RO         7029    i.wmi_startscan_cmd  rak_wifi_nos_ARM_CM4F.lib(wmi.o)
    0x08007ea2   0x00000044   Code   RO         7030    i.wmi_storerecall_configure_cmd  rak_wifi_nos_ARM_CM4F.lib(wmi.o)
    0x08007ee6   0x0000003a   Code   RO         7033    i.wmi_wps_start_cmd  rak_wifi_nos_ARM_CM4F.lib(wmi.o)
    0x08007f20   0x000001b8   Code   RO         5242    i.wps_easy_callback  rw_lib_platform.o
    0x080080d8   0x00000048   Data   RO         5780    .conststring        rak_wifi_nos_ARM_CM4F.lib(driver_main.o)
    0x08008120   0x00000049   Data   RO         5829    .conststring        rak_wifi_nos_ARM_CM4F.lib(hw_api.o)
    0x08008169   0x00000003   PAD
    0x0800816c   0x00000051   Data   RO         5887    .conststring        rak_wifi_nos_ARM_CM4F.lib(cust_api_init.o)
    0x080081bd   0x00000003   PAD
    0x080081c0   0x0000004c   Data   RO         6241    .conststring        rak_wifi_nos_ARM_CM4F.lib(api_init.o)
    0x0800820c   0x0000004c   Data   RO         6338    .conststring        rak_wifi_nos_ARM_CM4F.lib(api_txrx.o)
    0x08008258   0x00000048   Data   RO         6387    .conststring        rak_wifi_nos_ARM_CM4F.lib(driver_init.o)
    0x080082a0   0x00000048   Data   RO         6495    .conststring        rak_wifi_nos_ARM_CM4F.lib(driver_txrx.o)
    0x080082e8   0x00000041   Data   RO         6551    .conststring        rak_wifi_nos_ARM_CM4F.lib(spi_hcd.o)
    0x08008329   0x00000003   PAD
    0x0800832c   0x0000004d   Data   RO         7346    .conststring        rak_wifi_nos_ARM_CM4F.lib(cust_driver_main.o)
    0x08008379   0x00000003   PAD
    0x0800837c   0x0000004f   Data   RO         7417    .conststring        rak_wifi_nos_ARM_CM4F.lib(cust_driver_netbuf.o)
    0x080083cb   0x00000001   PAD
    0x080083cc   0x00000046   Data   RO         7764    .conststring        rak_wifi_nos_ARM_CM4F.lib(rcv_aggr.o)
    0x08008412   0x00000002   PAD
    0x08008414   0x00000020   Data   RO         8171    Region$$Table       anon$$obj.o


    Execution Region RW_IRAM1 (Base: 0x20000000, Size: 0x00002d10, Max: 0x00020000, ABSOLUTE)

    Base Addr    Size         Type   Attr      Idx    E Section Name        Object

    0x20000000   0x00000014   Data   RW            9    .data               lib_mem.o
    0x20000014   0x00000004   Data   RW          350    .data               stm32f4xx_it.o
    0x20000018   0x00000014   Data   RW          446    .data               system_stm32f4xx.o
    0x2000002c   0x00000010   Data   RW         3124    .data               stm32f4xx_rcc.o
    0x2000003c   0x00000004   Data   RW         5387    .data               rak_wifi_nos_ARM_CM4F.lib(rw_lib.o)
    0x20000040   0x00000008   Data   RW         5888    .data               rak_wifi_nos_ARM_CM4F.lib(cust_api_init.o)
    0x20000048   0x00000004   Data   RW         7035    .data               rak_wifi_nos_ARM_CM4F.lib(wmi.o)
    0x2000004c   0x00000001   Data   RW         7418    .data               rak_wifi_nos_ARM_CM4F.lib(cust_driver_netbuf.o)
    0x2000004d   0x00000003   PAD
    0x20000050   0x00000004   Data   RW         8145    .data               mc_w.l(stdout.o)
    0x20000054   0x00002500   Zero   RW            8    .bss                lib_mem.o
    0x20002554   0x00000054   Zero   RW           67    .bss                ap_sta.o
    0x200025a8   0x0000007b   Zero   RW         5243    .bss                rw_lib_platform.o
    0x20002623   0x00000001   PAD
    0x20002624   0x00000098   Zero   RW         5385    .bss                rak_wifi_nos_ARM_CM4F.lib(rw_lib.o)
    0x200026bc   0x000001f0   Zero   RW         5886    .bss                rak_wifi_nos_ARM_CM4F.lib(cust_api_init.o)
    0x200028ac   0x00000024   Zero   RW         6783    .bss                rak_wifi_nos_ARM_CM4F.lib(api_stack_offload.o)
    0x200028d0   0x0000001c   Zero   RW         7344    .bss                rak_wifi_nos_ARM_CM4F.lib(cust_driver_main.o)
    0x200028ec   0x0000000c   Zero   RW         7345    .bss                rak_wifi_nos_ARM_CM4F.lib(cust_driver_main.o)
    0x200028f8   0x00000014   Zero   RW         7763    .bss                rak_wifi_nos_ARM_CM4F.lib(rcv_aggr.o)
    0x2000290c   0x00000004   PAD
    0x20002910   0x00000400   Zero   RW          481    STACK               startup_stm32f411xe.o


==============================================================================

Image component sizes


      Code (inc. data)   RO Data    RW Data    ZI Data      Debug   Object Name

       504        178          0          0         84     257529   ap_sta.o
       672        298          0          0          0       2051   apsta_test.o
       800         56          0          0          0      31533   bsp.o
       332         22          0         20       9472       7423   lib_mem.o
       100          4          0          0          0     207792   misc.o
      2546       1162          0          0        123      37925   rw_lib_platform.o
        36          8        408          0       1024        932   startup_stm32f411xe.o
       180         22          0          0          0       3354   stm32f4xx_exti.o
       204          0          0          0          0       2959   stm32f4xx_gpio.o
        76         12          0          4          0       7465   stm32f4xx_it.o
       244         40          0         16          0       6232   stm32f4xx_rcc.o
       208         24          0          0          0       3034   stm32f4xx_spi.o
        48          6          0          0          0        816   stm32f4xx_syscfg.o
       214          8          0          0          0       4012   stm32f4xx_usart.o
       344         54          0         20          0       2965   system_stm32f4xx.o

    ----------------------------------------------------------------------
      6524       1894        440         60      10704     576022   Object Totals
         0          0         32          0          0          0   (incl. Generated)
        16          0          0          0          1          0   (incl. Padding)

    ----------------------------------------------------------------------

      Code (inc. data)   RO Data    RW Data    ZI Data      Debug   Library Member Name

         0          0          0          0          0          0   entry.o
         0          0          0          0          0          0   entry10a.o
         0          0          0          0          0          0   entry11a.o
         8          4          0          0          0          0   entry2.o
         4          0          0          0          0          0   entry5.o
         0          0          0          0          0          0   entry7b.o
         0          0          0          0          0          0   entry8b.o
         8          4          0          0          0          0   entry9a.o
        30          0          0          0          0          0   handlers.o
        36          8          0          0          0         68   init.o
        30          0          0          0          0         68   llshl.o
        32          0          0          0          0         68   llushr.o
        26          0          0          0          0         80   memcmp.o
        36          0          0          0          0         68   memcpya.o
        36          0          0          0          0        108   memseta.o
      1204         60          0          0          0        504   printf8.o
         0          0          0          4          0          0   stdout.o
        28          0          0          0          0         76   strcmp.o
        18          0          0          0          0         68   strcpy.o
        14          0          0          0          0         68   strlen.o
        30          0          0          0          0         80   strncmp.o
        24          0          0          0          0         76   strncpy.o
        98          0          0          0          0         92   uldiv.o
       258         12         76          0          0       4522   api_init.o
      1062         20          0          0          0       9515   api_ioctl.o
      2220         82          0          0         36      15973   api_stack_offload.o
       416         16         76          0          0       4841   api_txrx.o
       568          0          0          0          0      10806   api_wmi_rx.o
       320         34         81          8        496      56931   cust_api_init.o
      1696         76          0          0          0       8708   cust_api_ioctl.o
        22          0          0          0          0        676   cust_api_isr.o
      1078         20          0          0          0      22397   cust_api_stack_offload.o
        96          4          0          0          0       2523   cust_api_stack_txrx.o
      1116         10          0          0          0       7248   cust_api_wmi_rx.o
       300         14         77          0         40       6352   cust_driver_main.o
       800         22         79          1          0      16236   cust_driver_netbuf.o
       374          0          0          0          0       4852   driver_diag.o
      1254         64         72          0          0       8159   driver_init.o
       936         20         72          0          0       5812   driver_main.o
        74          0          0          0          0       2508   driver_netbuf.o
       376         14         72          0          0       5101   driver_txrx.o
      1908        606          0          0          0      11551   htc.o
       358          6         73          0          0       6365   hw_api.o
       126         16         70          0         20       4225   rcv_aggr.o
       254          0          0          0          0       5547   rw_dns.o
      3286        208          0          4        152      89507   rw_lib.o
      1922         46         65          0          0      15861   spi_hcd.o
       124          0          0          0          0       2557   util.o
      3396        422          0          4          0      31468   wmi.o

    ----------------------------------------------------------------------
     26052       1788        828         24        748     361665   Library Totals
        50          0         15          3          4          0   (incl. Padding)

    ----------------------------------------------------------------------

      Code (inc. data)   RO Data    RW Data    ZI Data      Debug   Library Name

      1662         76          0          4          0       1424   mc_w.l
     24340       1712        813         17        744     360241   rak_wifi_nos_ARM_CM4F.lib

    ----------------------------------------------------------------------
     26052       1788        828         24        748     361665   Library Totals

    ----------------------------------------------------------------------

==============================================================================


      Code (inc. data)   RO Data    RW Data    ZI Data      Debug   

     32576       3682       1268         84      11452     906163   Grand Totals
     32576       3682       1268         84      11452     906163   ELF Image Totals
     32576       3682       1268         84          0          0   ROM Totals

==============================================================================

    Total RO  Size (Code + RO Data)                33844 (  33.05kB)
    Total RW  Size (RW Data + ZI Data)             11536 (  11.27kB)
    Total ROM Size (Code + RO Data + RW Data)      33928 (  33.13kB)

==============================================================================

