<!doctype html public "-//w3c//dtd html 4.0 transitional//en">
<html><head>
<title>Static Call Graph - [.\Output\RAK439.axf]</title></head>
<body><HR>
<H1>Static Call Graph for image .\Output\RAK439.axf</H1><HR>
<BR><P>#&#060CALLGRAPH&#062# ARM Linker, 5050169: Last Updated: Mon Feb 13 15:03:55 2017
<BR><P>
<H3>Maximum Stack Usage =        816 bytes + Unknown(Cycles, Untraceable Function Pointers)</H3><H3>
Call chain for Maximum Stack Depth:</H3>
main &rArr; platform_init &rArr; rw_sysDriverInit &rArr; _set_power &rArr; ath_ioctl_handler &rArr; Api_DriverAccessCheck &rArr; Custom_Driver_WaitForCondition &rArr; Driver_Main &rArr; Driver_TxReady &rArr; Htc_GetCreditCounterUpdate &rArr; Htc_ReadCreditCounter &rArr; Hcd_DoPioExternalAccess &rArr; Hcd_TransferData &rArr; Bus_InOutDescriptorSet &rArr; assert_func
<P>
<H3>
Mutually Recursive functions
</H3> <LI><a href="#[138]">MaskSPIInterrupts</a>&nbsp;&nbsp;&nbsp;&rArr;&nbsp;&nbsp;&nbsp;<a href="#[13c]">Hcd_UnmaskSPIInterrupts</a><BR>
 <LI><a href="#[1b1]">parse_name</a>&nbsp;&nbsp;&nbsp;&rArr;&nbsp;&nbsp;&nbsp;<a href="#[1b1]">parse_name</a><BR>
 <LI><a href="#[1]">NMI_Handler</a>&nbsp;&nbsp;&nbsp;&rArr;&nbsp;&nbsp;&nbsp;<a href="#[1]">NMI_Handler</a><BR>
 <LI><a href="#[3]">SVC_Handler</a>&nbsp;&nbsp;&nbsp;&rArr;&nbsp;&nbsp;&nbsp;<a href="#[3]">SVC_Handler</a><BR>
 <LI><a href="#[4]">PendSV_Handler</a>&nbsp;&nbsp;&nbsp;&rArr;&nbsp;&nbsp;&nbsp;<a href="#[4]">PendSV_Handler</a><BR>
 <LI><a href="#[5]">SysTick_Handler</a>&nbsp;&nbsp;&nbsp;&rArr;&nbsp;&nbsp;&nbsp;<a href="#[5]">SysTick_Handler</a><BR>
 <LI><a href="#[23]">ADC_IRQHandler</a>&nbsp;&nbsp;&nbsp;&rArr;&nbsp;&nbsp;&nbsp;<a href="#[23]">ADC_IRQHandler</a><BR>
</UL>
<P>
<H3>
Function Pointers
</H3><UL>
 <LI><a href="#[23]">ADC_IRQHandler</a> from startup_nano1xx.o(.text) referenced from startup_nano1xx.o(RESET)
 <LI><a href="#[6]">BOD_IRQHandler</a> from startup_nano1xx.o(.text) referenced from startup_nano1xx.o(RESET)
 <LI><a href="#[39]">Custom_FreeRxRequest</a> from cust_driver_main.o(i.Custom_FreeRxRequest) referenced from cust_driver_main.o(i.Custom_GetRxRequest)
 <LI><a href="#[24]">DAC_IRQHandler</a> from startup_nano1xx.o(.text) referenced from startup_nano1xx.o(RESET)
 <LI><a href="#[3a]">Driver_RxComplete</a> from driver_txrx.o(i.Driver_RxComplete) referenced from driver_main.o(i.Driver_RxReady)
 <LI><a href="#[3b]">Driver_TxComplete</a> from driver_txrx.o(i.Driver_TxComplete) referenced from driver_txrx.o(i.Driver_SubmitTxRequest)
 <LI><a href="#[8]">EINT0_IRQHandler</a> from startup_nano1xx.o(.text) referenced from startup_nano1xx.o(RESET)
 <LI><a href="#[9]">EINT1_IRQHandler</a> from rw_lib_platform.o(.text) referenced from startup_nano1xx.o(RESET)
 <LI><a href="#[a]">GPABC_IRQHandler</a> from startup_nano1xx.o(.text) referenced from startup_nano1xx.o(RESET)
 <LI><a href="#[b]">GPDEF_IRQHandler</a> from startup_nano1xx.o(.text) referenced from startup_nano1xx.o(RESET)
 <LI><a href="#[17]">HIRC_IRQHandler</a> from startup_nano1xx.o(.text) referenced from startup_nano1xx.o(RESET)
 <LI><a href="#[2]">HardFault_Handler</a> from bsp.o(.text) referenced from startup_nano1xx.o(RESET)
 <LI><a href="#[18]">I2C0_IRQHandler</a> from startup_nano1xx.o(.text) referenced from startup_nano1xx.o(RESET)
 <LI><a href="#[19]">I2C1_IRQHandler</a> from startup_nano1xx.o(.text) referenced from startup_nano1xx.o(RESET)
 <LI><a href="#[21]">I2S_IRQHandler</a> from startup_nano1xx.o(.text) referenced from startup_nano1xx.o(RESET)
 <LI><a href="#[1f]">LCD_IRQHandler</a> from startup_nano1xx.o(.text) referenced from startup_nano1xx.o(RESET)
 <LI><a href="#[1]">NMI_Handler</a> from startup_nano1xx.o(.text) referenced from startup_nano1xx.o(RESET)
 <LI><a href="#[20]">PDMA_IRQHandler</a> from rw_lib_platform.o(.text) referenced from startup_nano1xx.o(RESET)
 <LI><a href="#[22]">PDWU_IRQHandler</a> from startup_nano1xx.o(.text) referenced from startup_nano1xx.o(RESET)
 <LI><a href="#[c]">PWM0_IRQHandler</a> from startup_nano1xx.o(.text) referenced from startup_nano1xx.o(RESET)
 <LI><a href="#[d]">PWM1_IRQHandler</a> from startup_nano1xx.o(.text) referenced from startup_nano1xx.o(RESET)
 <LI><a href="#[4]">PendSV_Handler</a> from startup_nano1xx.o(.text) referenced from startup_nano1xx.o(RESET)
 <LI><a href="#[25]">RTC_IRQHandler</a> from startup_nano1xx.o(.text) referenced from startup_nano1xx.o(RESET)
 <LI><a href="#[0]">Reset_Handler</a> from startup_nano1xx.o(.text) referenced from startup_nano1xx.o(RESET)
 <LI><a href="#[1b]">SC0_IRQHandler</a> from startup_nano1xx.o(.text) referenced from startup_nano1xx.o(RESET)
 <LI><a href="#[1c]">SC1_IRQHandler</a> from startup_nano1xx.o(.text) referenced from startup_nano1xx.o(RESET)
 <LI><a href="#[1a]">SC2_IRQHandler</a> from startup_nano1xx.o(.text) referenced from startup_nano1xx.o(RESET)
 <LI><a href="#[14]">SPI0_IRQHandler</a> from startup_nano1xx.o(.text) referenced from startup_nano1xx.o(RESET)
 <LI><a href="#[15]">SPI1_IRQHandler</a> from startup_nano1xx.o(.text) referenced from startup_nano1xx.o(RESET)
 <LI><a href="#[16]">SPI2_IRQHandler</a> from startup_nano1xx.o(.text) referenced from startup_nano1xx.o(RESET)
 <LI><a href="#[3]">SVC_Handler</a> from startup_nano1xx.o(.text) referenced from startup_nano1xx.o(RESET)
 <LI><a href="#[5]">SysTick_Handler</a> from startup_nano1xx.o(.text) referenced from startup_nano1xx.o(RESET)
 <LI><a href="#[27]">SystemInit</a> from system_nano1xx.o(.text) referenced from startup_nano1xx.o(.text)
 <LI><a href="#[1e]">TK_IRQHandler</a> from startup_nano1xx.o(.text) referenced from startup_nano1xx.o(RESET)
 <LI><a href="#[e]">TMR0_IRQHandler</a> from bsp.o(.text) referenced from startup_nano1xx.o(RESET)
 <LI><a href="#[f]">TMR1_IRQHandler</a> from startup_nano1xx.o(.text) referenced from startup_nano1xx.o(RESET)
 <LI><a href="#[10]">TMR2_IRQHandler</a> from startup_nano1xx.o(.text) referenced from startup_nano1xx.o(RESET)
 <LI><a href="#[11]">TMR3_IRQHandler</a> from startup_nano1xx.o(.text) referenced from startup_nano1xx.o(RESET)
 <LI><a href="#[12]">UART0_IRQHandler</a> from startup_nano1xx.o(.text) referenced from startup_nano1xx.o(RESET)
 <LI><a href="#[13]">UART1_IRQHandler</a> from startup_nano1xx.o(.text) referenced from startup_nano1xx.o(RESET)
 <LI><a href="#[1d]">USBD_IRQHandler</a> from startup_nano1xx.o(.text) referenced from startup_nano1xx.o(RESET)
 <LI><a href="#[7]">WDT_IRQHandler</a> from startup_nano1xx.o(.text) referenced from startup_nano1xx.o(RESET)
 <LI><a href="#[28]">__main</a> from entry.o(.ARM.Collect$$$$00000000) referenced from startup_nano1xx.o(.text)
 <LI><a href="#[2a]">_deinit_interface</a> from rw_lib_platform.o(.text) referenced from rw_lib_platform.o(.text)
 <LI><a href="#[2f]">_ext_interrupt</a> from rw_lib_platform.o(.text) referenced from rw_lib_platform.o(.text)
 <LI><a href="#[29]">_init_interface</a> from rw_lib_platform.o(.text) referenced from rw_lib_platform.o(.text)
 <LI><a href="#[2b]">_power_up_down</a> from rw_lib_platform.o(.text) referenced from rw_lib_platform.o(.text)
 <LI><a href="#[2c]">_spi_io_buffer</a> from rw_lib_platform.o(.text) referenced from rw_lib_platform.o(.text)
 <LI><a href="#[3d]">_sputc</a> from printf8.o(i._sputc) referenced from printf8.o(i.__0sprintf$8)
 <LI><a href="#[33]">connect_callback</a> from rw_lib_platform.o(.text) referenced from rw_lib_platform.o(.text)
 <LI><a href="#[32]">customer_assert</a> from rw_lib_platform.o(.text) referenced from rw_lib_platform.o(.text)
 <LI><a href="#[2d]">delay_ms</a> from rw_lib_platform.o(.text) referenced from rw_lib_platform.o(.text)
 <LI><a href="#[36]">dns_ipcallback</a> from rw_lib_platform.o(.text) referenced from rw_lib_platform.o(.text)
 <LI><a href="#[3c]">fputc</a> from bsp.o(.text) referenced from printf8.o(i.__0printf$8)
 <LI><a href="#[2e]">get_stamp</a> from rw_lib_platform.o(.text) referenced from rw_lib_platform.o(.text)
 <LI><a href="#[35]">ip_callback</a> from rw_lib_platform.o(.text) referenced from rw_lib_platform.o(.text)
 <LI><a href="#[26]">main</a> from tcpudp_test.o(.text) referenced from entry9a.o(.ARM.Collect$$$$0000000B)
 <LI><a href="#[31]">pvPortMalloc</a> from lib_mem.o(.text) referenced from rw_lib_platform.o(.text)
 <LI><a href="#[38]">query_credit_deficit</a> from api_txrx.o(i.query_credit_deficit) referenced from api_txrx.o(i.Api_TxGetStatus)
 <LI><a href="#[34]">scan_callback</a> from rw_lib_platform.o(.text) referenced from rw_lib_platform.o(.text)
 <LI><a href="#[30]">vPortFree</a> from lib_mem.o(.text) referenced from rw_lib_platform.o(.text)
 <LI><a href="#[37]">wps_easy_callback</a> from rw_lib_platform.o(.text) referenced from rw_lib_platform.o(.text)
</UL>
<P>
<H3>
Global Symbols
</H3>
<P><STRONG><a name="[28]"></a>__main</STRONG> (Thumb, 0 bytes, Stack size unknown bytes, entry.o(.ARM.Collect$$$$00000000))
<BR>[Address Reference Count : 1]<UL><LI> startup_nano1xx.o(.text)
</UL>
<P><STRONG><a name="[1c2]"></a>_main_stk</STRONG> (Thumb, 0 bytes, Stack size unknown bytes, entry2.o(.ARM.Collect$$$$00000001))

<P><STRONG><a name="[3e]"></a>_main_scatterload</STRONG> (Thumb, 0 bytes, Stack size unknown bytes, entry5.o(.ARM.Collect$$$$00000004))
<BR><BR>[Calls]<UL><LI><a href="#[3f]">&gt;&gt;</a>&nbsp;&nbsp;&nbsp;__scatterload
</UL>

<P><STRONG><a name="[bd]"></a>__main_after_scatterload</STRONG> (Thumb, 0 bytes, Stack size unknown bytes, entry5.o(.ARM.Collect$$$$00000004))
<BR><BR>[Called By]<UL><LI><a href="#[3f]">&gt;&gt;</a>&nbsp;&nbsp;&nbsp;__scatterload
</UL>

<P><STRONG><a name="[1c3]"></a>_main_clock</STRONG> (Thumb, 0 bytes, Stack size unknown bytes, entry7b.o(.ARM.Collect$$$$00000008))

<P><STRONG><a name="[1c4]"></a>_main_cpp_init</STRONG> (Thumb, 0 bytes, Stack size unknown bytes, entry8b.o(.ARM.Collect$$$$0000000A))

<P><STRONG><a name="[1c5]"></a>_main_init</STRONG> (Thumb, 0 bytes, Stack size unknown bytes, entry9a.o(.ARM.Collect$$$$0000000B))

<P><STRONG><a name="[1c6]"></a>__rt_final_cpp</STRONG> (Thumb, 0 bytes, Stack size unknown bytes, entry10a.o(.ARM.Collect$$$$0000000D))

<P><STRONG><a name="[1c7]"></a>__rt_final_exit</STRONG> (Thumb, 0 bytes, Stack size unknown bytes, entry11a.o(.ARM.Collect$$$$0000000F))

<P><STRONG><a name="[1c8]"></a>pvPortMemDeinit</STRONG> (Thumb, 28 bytes, Stack size 0 bytes, lib_mem.o(.text), UNUSED)

<P><STRONG><a name="[31]"></a>pvPortMalloc</STRONG> (Thumb, 162 bytes, Stack size 24 bytes, lib_mem.o(.text))
<BR><BR>[Stack]<UL><LI>Max Depth = 32<LI>Call Chain = pvPortMalloc &rArr; prvHeapInit
</UL>
<BR>[Calls]<UL><LI><a href="#[40]">&gt;&gt;</a>&nbsp;&nbsp;&nbsp;prvHeapInit
<LI><a href="#[41]">&gt;&gt;</a>&nbsp;&nbsp;&nbsp;prvInsertBlockIntoFreeList
</UL>
<BR>[Address Reference Count : 1]<UL><LI> rw_lib_platform.o(.text)
</UL>
<P><STRONG><a name="[30]"></a>vPortFree</STRONG> (Thumb, 62 bytes, Stack size 16 bytes, lib_mem.o(.text))
<BR><BR>[Stack]<UL><LI>Max Depth = 24<LI>Call Chain = vPortFree &rArr; prvInsertBlockIntoFreeList
</UL>
<BR>[Calls]<UL><LI><a href="#[41]">&gt;&gt;</a>&nbsp;&nbsp;&nbsp;prvInsertBlockIntoFreeList
</UL>
<BR>[Called By]<UL><LI><a href="#[34]">&gt;&gt;</a>&nbsp;&nbsp;&nbsp;scan_callback
</UL>
<BR>[Address Reference Count : 1]<UL><LI> rw_lib_platform.o(.text)
</UL>
<P><STRONG><a name="[1c9]"></a>xPortGetFreeHeapSize</STRONG> (Thumb, 6 bytes, Stack size 0 bytes, lib_mem.o(.text), UNUSED)

<P><STRONG><a name="[1ca]"></a>vPortInitialiseBlocks</STRONG> (Thumb, 2 bytes, Stack size 0 bytes, lib_mem.o(.text), UNUSED)

<P><STRONG><a name="[44]"></a>rw_appdemo_context_init</STRONG> (Thumb, 50 bytes, Stack size 8 bytes, ap_sta.o(.text))
<BR><BR>[Stack]<UL><LI>Max Depth = 8<LI>Call Chain = rw_appdemo_context_init
</UL>
<BR>[Calls]<UL><LI><a href="#[45]">&gt;&gt;</a>&nbsp;&nbsp;&nbsp;__aeabi_memclr4
</UL>
<BR>[Called By]<UL><LI><a href="#[26]">&gt;&gt;</a>&nbsp;&nbsp;&nbsp;main
</UL>

<P><STRONG><a name="[46]"></a>rw_network_init</STRONG> (Thumb, 190 bytes, Stack size 32 bytes, ap_sta.o(.text))
<BR><BR>[Stack]<UL><LI>Max Depth = 760<LI>Call Chain = rw_network_init &rArr; rw_wlanConnect &rArr; _set_str_pmk &rArr; ath_ioctl_handler &rArr; Api_DriverAccessCheck &rArr; Custom_Driver_WaitForCondition &rArr; Driver_Main &rArr; Driver_TxReady &rArr; Htc_GetCreditCounterUpdate &rArr; Htc_ReadCreditCounter &rArr; Hcd_DoPioExternalAccess &rArr; Hcd_TransferData &rArr; Bus_InOutDescriptorSet &rArr; assert_func
</UL>
<BR>[Calls]<UL><LI><a href="#[47]">&gt;&gt;</a>&nbsp;&nbsp;&nbsp;rw_wlanConnect
<LI><a href="#[49]">&gt;&gt;</a>&nbsp;&nbsp;&nbsp;rw_ipConfig
<LI><a href="#[2e]">&gt;&gt;</a>&nbsp;&nbsp;&nbsp;get_stamp
<LI><a href="#[42]">&gt;&gt;</a>&nbsp;&nbsp;&nbsp;clean_filename
<LI><a href="#[48]">&gt;&gt;</a>&nbsp;&nbsp;&nbsp;__2printf
</UL>
<BR>[Called By]<UL><LI><a href="#[4b]">&gt;&gt;</a>&nbsp;&nbsp;&nbsp;rw_network_startSTA
<LI><a href="#[4a]">&gt;&gt;</a>&nbsp;&nbsp;&nbsp;rw_network_startAP
</UL>

<P><STRONG><a name="[4a]"></a>rw_network_startAP</STRONG> (Thumb, 124 bytes, Stack size 40 bytes, ap_sta.o(.text), UNUSED)
<BR><BR>[Calls]<UL><LI><a href="#[2e]">&gt;&gt;</a>&nbsp;&nbsp;&nbsp;get_stamp
<LI><a href="#[46]">&gt;&gt;</a>&nbsp;&nbsp;&nbsp;rw_network_init
<LI><a href="#[42]">&gt;&gt;</a>&nbsp;&nbsp;&nbsp;clean_filename
<LI><a href="#[45]">&gt;&gt;</a>&nbsp;&nbsp;&nbsp;__aeabi_memclr4
<LI><a href="#[48]">&gt;&gt;</a>&nbsp;&nbsp;&nbsp;__2printf
</UL>

<P><STRONG><a name="[4b]"></a>rw_network_startSTA</STRONG> (Thumb, 98 bytes, Stack size 16 bytes, ap_sta.o(.text))
<BR><BR>[Stack]<UL><LI>Max Depth = 776<LI>Call Chain = rw_network_startSTA &rArr; rw_network_init &rArr; rw_wlanConnect &rArr; _set_str_pmk &rArr; ath_ioctl_handler &rArr; Api_DriverAccessCheck &rArr; Custom_Driver_WaitForCondition &rArr; Driver_Main &rArr; Driver_TxReady &rArr; Htc_GetCreditCounterUpdate &rArr; Htc_ReadCreditCounter &rArr; Hcd_DoPioExternalAccess &rArr; Hcd_TransferData &rArr; Bus_InOutDescriptorSet &rArr; assert_func
</UL>
<BR>[Calls]<UL><LI><a href="#[2e]">&gt;&gt;</a>&nbsp;&nbsp;&nbsp;get_stamp
<LI><a href="#[46]">&gt;&gt;</a>&nbsp;&nbsp;&nbsp;rw_network_init
<LI><a href="#[42]">&gt;&gt;</a>&nbsp;&nbsp;&nbsp;clean_filename
<LI><a href="#[45]">&gt;&gt;</a>&nbsp;&nbsp;&nbsp;__aeabi_memclr4
<LI><a href="#[48]">&gt;&gt;</a>&nbsp;&nbsp;&nbsp;__2printf
</UL>
<BR>[Called By]<UL><LI><a href="#[26]">&gt;&gt;</a>&nbsp;&nbsp;&nbsp;main
</UL>

<P><STRONG><a name="[4c]"></a>rw_network_startConfig</STRONG> (Thumb, 70 bytes, Stack size 24 bytes, ap_sta.o(.text), UNUSED)
<BR><BR>[Calls]<UL><LI><a href="#[4d]">&gt;&gt;</a>&nbsp;&nbsp;&nbsp;rw_startEasyWps
<LI><a href="#[2e]">&gt;&gt;</a>&nbsp;&nbsp;&nbsp;get_stamp
<LI><a href="#[42]">&gt;&gt;</a>&nbsp;&nbsp;&nbsp;clean_filename
<LI><a href="#[48]">&gt;&gt;</a>&nbsp;&nbsp;&nbsp;__2printf
</UL>

<P><STRONG><a name="[4f]"></a>RAK_TcpClient</STRONG> (Thumb, 284 bytes, Stack size 48 bytes, tcp_udp.o(.text), UNUSED)
<BR><BR>[Calls]<UL><LI><a href="#[50]">&gt;&gt;</a>&nbsp;&nbsp;&nbsp;socket
<LI><a href="#[56]">&gt;&gt;</a>&nbsp;&nbsp;&nbsp;connect
<LI><a href="#[55]">&gt;&gt;</a>&nbsp;&nbsp;&nbsp;close
<LI><a href="#[54]">&gt;&gt;</a>&nbsp;&nbsp;&nbsp;bind
<LI><a href="#[2e]">&gt;&gt;</a>&nbsp;&nbsp;&nbsp;get_stamp
<LI><a href="#[51]">&gt;&gt;</a>&nbsp;&nbsp;&nbsp;srand
<LI><a href="#[52]">&gt;&gt;</a>&nbsp;&nbsp;&nbsp;rand
<LI><a href="#[53]">&gt;&gt;</a>&nbsp;&nbsp;&nbsp;__aeabi_idivmod
</UL>
<BR>[Called By]<UL><LI><a href="#[57]">&gt;&gt;</a>&nbsp;&nbsp;&nbsp;RAK_TcpClient_EventHandle
</UL>

<P><STRONG><a name="[57]"></a>RAK_TcpClient_EventHandle</STRONG> (Thumb, 338 bytes, Stack size 24 bytes, tcp_udp.o(.text), UNUSED)
<BR><BR>[Calls]<UL><LI><a href="#[59]">&gt;&gt;</a>&nbsp;&nbsp;&nbsp;send
<LI><a href="#[58]">&gt;&gt;</a>&nbsp;&nbsp;&nbsp;recv
<LI><a href="#[55]">&gt;&gt;</a>&nbsp;&nbsp;&nbsp;close
<LI><a href="#[4f]">&gt;&gt;</a>&nbsp;&nbsp;&nbsp;RAK_TcpClient
<LI><a href="#[4e]">&gt;&gt;</a>&nbsp;&nbsp;&nbsp;clean_filename
<LI><a href="#[2e]">&gt;&gt;</a>&nbsp;&nbsp;&nbsp;get_stamp
<LI><a href="#[48]">&gt;&gt;</a>&nbsp;&nbsp;&nbsp;__2printf
</UL>

<P><STRONG><a name="[5a]"></a>RAK_TcpServer</STRONG> (Thumb, 178 bytes, Stack size 24 bytes, tcp_udp.o(.text))
<BR><BR>[Stack]<UL><LI>Max Depth = 544<LI>Call Chain = RAK_TcpServer &rArr; bind &rArr; t_bind &rArr; Api_bind &rArr; _api_socket &rArr; blockForResponse &rArr; Driver_Main &rArr; Driver_TxReady &rArr; Htc_GetCreditCounterUpdate &rArr; Htc_ReadCreditCounter &rArr; Hcd_DoPioExternalAccess &rArr; Hcd_TransferData &rArr; Bus_InOutDescriptorSet &rArr; assert_func
</UL>
<BR>[Calls]<UL><LI><a href="#[50]">&gt;&gt;</a>&nbsp;&nbsp;&nbsp;socket
<LI><a href="#[5b]">&gt;&gt;</a>&nbsp;&nbsp;&nbsp;listen
<LI><a href="#[55]">&gt;&gt;</a>&nbsp;&nbsp;&nbsp;close
<LI><a href="#[54]">&gt;&gt;</a>&nbsp;&nbsp;&nbsp;bind
</UL>
<BR>[Called By]<UL><LI><a href="#[5f]">&gt;&gt;</a>&nbsp;&nbsp;&nbsp;RAK_TcpServer_EventHandle
</UL>

<P><STRONG><a name="[5c]"></a>RAK_TcpSRecvClients</STRONG> (Thumb, 584 bytes, Stack size 48 bytes, tcp_udp.o(.text))
<BR><BR>[Stack]<UL><LI>Max Depth = 576<LI>Call Chain = RAK_TcpSRecvClients &rArr; accept &rArr; t_accept &rArr; Api_accept &rArr; _api_socket &rArr; blockForResponse &rArr; Driver_Main &rArr; Driver_TxReady &rArr; Htc_GetCreditCounterUpdate &rArr; Htc_ReadCreditCounter &rArr; Hcd_DoPioExternalAccess &rArr; Hcd_TransferData &rArr; Bus_InOutDescriptorSet &rArr; assert_func
</UL>
<BR>[Calls]<UL><LI><a href="#[5d]">&gt;&gt;</a>&nbsp;&nbsp;&nbsp;select
<LI><a href="#[55]">&gt;&gt;</a>&nbsp;&nbsp;&nbsp;close
<LI><a href="#[5e]">&gt;&gt;</a>&nbsp;&nbsp;&nbsp;accept
<LI><a href="#[4e]">&gt;&gt;</a>&nbsp;&nbsp;&nbsp;clean_filename
<LI><a href="#[2e]">&gt;&gt;</a>&nbsp;&nbsp;&nbsp;get_stamp
<LI><a href="#[48]">&gt;&gt;</a>&nbsp;&nbsp;&nbsp;__2printf
</UL>
<BR>[Called By]<UL><LI><a href="#[5f]">&gt;&gt;</a>&nbsp;&nbsp;&nbsp;RAK_TcpServer_EventHandle
</UL>

<P><STRONG><a name="[5f]"></a>RAK_TcpServer_EventHandle</STRONG> (Thumb, 478 bytes, Stack size 24 bytes, tcp_udp.o(.text))
<BR><BR>[Stack]<UL><LI>Max Depth = 696<LI>Call Chain = RAK_TcpServer_EventHandle &rArr; send &rArr; t_send &rArr; t_sendto &rArr; custom_send_tcpip &rArr; Api_DataTxStart &rArr; Api_DriverAccessCheck &rArr; Custom_Driver_WaitForCondition &rArr; Driver_Main &rArr; Driver_TxReady &rArr; Htc_GetCreditCounterUpdate &rArr; Htc_ReadCreditCounter &rArr; Hcd_DoPioExternalAccess &rArr; Hcd_TransferData &rArr; Bus_InOutDescriptorSet &rArr; assert_func
</UL>
<BR>[Calls]<UL><LI><a href="#[59]">&gt;&gt;</a>&nbsp;&nbsp;&nbsp;send
<LI><a href="#[58]">&gt;&gt;</a>&nbsp;&nbsp;&nbsp;recv
<LI><a href="#[55]">&gt;&gt;</a>&nbsp;&nbsp;&nbsp;close
<LI><a href="#[5c]">&gt;&gt;</a>&nbsp;&nbsp;&nbsp;RAK_TcpSRecvClients
<LI><a href="#[5a]">&gt;&gt;</a>&nbsp;&nbsp;&nbsp;RAK_TcpServer
<LI><a href="#[4e]">&gt;&gt;</a>&nbsp;&nbsp;&nbsp;clean_filename
<LI><a href="#[2e]">&gt;&gt;</a>&nbsp;&nbsp;&nbsp;get_stamp
<LI><a href="#[48]">&gt;&gt;</a>&nbsp;&nbsp;&nbsp;__2printf
</UL>
<BR>[Called By]<UL><LI><a href="#[26]">&gt;&gt;</a>&nbsp;&nbsp;&nbsp;main
</UL>

<P><STRONG><a name="[60]"></a>RAK_UdpServer</STRONG> (Thumb, 136 bytes, Stack size 24 bytes, tcp_udp.o(.text), UNUSED)
<BR><BR>[Calls]<UL><LI><a href="#[50]">&gt;&gt;</a>&nbsp;&nbsp;&nbsp;socket
<LI><a href="#[55]">&gt;&gt;</a>&nbsp;&nbsp;&nbsp;close
<LI><a href="#[54]">&gt;&gt;</a>&nbsp;&nbsp;&nbsp;bind
</UL>
<BR>[Called By]<UL><LI><a href="#[61]">&gt;&gt;</a>&nbsp;&nbsp;&nbsp;RAK_UdpServer_EventHandle
</UL>

<P><STRONG><a name="[61]"></a>RAK_UdpServer_EventHandle</STRONG> (Thumb, 546 bytes, Stack size 40 bytes, tcp_udp.o(.text), UNUSED)
<BR><BR>[Calls]<UL><LI><a href="#[63]">&gt;&gt;</a>&nbsp;&nbsp;&nbsp;sendto
<LI><a href="#[62]">&gt;&gt;</a>&nbsp;&nbsp;&nbsp;recvfrom
<LI><a href="#[55]">&gt;&gt;</a>&nbsp;&nbsp;&nbsp;close
<LI><a href="#[60]">&gt;&gt;</a>&nbsp;&nbsp;&nbsp;RAK_UdpServer
<LI><a href="#[4e]">&gt;&gt;</a>&nbsp;&nbsp;&nbsp;clean_filename
<LI><a href="#[2e]">&gt;&gt;</a>&nbsp;&nbsp;&nbsp;get_stamp
<LI><a href="#[48]">&gt;&gt;</a>&nbsp;&nbsp;&nbsp;__2printf
</UL>

<P><STRONG><a name="[64]"></a>RAK_UdpClient</STRONG> (Thumb, 250 bytes, Stack size 40 bytes, tcp_udp.o(.text), UNUSED)
<BR><BR>[Calls]<UL><LI><a href="#[50]">&gt;&gt;</a>&nbsp;&nbsp;&nbsp;socket
<LI><a href="#[56]">&gt;&gt;</a>&nbsp;&nbsp;&nbsp;connect
<LI><a href="#[55]">&gt;&gt;</a>&nbsp;&nbsp;&nbsp;close
<LI><a href="#[54]">&gt;&gt;</a>&nbsp;&nbsp;&nbsp;bind
</UL>
<BR>[Called By]<UL><LI><a href="#[65]">&gt;&gt;</a>&nbsp;&nbsp;&nbsp;RAK_UdpClient_EventHandle
</UL>

<P><STRONG><a name="[65]"></a>RAK_UdpClient_EventHandle</STRONG> (Thumb, 376 bytes, Stack size 40 bytes, tcp_udp.o(.text), UNUSED)
<BR><BR>[Calls]<UL><LI><a href="#[63]">&gt;&gt;</a>&nbsp;&nbsp;&nbsp;sendto
<LI><a href="#[62]">&gt;&gt;</a>&nbsp;&nbsp;&nbsp;recvfrom
<LI><a href="#[55]">&gt;&gt;</a>&nbsp;&nbsp;&nbsp;close
<LI><a href="#[64]">&gt;&gt;</a>&nbsp;&nbsp;&nbsp;RAK_UdpClient
<LI><a href="#[4e]">&gt;&gt;</a>&nbsp;&nbsp;&nbsp;clean_filename
<LI><a href="#[2e]">&gt;&gt;</a>&nbsp;&nbsp;&nbsp;get_stamp
<LI><a href="#[48]">&gt;&gt;</a>&nbsp;&nbsp;&nbsp;__2printf
</UL>

<P><STRONG><a name="[67]"></a>platform_init</STRONG> (Thumb, 234 bytes, Stack size 136 bytes, tcpudp_test.o(.text))
<BR><BR>[Stack]<UL><LI>Max Depth = 816<LI>Call Chain = platform_init &rArr; rw_sysDriverInit &rArr; _set_power &rArr; ath_ioctl_handler &rArr; Api_DriverAccessCheck &rArr; Custom_Driver_WaitForCondition &rArr; Driver_Main &rArr; Driver_TxReady &rArr; Htc_GetCreditCounterUpdate &rArr; Htc_ReadCreditCounter &rArr; Hcd_DoPioExternalAccess &rArr; Hcd_TransferData &rArr; Bus_InOutDescriptorSet &rArr; assert_func
</UL>
<BR>[Calls]<UL><LI><a href="#[69]">&gt;&gt;</a>&nbsp;&nbsp;&nbsp;wifi_init_params
<LI><a href="#[6a]">&gt;&gt;</a>&nbsp;&nbsp;&nbsp;rw_sysDriverInit
<LI><a href="#[6c]">&gt;&gt;</a>&nbsp;&nbsp;&nbsp;rw_getMacAddr
<LI><a href="#[6b]">&gt;&gt;</a>&nbsp;&nbsp;&nbsp;rw_getLibVersion
<LI><a href="#[68]">&gt;&gt;</a>&nbsp;&nbsp;&nbsp;host_platformInit
<LI><a href="#[66]">&gt;&gt;</a>&nbsp;&nbsp;&nbsp;clean_filename
<LI><a href="#[2e]">&gt;&gt;</a>&nbsp;&nbsp;&nbsp;get_stamp
<LI><a href="#[45]">&gt;&gt;</a>&nbsp;&nbsp;&nbsp;__aeabi_memclr4
<LI><a href="#[48]">&gt;&gt;</a>&nbsp;&nbsp;&nbsp;__2printf
</UL>
<BR>[Called By]<UL><LI><a href="#[26]">&gt;&gt;</a>&nbsp;&nbsp;&nbsp;main
</UL>

<P><STRONG><a name="[26]"></a>main</STRONG> (Thumb, 154 bytes, Stack size 0 bytes, tcpudp_test.o(.text))
<BR><BR>[Stack]<UL><LI>Max Depth = 816<LI>Call Chain = main &rArr; platform_init &rArr; rw_sysDriverInit &rArr; _set_power &rArr; ath_ioctl_handler &rArr; Api_DriverAccessCheck &rArr; Custom_Driver_WaitForCondition &rArr; Driver_Main &rArr; Driver_TxReady &rArr; Htc_GetCreditCounterUpdate &rArr; Htc_ReadCreditCounter &rArr; Hcd_DoPioExternalAccess &rArr; Hcd_TransferData &rArr; Bus_InOutDescriptorSet &rArr; assert_func
</UL>
<BR>[Calls]<UL><LI><a href="#[6e]">&gt;&gt;</a>&nbsp;&nbsp;&nbsp;rw_sysDriverReset
<LI><a href="#[6d]">&gt;&gt;</a>&nbsp;&nbsp;&nbsp;rw_sysDriverLoop
<LI><a href="#[67]">&gt;&gt;</a>&nbsp;&nbsp;&nbsp;platform_init
<LI><a href="#[66]">&gt;&gt;</a>&nbsp;&nbsp;&nbsp;clean_filename
<LI><a href="#[5f]">&gt;&gt;</a>&nbsp;&nbsp;&nbsp;RAK_TcpServer_EventHandle
<LI><a href="#[2e]">&gt;&gt;</a>&nbsp;&nbsp;&nbsp;get_stamp
<LI><a href="#[4b]">&gt;&gt;</a>&nbsp;&nbsp;&nbsp;rw_network_startSTA
<LI><a href="#[44]">&gt;&gt;</a>&nbsp;&nbsp;&nbsp;rw_appdemo_context_init
<LI><a href="#[48]">&gt;&gt;</a>&nbsp;&nbsp;&nbsp;__2printf
</UL>
<BR>[Address Reference Count : 1]<UL><LI> entry9a.o(.ARM.Collect$$$$0000000B)
</UL>
<P><STRONG><a name="[70]"></a>UART_TxByte</STRONG> (Thumb, 18 bytes, Stack size 0 bytes, bsp.o(.text))
<BR><BR>[Called By]<UL><LI><a href="#[87]">&gt;&gt;</a>&nbsp;&nbsp;&nbsp;Print_UART_TxBuf
<LI><a href="#[3c]">&gt;&gt;</a>&nbsp;&nbsp;&nbsp;fputc
</UL>

<P><STRONG><a name="[3c]"></a>fputc</STRONG> (Thumb, 18 bytes, Stack size 12 bytes, bsp.o(.text))
<BR><BR>[Stack]<UL><LI>Max Depth = 12<LI>Call Chain = fputc
</UL>
<BR>[Calls]<UL><LI><a href="#[70]">&gt;&gt;</a>&nbsp;&nbsp;&nbsp;UART_TxByte
</UL>
<BR>[Address Reference Count : 1]<UL><LI> printf8.o(i.__0printf$8)
</UL>
<P><STRONG><a name="[e]"></a>TMR0_IRQHandler</STRONG> (Thumb, 18 bytes, Stack size 0 bytes, bsp.o(.text))
<BR>[Address Reference Count : 1]<UL><LI> startup_nano1xx.o(RESET)
</UL>
<P><STRONG><a name="[74]"></a>SYS_Config</STRONG> (Thumb, 28 bytes, Stack size 8 bytes, bsp.o(.text))
<BR><BR>[Stack]<UL><LI>Max Depth = 148<LI>Call Chain = SYS_Config &rArr; set_sys_clock &rArr; SYS_InitChipClock &rArr; SYS_SelectHCLKSource &rArr; SystemCoreClockUpdate &rArr; SysGet_HCLKFreq &rArr; SysGet_PLLClockFreq &rArr; __aeabi_uidivmod
</UL>
<BR>[Calls]<UL><LI><a href="#[71]">&gt;&gt;</a>&nbsp;&nbsp;&nbsp;set_sys_clock
</UL>
<BR>[Called By]<UL><LI><a href="#[68]">&gt;&gt;</a>&nbsp;&nbsp;&nbsp;host_platformInit
</UL>

<P><STRONG><a name="[75]"></a>Print_UART_Init</STRONG> (Thumb, 44 bytes, Stack size 32 bytes, bsp.o(.text))
<BR><BR>[Stack]<UL><LI>Max Depth = 116<LI>Call Chain = Print_UART_Init &rArr; UART_Init &rArr; UART_GetUartClk &rArr; SYS_GetPLLClockFreq &rArr; __aeabi_uidivmod
</UL>
<BR>[Calls]<UL><LI><a href="#[77]">&gt;&gt;</a>&nbsp;&nbsp;&nbsp;UART_Init
<LI><a href="#[76]">&gt;&gt;</a>&nbsp;&nbsp;&nbsp;__aeabi_memcpy4
</UL>
<BR>[Called By]<UL><LI><a href="#[68]">&gt;&gt;</a>&nbsp;&nbsp;&nbsp;host_platformInit
</UL>

<P><STRONG><a name="[78]"></a>TIMER_Tick_Config</STRONG> (Thumb, 48 bytes, Stack size 8 bytes, bsp.o(.text))
<BR><BR>[Stack]<UL><LI>Max Depth = 24<LI>Call Chain = TIMER_Tick_Config &rArr; TIMER_EnableInt
</UL>
<BR>[Calls]<UL><LI><a href="#[79]">&gt;&gt;</a>&nbsp;&nbsp;&nbsp;TIMER_Init
<LI><a href="#[7a]">&gt;&gt;</a>&nbsp;&nbsp;&nbsp;TIMER_EnableInt
</UL>
<BR>[Called By]<UL><LI><a href="#[68]">&gt;&gt;</a>&nbsp;&nbsp;&nbsp;host_platformInit
</UL>

<P><STRONG><a name="[68]"></a>host_platformInit</STRONG> (Thumb, 16 bytes, Stack size 8 bytes, bsp.o(.text))
<BR><BR>[Stack]<UL><LI>Max Depth = 156<LI>Call Chain = host_platformInit &rArr; SYS_Config &rArr; set_sys_clock &rArr; SYS_InitChipClock &rArr; SYS_SelectHCLKSource &rArr; SystemCoreClockUpdate &rArr; SysGet_HCLKFreq &rArr; SysGet_PLLClockFreq &rArr; __aeabi_uidivmod
</UL>
<BR>[Calls]<UL><LI><a href="#[78]">&gt;&gt;</a>&nbsp;&nbsp;&nbsp;TIMER_Tick_Config
<LI><a href="#[75]">&gt;&gt;</a>&nbsp;&nbsp;&nbsp;Print_UART_Init
<LI><a href="#[74]">&gt;&gt;</a>&nbsp;&nbsp;&nbsp;SYS_Config
</UL>
<BR>[Called By]<UL><LI><a href="#[67]">&gt;&gt;</a>&nbsp;&nbsp;&nbsp;platform_init
</UL>

<P><STRONG><a name="[7b]"></a>WIFI_SPI_Init</STRONG> (Thumb, 174 bytes, Stack size 24 bytes, bsp.o(.text))
<BR><BR>[Stack]<UL><LI>Max Depth = 132<LI>Call Chain = WIFI_SPI_Init &rArr; SPI_SetClockFreq &rArr; SPI_GetSourceClockFreq &rArr; SYS_GetHCLKFreq &rArr; SYS_GetPLLClockFreq &rArr; __aeabi_uidivmod
</UL>
<BR>[Calls]<UL><LI><a href="#[7f]">&gt;&gt;</a>&nbsp;&nbsp;&nbsp;SPI_SetFIFOMode
<LI><a href="#[7e]">&gt;&gt;</a>&nbsp;&nbsp;&nbsp;SPI_SetClockFreq
<LI><a href="#[7d]">&gt;&gt;</a>&nbsp;&nbsp;&nbsp;SPI_Open
<LI><a href="#[7c]">&gt;&gt;</a>&nbsp;&nbsp;&nbsp;SPI_Init
</UL>
<BR>[Called By]<UL><LI><a href="#[29]">&gt;&gt;</a>&nbsp;&nbsp;&nbsp;_init_interface
</UL>

<P><STRONG><a name="[80]"></a>WIFI_INT_Init</STRONG> (Thumb, 42 bytes, Stack size 8 bytes, bsp.o(.text))
<BR><BR>[Stack]<UL><LI>Max Depth = 32<LI>Call Chain = WIFI_INT_Init &rArr; GPIO_EnableEINT1
</UL>
<BR>[Calls]<UL><LI><a href="#[81]">&gt;&gt;</a>&nbsp;&nbsp;&nbsp;GPIO_EnableEINT1
</UL>
<BR>[Called By]<UL><LI><a href="#[29]">&gt;&gt;</a>&nbsp;&nbsp;&nbsp;_init_interface
</UL>

<P><STRONG><a name="[82]"></a>WIFI_GPIO_Init</STRONG> (Thumb, 76 bytes, Stack size 8 bytes, bsp.o(.text))
<BR><BR>[Stack]<UL><LI>Max Depth = 8<LI>Call Chain = WIFI_GPIO_Init
</UL>
<BR>[Calls]<UL><LI><a href="#[83]">&gt;&gt;</a>&nbsp;&nbsp;&nbsp;GPIO_Open
</UL>
<BR>[Called By]<UL><LI><a href="#[29]">&gt;&gt;</a>&nbsp;&nbsp;&nbsp;_init_interface
</UL>

<P><STRONG><a name="[84]"></a>WIFI_SPI_Deinit</STRONG> (Thumb, 16 bytes, Stack size 8 bytes, bsp.o(.text))
<BR><BR>[Stack]<UL><LI>Max Depth = 16<LI>Call Chain = WIFI_SPI_Deinit &rArr; SPI_Close
</UL>
<BR>[Calls]<UL><LI><a href="#[86]">&gt;&gt;</a>&nbsp;&nbsp;&nbsp;SPI_DeInit
<LI><a href="#[85]">&gt;&gt;</a>&nbsp;&nbsp;&nbsp;SPI_Close
</UL>
<BR>[Called By]<UL><LI><a href="#[2a]">&gt;&gt;</a>&nbsp;&nbsp;&nbsp;_deinit_interface
</UL>

<P><STRONG><a name="[87]"></a>Print_UART_TxBuf</STRONG> (Thumb, 30 bytes, Stack size 16 bytes, bsp.o(.text), UNUSED)
<BR><BR>[Calls]<UL><LI><a href="#[70]">&gt;&gt;</a>&nbsp;&nbsp;&nbsp;UART_TxByte
</UL>

<P><STRONG><a name="[2]"></a>HardFault_Handler</STRONG> (Thumb, 4 bytes, Stack size 0 bytes, bsp.o(.text))
<BR>[Address Reference Count : 1]<UL><LI> startup_nano1xx.o(RESET)
</UL>
<P><STRONG><a name="[88]"></a>GPIO_EnableInt</STRONG> (Thumb, 86 bytes, Stack size 24 bytes, nano1xx_gpio.o(.text), UNUSED)
<BR><BR>[Calls]<UL><LI><a href="#[89]">&gt;&gt;</a>&nbsp;&nbsp;&nbsp;NVIC_EnableIRQ
</UL>

<P><STRONG><a name="[8a]"></a>GPIO_DisableInt</STRONG> (Thumb, 84 bytes, Stack size 16 bytes, nano1xx_gpio.o(.text), UNUSED)
<BR><BR>[Calls]<UL><LI><a href="#[8b]">&gt;&gt;</a>&nbsp;&nbsp;&nbsp;NVIC_DisableIRQ
</UL>

<P><STRONG><a name="[8c]"></a>GPIO_EnableEINT0</STRONG> (Thumb, 36 bytes, Stack size 24 bytes, nano1xx_gpio.o(.text), UNUSED)
<BR><BR>[Calls]<UL><LI><a href="#[89]">&gt;&gt;</a>&nbsp;&nbsp;&nbsp;NVIC_EnableIRQ
</UL>

<P><STRONG><a name="[8d]"></a>GPIO_DisableEINT0</STRONG> (Thumb, 34 bytes, Stack size 16 bytes, nano1xx_gpio.o(.text), UNUSED)
<BR><BR>[Calls]<UL><LI><a href="#[8b]">&gt;&gt;</a>&nbsp;&nbsp;&nbsp;NVIC_DisableIRQ
</UL>

<P><STRONG><a name="[81]"></a>GPIO_EnableEINT1</STRONG> (Thumb, 36 bytes, Stack size 24 bytes, nano1xx_gpio.o(.text))
<BR><BR>[Stack]<UL><LI>Max Depth = 24<LI>Call Chain = GPIO_EnableEINT1
</UL>
<BR>[Calls]<UL><LI><a href="#[89]">&gt;&gt;</a>&nbsp;&nbsp;&nbsp;NVIC_EnableIRQ
</UL>
<BR>[Called By]<UL><LI><a href="#[80]">&gt;&gt;</a>&nbsp;&nbsp;&nbsp;WIFI_INT_Init
</UL>

<P><STRONG><a name="[8e]"></a>GPIO_DisableEINT1</STRONG> (Thumb, 34 bytes, Stack size 16 bytes, nano1xx_gpio.o(.text), UNUSED)
<BR><BR>[Calls]<UL><LI><a href="#[8b]">&gt;&gt;</a>&nbsp;&nbsp;&nbsp;NVIC_DisableIRQ
</UL>

<P><STRONG><a name="[7c]"></a>SPI_Init</STRONG> (Thumb, 64 bytes, Stack size 0 bytes, nano1xx_spi.o(.text))
<BR><BR>[Called By]<UL><LI><a href="#[7b]">&gt;&gt;</a>&nbsp;&nbsp;&nbsp;WIFI_SPI_Init
</UL>

<P><STRONG><a name="[86]"></a>SPI_DeInit</STRONG> (Thumb, 64 bytes, Stack size 0 bytes, nano1xx_spi.o(.text))
<BR><BR>[Called By]<UL><LI><a href="#[84]">&gt;&gt;</a>&nbsp;&nbsp;&nbsp;WIFI_SPI_Deinit
</UL>

<P><STRONG><a name="[7d]"></a>SPI_Open</STRONG> (Thumb, 220 bytes, Stack size 8 bytes, nano1xx_spi.o(.text))
<BR><BR>[Stack]<UL><LI>Max Depth = 8<LI>Call Chain = SPI_Open
</UL>
<BR>[Called By]<UL><LI><a href="#[7b]">&gt;&gt;</a>&nbsp;&nbsp;&nbsp;WIFI_SPI_Init
</UL>

<P><STRONG><a name="[85]"></a>SPI_Close</STRONG> (Thumb, 46 bytes, Stack size 8 bytes, nano1xx_spi.o(.text))
<BR><BR>[Stack]<UL><LI>Max Depth = 8<LI>Call Chain = SPI_Close
</UL>
<BR>[Calls]<UL><LI><a href="#[8f]">&gt;&gt;</a>&nbsp;&nbsp;&nbsp;NVIC_DisableIRQ
</UL>
<BR>[Called By]<UL><LI><a href="#[84]">&gt;&gt;</a>&nbsp;&nbsp;&nbsp;WIFI_SPI_Deinit
</UL>

<P><STRONG><a name="[1cb]"></a>SPI_SetBitLength</STRONG> (Thumb, 20 bytes, Stack size 0 bytes, nano1xx_spi.o(.text), UNUSED)

<P><STRONG><a name="[1cc]"></a>SPI_SetSuspendCycle</STRONG> (Thumb, 46 bytes, Stack size 0 bytes, nano1xx_spi.o(.text), UNUSED)

<P><STRONG><a name="[90]"></a>SPI_GetSourceClockFreq</STRONG> (Thumb, 90 bytes, Stack size 16 bytes, nano1xx_spi.o(.text))
<BR><BR>[Stack]<UL><LI>Max Depth = 76<LI>Call Chain = SPI_GetSourceClockFreq &rArr; SYS_GetHCLKFreq &rArr; SYS_GetPLLClockFreq &rArr; __aeabi_uidivmod
</UL>
<BR>[Calls]<UL><LI><a href="#[91]">&gt;&gt;</a>&nbsp;&nbsp;&nbsp;SYS_GetPLLClockFreq
<LI><a href="#[92]">&gt;&gt;</a>&nbsp;&nbsp;&nbsp;SYS_GetHCLKFreq
</UL>
<BR>[Called By]<UL><LI><a href="#[95]">&gt;&gt;</a>&nbsp;&nbsp;&nbsp;SPI_GetClock2Freq
<LI><a href="#[94]">&gt;&gt;</a>&nbsp;&nbsp;&nbsp;SPI_GetClock1Freq
<LI><a href="#[7e]">&gt;&gt;</a>&nbsp;&nbsp;&nbsp;SPI_SetClockFreq
</UL>

<P><STRONG><a name="[7e]"></a>SPI_SetClockFreq</STRONG> (Thumb, 172 bytes, Stack size 32 bytes, nano1xx_spi.o(.text))
<BR><BR>[Stack]<UL><LI>Max Depth = 108<LI>Call Chain = SPI_SetClockFreq &rArr; SPI_GetSourceClockFreq &rArr; SYS_GetHCLKFreq &rArr; SYS_GetPLLClockFreq &rArr; __aeabi_uidivmod
</UL>
<BR>[Calls]<UL><LI><a href="#[90]">&gt;&gt;</a>&nbsp;&nbsp;&nbsp;SPI_GetSourceClockFreq
<LI><a href="#[93]">&gt;&gt;</a>&nbsp;&nbsp;&nbsp;__aeabi_uidivmod
</UL>
<BR>[Called By]<UL><LI><a href="#[7b]">&gt;&gt;</a>&nbsp;&nbsp;&nbsp;WIFI_SPI_Init
</UL>

<P><STRONG><a name="[94]"></a>SPI_GetClock1Freq</STRONG> (Thumb, 34 bytes, Stack size 16 bytes, nano1xx_spi.o(.text))
<BR><BR>[Stack]<UL><LI>Max Depth = 92<LI>Call Chain = SPI_GetClock1Freq &rArr; SPI_GetSourceClockFreq &rArr; SYS_GetHCLKFreq &rArr; SYS_GetPLLClockFreq &rArr; __aeabi_uidivmod
</UL>
<BR>[Calls]<UL><LI><a href="#[90]">&gt;&gt;</a>&nbsp;&nbsp;&nbsp;SPI_GetSourceClockFreq
<LI><a href="#[93]">&gt;&gt;</a>&nbsp;&nbsp;&nbsp;__aeabi_uidivmod
</UL>
<BR>[Called By]<UL><LI><a href="#[29]">&gt;&gt;</a>&nbsp;&nbsp;&nbsp;_init_interface
</UL>

<P><STRONG><a name="[95]"></a>SPI_GetClock2Freq</STRONG> (Thumb, 32 bytes, Stack size 16 bytes, nano1xx_spi.o(.text), UNUSED)
<BR><BR>[Calls]<UL><LI><a href="#[90]">&gt;&gt;</a>&nbsp;&nbsp;&nbsp;SPI_GetSourceClockFreq
<LI><a href="#[93]">&gt;&gt;</a>&nbsp;&nbsp;&nbsp;__aeabi_uidivmod
</UL>

<P><STRONG><a name="[96]"></a>SPI_EnableInt</STRONG> (Thumb, 56 bytes, Stack size 8 bytes, nano1xx_spi.o(.text), UNUSED)
<BR><BR>[Calls]<UL><LI><a href="#[97]">&gt;&gt;</a>&nbsp;&nbsp;&nbsp;NVIC_EnableIRQ
</UL>

<P><STRONG><a name="[98]"></a>SPI_DisableInt</STRONG> (Thumb, 88 bytes, Stack size 8 bytes, nano1xx_spi.o(.text), UNUSED)
<BR><BR>[Calls]<UL><LI><a href="#[8f]">&gt;&gt;</a>&nbsp;&nbsp;&nbsp;NVIC_DisableIRQ
</UL>

<P><STRONG><a name="[1cd]"></a>SPI_SingleRead</STRONG> (Thumb, 32 bytes, Stack size 0 bytes, nano1xx_spi.o(.text), UNUSED)

<P><STRONG><a name="[1ce]"></a>SPI_SingleWrite</STRONG> (Thumb, 32 bytes, Stack size 0 bytes, nano1xx_spi.o(.text), UNUSED)

<P><STRONG><a name="[1cf]"></a>SPI_DumpRxRegister</STRONG> (Thumb, 18 bytes, Stack size 0 bytes, nano1xx_spi.o(.text), UNUSED)

<P><STRONG><a name="[1d0]"></a>SPI_SetTxRegister</STRONG> (Thumb, 18 bytes, Stack size 0 bytes, nano1xx_spi.o(.text), UNUSED)

<P><STRONG><a name="[1d1]"></a>SPI_SetTxPDMA</STRONG> (Thumb, 24 bytes, Stack size 0 bytes, nano1xx_spi.o(.text), UNUSED)

<P><STRONG><a name="[1d2]"></a>SPI_SetRxPDMA</STRONG> (Thumb, 24 bytes, Stack size 0 bytes, nano1xx_spi.o(.text), UNUSED)

<P><STRONG><a name="[99]"></a>SPI_Enable3WireStartInt</STRONG> (Thumb, 80 bytes, Stack size 8 bytes, nano1xx_spi.o(.text), UNUSED)
<BR><BR>[Calls]<UL><LI><a href="#[97]">&gt;&gt;</a>&nbsp;&nbsp;&nbsp;NVIC_EnableIRQ
<LI><a href="#[9a]">&gt;&gt;</a>&nbsp;&nbsp;&nbsp;NVIC_SetPriority
</UL>

<P><STRONG><a name="[9b]"></a>SPI_Disable3WireStartInt</STRONG> (Thumb, 56 bytes, Stack size 8 bytes, nano1xx_spi.o(.text), UNUSED)
<BR><BR>[Calls]<UL><LI><a href="#[8f]">&gt;&gt;</a>&nbsp;&nbsp;&nbsp;NVIC_DisableIRQ
</UL>

<P><STRONG><a name="[1d3]"></a>SPI_WakeupConfigure</STRONG> (Thumb, 26 bytes, Stack size 0 bytes, nano1xx_spi.o(.text), UNUSED)

<P><STRONG><a name="[7f]"></a>SPI_SetFIFOMode</STRONG> (Thumb, 44 bytes, Stack size 8 bytes, nano1xx_spi.o(.text))
<BR><BR>[Stack]<UL><LI>Max Depth = 8<LI>Call Chain = SPI_SetFIFOMode
</UL>
<BR>[Called By]<UL><LI><a href="#[7b]">&gt;&gt;</a>&nbsp;&nbsp;&nbsp;WIFI_SPI_Init
</UL>

<P><STRONG><a name="[1d4]"></a>SPI_FIFOWrite8</STRONG> (Thumb, 54 bytes, Stack size 16 bytes, nano1xx_spi.o(.text), UNUSED)

<P><STRONG><a name="[1d5]"></a>SPI_FIFOWrite16</STRONG> (Thumb, 56 bytes, Stack size 16 bytes, nano1xx_spi.o(.text), UNUSED)

<P><STRONG><a name="[1d6]"></a>SPI_FIFOWrite32</STRONG> (Thumb, 56 bytes, Stack size 16 bytes, nano1xx_spi.o(.text), UNUSED)

<P><STRONG><a name="[1d7]"></a>SPI_FIFORead8</STRONG> (Thumb, 54 bytes, Stack size 12 bytes, nano1xx_spi.o(.text), UNUSED)

<P><STRONG><a name="[1d8]"></a>SPI_FIFORead16</STRONG> (Thumb, 56 bytes, Stack size 16 bytes, nano1xx_spi.o(.text), UNUSED)

<P><STRONG><a name="[1d9]"></a>SPI_FIFORead32</STRONG> (Thumb, 56 bytes, Stack size 16 bytes, nano1xx_spi.o(.text), UNUSED)

<P><STRONG><a name="[1da]"></a>SPI_FIFOReadWrite8</STRONG> (Thumb, 156 bytes, Stack size 36 bytes, nano1xx_spi.o(.text), UNUSED)

<P><STRONG><a name="[1db]"></a>SPI_FIFOReadWrite16</STRONG> (Thumb, 170 bytes, Stack size 36 bytes, nano1xx_spi.o(.text), UNUSED)

<P><STRONG><a name="[1dc]"></a>SPI_FIFOReadWrite32</STRONG> (Thumb, 158 bytes, Stack size 36 bytes, nano1xx_spi.o(.text), UNUSED)

<P><STRONG><a name="[9c]"></a>SYS_SelectHCLKSource</STRONG> (Thumb, 54 bytes, Stack size 8 bytes, nano1xx_sys.o(.text))
<BR><BR>[Stack]<UL><LI>Max Depth = 76<LI>Call Chain = SYS_SelectHCLKSource &rArr; SystemCoreClockUpdate &rArr; SysGet_HCLKFreq &rArr; SysGet_PLLClockFreq &rArr; __aeabi_uidivmod
</UL>
<BR>[Calls]<UL><LI><a href="#[73]">&gt;&gt;</a>&nbsp;&nbsp;&nbsp;SystemCoreClockUpdate
</UL>
<BR>[Called By]<UL><LI><a href="#[72]">&gt;&gt;</a>&nbsp;&nbsp;&nbsp;SYS_InitChipClock
</UL>

<P><STRONG><a name="[1dd]"></a>SYS_SetUpPowerDown</STRONG> (Thumb, 58 bytes, Stack size 0 bytes, nano1xx_sys.o(.text), UNUSED)

<P><STRONG><a name="[91]"></a>SYS_GetPLLClockFreq</STRONG> (Thumb, 120 bytes, Stack size 32 bytes, nano1xx_sys.o(.text))
<BR><BR>[Stack]<UL><LI>Max Depth = 44<LI>Call Chain = SYS_GetPLLClockFreq &rArr; __aeabi_uidivmod
</UL>
<BR>[Calls]<UL><LI><a href="#[93]">&gt;&gt;</a>&nbsp;&nbsp;&nbsp;__aeabi_uidivmod
</UL>
<BR>[Called By]<UL><LI><a href="#[a6]">&gt;&gt;</a>&nbsp;&nbsp;&nbsp;UART_GetUartClk
<LI><a href="#[92]">&gt;&gt;</a>&nbsp;&nbsp;&nbsp;SYS_GetHCLKFreq
<LI><a href="#[90]">&gt;&gt;</a>&nbsp;&nbsp;&nbsp;SPI_GetSourceClockFreq
</UL>

<P><STRONG><a name="[92]"></a>SYS_GetHCLKFreq</STRONG> (Thumb, 68 bytes, Stack size 16 bytes, nano1xx_sys.o(.text))
<BR><BR>[Stack]<UL><LI>Max Depth = 60<LI>Call Chain = SYS_GetHCLKFreq &rArr; SYS_GetPLLClockFreq &rArr; __aeabi_uidivmod
</UL>
<BR>[Calls]<UL><LI><a href="#[91]">&gt;&gt;</a>&nbsp;&nbsp;&nbsp;SYS_GetPLLClockFreq
<LI><a href="#[93]">&gt;&gt;</a>&nbsp;&nbsp;&nbsp;__aeabi_uidivmod
</UL>
<BR>[Called By]<UL><LI><a href="#[90]">&gt;&gt;</a>&nbsp;&nbsp;&nbsp;SPI_GetSourceClockFreq
</UL>

<P><STRONG><a name="[72]"></a>SYS_InitChipClock</STRONG> (Thumb, 232 bytes, Stack size 24 bytes, nano1xx_sys.o(.text))
<BR><BR>[Stack]<UL><LI>Max Depth = 100<LI>Call Chain = SYS_InitChipClock &rArr; SYS_SelectHCLKSource &rArr; SystemCoreClockUpdate &rArr; SysGet_HCLKFreq &rArr; SysGet_PLLClockFreq &rArr; __aeabi_uidivmod
</UL>
<BR>[Calls]<UL><LI><a href="#[9c]">&gt;&gt;</a>&nbsp;&nbsp;&nbsp;SYS_SelectHCLKSource
</UL>
<BR>[Called By]<UL><LI><a href="#[71]">&gt;&gt;</a>&nbsp;&nbsp;&nbsp;set_sys_clock
</UL>

<P><STRONG><a name="[9d]"></a>SYS_Delay</STRONG> (Thumb, 50 bytes, Stack size 8 bytes, nano1xx_sys.o(.text))
<BR><BR>[Stack]<UL><LI>Max Depth = 20<LI>Call Chain = SYS_Delay &rArr; __aeabi_uidivmod
</UL>
<BR>[Calls]<UL><LI><a href="#[93]">&gt;&gt;</a>&nbsp;&nbsp;&nbsp;__aeabi_uidivmod
</UL>
<BR>[Called By]<UL><LI><a href="#[2d]">&gt;&gt;</a>&nbsp;&nbsp;&nbsp;delay_ms
</UL>

<P><STRONG><a name="[79]"></a>TIMER_Init</STRONG> (Thumb, 90 bytes, Stack size 12 bytes, nano1xx_timer.o(.text))
<BR><BR>[Stack]<UL><LI>Max Depth = 12<LI>Call Chain = TIMER_Init
</UL>
<BR>[Called By]<UL><LI><a href="#[78]">&gt;&gt;</a>&nbsp;&nbsp;&nbsp;TIMER_Tick_Config
</UL>

<P><STRONG><a name="[9e]"></a>TIMER_DeInit</STRONG> (Thumb, 120 bytes, Stack size 8 bytes, nano1xx_timer.o(.text), UNUSED)
<BR><BR>[Calls]<UL><LI><a href="#[9f]">&gt;&gt;</a>&nbsp;&nbsp;&nbsp;NVIC_DisableIRQ
</UL>

<P><STRONG><a name="[7a]"></a>TIMER_EnableInt</STRONG> (Thumb, 66 bytes, Stack size 16 bytes, nano1xx_timer.o(.text))
<BR><BR>[Stack]<UL><LI>Max Depth = 16<LI>Call Chain = TIMER_EnableInt
</UL>
<BR>[Calls]<UL><LI><a href="#[a0]">&gt;&gt;</a>&nbsp;&nbsp;&nbsp;NVIC_EnableIRQ
</UL>
<BR>[Called By]<UL><LI><a href="#[78]">&gt;&gt;</a>&nbsp;&nbsp;&nbsp;TIMER_Tick_Config
</UL>

<P><STRONG><a name="[a1]"></a>TIMER_DisableInt</STRONG> (Thumb, 68 bytes, Stack size 16 bytes, nano1xx_timer.o(.text), UNUSED)
<BR><BR>[Calls]<UL><LI><a href="#[9f]">&gt;&gt;</a>&nbsp;&nbsp;&nbsp;NVIC_DisableIRQ
</UL>

<P><STRONG><a name="[1de]"></a>TIMER_ConfigTriggerEvent</STRONG> (Thumb, 22 bytes, Stack size 12 bytes, nano1xx_timer.o(.text), UNUSED)

<P><STRONG><a name="[1df]"></a>WDT_Init</STRONG> (Thumb, 40 bytes, Stack size 8 bytes, nano1xx_timer.o(.text), UNUSED)

<P><STRONG><a name="[a2]"></a>WDT_DeInit</STRONG> (Thumb, 56 bytes, Stack size 8 bytes, nano1xx_timer.o(.text), UNUSED)
<BR><BR>[Calls]<UL><LI><a href="#[a0]">&gt;&gt;</a>&nbsp;&nbsp;&nbsp;NVIC_EnableIRQ
</UL>

<P><STRONG><a name="[a3]"></a>WDT_EnableInt</STRONG> (Thumb, 28 bytes, Stack size 8 bytes, nano1xx_timer.o(.text), UNUSED)
<BR><BR>[Calls]<UL><LI><a href="#[a0]">&gt;&gt;</a>&nbsp;&nbsp;&nbsp;NVIC_EnableIRQ
</UL>

<P><STRONG><a name="[a4]"></a>WDT_DisableInt</STRONG> (Thumb, 34 bytes, Stack size 8 bytes, nano1xx_timer.o(.text), UNUSED)
<BR><BR>[Calls]<UL><LI><a href="#[a0]">&gt;&gt;</a>&nbsp;&nbsp;&nbsp;NVIC_EnableIRQ
</UL>

<P><STRONG><a name="[1e0]"></a>WWDT_Init</STRONG> (Thumb, 26 bytes, Stack size 0 bytes, nano1xx_timer.o(.text), UNUSED)

<P><STRONG><a name="[1e1]"></a>WWDT_DeInit</STRONG> (Thumb, 2 bytes, Stack size 0 bytes, nano1xx_timer.o(.text), UNUSED)

<P><STRONG><a name="[1e2]"></a>WWDT_IsResetSource</STRONG> (Thumb, 24 bytes, Stack size 0 bytes, nano1xx_timer.o(.text), UNUSED)

<P><STRONG><a name="[a5]"></a>WWDT_EnableInterrupt</STRONG> (Thumb, 16 bytes, Stack size 8 bytes, nano1xx_timer.o(.text), UNUSED)
<BR><BR>[Calls]<UL><LI><a href="#[a0]">&gt;&gt;</a>&nbsp;&nbsp;&nbsp;NVIC_EnableIRQ
</UL>

<P><STRONG><a name="[a6]"></a>UART_GetUartClk</STRONG> (Thumb, 82 bytes, Stack size 16 bytes, nano1xx_uart.o(.text))
<BR><BR>[Stack]<UL><LI>Max Depth = 60<LI>Call Chain = UART_GetUartClk &rArr; SYS_GetPLLClockFreq &rArr; __aeabi_uidivmod
</UL>
<BR>[Calls]<UL><LI><a href="#[91]">&gt;&gt;</a>&nbsp;&nbsp;&nbsp;SYS_GetPLLClockFreq
<LI><a href="#[93]">&gt;&gt;</a>&nbsp;&nbsp;&nbsp;__aeabi_uidivmod
</UL>
<BR>[Called By]<UL><LI><a href="#[77]">&gt;&gt;</a>&nbsp;&nbsp;&nbsp;UART_Init
</UL>

<P><STRONG><a name="[1e3]"></a>UART_SetRTS</STRONG> (Thumb, 46 bytes, Stack size 12 bytes, nano1xx_uart.o(.text), UNUSED)

<P><STRONG><a name="[77]"></a>UART_Init</STRONG> (Thumb, 260 bytes, Stack size 24 bytes, nano1xx_uart.o(.text))
<BR><BR>[Stack]<UL><LI>Max Depth = 84<LI>Call Chain = UART_Init &rArr; UART_GetUartClk &rArr; SYS_GetPLLClockFreq &rArr; __aeabi_uidivmod
</UL>
<BR>[Calls]<UL><LI><a href="#[a6]">&gt;&gt;</a>&nbsp;&nbsp;&nbsp;UART_GetUartClk
<LI><a href="#[93]">&gt;&gt;</a>&nbsp;&nbsp;&nbsp;__aeabi_uidivmod
</UL>
<BR>[Called By]<UL><LI><a href="#[75]">&gt;&gt;</a>&nbsp;&nbsp;&nbsp;Print_UART_Init
</UL>

<P><STRONG><a name="[a7]"></a>UART_DeInit</STRONG> (Thumb, 66 bytes, Stack size 8 bytes, nano1xx_uart.o(.text), UNUSED)
<BR><BR>[Calls]<UL><LI><a href="#[a8]">&gt;&gt;</a>&nbsp;&nbsp;&nbsp;NVIC_DisableIRQ
</UL>

<P><STRONG><a name="[a9]"></a>UART_EnableInt</STRONG> (Thumb, 30 bytes, Stack size 16 bytes, nano1xx_uart.o(.text), UNUSED)
<BR><BR>[Calls]<UL><LI><a href="#[aa]">&gt;&gt;</a>&nbsp;&nbsp;&nbsp;NVIC_EnableIRQ
</UL>

<P><STRONG><a name="[ab]"></a>UART_DisableInt</STRONG> (Thumb, 34 bytes, Stack size 16 bytes, nano1xx_uart.o(.text), UNUSED)
<BR><BR>[Calls]<UL><LI><a href="#[a8]">&gt;&gt;</a>&nbsp;&nbsp;&nbsp;NVIC_DisableIRQ
</UL>

<P><STRONG><a name="[1e4]"></a>UART_ClearIntFlag</STRONG> (Thumb, 144 bytes, Stack size 0 bytes, nano1xx_uart.o(.text), UNUSED)

<P><STRONG><a name="[1e5]"></a>UART_GetIntStatus</STRONG> (Thumb, 142 bytes, Stack size 0 bytes, nano1xx_uart.o(.text), UNUSED)

<P><STRONG><a name="[1e6]"></a>DrvUART_GetCTSInfo</STRONG> (Thumb, 26 bytes, Stack size 8 bytes, nano1xx_uart.o(.text), UNUSED)

<P><STRONG><a name="[1e7]"></a>UART_Read</STRONG> (Thumb, 52 bytes, Stack size 16 bytes, nano1xx_uart.o(.text), UNUSED)

<P><STRONG><a name="[1e8]"></a>UART_Write</STRONG> (Thumb, 54 bytes, Stack size 16 bytes, nano1xx_uart.o(.text), UNUSED)

<P><STRONG><a name="[1e9]"></a>UART_SetFnIRDA</STRONG> (Thumb, 42 bytes, Stack size 0 bytes, nano1xx_uart.o(.text), UNUSED)

<P><STRONG><a name="[1ea]"></a>UART_SetFnLIN</STRONG> (Thumb, 86 bytes, Stack size 8 bytes, nano1xx_uart.o(.text), UNUSED)

<P><STRONG><a name="[1eb]"></a>UART_SetFnRS485</STRONG> (Thumb, 82 bytes, Stack size 8 bytes, nano1xx_uart.o(.text), UNUSED)

<P><STRONG><a name="[0]"></a>Reset_Handler</STRONG> (Thumb, 32 bytes, Stack size 0 bytes, startup_nano1xx.o(.text))
<BR>[Address Reference Count : 1]<UL><LI> startup_nano1xx.o(RESET)
</UL>
<P><STRONG><a name="[1]"></a>NMI_Handler</STRONG> (Thumb, 2 bytes, Stack size 0 bytes, startup_nano1xx.o(.text))
<BR><BR>[Calls]<UL><LI><a href="#[1]">&gt;&gt;</a>&nbsp;&nbsp;&nbsp;NMI_Handler
</UL>
<BR>[Called By]<UL><LI><a href="#[1]">&gt;&gt;</a>&nbsp;&nbsp;&nbsp;NMI_Handler
</UL>
<BR>[Address Reference Count : 1]<UL><LI> startup_nano1xx.o(RESET)
</UL>
<P><STRONG><a name="[3]"></a>SVC_Handler</STRONG> (Thumb, 2 bytes, Stack size 0 bytes, startup_nano1xx.o(.text))
<BR><BR>[Calls]<UL><LI><a href="#[3]">&gt;&gt;</a>&nbsp;&nbsp;&nbsp;SVC_Handler
</UL>
<BR>[Called By]<UL><LI><a href="#[3]">&gt;&gt;</a>&nbsp;&nbsp;&nbsp;SVC_Handler
</UL>
<BR>[Address Reference Count : 1]<UL><LI> startup_nano1xx.o(RESET)
</UL>
<P><STRONG><a name="[4]"></a>PendSV_Handler</STRONG> (Thumb, 2 bytes, Stack size 0 bytes, startup_nano1xx.o(.text))
<BR><BR>[Calls]<UL><LI><a href="#[4]">&gt;&gt;</a>&nbsp;&nbsp;&nbsp;PendSV_Handler
</UL>
<BR>[Called By]<UL><LI><a href="#[4]">&gt;&gt;</a>&nbsp;&nbsp;&nbsp;PendSV_Handler
</UL>
<BR>[Address Reference Count : 1]<UL><LI> startup_nano1xx.o(RESET)
</UL>
<P><STRONG><a name="[5]"></a>SysTick_Handler</STRONG> (Thumb, 2 bytes, Stack size 0 bytes, startup_nano1xx.o(.text))
<BR><BR>[Calls]<UL><LI><a href="#[5]">&gt;&gt;</a>&nbsp;&nbsp;&nbsp;SysTick_Handler
</UL>
<BR>[Called By]<UL><LI><a href="#[5]">&gt;&gt;</a>&nbsp;&nbsp;&nbsp;SysTick_Handler
</UL>
<BR>[Address Reference Count : 1]<UL><LI> startup_nano1xx.o(RESET)
</UL>
<P><STRONG><a name="[23]"></a>ADC_IRQHandler</STRONG> (Thumb, 0 bytes, Stack size 0 bytes, startup_nano1xx.o(.text))
<BR><BR>[Calls]<UL><LI><a href="#[23]">&gt;&gt;</a>&nbsp;&nbsp;&nbsp;ADC_IRQHandler
</UL>
<BR>[Called By]<UL><LI><a href="#[23]">&gt;&gt;</a>&nbsp;&nbsp;&nbsp;ADC_IRQHandler
</UL>
<BR>[Address Reference Count : 1]<UL><LI> startup_nano1xx.o(RESET)
</UL>
<P><STRONG><a name="[6]"></a>BOD_IRQHandler</STRONG> (Thumb, 0 bytes, Stack size 0 bytes, startup_nano1xx.o(.text))
<BR>[Address Reference Count : 1]<UL><LI> startup_nano1xx.o(RESET)
</UL>
<P><STRONG><a name="[24]"></a>DAC_IRQHandler</STRONG> (Thumb, 0 bytes, Stack size 0 bytes, startup_nano1xx.o(.text))
<BR>[Address Reference Count : 1]<UL><LI> startup_nano1xx.o(RESET)
</UL>
<P><STRONG><a name="[8]"></a>EINT0_IRQHandler</STRONG> (Thumb, 0 bytes, Stack size 0 bytes, startup_nano1xx.o(.text))
<BR>[Address Reference Count : 1]<UL><LI> startup_nano1xx.o(RESET)
</UL>
<P><STRONG><a name="[a]"></a>GPABC_IRQHandler</STRONG> (Thumb, 0 bytes, Stack size 0 bytes, startup_nano1xx.o(.text))
<BR>[Address Reference Count : 1]<UL><LI> startup_nano1xx.o(RESET)
</UL>
<P><STRONG><a name="[b]"></a>GPDEF_IRQHandler</STRONG> (Thumb, 0 bytes, Stack size 0 bytes, startup_nano1xx.o(.text))
<BR>[Address Reference Count : 1]<UL><LI> startup_nano1xx.o(RESET)
</UL>
<P><STRONG><a name="[17]"></a>HIRC_IRQHandler</STRONG> (Thumb, 0 bytes, Stack size 0 bytes, startup_nano1xx.o(.text))
<BR>[Address Reference Count : 1]<UL><LI> startup_nano1xx.o(RESET)
</UL>
<P><STRONG><a name="[18]"></a>I2C0_IRQHandler</STRONG> (Thumb, 0 bytes, Stack size 0 bytes, startup_nano1xx.o(.text))
<BR>[Address Reference Count : 1]<UL><LI> startup_nano1xx.o(RESET)
</UL>
<P><STRONG><a name="[19]"></a>I2C1_IRQHandler</STRONG> (Thumb, 0 bytes, Stack size 0 bytes, startup_nano1xx.o(.text))
<BR>[Address Reference Count : 1]<UL><LI> startup_nano1xx.o(RESET)
</UL>
<P><STRONG><a name="[21]"></a>I2S_IRQHandler</STRONG> (Thumb, 0 bytes, Stack size 0 bytes, startup_nano1xx.o(.text))
<BR>[Address Reference Count : 1]<UL><LI> startup_nano1xx.o(RESET)
</UL>
<P><STRONG><a name="[1f]"></a>LCD_IRQHandler</STRONG> (Thumb, 0 bytes, Stack size 0 bytes, startup_nano1xx.o(.text))
<BR>[Address Reference Count : 1]<UL><LI> startup_nano1xx.o(RESET)
</UL>
<P><STRONG><a name="[22]"></a>PDWU_IRQHandler</STRONG> (Thumb, 0 bytes, Stack size 0 bytes, startup_nano1xx.o(.text))
<BR>[Address Reference Count : 1]<UL><LI> startup_nano1xx.o(RESET)
</UL>
<P><STRONG><a name="[c]"></a>PWM0_IRQHandler</STRONG> (Thumb, 0 bytes, Stack size 0 bytes, startup_nano1xx.o(.text))
<BR>[Address Reference Count : 1]<UL><LI> startup_nano1xx.o(RESET)
</UL>
<P><STRONG><a name="[d]"></a>PWM1_IRQHandler</STRONG> (Thumb, 0 bytes, Stack size 0 bytes, startup_nano1xx.o(.text))
<BR>[Address Reference Count : 1]<UL><LI> startup_nano1xx.o(RESET)
</UL>
<P><STRONG><a name="[25]"></a>RTC_IRQHandler</STRONG> (Thumb, 0 bytes, Stack size 0 bytes, startup_nano1xx.o(.text))
<BR>[Address Reference Count : 1]<UL><LI> startup_nano1xx.o(RESET)
</UL>
<P><STRONG><a name="[1b]"></a>SC0_IRQHandler</STRONG> (Thumb, 0 bytes, Stack size 0 bytes, startup_nano1xx.o(.text))
<BR>[Address Reference Count : 1]<UL><LI> startup_nano1xx.o(RESET)
</UL>
<P><STRONG><a name="[1c]"></a>SC1_IRQHandler</STRONG> (Thumb, 0 bytes, Stack size 0 bytes, startup_nano1xx.o(.text))
<BR>[Address Reference Count : 1]<UL><LI> startup_nano1xx.o(RESET)
</UL>
<P><STRONG><a name="[1a]"></a>SC2_IRQHandler</STRONG> (Thumb, 0 bytes, Stack size 0 bytes, startup_nano1xx.o(.text))
<BR>[Address Reference Count : 1]<UL><LI> startup_nano1xx.o(RESET)
</UL>
<P><STRONG><a name="[14]"></a>SPI0_IRQHandler</STRONG> (Thumb, 0 bytes, Stack size 0 bytes, startup_nano1xx.o(.text))
<BR>[Address Reference Count : 1]<UL><LI> startup_nano1xx.o(RESET)
</UL>
<P><STRONG><a name="[15]"></a>SPI1_IRQHandler</STRONG> (Thumb, 0 bytes, Stack size 0 bytes, startup_nano1xx.o(.text))
<BR>[Address Reference Count : 1]<UL><LI> startup_nano1xx.o(RESET)
</UL>
<P><STRONG><a name="[16]"></a>SPI2_IRQHandler</STRONG> (Thumb, 0 bytes, Stack size 0 bytes, startup_nano1xx.o(.text))
<BR>[Address Reference Count : 1]<UL><LI> startup_nano1xx.o(RESET)
</UL>
<P><STRONG><a name="[1e]"></a>TK_IRQHandler</STRONG> (Thumb, 0 bytes, Stack size 0 bytes, startup_nano1xx.o(.text))
<BR>[Address Reference Count : 1]<UL><LI> startup_nano1xx.o(RESET)
</UL>
<P><STRONG><a name="[f]"></a>TMR1_IRQHandler</STRONG> (Thumb, 0 bytes, Stack size 0 bytes, startup_nano1xx.o(.text))
<BR>[Address Reference Count : 1]<UL><LI> startup_nano1xx.o(RESET)
</UL>
<P><STRONG><a name="[10]"></a>TMR2_IRQHandler</STRONG> (Thumb, 0 bytes, Stack size 0 bytes, startup_nano1xx.o(.text))
<BR>[Address Reference Count : 1]<UL><LI> startup_nano1xx.o(RESET)
</UL>
<P><STRONG><a name="[11]"></a>TMR3_IRQHandler</STRONG> (Thumb, 0 bytes, Stack size 0 bytes, startup_nano1xx.o(.text))
<BR>[Address Reference Count : 1]<UL><LI> startup_nano1xx.o(RESET)
</UL>
<P><STRONG><a name="[12]"></a>UART0_IRQHandler</STRONG> (Thumb, 0 bytes, Stack size 0 bytes, startup_nano1xx.o(.text))
<BR>[Address Reference Count : 1]<UL><LI> startup_nano1xx.o(RESET)
</UL>
<P><STRONG><a name="[13]"></a>UART1_IRQHandler</STRONG> (Thumb, 0 bytes, Stack size 0 bytes, startup_nano1xx.o(.text))
<BR>[Address Reference Count : 1]<UL><LI> startup_nano1xx.o(RESET)
</UL>
<P><STRONG><a name="[1d]"></a>USBD_IRQHandler</STRONG> (Thumb, 0 bytes, Stack size 0 bytes, startup_nano1xx.o(.text))
<BR>[Address Reference Count : 1]<UL><LI> startup_nano1xx.o(RESET)
</UL>
<P><STRONG><a name="[7]"></a>WDT_IRQHandler</STRONG> (Thumb, 0 bytes, Stack size 0 bytes, startup_nano1xx.o(.text))
<BR>[Address Reference Count : 1]<UL><LI> startup_nano1xx.o(RESET)
</UL>
<P><STRONG><a name="[b0]"></a>SysInit_DebugConsole</STRONG> (Thumb, 68 bytes, Stack size 0 bytes, system_nano1xx.o(.text))
<BR><BR>[Called By]<UL><LI><a href="#[27]">&gt;&gt;</a>&nbsp;&nbsp;&nbsp;SystemInit
</UL>

<P><STRONG><a name="[af]"></a>SysInit_PinFunc</STRONG> (Thumb, 2 bytes, Stack size 0 bytes, system_nano1xx.o(.text))
<BR><BR>[Called By]<UL><LI><a href="#[27]">&gt;&gt;</a>&nbsp;&nbsp;&nbsp;SystemInit
</UL>

<P><STRONG><a name="[ac]"></a>SysGet_PLLClockFreq</STRONG> (Thumb, 120 bytes, Stack size 32 bytes, system_nano1xx.o(.text))
<BR><BR>[Stack]<UL><LI>Max Depth = 44<LI>Call Chain = SysGet_PLLClockFreq &rArr; __aeabi_uidivmod
</UL>
<BR>[Calls]<UL><LI><a href="#[93]">&gt;&gt;</a>&nbsp;&nbsp;&nbsp;__aeabi_uidivmod
</UL>
<BR>[Called By]<UL><LI><a href="#[ad]">&gt;&gt;</a>&nbsp;&nbsp;&nbsp;SysGet_HCLKFreq
</UL>

<P><STRONG><a name="[ad]"></a>SysGet_HCLKFreq</STRONG> (Thumb, 68 bytes, Stack size 16 bytes, system_nano1xx.o(.text))
<BR><BR>[Stack]<UL><LI>Max Depth = 60<LI>Call Chain = SysGet_HCLKFreq &rArr; SysGet_PLLClockFreq &rArr; __aeabi_uidivmod
</UL>
<BR>[Calls]<UL><LI><a href="#[ac]">&gt;&gt;</a>&nbsp;&nbsp;&nbsp;SysGet_PLLClockFreq
<LI><a href="#[93]">&gt;&gt;</a>&nbsp;&nbsp;&nbsp;__aeabi_uidivmod
</UL>
<BR>[Called By]<UL><LI><a href="#[73]">&gt;&gt;</a>&nbsp;&nbsp;&nbsp;SystemCoreClockUpdate
</UL>

<P><STRONG><a name="[73]"></a>SystemCoreClockUpdate</STRONG> (Thumb, 12 bytes, Stack size 8 bytes, system_nano1xx.o(.text))
<BR><BR>[Stack]<UL><LI>Max Depth = 68<LI>Call Chain = SystemCoreClockUpdate &rArr; SysGet_HCLKFreq &rArr; SysGet_PLLClockFreq &rArr; __aeabi_uidivmod
</UL>
<BR>[Calls]<UL><LI><a href="#[ad]">&gt;&gt;</a>&nbsp;&nbsp;&nbsp;SysGet_HCLKFreq
</UL>
<BR>[Called By]<UL><LI><a href="#[ae]">&gt;&gt;</a>&nbsp;&nbsp;&nbsp;SysInit_Clock
<LI><a href="#[9c]">&gt;&gt;</a>&nbsp;&nbsp;&nbsp;SYS_SelectHCLKSource
<LI><a href="#[71]">&gt;&gt;</a>&nbsp;&nbsp;&nbsp;set_sys_clock
</UL>

<P><STRONG><a name="[ae]"></a>SysInit_Clock</STRONG> (Thumb, 86 bytes, Stack size 8 bytes, system_nano1xx.o(.text))
<BR><BR>[Stack]<UL><LI>Max Depth = 76<LI>Call Chain = SysInit_Clock &rArr; SystemCoreClockUpdate &rArr; SysGet_HCLKFreq &rArr; SysGet_PLLClockFreq &rArr; __aeabi_uidivmod
</UL>
<BR>[Calls]<UL><LI><a href="#[73]">&gt;&gt;</a>&nbsp;&nbsp;&nbsp;SystemCoreClockUpdate
</UL>
<BR>[Called By]<UL><LI><a href="#[27]">&gt;&gt;</a>&nbsp;&nbsp;&nbsp;SystemInit
</UL>

<P><STRONG><a name="[27]"></a>SystemInit</STRONG> (Thumb, 16 bytes, Stack size 8 bytes, system_nano1xx.o(.text))
<BR><BR>[Stack]<UL><LI>Max Depth = 84<LI>Call Chain = SystemInit &rArr; SysInit_Clock &rArr; SystemCoreClockUpdate &rArr; SysGet_HCLKFreq &rArr; SysGet_PLLClockFreq &rArr; __aeabi_uidivmod
</UL>
<BR>[Calls]<UL><LI><a href="#[ae]">&gt;&gt;</a>&nbsp;&nbsp;&nbsp;SysInit_Clock
<LI><a href="#[af]">&gt;&gt;</a>&nbsp;&nbsp;&nbsp;SysInit_PinFunc
<LI><a href="#[b0]">&gt;&gt;</a>&nbsp;&nbsp;&nbsp;SysInit_DebugConsole
</UL>
<BR>[Address Reference Count : 1]<UL><LI> startup_nano1xx.o(.text)
</UL>
<P><STRONG><a name="[2e]"></a>get_stamp</STRONG> (Thumb, 6 bytes, Stack size 0 bytes, rw_lib_platform.o(.text))
<BR><BR>[Called By]<UL><LI><a href="#[32]">&gt;&gt;</a>&nbsp;&nbsp;&nbsp;customer_assert
<LI><a href="#[37]">&gt;&gt;</a>&nbsp;&nbsp;&nbsp;wps_easy_callback
<LI><a href="#[36]">&gt;&gt;</a>&nbsp;&nbsp;&nbsp;dns_ipcallback
<LI><a href="#[35]">&gt;&gt;</a>&nbsp;&nbsp;&nbsp;ip_callback
<LI><a href="#[33]">&gt;&gt;</a>&nbsp;&nbsp;&nbsp;connect_callback
<LI><a href="#[34]">&gt;&gt;</a>&nbsp;&nbsp;&nbsp;scan_callback
<LI><a href="#[26]">&gt;&gt;</a>&nbsp;&nbsp;&nbsp;main
<LI><a href="#[67]">&gt;&gt;</a>&nbsp;&nbsp;&nbsp;platform_init
<LI><a href="#[65]">&gt;&gt;</a>&nbsp;&nbsp;&nbsp;RAK_UdpClient_EventHandle
<LI><a href="#[61]">&gt;&gt;</a>&nbsp;&nbsp;&nbsp;RAK_UdpServer_EventHandle
<LI><a href="#[5f]">&gt;&gt;</a>&nbsp;&nbsp;&nbsp;RAK_TcpServer_EventHandle
<LI><a href="#[5c]">&gt;&gt;</a>&nbsp;&nbsp;&nbsp;RAK_TcpSRecvClients
<LI><a href="#[57]">&gt;&gt;</a>&nbsp;&nbsp;&nbsp;RAK_TcpClient_EventHandle
<LI><a href="#[4f]">&gt;&gt;</a>&nbsp;&nbsp;&nbsp;RAK_TcpClient
<LI><a href="#[4c]">&gt;&gt;</a>&nbsp;&nbsp;&nbsp;rw_network_startConfig
<LI><a href="#[4b]">&gt;&gt;</a>&nbsp;&nbsp;&nbsp;rw_network_startSTA
<LI><a href="#[4a]">&gt;&gt;</a>&nbsp;&nbsp;&nbsp;rw_network_startAP
<LI><a href="#[46]">&gt;&gt;</a>&nbsp;&nbsp;&nbsp;rw_network_init
</UL>
<BR>[Address Reference Count : 1]<UL><LI> rw_lib_platform.o(.text)
</UL>
<P><STRONG><a name="[9]"></a>EINT1_IRQHandler</STRONG> (Thumb, 22 bytes, Stack size 8 bytes, rw_lib_platform.o(.text))
<BR><BR>[Stack]<UL><LI>Max Depth = 24<LI>Call Chain = EINT1_IRQHandler &rArr; DRIVER_INT_HANDLE &rArr; HW_InterruptHandler
</UL>
<BR>[Calls]<UL><LI><a href="#[b4]">&gt;&gt;</a>&nbsp;&nbsp;&nbsp;DRIVER_INT_HANDLE
</UL>
<BR>[Address Reference Count : 1]<UL><LI> startup_nano1xx.o(RESET)
</UL>
<P><STRONG><a name="[20]"></a>PDMA_IRQHandler</STRONG> (Thumb, 32 bytes, Stack size 0 bytes, rw_lib_platform.o(.text))
<BR>[Address Reference Count : 1]<UL><LI> startup_nano1xx.o(RESET)
</UL>
<P><STRONG><a name="[2d]"></a>delay_ms</STRONG> (Thumb, 24 bytes, Stack size 16 bytes, rw_lib_platform.o(.text))
<BR><BR>[Stack]<UL><LI>Max Depth = 36<LI>Call Chain = delay_ms &rArr; SYS_Delay &rArr; __aeabi_uidivmod
</UL>
<BR>[Calls]<UL><LI><a href="#[9d]">&gt;&gt;</a>&nbsp;&nbsp;&nbsp;SYS_Delay
</UL>
<BR>[Called By]<UL><LI><a href="#[2b]">&gt;&gt;</a>&nbsp;&nbsp;&nbsp;_power_up_down
</UL>
<BR>[Address Reference Count : 1]<UL><LI> rw_lib_platform.o(.text)
</UL>
<P><STRONG><a name="[69]"></a>wifi_init_params</STRONG> (Thumb, 90 bytes, Stack size 0 bytes, rw_lib_platform.o(.text))
<BR><BR>[Called By]<UL><LI><a href="#[67]">&gt;&gt;</a>&nbsp;&nbsp;&nbsp;platform_init
</UL>

<P><STRONG><a name="[1ec]"></a>__aeabi_uidiv</STRONG> (Thumb, 0 bytes, Stack size 12 bytes, uidiv.o(.text), UNUSED)

<P><STRONG><a name="[93]"></a>__aeabi_uidivmod</STRONG> (Thumb, 44 bytes, Stack size 12 bytes, uidiv.o(.text))
<BR><BR>[Stack]<UL><LI>Max Depth = 12<LI>Call Chain = __aeabi_uidivmod
</UL>
<BR>[Called By]<UL><LI><a href="#[ad]">&gt;&gt;</a>&nbsp;&nbsp;&nbsp;SysGet_HCLKFreq
<LI><a href="#[ac]">&gt;&gt;</a>&nbsp;&nbsp;&nbsp;SysGet_PLLClockFreq
<LI><a href="#[a6]">&gt;&gt;</a>&nbsp;&nbsp;&nbsp;UART_GetUartClk
<LI><a href="#[9d]">&gt;&gt;</a>&nbsp;&nbsp;&nbsp;SYS_Delay
<LI><a href="#[91]">&gt;&gt;</a>&nbsp;&nbsp;&nbsp;SYS_GetPLLClockFreq
<LI><a href="#[92]">&gt;&gt;</a>&nbsp;&nbsp;&nbsp;SYS_GetHCLKFreq
<LI><a href="#[95]">&gt;&gt;</a>&nbsp;&nbsp;&nbsp;SPI_GetClock2Freq
<LI><a href="#[94]">&gt;&gt;</a>&nbsp;&nbsp;&nbsp;SPI_GetClock1Freq
<LI><a href="#[77]">&gt;&gt;</a>&nbsp;&nbsp;&nbsp;UART_Init
<LI><a href="#[7e]">&gt;&gt;</a>&nbsp;&nbsp;&nbsp;SPI_SetClockFreq
<LI><a href="#[d1]">&gt;&gt;</a>&nbsp;&nbsp;&nbsp;Driver_SubmitTxRequest
<LI><a href="#[53]">&gt;&gt;</a>&nbsp;&nbsp;&nbsp;__aeabi_idivmod
</UL>

<P><STRONG><a name="[1ed]"></a>__aeabi_idiv</STRONG> (Thumb, 0 bytes, Stack size 16 bytes, idiv.o(.text), UNUSED)

<P><STRONG><a name="[53]"></a>__aeabi_idivmod</STRONG> (Thumb, 40 bytes, Stack size 16 bytes, idiv.o(.text))
<BR><BR>[Stack]<UL><LI>Max Depth = 28<LI>Call Chain = __aeabi_idivmod &rArr; __aeabi_uidivmod
</UL>
<BR>[Calls]<UL><LI><a href="#[93]">&gt;&gt;</a>&nbsp;&nbsp;&nbsp;__aeabi_uidivmod
</UL>
<BR>[Called By]<UL><LI><a href="#[4f]">&gt;&gt;</a>&nbsp;&nbsp;&nbsp;RAK_TcpClient
<LI><a href="#[e0]">&gt;&gt;</a>&nbsp;&nbsp;&nbsp;Util_Freq2ieee
</UL>

<P><STRONG><a name="[52]"></a>rand</STRONG> (Thumb, 18 bytes, Stack size 0 bytes, rand.o(.text), UNUSED)
<BR><BR>[Called By]<UL><LI><a href="#[4f]">&gt;&gt;</a>&nbsp;&nbsp;&nbsp;RAK_TcpClient
</UL>

<P><STRONG><a name="[51]"></a>srand</STRONG> (Thumb, 6 bytes, Stack size 0 bytes, rand.o(.text), UNUSED)
<BR><BR>[Called By]<UL><LI><a href="#[4f]">&gt;&gt;</a>&nbsp;&nbsp;&nbsp;RAK_TcpClient
</UL>

<P><STRONG><a name="[b3]"></a>__aeabi_memcpy</STRONG> (Thumb, 36 bytes, Stack size 0 bytes, memcpya.o(.text))
<BR><BR>[Called By]<UL><LI><a href="#[37]">&gt;&gt;</a>&nbsp;&nbsp;&nbsp;wps_easy_callback
<LI><a href="#[19d]">&gt;&gt;</a>&nbsp;&nbsp;&nbsp;wmi_wps_start_cmd
<LI><a href="#[1a2]">&gt;&gt;</a>&nbsp;&nbsp;&nbsp;wmi_startscan_cmd
<LI><a href="#[19b]">&gt;&gt;</a>&nbsp;&nbsp;&nbsp;wmi_set_pmk_cmd
<LI><a href="#[19f]">&gt;&gt;</a>&nbsp;&nbsp;&nbsp;wmi_set_passphrase_cmd
<LI><a href="#[199]">&gt;&gt;</a>&nbsp;&nbsp;&nbsp;wmi_set_ht_cap_cmd
<LI><a href="#[198]">&gt;&gt;</a>&nbsp;&nbsp;&nbsp;wmi_set_channelParams_cmd
<LI><a href="#[1a0]">&gt;&gt;</a>&nbsp;&nbsp;&nbsp;wmi_probedSsid_cmd
<LI><a href="#[1a4]">&gt;&gt;</a>&nbsp;&nbsp;&nbsp;wmi_ap_set_param
<LI><a href="#[1af]">&gt;&gt;</a>&nbsp;&nbsp;&nbsp;newdata
<LI><a href="#[1b7]">&gt;&gt;</a>&nbsp;&nbsp;&nbsp;t_sendto
<LI><a href="#[17b]">&gt;&gt;</a>&nbsp;&nbsp;&nbsp;ath_ioctl_handler
<LI><a href="#[181]">&gt;&gt;</a>&nbsp;&nbsp;&nbsp;_loop_connect
<LI><a href="#[103]">&gt;&gt;</a>&nbsp;&nbsp;&nbsp;wmi_socket_cmd
<LI><a href="#[ea]">&gt;&gt;</a>&nbsp;&nbsp;&nbsp;wmi_control_rx
<LI><a href="#[c9]">&gt;&gt;</a>&nbsp;&nbsp;&nbsp;wmi_connect_cmd
<LI><a href="#[ca]">&gt;&gt;</a>&nbsp;&nbsp;&nbsp;wmi_ap_profile_commit
<LI><a href="#[df]">&gt;&gt;</a>&nbsp;&nbsp;&nbsp;Api_ParseInfoElem
<LI><a href="#[100]">&gt;&gt;</a>&nbsp;&nbsp;&nbsp;Api_accept
<LI><a href="#[10f]">&gt;&gt;</a>&nbsp;&nbsp;&nbsp;Api_recvfrom
<LI><a href="#[11d]">&gt;&gt;</a>&nbsp;&nbsp;&nbsp;fill_scan_info
<LI><a href="#[109]">&gt;&gt;</a>&nbsp;&nbsp;&nbsp;Custom_Api_easyconfigEvent
<LI><a href="#[e6]">&gt;&gt;</a>&nbsp;&nbsp;&nbsp;Custom_Api_ReadyEvent
<LI><a href="#[191]">&gt;&gt;</a>&nbsp;&nbsp;&nbsp;a_netbuf_put_data
<LI><a href="#[fe]">&gt;&gt;</a>&nbsp;&nbsp;&nbsp;Api_WpsProfileEvent
<LI><a href="#[da]">&gt;&gt;</a>&nbsp;&nbsp;&nbsp;Api_GetPmkEvent
<LI><a href="#[c4]">&gt;&gt;</a>&nbsp;&nbsp;&nbsp;Api_ConnectEvent
<LI><a href="#[1bf]">&gt;&gt;</a>&nbsp;&nbsp;&nbsp;wmi_meta_add
<LI><a href="#[1bc]">&gt;&gt;</a>&nbsp;&nbsp;&nbsp;wmi_connect_event_rx
</UL>

<P><STRONG><a name="[76]"></a>__aeabi_memcpy4</STRONG> (Thumb, 0 bytes, Stack size 0 bytes, memcpya.o(.text))
<BR><BR>[Called By]<UL><LI><a href="#[75]">&gt;&gt;</a>&nbsp;&nbsp;&nbsp;Print_UART_Init
<LI><a href="#[6a]">&gt;&gt;</a>&nbsp;&nbsp;&nbsp;rw_sysDriverInit
<LI><a href="#[c7]">&gt;&gt;</a>&nbsp;&nbsp;&nbsp;Api_ConnectWiFi
<LI><a href="#[17b]">&gt;&gt;</a>&nbsp;&nbsp;&nbsp;ath_ioctl_handler
</UL>

<P><STRONG><a name="[1ee]"></a>__aeabi_memcpy8</STRONG> (Thumb, 0 bytes, Stack size 0 bytes, memcpya.o(.text), UNUSED)

<P><STRONG><a name="[b8]"></a>__aeabi_memset</STRONG> (Thumb, 14 bytes, Stack size 0 bytes, memseta.o(.text))
<BR><BR>[Called By]<UL><LI><a href="#[6e]">&gt;&gt;</a>&nbsp;&nbsp;&nbsp;rw_sysDriverReset
<LI><a href="#[b9]">&gt;&gt;</a>&nbsp;&nbsp;&nbsp;_memset$wrapper
<LI><a href="#[b7]">&gt;&gt;</a>&nbsp;&nbsp;&nbsp;__aeabi_memclr
</UL>

<P><STRONG><a name="[1ef]"></a>__aeabi_memset4</STRONG> (Thumb, 0 bytes, Stack size 0 bytes, memseta.o(.text), UNUSED)

<P><STRONG><a name="[1f0]"></a>__aeabi_memset8</STRONG> (Thumb, 0 bytes, Stack size 0 bytes, memseta.o(.text), UNUSED)

<P><STRONG><a name="[b7]"></a>__aeabi_memclr</STRONG> (Thumb, 4 bytes, Stack size 0 bytes, memseta.o(.text))
<BR><BR>[Calls]<UL><LI><a href="#[b8]">&gt;&gt;</a>&nbsp;&nbsp;&nbsp;__aeabi_memset
</UL>
<BR>[Called By]<UL><LI><a href="#[19b]">&gt;&gt;</a>&nbsp;&nbsp;&nbsp;wmi_set_pmk_cmd
<LI><a href="#[19f]">&gt;&gt;</a>&nbsp;&nbsp;&nbsp;wmi_set_passphrase_cmd
<LI><a href="#[199]">&gt;&gt;</a>&nbsp;&nbsp;&nbsp;wmi_set_ht_cap_cmd
<LI><a href="#[198]">&gt;&gt;</a>&nbsp;&nbsp;&nbsp;wmi_set_channelParams_cmd
<LI><a href="#[c8]">&gt;&gt;</a>&nbsp;&nbsp;&nbsp;wmi_scanparams_cmd
<LI><a href="#[1a0]">&gt;&gt;</a>&nbsp;&nbsp;&nbsp;wmi_probedSsid_cmd
<LI><a href="#[195]">&gt;&gt;</a>&nbsp;&nbsp;&nbsp;wmi_pmparams_cmd
<LI><a href="#[196]">&gt;&gt;</a>&nbsp;&nbsp;&nbsp;wmi_listeninterval_cmd
<LI><a href="#[f0]">&gt;&gt;</a>&nbsp;&nbsp;&nbsp;wmi_bssfilter_cmd
<LI><a href="#[1a4]">&gt;&gt;</a>&nbsp;&nbsp;&nbsp;wmi_ap_set_param
<LI><a href="#[d8]">&gt;&gt;</a>&nbsp;&nbsp;&nbsp;Api_DisconnectWiFi
<LI><a href="#[1b7]">&gt;&gt;</a>&nbsp;&nbsp;&nbsp;t_sendto
<LI><a href="#[123]">&gt;&gt;</a>&nbsp;&nbsp;&nbsp;Custom_Api_Start
<LI><a href="#[103]">&gt;&gt;</a>&nbsp;&nbsp;&nbsp;wmi_socket_cmd
<LI><a href="#[ce]">&gt;&gt;</a>&nbsp;&nbsp;&nbsp;wmi_data_hdr_add
<LI><a href="#[c9]">&gt;&gt;</a>&nbsp;&nbsp;&nbsp;wmi_connect_cmd
<LI><a href="#[ca]">&gt;&gt;</a>&nbsp;&nbsp;&nbsp;wmi_ap_profile_commit
<LI><a href="#[df]">&gt;&gt;</a>&nbsp;&nbsp;&nbsp;Api_ParseInfoElem
<LI><a href="#[11d]">&gt;&gt;</a>&nbsp;&nbsp;&nbsp;fill_scan_info
<LI><a href="#[109]">&gt;&gt;</a>&nbsp;&nbsp;&nbsp;Custom_Api_easyconfigEvent
</UL>

<P><STRONG><a name="[45]"></a>__aeabi_memclr4</STRONG> (Thumb, 0 bytes, Stack size 0 bytes, memseta.o(.text))
<BR><BR>[Called By]<UL><LI><a href="#[37]">&gt;&gt;</a>&nbsp;&nbsp;&nbsp;wps_easy_callback
<LI><a href="#[71]">&gt;&gt;</a>&nbsp;&nbsp;&nbsp;set_sys_clock
<LI><a href="#[6e]">&gt;&gt;</a>&nbsp;&nbsp;&nbsp;rw_sysDriverReset
<LI><a href="#[67]">&gt;&gt;</a>&nbsp;&nbsp;&nbsp;platform_init
<LI><a href="#[4b]">&gt;&gt;</a>&nbsp;&nbsp;&nbsp;rw_network_startSTA
<LI><a href="#[4a]">&gt;&gt;</a>&nbsp;&nbsp;&nbsp;rw_network_startAP
<LI><a href="#[44]">&gt;&gt;</a>&nbsp;&nbsp;&nbsp;rw_appdemo_context_init
<LI><a href="#[c7]">&gt;&gt;</a>&nbsp;&nbsp;&nbsp;Api_ConnectWiFi
<LI><a href="#[1b7]">&gt;&gt;</a>&nbsp;&nbsp;&nbsp;t_sendto
<LI><a href="#[17b]">&gt;&gt;</a>&nbsp;&nbsp;&nbsp;ath_ioctl_handler
<LI><a href="#[18d]">&gt;&gt;</a>&nbsp;&nbsp;&nbsp;_set_str_pmk
<LI><a href="#[15c]">&gt;&gt;</a>&nbsp;&nbsp;&nbsp;a_netbuf_configure
<LI><a href="#[14f]">&gt;&gt;</a>&nbsp;&nbsp;&nbsp;wmi_init
<LI><a href="#[151]">&gt;&gt;</a>&nbsp;&nbsp;&nbsp;HTC_WaitTarget
<LI><a href="#[152]">&gt;&gt;</a>&nbsp;&nbsp;&nbsp;SetupServices
<LI><a href="#[dd]">&gt;&gt;</a>&nbsp;&nbsp;&nbsp;Driver_ContextInit
<LI><a href="#[192]">&gt;&gt;</a>&nbsp;&nbsp;&nbsp;a_netbuf_reinit
<LI><a href="#[18f]">&gt;&gt;</a>&nbsp;&nbsp;&nbsp;a_netbuf_alloc
<LI><a href="#[10a]">&gt;&gt;</a>&nbsp;&nbsp;&nbsp;Api_ipconfig
<LI><a href="#[e4]">&gt;&gt;</a>&nbsp;&nbsp;&nbsp;Custom_Api_RSNASuccessEvent
<LI><a href="#[c6]">&gt;&gt;</a>&nbsp;&nbsp;&nbsp;Custom_Api_ConnectEvent
<LI><a href="#[12e]">&gt;&gt;</a>&nbsp;&nbsp;&nbsp;a_netbuf_alloc_raw
</UL>

<P><STRONG><a name="[1f1]"></a>__aeabi_memclr8</STRONG> (Thumb, 0 bytes, Stack size 0 bytes, memseta.o(.text), UNUSED)

<P><STRONG><a name="[b9]"></a>_memset$wrapper</STRONG> (Thumb, 18 bytes, Stack size 8 bytes, memseta.o(.text), UNUSED)
<BR><BR>[Calls]<UL><LI><a href="#[b8]">&gt;&gt;</a>&nbsp;&nbsp;&nbsp;__aeabi_memset
</UL>

<P><STRONG><a name="[127]"></a>strncpy</STRONG> (Thumb, 26 bytes, Stack size 8 bytes, strncpy.o(.text))
<BR><BR>[Stack]<UL><LI>Max Depth = 8<LI>Call Chain = strncpy
</UL>
<BR>[Called By]<UL><LI><a href="#[109]">&gt;&gt;</a>&nbsp;&nbsp;&nbsp;Custom_Api_easyconfigEvent
</UL>

<P><STRONG><a name="[43]"></a>strlen</STRONG> (Thumb, 14 bytes, Stack size 0 bytes, strlen.o(.text))
<BR><BR>[Called By]<UL><LI><a href="#[b1]">&gt;&gt;</a>&nbsp;&nbsp;&nbsp;clean_filename
<LI><a href="#[6f]">&gt;&gt;</a>&nbsp;&nbsp;&nbsp;clean_filename
<LI><a href="#[66]">&gt;&gt;</a>&nbsp;&nbsp;&nbsp;clean_filename
<LI><a href="#[4e]">&gt;&gt;</a>&nbsp;&nbsp;&nbsp;clean_filename
<LI><a href="#[47]">&gt;&gt;</a>&nbsp;&nbsp;&nbsp;rw_wlanConnect
<LI><a href="#[42]">&gt;&gt;</a>&nbsp;&nbsp;&nbsp;clean_filename
<LI><a href="#[ec]">&gt;&gt;</a>&nbsp;&nbsp;&nbsp;assert_func
<LI><a href="#[109]">&gt;&gt;</a>&nbsp;&nbsp;&nbsp;Custom_Api_easyconfigEvent
</UL>

<P><STRONG><a name="[197]"></a>strcmp</STRONG> (Thumb, 28 bytes, Stack size 8 bytes, strcmp.o(.text))
<BR><BR>[Stack]<UL><LI>Max Depth = 8<LI>Call Chain = strcmp
</UL>
<BR>[Called By]<UL><LI><a href="#[17b]">&gt;&gt;</a>&nbsp;&nbsp;&nbsp;ath_ioctl_handler
</UL>

<P><STRONG><a name="[11c]"></a>memcmp</STRONG> (Thumb, 26 bytes, Stack size 12 bytes, memcmp.o(.text))
<BR><BR>[Stack]<UL><LI>Max Depth = 12<LI>Call Chain = memcmp
</UL>
<BR>[Called By]<UL><LI><a href="#[181]">&gt;&gt;</a>&nbsp;&nbsp;&nbsp;_loop_connect
<LI><a href="#[c3]">&gt;&gt;</a>&nbsp;&nbsp;&nbsp;Custom_Api_BssInfoEvent
</UL>

<P><STRONG><a name="[10b]"></a>strcpy</STRONG> (Thumb, 18 bytes, Stack size 0 bytes, strcpy.o(.text))
<BR><BR>[Called By]<UL><LI><a href="#[10a]">&gt;&gt;</a>&nbsp;&nbsp;&nbsp;Api_ipconfig
<LI><a href="#[109]">&gt;&gt;</a>&nbsp;&nbsp;&nbsp;Custom_Api_easyconfigEvent
</UL>

<P><STRONG><a name="[126]"></a>strncmp</STRONG> (Thumb, 30 bytes, Stack size 12 bytes, strncmp.o(.text))
<BR><BR>[Stack]<UL><LI>Max Depth = 12<LI>Call Chain = strncmp
</UL>
<BR>[Called By]<UL><LI><a href="#[47]">&gt;&gt;</a>&nbsp;&nbsp;&nbsp;rw_wlanConnect
<LI><a href="#[180]">&gt;&gt;</a>&nbsp;&nbsp;&nbsp;_check_sys_params
<LI><a href="#[13f]">&gt;&gt;</a>&nbsp;&nbsp;&nbsp;Driver_BootComm
<LI><a href="#[109]">&gt;&gt;</a>&nbsp;&nbsp;&nbsp;Custom_Api_easyconfigEvent
</UL>

<P><STRONG><a name="[e2]"></a>__aeabi_uread4</STRONG> (Thumb, 20 bytes, Stack size 0 bytes, uread4.o(.text))
<BR><BR>[Called By]<UL><LI><a href="#[f1]">&gt;&gt;</a>&nbsp;&nbsp;&nbsp;Api_SockResponseEventRx
<LI><a href="#[ea]">&gt;&gt;</a>&nbsp;&nbsp;&nbsp;wmi_control_rx
<LI><a href="#[df]">&gt;&gt;</a>&nbsp;&nbsp;&nbsp;Api_ParseInfoElem
<LI><a href="#[e1]">&gt;&gt;</a>&nbsp;&nbsp;&nbsp;security_ie_parse
<LI><a href="#[1bc]">&gt;&gt;</a>&nbsp;&nbsp;&nbsp;wmi_connect_event_rx
</UL>

<P><STRONG><a name="[1f2]"></a>__rt_uread4</STRONG> (Thumb, 0 bytes, Stack size 0 bytes, uread4.o(.text), UNUSED)

<P><STRONG><a name="[1f3]"></a>_uread4</STRONG> (Thumb, 0 bytes, Stack size 0 bytes, uread4.o(.text), UNUSED)

<P><STRONG><a name="[1bb]"></a>__aeabi_uwrite4</STRONG> (Thumb, 18 bytes, Stack size 0 bytes, uwrite4.o(.text))
<BR><BR>[Called By]<UL><LI><a href="#[1a2]">&gt;&gt;</a>&nbsp;&nbsp;&nbsp;wmi_startscan_cmd
<LI><a href="#[c8]">&gt;&gt;</a>&nbsp;&nbsp;&nbsp;wmi_scanparams_cmd
<LI><a href="#[f0]">&gt;&gt;</a>&nbsp;&nbsp;&nbsp;wmi_bssfilter_cmd
<LI><a href="#[1a4]">&gt;&gt;</a>&nbsp;&nbsp;&nbsp;wmi_ap_set_param
<LI><a href="#[103]">&gt;&gt;</a>&nbsp;&nbsp;&nbsp;wmi_socket_cmd
<LI><a href="#[ea]">&gt;&gt;</a>&nbsp;&nbsp;&nbsp;wmi_control_rx
<LI><a href="#[c9]">&gt;&gt;</a>&nbsp;&nbsp;&nbsp;wmi_connect_cmd
</UL>

<P><STRONG><a name="[1f4]"></a>__rt_uwrite4</STRONG> (Thumb, 0 bytes, Stack size 0 bytes, uwrite4.o(.text), UNUSED)

<P><STRONG><a name="[1f5]"></a>_uwrite4</STRONG> (Thumb, 0 bytes, Stack size 0 bytes, uwrite4.o(.text), UNUSED)

<P><STRONG><a name="[ba]"></a>__aeabi_uldivmod</STRONG> (Thumb, 96 bytes, Stack size 48 bytes, uldiv.o(.text), UNUSED)
<BR><BR>[Calls]<UL><LI><a href="#[bb]">&gt;&gt;</a>&nbsp;&nbsp;&nbsp;__aeabi_llsr
<LI><a href="#[bc]">&gt;&gt;</a>&nbsp;&nbsp;&nbsp;__aeabi_llsl
</UL>
<BR>[Called By]<UL><LI><a href="#[178]">&gt;&gt;</a>&nbsp;&nbsp;&nbsp;_printf_core
</UL>

<P><STRONG><a name="[3f]"></a>__scatterload</STRONG> (Thumb, 28 bytes, Stack size 0 bytes, init.o(.text))
<BR><BR>[Calls]<UL><LI><a href="#[bd]">&gt;&gt;</a>&nbsp;&nbsp;&nbsp;__main_after_scatterload
</UL>
<BR>[Called By]<UL><LI><a href="#[3e]">&gt;&gt;</a>&nbsp;&nbsp;&nbsp;_main_scatterload
</UL>

<P><STRONG><a name="[1f6]"></a>__scatterload_rt2</STRONG> (Thumb, 0 bytes, Stack size 0 bytes, init.o(.text), UNUSED)

<P><STRONG><a name="[bc]"></a>__aeabi_llsl</STRONG> (Thumb, 32 bytes, Stack size 8 bytes, llshl.o(.text), UNUSED)
<BR><BR>[Called By]<UL><LI><a href="#[ba]">&gt;&gt;</a>&nbsp;&nbsp;&nbsp;__aeabi_uldivmod
</UL>

<P><STRONG><a name="[1f7]"></a>_ll_shift_l</STRONG> (Thumb, 0 bytes, Stack size 8 bytes, llshl.o(.text), UNUSED)

<P><STRONG><a name="[bb]"></a>__aeabi_llsr</STRONG> (Thumb, 34 bytes, Stack size 8 bytes, llushr.o(.text), UNUSED)
<BR><BR>[Called By]<UL><LI><a href="#[ba]">&gt;&gt;</a>&nbsp;&nbsp;&nbsp;__aeabi_uldivmod
</UL>

<P><STRONG><a name="[1f8]"></a>_ll_ushift_r</STRONG> (Thumb, 0 bytes, Stack size 8 bytes, llushr.o(.text), UNUSED)

<P><STRONG><a name="[be]"></a>Api_AggrRecvAddbaReqEvent</STRONG> (Thumb, 32 bytes, Stack size 8 bytes, api_wmi_rx.o(i.Api_AggrRecvAddbaReqEvent))
<BR><BR>[Stack]<UL><LI>Max Depth = 40<LI>Call Chain = Api_AggrRecvAddbaReqEvent &rArr; aggr_recv_addba_req_evt &rArr; assert_func
</UL>
<BR>[Calls]<UL><LI><a href="#[bf]">&gt;&gt;</a>&nbsp;&nbsp;&nbsp;aggr_recv_addba_req_evt
</UL>
<BR>[Called By]<UL><LI><a href="#[ea]">&gt;&gt;</a>&nbsp;&nbsp;&nbsp;wmi_control_rx
</UL>

<P><STRONG><a name="[c0]"></a>Api_AggrRecvDelbaReqEvent</STRONG> (Thumb, 16 bytes, Stack size 8 bytes, api_wmi_rx.o(i.Api_AggrRecvDelbaReqEvent))
<BR><BR>[Stack]<UL><LI>Max Depth = 40<LI>Call Chain = Api_AggrRecvDelbaReqEvent &rArr; aggr_recv_delba_req_evt &rArr; assert_func
</UL>
<BR>[Calls]<UL><LI><a href="#[c1]">&gt;&gt;</a>&nbsp;&nbsp;&nbsp;aggr_recv_delba_req_evt
</UL>
<BR>[Called By]<UL><LI><a href="#[ea]">&gt;&gt;</a>&nbsp;&nbsp;&nbsp;wmi_control_rx
</UL>

<P><STRONG><a name="[c2]"></a>Api_BssInfoEvent</STRONG> (Thumb, 8 bytes, Stack size 8 bytes, api_wmi_rx.o(i.Api_BssInfoEvent))
<BR><BR>[Stack]<UL><LI>Max Depth = 240<LI>Call Chain = Api_BssInfoEvent &rArr; Custom_Api_BssInfoEvent &rArr; fill_scan_info &rArr; Api_ParseInfoElem &rArr; security_ie_parse
</UL>
<BR>[Calls]<UL><LI><a href="#[c3]">&gt;&gt;</a>&nbsp;&nbsp;&nbsp;Custom_Api_BssInfoEvent
</UL>
<BR>[Called By]<UL><LI><a href="#[ea]">&gt;&gt;</a>&nbsp;&nbsp;&nbsp;wmi_control_rx
</UL>

<P><STRONG><a name="[c4]"></a>Api_ConnectEvent</STRONG> (Thumb, 60 bytes, Stack size 24 bytes, api_wmi_rx.o(i.Api_ConnectEvent))
<BR><BR>[Stack]<UL><LI>Max Depth = 84<LI>Call Chain = Api_ConnectEvent &rArr; Custom_Api_ConnectEvent &rArr; Util_Freq2ieee &rArr; __aeabi_idivmod &rArr; __aeabi_uidivmod
</UL>
<BR>[Calls]<UL><LI><a href="#[b3]">&gt;&gt;</a>&nbsp;&nbsp;&nbsp;__aeabi_memcpy
<LI><a href="#[c5]">&gt;&gt;</a>&nbsp;&nbsp;&nbsp;aggr_reset_state
<LI><a href="#[c6]">&gt;&gt;</a>&nbsp;&nbsp;&nbsp;Custom_Api_ConnectEvent
</UL>
<BR>[Called By]<UL><LI><a href="#[1bc]">&gt;&gt;</a>&nbsp;&nbsp;&nbsp;wmi_connect_event_rx
</UL>

<P><STRONG><a name="[c7]"></a>Api_ConnectWiFi</STRONG> (Thumb, 254 bytes, Stack size 72 bytes, api_ioctl.o(i.Api_ConnectWiFi))
<BR><BR>[Stack]<UL><LI>Max Depth = 200<LI>Call Chain = Api_ConnectWiFi &rArr; wmi_scanparams_cmd &rArr; wmi_cmd_send &rArr; Api_WmiTxStart &rArr; Driver_SubmitTxRequest &rArr; a_netbuf_push &rArr; assert_func
</UL>
<BR>[Calls]<UL><LI><a href="#[c8]">&gt;&gt;</a>&nbsp;&nbsp;&nbsp;wmi_scanparams_cmd
<LI><a href="#[c9]">&gt;&gt;</a>&nbsp;&nbsp;&nbsp;wmi_connect_cmd
<LI><a href="#[ca]">&gt;&gt;</a>&nbsp;&nbsp;&nbsp;wmi_ap_profile_commit
<LI><a href="#[45]">&gt;&gt;</a>&nbsp;&nbsp;&nbsp;__aeabi_memclr4
<LI><a href="#[76]">&gt;&gt;</a>&nbsp;&nbsp;&nbsp;__aeabi_memcpy4
</UL>
<BR>[Called By]<UL><LI><a href="#[17b]">&gt;&gt;</a>&nbsp;&nbsp;&nbsp;ath_ioctl_handler
<LI><a href="#[d5]">&gt;&gt;</a>&nbsp;&nbsp;&nbsp;Api_DisconnectEvent
</UL>

<P><STRONG><a name="[cb]"></a>Api_DataTxStart</STRONG> (Thumb, 156 bytes, Stack size 48 bytes, api_txrx.o(i.Api_DataTxStart))
<BR><BR>[Stack]<UL><LI>Max Depth = 408<LI>Call Chain = Api_DataTxStart &rArr; Api_DriverAccessCheck &rArr; Custom_Driver_WaitForCondition &rArr; Driver_Main &rArr; Driver_TxReady &rArr; Htc_GetCreditCounterUpdate &rArr; Htc_ReadCreditCounter &rArr; Hcd_DoPioExternalAccess &rArr; Hcd_TransferData &rArr; Bus_InOutDescriptorSet &rArr; assert_func
</UL>
<BR>[Calls]<UL><LI><a href="#[cc]">&gt;&gt;</a>&nbsp;&nbsp;&nbsp;Custom_Driver_WaitForCondition
<LI><a href="#[cd]">&gt;&gt;</a>&nbsp;&nbsp;&nbsp;Api_DriverAccessCheck
<LI><a href="#[cf]">&gt;&gt;</a>&nbsp;&nbsp;&nbsp;wmi_implicit_create_pstream
<LI><a href="#[ce]">&gt;&gt;</a>&nbsp;&nbsp;&nbsp;wmi_data_hdr_add
<LI><a href="#[d0]">&gt;&gt;</a>&nbsp;&nbsp;&nbsp;Util_AC2EndpointID
<LI><a href="#[d1]">&gt;&gt;</a>&nbsp;&nbsp;&nbsp;Driver_SubmitTxRequest
</UL>
<BR>[Called By]<UL><LI><a href="#[1ab]">&gt;&gt;</a>&nbsp;&nbsp;&nbsp;custom_send_tcpip
</UL>

<P><STRONG><a name="[d2]"></a>Api_DeInitFinish</STRONG> (Thumb, 18 bytes, Stack size 8 bytes, api_init.o(i.Api_DeInitFinish))
<BR><BR>[Stack]<UL><LI>Max Depth = 72<LI>Call Chain = Api_DeInitFinish &rArr; Driver_ContextDeInit &rArr; Custom_Driver_ContextDeInit &rArr; a_netbuf_free &rArr; txpkt_free &rArr; a_netbuf_reinit
</UL>
<BR>[Calls]<UL><LI><a href="#[d4]">&gt;&gt;</a>&nbsp;&nbsp;&nbsp;socket_context_deinit
<LI><a href="#[d3]">&gt;&gt;</a>&nbsp;&nbsp;&nbsp;Driver_ContextDeInit
</UL>
<BR>[Called By]<UL><LI><a href="#[123]">&gt;&gt;</a>&nbsp;&nbsp;&nbsp;Custom_Api_Start
<LI><a href="#[11e]">&gt;&gt;</a>&nbsp;&nbsp;&nbsp;Custom_Api_Shutdown
</UL>

<P><STRONG><a name="[120]"></a>Api_DeInitStart</STRONG> (Thumb, 4 bytes, Stack size 0 bytes, api_init.o(i.Api_DeInitStart))
<BR><BR>[Called By]<UL><LI><a href="#[123]">&gt;&gt;</a>&nbsp;&nbsp;&nbsp;Custom_Api_Start
<LI><a href="#[11e]">&gt;&gt;</a>&nbsp;&nbsp;&nbsp;Custom_Api_Shutdown
</UL>

<P><STRONG><a name="[d5]"></a>Api_DisconnectEvent</STRONG> (Thumb, 110 bytes, Stack size 48 bytes, api_wmi_rx.o(i.Api_DisconnectEvent))
<BR><BR>[Stack]<UL><LI>Max Depth = 248<LI>Call Chain = Api_DisconnectEvent &rArr; Api_ConnectWiFi &rArr; wmi_scanparams_cmd &rArr; wmi_cmd_send &rArr; Api_WmiTxStart &rArr; Driver_SubmitTxRequest &rArr; a_netbuf_push &rArr; assert_func
</UL>
<BR>[Calls]<UL><LI><a href="#[c7]">&gt;&gt;</a>&nbsp;&nbsp;&nbsp;Api_ConnectWiFi
<LI><a href="#[d7]">&gt;&gt;</a>&nbsp;&nbsp;&nbsp;HW_MsecDelay
<LI><a href="#[c5]">&gt;&gt;</a>&nbsp;&nbsp;&nbsp;aggr_reset_state
<LI><a href="#[d6]">&gt;&gt;</a>&nbsp;&nbsp;&nbsp;Custom_Api_DisconnectEvent
</UL>
<BR>[Called By]<UL><LI><a href="#[ea]">&gt;&gt;</a>&nbsp;&nbsp;&nbsp;wmi_control_rx
</UL>

<P><STRONG><a name="[d8]"></a>Api_DisconnectWiFi</STRONG> (Thumb, 66 bytes, Stack size 16 bytes, api_ioctl.o(i.Api_DisconnectWiFi))
<BR><BR>[Stack]<UL><LI>Max Depth = 128<LI>Call Chain = Api_DisconnectWiFi &rArr; wmi_disconnect_cmd &rArr; wmi_simple_cmd &rArr; wmi_cmd_send &rArr; Api_WmiTxStart &rArr; Driver_SubmitTxRequest &rArr; a_netbuf_push &rArr; assert_func
</UL>
<BR>[Calls]<UL><LI><a href="#[d9]">&gt;&gt;</a>&nbsp;&nbsp;&nbsp;wmi_disconnect_cmd
<LI><a href="#[b7]">&gt;&gt;</a>&nbsp;&nbsp;&nbsp;__aeabi_memclr
</UL>
<BR>[Called By]<UL><LI><a href="#[17b]">&gt;&gt;</a>&nbsp;&nbsp;&nbsp;ath_ioctl_handler
</UL>

<P><STRONG><a name="[cd]"></a>Api_DriverAccessCheck</STRONG> (Thumb, 54 bytes, Stack size 32 bytes, api_ioctl.o(i.Api_DriverAccessCheck))
<BR><BR>[Stack]<UL><LI>Max Depth = 360<LI>Call Chain = Api_DriverAccessCheck &rArr; Custom_Driver_WaitForCondition &rArr; Driver_Main &rArr; Driver_TxReady &rArr; Htc_GetCreditCounterUpdate &rArr; Htc_ReadCreditCounter &rArr; Hcd_DoPioExternalAccess &rArr; Hcd_TransferData &rArr; Bus_InOutDescriptorSet &rArr; assert_func
</UL>
<BR>[Calls]<UL><LI><a href="#[cc]">&gt;&gt;</a>&nbsp;&nbsp;&nbsp;Custom_Driver_WaitForCondition
</UL>
<BR>[Called By]<UL><LI><a href="#[1b9]">&gt;&gt;</a>&nbsp;&nbsp;&nbsp;t_socket
[...]
<LI><a href="#[55]">&gt;&gt;</a>&nbsp;&nbsp;&nbsp;close
<LI><a href="#[54]">&gt;&gt;</a>&nbsp;&nbsp;&nbsp;bind
<LI><a href="#[184]">&gt;&gt;</a>&nbsp;&nbsp;&nbsp;t_ipconfig
<LI><a href="#[187]">&gt;&gt;</a>&nbsp;&nbsp;&nbsp;dnsreq_recv
<LI><a href="#[17b]">&gt;&gt;</a>&nbsp;&nbsp;&nbsp;ath_ioctl_handler
<LI><a href="#[186]">&gt;&gt;</a>&nbsp;&nbsp;&nbsp;shutdown
<LI><a href="#[183]">&gt;&gt;</a>&nbsp;&nbsp;&nbsp;rw_wlanGetScanInfo
<LI><a href="#[185]">&gt;&gt;</a>&nbsp;&nbsp;&nbsp;rwIsStampPassed
<LI><a href="#[182]">&gt;&gt;</a>&nbsp;&nbsp;&nbsp;_set_scan
<LI><a href="#[17f]">&gt;&gt;</a>&nbsp;&nbsp;&nbsp;_ath_set_sec_type
<LI><a href="#[17e]">&gt;&gt;</a>&nbsp;&nbsp;&nbsp;_ath_set_passphrase
<LI><a href="#[17c]">&gt;&gt;</a>&nbsp;&nbsp;&nbsp;_ath_set_cipher
<LI><a href="#[17a]">&gt;&gt;</a>&nbsp;&nbsp;&nbsp;_ath_set_bssid
<LI><a href="#[11c]">&gt;&gt;</a>&nbsp;&nbsp;&nbsp;memcmp
<LI><a href="#[b3]">&gt;&gt;</a>&nbsp;&nbsp;&nbsp;__aeabi_memcpy
</UL>
<BR>[Called By]<UL><LI><a href="#[6d]">&gt;&gt;</a>&nbsp;&nbsp;&nbsp;rw_sysDriverLoop
</UL>

<P><STRONG><a name="[18a]"></a>_set_ap_params</STRONG> (Thumb, 40 bytes, Stack size 24 bytes, rw_lib.o(i._set_ap_params))
<BR><BR>[Stack]<UL><LI>Max Depth = 632<LI>Call Chain = _set_ap_params &rArr; ath_ioctl_handler &rArr; Api_DriverAccessCheck &rArr; Custom_Driver_WaitForCondition &rArr; Driver_Main &rArr; Driver_TxReady &rArr; Htc_GetCreditCounterUpdate &rArr; Htc_ReadCreditCounter &rArr; Hcd_DoPioExternalAccess &rArr; Hcd_TransferData &rArr; Bus_InOutDescriptorSet &rArr; assert_func
</UL>
<BR>[Calls]<UL><LI><a href="#[17b]">&gt;&gt;</a>&nbsp;&nbsp;&nbsp;ath_ioctl_handler
</UL>
<BR>[Called By]<UL><LI><a href="#[47]">&gt;&gt;</a>&nbsp;&nbsp;&nbsp;rw_wlanConnect
</UL>

<P><STRONG><a name="[18b]"></a>_set_power</STRONG> (Thumb, 52 bytes, Stack size 24 bytes, rw_lib.o(i._set_power))
<BR><BR>[Stack]<UL><LI>Max Depth = 632<LI>Call Chain = _set_power &rArr; ath_ioctl_handler &rArr; Api_DriverAccessCheck &rArr; Custom_Driver_WaitForCondition &rArr; Driver_Main &rArr; Driver_TxReady &rArr; Htc_GetCreditCounterUpdate &rArr; Htc_ReadCreditCounter &rArr; Hcd_DoPioExternalAccess &rArr; Hcd_TransferData &rArr; Bus_InOutDescriptorSet &rArr; assert_func
</UL>
<BR>[Calls]<UL><LI><a href="#[17b]">&gt;&gt;</a>&nbsp;&nbsp;&nbsp;ath_ioctl_handler
<LI><a href="#[18c]">&gt;&gt;</a>&nbsp;&nbsp;&nbsp;rw_sysSleep
</UL>
<BR>[Called By]<UL><LI><a href="#[6a]">&gt;&gt;</a>&nbsp;&nbsp;&nbsp;rw_sysDriverInit
</UL>

<P><STRONG><a name="[182]"></a>_set_scan</STRONG> (Thumb, 84 bytes, Stack size 40 bytes, rw_lib.o(i._set_scan))
<BR><BR>[Stack]<UL><LI>Max Depth = 648<LI>Call Chain = _set_scan &rArr; ath_ioctl_handler &rArr; Api_DriverAccessCheck &rArr; Custom_Driver_WaitForCondition &rArr; Driver_Main &rArr; Driver_TxReady &rArr; Htc_GetCreditCounterUpdate &rArr; Htc_ReadCreditCounter &rArr; Hcd_DoPioExternalAccess &rArr; Hcd_TransferData &rArr; Bus_InOutDescriptorSet &rArr; assert_func
</UL>
<BR>[Calls]<UL><LI><a href="#[17b]">&gt;&gt;</a>&nbsp;&nbsp;&nbsp;ath_ioctl_handler
</UL>
<BR>[Called By]<UL><LI><a href="#[181]">&gt;&gt;</a>&nbsp;&nbsp;&nbsp;_loop_connect
</UL>

<P><STRONG><a name="[18d]"></a>_set_str_pmk</STRONG> (Thumb, 84 bytes, Stack size 64 bytes, rw_lib.o(i._set_str_pmk))
<BR><BR>[Stack]<UL><LI>Max Depth = 672<LI>Call Chain = _set_str_pmk &rArr; ath_ioctl_handler &rArr; Api_DriverAccessCheck &rArr; Custom_Driver_WaitForCondition &rArr; Driver_Main &rArr; Driver_TxReady &rArr; Htc_GetCreditCounterUpdate &rArr; Htc_ReadCreditCounter &rArr; Hcd_DoPioExternalAccess &rArr; Hcd_TransferData &rArr; Bus_InOutDescriptorSet &rArr; assert_func
</UL>
<BR>[Calls]<UL><LI><a href="#[17b]">&gt;&gt;</a>&nbsp;&nbsp;&nbsp;ath_ioctl_handler
<LI><a href="#[18e]">&gt;&gt;</a>&nbsp;&nbsp;&nbsp;_ascii_to_hex
<LI><a href="#[45]">&gt;&gt;</a>&nbsp;&nbsp;&nbsp;__aeabi_memclr4
</UL>
<BR>[Called By]<UL><LI><a href="#[47]">&gt;&gt;</a>&nbsp;&nbsp;&nbsp;rw_wlanConnect
</UL>

<P><STRONG><a name="[1af]"></a>newdata</STRONG> (Thumb, 134 bytes, Stack size 48 bytes, rw_dns.o(i.newdata))
<BR><BR>[Stack]<UL><LI>Max Depth = 48<LI>Call Chain = newdata
</UL>
<BR>[Calls]<UL><LI><a href="#[1b1]">&gt;&gt;</a>&nbsp;&nbsp;&nbsp;parse_name
<LI><a href="#[b3]">&gt;&gt;</a>&nbsp;&nbsp;&nbsp;__aeabi_memcpy
</UL>
<BR>[Called By]<UL><LI><a href="#[187]">&gt;&gt;</a>&nbsp;&nbsp;&nbsp;dnsreq_recv
</UL>

<P><STRONG><a name="[1b1]"></a>parse_name</STRONG> (Thumb, 24 bytes, Stack size 0 bytes, rw_dns.o(i.parse_name))
<BR><BR>[Calls]<UL><LI><a href="#[1b1]">&gt;&gt;</a>&nbsp;&nbsp;&nbsp;parse_name
</UL>
<BR>[Called By]<UL><LI><a href="#[1b1]">&gt;&gt;</a>&nbsp;&nbsp;&nbsp;parse_name
<LI><a href="#[1af]">&gt;&gt;</a>&nbsp;&nbsp;&nbsp;newdata
</UL>

<P><STRONG><a name="[122]"></a>ClearDriverContextPtr</STRONG> (Thumb, 38 bytes, Stack size 0 bytes, cust_api_init.o(i.ClearDriverContextPtr))
<BR><BR>[Called By]<UL><LI><a href="#[123]">&gt;&gt;</a>&nbsp;&nbsp;&nbsp;Custom_Api_Start
<LI><a href="#[11e]">&gt;&gt;</a>&nbsp;&nbsp;&nbsp;Custom_Api_Shutdown
</UL>

<P><STRONG><a name="[e1]"></a>security_ie_parse</STRONG> (Thumb, 400 bytes, Stack size 48 bytes, api_ioctl.o(i.security_ie_parse))
<BR><BR>[Stack]<UL><LI>Max Depth = 48<LI>Call Chain = security_ie_parse
</UL>
<BR>[Calls]<UL><LI><a href="#[e2]">&gt;&gt;</a>&nbsp;&nbsp;&nbsp;__aeabi_uread4
</UL>
<BR>[Called By]<UL><LI><a href="#[df]">&gt;&gt;</a>&nbsp;&nbsp;&nbsp;Api_ParseInfoElem
</UL>

<P><STRONG><a name="[38]"></a>query_credit_deficit</STRONG> (Thumb, 36 bytes, Stack size 8 bytes, api_txrx.o(i.query_credit_deficit))
<BR><BR>[Stack]<UL><LI>Max Depth = 200<LI>Call Chain = query_credit_deficit &rArr; Htc_ReadCreditCounter &rArr; Hcd_DoPioExternalAccess &rArr; Hcd_TransferData &rArr; Bus_InOutDescriptorSet &rArr; assert_func
</UL>
<BR>[Calls]<UL><LI><a href="#[172]">&gt;&gt;</a>&nbsp;&nbsp;&nbsp;Htc_ReadCreditCounter
</UL>
<BR>[Address Reference Count : 1]<UL><LI> api_txrx.o(i.Api_TxGetStatus)
</UL>
<P><STRONG><a name="[119]"></a>ConnectService</STRONG> (Thumb, 142 bytes, Stack size 40 bytes, driver_init.o(i.ConnectService))
<BR><BR>[Stack]<UL><LI>Max Depth = 88<LI>Call Chain = ConnectService &rArr; HTC_ConnectService &rArr; assert_func
</UL>
<BR>[Calls]<UL><LI><a href="#[b2]">&gt;&gt;</a>&nbsp;&nbsp;&nbsp;__ARM_common_switch8
<LI><a href="#[11b]">&gt;&gt;</a>&nbsp;&nbsp;&nbsp;wmi_set_control_ep
<LI><a href="#[11a]">&gt;&gt;</a>&nbsp;&nbsp;&nbsp;HTC_ConnectService
</UL>
<BR>[Called By]<UL><LI><a href="#[152]">&gt;&gt;</a>&nbsp;&nbsp;&nbsp;SetupServices
</UL>

<P><STRONG><a name="[142]"></a>Driver_TargReset</STRONG> (Thumb, 252 bytes, Stack size 24 bytes, driver_init.o(i.Driver_TargReset))
<BR><BR>[Stack]<UL><LI>Max Depth = 376<LI>Call Chain = Driver_TargReset &rArr; Driver_WriteDataDiag &rArr; Driver_WriteRegDiag &rArr; Driver_SetAddressWindowRegister &rArr; Hcd_DoPioExternalAccess &rArr; Hcd_TransferData &rArr; Bus_InOutDescriptorSet &rArr; assert_func
</UL>
<BR>[Calls]<UL><LI><a href="#[d7]">&gt;&gt;</a>&nbsp;&nbsp;&nbsp;HW_MsecDelay
<LI><a href="#[ec]">&gt;&gt;</a>&nbsp;&nbsp;&nbsp;assert_func
<LI><a href="#[141]">&gt;&gt;</a>&nbsp;&nbsp;&nbsp;Driver_WriteDataDiag
<LI><a href="#[140]">&gt;&gt;</a>&nbsp;&nbsp;&nbsp;Driver_ReadDataDiag
</UL>
<BR>[Called By]<UL><LI><a href="#[13f]">&gt;&gt;</a>&nbsp;&nbsp;&nbsp;Driver_BootComm
</UL>

<P><STRONG><a name="[152]"></a>SetupServices</STRONG> (Thumb, 206 bytes, Stack size 40 bytes, driver_init.o(i.SetupServices))
<BR><BR>[Stack]<UL><LI>Max Depth = 128<LI>Call Chain = SetupServices &rArr; ConnectService &rArr; HTC_ConnectService &rArr; assert_func
</UL>
<BR>[Calls]<UL><LI><a href="#[ec]">&gt;&gt;</a>&nbsp;&nbsp;&nbsp;assert_func
<LI><a href="#[119]">&gt;&gt;</a>&nbsp;&nbsp;&nbsp;ConnectService
<LI><a href="#[45]">&gt;&gt;</a>&nbsp;&nbsp;&nbsp;__aeabi_memclr4
</UL>
<BR>[Called By]<UL><LI><a href="#[125]">&gt;&gt;</a>&nbsp;&nbsp;&nbsp;Driver_Init
</UL>

<P><STRONG><a name="[162]"></a>Driver_PostProcessRequest</STRONG> (Thumb, 38 bytes, Stack size 0 bytes, driver_txrx.o(i.Driver_PostProcessRequest))
<BR><BR>[Called By]<UL><LI><a href="#[15a]">&gt;&gt;</a>&nbsp;&nbsp;&nbsp;Driver_SendPacket
<LI><a href="#[158]">&gt;&gt;</a>&nbsp;&nbsp;&nbsp;Driver_RecvPacket
</UL>

<P><STRONG><a name="[3b]"></a>Driver_TxComplete</STRONG> (Thumb, 42 bytes, Stack size 16 bytes, driver_txrx.o(i.Driver_TxComplete))
<BR><BR>[Stack]<UL><LI>Max Depth = 56<LI>Call Chain = Driver_TxComplete &rArr; Htc_ProcessTxComplete &rArr; a_netbuf_pull &rArr; assert_func
</UL>
<BR>[Calls]<UL><LI><a href="#[ec]">&gt;&gt;</a>&nbsp;&nbsp;&nbsp;assert_func
<LI><a href="#[169]">&gt;&gt;</a>&nbsp;&nbsp;&nbsp;Htc_ProcessTxComplete
<LI><a href="#[f6]">&gt;&gt;</a>&nbsp;&nbsp;&nbsp;Api_TxComplete
</UL>
<BR>[Address Reference Count : 1]<UL><LI> driver_txrx.o(i.Driver_SubmitTxRequest)
</UL>
<P><STRONG><a name="[137]"></a>DoDMAOp</STRONG> (Thumb, 134 bytes, Stack size 32 bytes, spi_hcd.o(i.DoDMAOp))
<BR><BR>[Stack]<UL><LI>Max Depth = 112<LI>Call Chain = DoDMAOp &rArr; Hcd_UnmaskSPIInterrupts &rArr; MaskSPIInterrupts &rArr;  Hcd_UnmaskSPIInterrupts (Cycle)
</UL>
<BR>[Calls]<UL><LI><a href="#[13a]">&gt;&gt;</a>&nbsp;&nbsp;&nbsp;Bus_InOutToken
<LI><a href="#[13c]">&gt;&gt;</a>&nbsp;&nbsp;&nbsp;Hcd_UnmaskSPIInterrupts
<LI><a href="#[138]">&gt;&gt;</a>&nbsp;&nbsp;&nbsp;MaskSPIInterrupts
<LI><a href="#[13b]">&gt;&gt;</a>&nbsp;&nbsp;&nbsp;Hcd_TransferData
<LI><a href="#[13d]">&gt;&gt;</a>&nbsp;&nbsp;&nbsp;EnableDisableSPIIRQHwDetect
<LI><a href="#[139]">&gt;&gt;</a>&nbsp;&nbsp;&nbsp;DoPioWriteInternal
</UL>
<BR>[Called By]<UL><LI><a href="#[161]">&gt;&gt;</a>&nbsp;&nbsp;&nbsp;Hcd_Request
</UL>

<P><STRONG><a name="[13e]"></a>DoPioReadInternal</STRONG> (Thumb, 58 bytes, Stack size 16 bytes, spi_hcd.o(i.DoPioReadInternal))
<BR><BR>[Stack]<UL><LI>Max Depth = 48<LI>Call Chain = DoPioReadInternal &rArr; Bus_InOutToken
</UL>
<BR>[Calls]<UL><LI><a href="#[13a]">&gt;&gt;</a>&nbsp;&nbsp;&nbsp;Bus_InOutToken
</UL>
<BR>[Called By]<UL><LI><a href="#[154]">&gt;&gt;</a>&nbsp;&nbsp;&nbsp;Hcd_SpiInterrupt
<LI><a href="#[16c]">&gt;&gt;</a>&nbsp;&nbsp;&nbsp;Hcd_RefreshWriteBufferSpace
<LI><a href="#[16d]">&gt;&gt;</a>&nbsp;&nbsp;&nbsp;Hcd_ProgramWriteBufferWaterMark
<LI><a href="#[166]">&gt;&gt;</a>&nbsp;&nbsp;&nbsp;Hcd_GetLookAhead
<LI><a href="#[165]">&gt;&gt;</a>&nbsp;&nbsp;&nbsp;Hcd_DoPioInternalAccess
<LI><a href="#[15e]">&gt;&gt;</a>&nbsp;&nbsp;&nbsp;Hcd_DoPioExternalAccess
<LI><a href="#[14d]">&gt;&gt;</a>&nbsp;&nbsp;&nbsp;Hcd_Init
</UL>

<P><STRONG><a name="[139]"></a>DoPioWriteInternal</STRONG> (Thumb, 50 bytes, Stack size 16 bytes, spi_hcd.o(i.DoPioWriteInternal))
<BR><BR>[Stack]<UL><LI>Max Depth = 48<LI>Call Chain = DoPioWriteInternal &rArr; Bus_InOutToken
</UL>
<BR>[Calls]<UL><LI><a href="#[13a]">&gt;&gt;</a>&nbsp;&nbsp;&nbsp;Bus_InOutToken
</UL>
<BR>[Called By]<UL><LI><a href="#[13c]">&gt;&gt;</a>&nbsp;&nbsp;&nbsp;Hcd_UnmaskSPIInterrupts
<LI><a href="#[154]">&gt;&gt;</a>&nbsp;&nbsp;&nbsp;Hcd_SpiInterrupt
<LI><a href="#[16d]">&gt;&gt;</a>&nbsp;&nbsp;&nbsp;Hcd_ProgramWriteBufferWaterMark
<LI><a href="#[165]">&gt;&gt;</a>&nbsp;&nbsp;&nbsp;Hcd_DoPioInternalAccess
<LI><a href="#[15e]">&gt;&gt;</a>&nbsp;&nbsp;&nbsp;Hcd_DoPioExternalAccess
<LI><a href="#[171]">&gt;&gt;</a>&nbsp;&nbsp;&nbsp;ResetWriteBufferWaterMark
<LI><a href="#[138]">&gt;&gt;</a>&nbsp;&nbsp;&nbsp;MaskSPIInterrupts
<LI><a href="#[13d]">&gt;&gt;</a>&nbsp;&nbsp;&nbsp;EnableDisableSPIIRQHwDetect
<LI><a href="#[137]">&gt;&gt;</a>&nbsp;&nbsp;&nbsp;DoDMAOp
<LI><a href="#[161]">&gt;&gt;</a>&nbsp;&nbsp;&nbsp;Hcd_Request
<LI><a href="#[14d]">&gt;&gt;</a>&nbsp;&nbsp;&nbsp;Hcd_Init
<LI><a href="#[146]">&gt;&gt;</a>&nbsp;&nbsp;&nbsp;Hcd_Deinitialize
</UL>

<P><STRONG><a name="[13d]"></a>EnableDisableSPIIRQHwDetect</STRONG> (Thumb, 94 bytes, Stack size 16 bytes, spi_hcd.o(i.EnableDisableSPIIRQHwDetect))
<BR><BR>[Stack]<UL><LI>Max Depth = 64<LI>Call Chain = EnableDisableSPIIRQHwDetect &rArr; DoPioWriteInternal &rArr; Bus_InOutToken
</UL>
<BR>[Calls]<UL><LI><a href="#[16f]">&gt;&gt;</a>&nbsp;&nbsp;&nbsp;HW_EnableDisableSPIIRQ
<LI><a href="#[ec]">&gt;&gt;</a>&nbsp;&nbsp;&nbsp;assert_func
<LI><a href="#[139]">&gt;&gt;</a>&nbsp;&nbsp;&nbsp;DoPioWriteInternal
</UL>
<BR>[Called By]<UL><LI><a href="#[154]">&gt;&gt;</a>&nbsp;&nbsp;&nbsp;Hcd_SpiInterrupt
<LI><a href="#[137]">&gt;&gt;</a>&nbsp;&nbsp;&nbsp;DoDMAOp
<LI><a href="#[14d]">&gt;&gt;</a>&nbsp;&nbsp;&nbsp;Hcd_Init
</UL>

<P><STRONG><a name="[13b]"></a>Hcd_TransferData</STRONG> (Thumb, 8 bytes, Stack size 8 bytes, spi_hcd.o(i.Hcd_TransferData))
<BR><BR>[Stack]<UL><LI>Max Depth = 64<LI>Call Chain = Hcd_TransferData &rArr; Bus_InOutDescriptorSet &rArr; assert_func
</UL>
<BR>[Calls]<UL><LI><a href="#[117]">&gt;&gt;</a>&nbsp;&nbsp;&nbsp;Bus_InOutDescriptorSet
</UL>
<BR>[Called By]<UL><LI><a href="#[15e]">&gt;&gt;</a>&nbsp;&nbsp;&nbsp;Hcd_DoPioExternalAccess
<LI><a href="#[137]">&gt;&gt;</a>&nbsp;&nbsp;&nbsp;DoDMAOp
</UL>

<P><STRONG><a name="[138]"></a>MaskSPIInterrupts</STRONG> (Thumb, 40 bytes, Stack size 16 bytes, spi_hcd.o(i.MaskSPIInterrupts))
<BR><BR>[Stack]<UL><LI>Max Depth = 64 + In Cycle
<LI>Call Chain = MaskSPIInterrupts &rArr;  Hcd_UnmaskSPIInterrupts (Cycle)
</UL>
<BR>[Calls]<UL><LI><a href="#[13c]">&gt;&gt;</a>&nbsp;&nbsp;&nbsp;Hcd_UnmaskSPIInterrupts
<LI><a href="#[139]">&gt;&gt;</a>&nbsp;&nbsp;&nbsp;DoPioWriteInternal
</UL>
<BR>[Called By]<UL><LI><a href="#[13c]">&gt;&gt;</a>&nbsp;&nbsp;&nbsp;Hcd_UnmaskSPIInterrupts
<LI><a href="#[154]">&gt;&gt;</a>&nbsp;&nbsp;&nbsp;Hcd_SpiInterrupt
<LI><a href="#[137]">&gt;&gt;</a>&nbsp;&nbsp;&nbsp;DoDMAOp
</UL>

<P><STRONG><a name="[171]"></a>ResetWriteBufferWaterMark</STRONG> (Thumb, 34 bytes, Stack size 8 bytes, spi_hcd.o(i.ResetWriteBufferWaterMark))
<BR><BR>[Stack]<UL><LI>Max Depth = 56<LI>Call Chain = ResetWriteBufferWaterMark &rArr; DoPioWriteInternal &rArr; Bus_InOutToken
</UL>
<BR>[Calls]<UL><LI><a href="#[139]">&gt;&gt;</a>&nbsp;&nbsp;&nbsp;DoPioWriteInternal
</UL>
<BR>[Called By]<UL><LI><a href="#[154]">&gt;&gt;</a>&nbsp;&nbsp;&nbsp;Hcd_SpiInterrupt
<LI><a href="#[16d]">&gt;&gt;</a>&nbsp;&nbsp;&nbsp;Hcd_ProgramWriteBufferWaterMark
<LI><a href="#[14d]">&gt;&gt;</a>&nbsp;&nbsp;&nbsp;Hcd_Init
</UL>

<P><STRONG><a name="[170]"></a>Htc_DistributeCredits</STRONG> (Thumb, 52 bytes, Stack size 12 bytes, htc.o(i.Htc_DistributeCredits))
<BR><BR>[Stack]<UL><LI>Max Depth = 12<LI>Call Chain = Htc_DistributeCredits
</UL>
<BR>[Called By]<UL><LI><a href="#[156]">&gt;&gt;</a>&nbsp;&nbsp;&nbsp;HTC_ProcessCpuInterrupt
<LI><a href="#[153]">&gt;&gt;</a>&nbsp;&nbsp;&nbsp;HTC_Start
</UL>

<P><STRONG><a name="[174]"></a>Htc_ProcessCreditRpt</STRONG> (Thumb, 90 bytes, Stack size 40 bytes, htc.o(i.Htc_ProcessCreditRpt))
<BR><BR>[Stack]<UL><LI>Max Depth = 56<LI>Call Chain = Htc_ProcessCreditRpt &rArr; assert_func
</UL>
<BR>[Calls]<UL><LI><a href="#[16a]">&gt;&gt;</a>&nbsp;&nbsp;&nbsp;Util_GetEndpoint
<LI><a href="#[ec]">&gt;&gt;</a>&nbsp;&nbsp;&nbsp;assert_func
</UL>
<BR>[Called By]<UL><LI><a href="#[176]">&gt;&gt;</a>&nbsp;&nbsp;&nbsp;Htc_ProcessTrailer
</UL>

<P><STRONG><a name="[176]"></a>Htc_ProcessTrailer</STRONG> (Thumb, 158 bytes, Stack size 40 bytes, htc.o(i.Htc_ProcessTrailer))
<BR><BR>[Stack]<UL><LI>Max Depth = 96<LI>Call Chain = Htc_ProcessTrailer &rArr; Htc_ProcessCreditRpt &rArr; assert_func
</UL>
<BR>[Calls]<UL><LI><a href="#[ec]">&gt;&gt;</a>&nbsp;&nbsp;&nbsp;assert_func
<LI><a href="#[174]">&gt;&gt;</a>&nbsp;&nbsp;&nbsp;Htc_ProcessCreditRpt
</UL>
<BR>[Called By]<UL><LI><a href="#[163]">&gt;&gt;</a>&nbsp;&nbsp;&nbsp;Htc_ProcessRecvHeader
</UL>

<P><STRONG><a name="[1bc]"></a>wmi_connect_event_rx</STRONG> (Thumb, 192 bytes, Stack size 48 bytes, wmi.o(i.wmi_connect_event_rx))
<BR><BR>[Stack]<UL><LI>Max Depth = 132<LI>Call Chain = wmi_connect_event_rx &rArr; Api_ConnectEvent &rArr; Custom_Api_ConnectEvent &rArr; Util_Freq2ieee &rArr; __aeabi_idivmod &rArr; __aeabi_uidivmod
</UL>
<BR>[Calls]<UL><LI><a href="#[b3]">&gt;&gt;</a>&nbsp;&nbsp;&nbsp;__aeabi_memcpy
<LI><a href="#[c4]">&gt;&gt;</a>&nbsp;&nbsp;&nbsp;Api_ConnectEvent
<LI><a href="#[e2]">&gt;&gt;</a>&nbsp;&nbsp;&nbsp;__aeabi_uread4
</UL>
<BR>[Called By]<UL><LI><a href="#[ea]">&gt;&gt;</a>&nbsp;&nbsp;&nbsp;wmi_control_rx
</UL>

<P><STRONG><a name="[1c0]"></a>wmi_simple_cmd</STRONG> (Thumb, 32 bytes, Stack size 16 bytes, wmi.o(i.wmi_simple_cmd))
<BR><BR>[Stack]<UL><LI>Max Depth = 104<LI>Call Chain = wmi_simple_cmd &rArr; wmi_cmd_send &rArr; Api_WmiTxStart &rArr; Driver_SubmitTxRequest &rArr; a_netbuf_push &rArr; assert_func
</UL>
<BR>[Calls]<UL><LI><a href="#[18f]">&gt;&gt;</a>&nbsp;&nbsp;&nbsp;a_netbuf_alloc
<LI><a href="#[1ba]">&gt;&gt;</a>&nbsp;&nbsp;&nbsp;wmi_cmd_send
</UL>
<BR>[Called By]<UL><LI><a href="#[19a]">&gt;&gt;</a>&nbsp;&nbsp;&nbsp;wmi_get_stats_cmd
<LI><a href="#[19c]">&gt;&gt;</a>&nbsp;&nbsp;&nbsp;wmi_get_pmk_cmd
<LI><a href="#[d9]">&gt;&gt;</a>&nbsp;&nbsp;&nbsp;wmi_disconnect_cmd
</UL>

<P><STRONG><a name="[39]"></a>Custom_FreeRxRequest</STRONG> (Thumb, 2 bytes, Stack size 0 bytes, cust_driver_main.o(i.Custom_FreeRxRequest))
<BR>[Address Reference Count : 1]<UL><LI> cust_driver_main.o(i.Custom_GetRxRequest)
</UL>
<P><STRONG><a name="[15d]"></a>Driver_SetAddressWindowRegister</STRONG> (Thumb, 110 bytes, Stack size 112 bytes, driver_diag.o(i.Driver_SetAddressWindowRegister))
<BR><BR>[Stack]<UL><LI>Max Depth = 200<LI>Call Chain = Driver_SetAddressWindowRegister &rArr; Hcd_DoPioExternalAccess &rArr; Hcd_TransferData &rArr; Bus_InOutDescriptorSet &rArr; assert_func
</UL>
<BR>[Calls]<UL><LI><a href="#[15c]">&gt;&gt;</a>&nbsp;&nbsp;&nbsp;a_netbuf_configure
<LI><a href="#[15e]">&gt;&gt;</a>&nbsp;&nbsp;&nbsp;Hcd_DoPioExternalAccess
</UL>
<BR>[Called By]<UL><LI><a href="#[16e]">&gt;&gt;</a>&nbsp;&nbsp;&nbsp;Driver_WriteRegDiag
<LI><a href="#[15b]">&gt;&gt;</a>&nbsp;&nbsp;&nbsp;Driver_ReadRegDiag
</UL>

<P><STRONG><a name="[11d]"></a>fill_scan_info</STRONG> (Thumb, 290 bytes, Stack size 72 bytes, cust_api_wmi_rx.o(i.fill_scan_info))
<BR><BR>[Stack]<UL><LI>Max Depth = 168<LI>Call Chain = fill_scan_info &rArr; Api_ParseInfoElem &rArr; security_ie_parse
</UL>
<BR>[Calls]<UL><LI><a href="#[df]">&gt;&gt;</a>&nbsp;&nbsp;&nbsp;Api_ParseInfoElem
<LI><a href="#[b7]">&gt;&gt;</a>&nbsp;&nbsp;&nbsp;__aeabi_memclr
<LI><a href="#[b3]">&gt;&gt;</a>&nbsp;&nbsp;&nbsp;__aeabi_memcpy
</UL>
<BR>[Called By]<UL><LI><a href="#[c3]">&gt;&gt;</a>&nbsp;&nbsp;&nbsp;Custom_Api_BssInfoEvent
</UL>

<P><STRONG><a name="[178]"></a>_printf_core</STRONG> (Thumb, 1020 bytes, Stack size 104 bytes, printf8.o(i._printf_core), UNUSED)
<BR><BR>[Calls]<UL><LI><a href="#[ba]">&gt;&gt;</a>&nbsp;&nbsp;&nbsp;__aeabi_uldivmod
<LI><a href="#[188]">&gt;&gt;</a>&nbsp;&nbsp;&nbsp;_printf_pre_padding
<LI><a href="#[189]">&gt;&gt;</a>&nbsp;&nbsp;&nbsp;_printf_post_padding
</UL>
<BR>[Called By]<UL><LI><a href="#[179]">&gt;&gt;</a>&nbsp;&nbsp;&nbsp;__0sprintf$8
<LI><a href="#[177]">&gt;&gt;</a>&nbsp;&nbsp;&nbsp;__0printf$8
</UL>

<P><STRONG><a name="[189]"></a>_printf_post_padding</STRONG> (Thumb, 32 bytes, Stack size 24 bytes, printf8.o(i._printf_post_padding), UNUSED)
<BR><BR>[Called By]<UL><LI><a href="#[178]">&gt;&gt;</a>&nbsp;&nbsp;&nbsp;_printf_core
</UL>

<P><STRONG><a name="[188]"></a>_printf_pre_padding</STRONG> (Thumb, 44 bytes, Stack size 40 bytes, printf8.o(i._printf_pre_padding), UNUSED)
<BR><BR>[Called By]<UL><LI><a href="#[178]">&gt;&gt;</a>&nbsp;&nbsp;&nbsp;_printf_core
</UL>

<P><STRONG><a name="[3d]"></a>_sputc</STRONG> (Thumb, 10 bytes, Stack size 0 bytes, printf8.o(i._sputc))
<BR><BR>[Called By]<UL><LI><a href="#[179]">&gt;&gt;</a>&nbsp;&nbsp;&nbsp;__0sprintf$8
</UL>
<BR>[Address Reference Count : 1]<UL><LI> printf8.o(i.__0sprintf$8)
</UL><P>
<H3>
Undefined Global Symbols
</H3><HR></body></html>
