ARM Linker, 5.03 [Build 24] [MDK-ARM Professional]

==============================================================================

Section Cross References

    main.o(i.SystemClock_Config) refers to stm32f4xx_hal_rcc.o(i.HAL_RCC_OscConfig) for HAL_RCC_OscConfig
    main.o(i.SystemClock_Config) refers to stm32f4xx_hal_rcc.o(i.HAL_RCC_ClockConfig) for HAL_RCC_ClockConfig
    main.o(i.SystemClock_Config) refers to stm32f4xx_hal_rcc.o(i.HAL_RCC_GetHCLKFreq) for HAL_RCC_GetHCLKFreq
    main.o(i.SystemClock_Config) refers to stm32f4xx_hal_cortex.o(i.HAL_SYSTICK_Config) for HAL_SYSTICK_Config
    main.o(i.SystemClock_Config) refers to stm32f4xx_hal_cortex.o(i.HAL_SYSTICK_CLKSourceConfig) for HAL_SYSTICK_CLKSourceConfig
    main.o(i.SystemClock_Config) refers to stm32f4xx_hal_cortex.o(i.HAL_NVIC_SetPriority) for HAL_NVIC_SetPriority
    main.o(i.assert_failed) refers to printf8.o(i.__0printf$8) for __2printf
    main.o(i.main) refers to stm32f4xx_hal.o(i.HAL_Init) for HAL_Init
    main.o(i.main) refers to main.o(i.SystemClock_Config) for SystemClock_Config
    main.o(i.main) refers to gpio.o(i.MX_GPIO_Init) for MX_GPIO_Init
    main.o(i.main) refers to usart.o(i.MX_USART1_UART_Init) for MX_USART1_UART_Init
    main.o(i.main) refers to spi.o(i.MX_SPI1_Init) for MX_SPI1_Init
    main.o(i.main) refers to freertos.o(i.MX_FREERTOS_Init) for MX_FREERTOS_Init
    main.o(i.main) refers to cmsis_os.o(i.osKernelStart) for osKernelStart
    stm32f4xx_hal_msp.o(i.HAL_MspInit) refers to stm32f4xx_hal_cortex.o(i.HAL_NVIC_SetPriorityGrouping) for HAL_NVIC_SetPriorityGrouping
    stm32f4xx_hal_msp.o(i.HAL_MspInit) refers to stm32f4xx_hal_cortex.o(i.HAL_NVIC_SetPriority) for HAL_NVIC_SetPriority
    stm32f4xx_it.o(i.SysTick_Handler) refers to cmsis_os.o(i.osSystickHandler) for osSystickHandler
    freertos.o(i.MX_FREERTOS_Init) refers to cmsis_os.o(i.osMutexCreate) for osMutexCreate
    freertos.o(i.MX_FREERTOS_Init) refers to memcpya.o(.text) for __aeabi_memcpy4
    freertos.o(i.MX_FREERTOS_Init) refers to cmsis_os.o(i.osThreadCreate) for osThreadCreate
    freertos.o(i.MX_FREERTOS_Init) refers to freertos.o(.data) for .data
    freertos.o(i.MX_FREERTOS_Init) refers to freertos.o(.constdata) for .constdata
    freertos.o(i.StartDefaultTask) refers to cmsis_os.o(i.osDelay) for osDelay
    freertos.o(i.clean_filename) refers to strlen.o(.text) for strlen
    freertos.o(i.p_lock_mutex) refers to cmsis_os.o(i.osMutexWait) for osMutexWait
    freertos.o(i.platform_init) refers to memseta.o(.text) for __aeabi_memclr4
    freertos.o(i.platform_init) refers to bsp.o(i.BSP_WIFIPWD_Down) for BSP_WIFIPWD_Down
    freertos.o(i.platform_init) refers to rw_lib_platform_os.o(i.delay_ms) for delay_ms
    freertos.o(i.platform_init) refers to rw_lib_platform_os.o(i.wifi_init_params) for wifi_init_params
    freertos.o(i.platform_init) refers to rw_lib.o(i.rw_sysDriverInit) for rw_sysDriverInit
    freertos.o(i.platform_init) refers to freertos.o(i.p_lock_mutex) for p_lock_mutex
    freertos.o(i.platform_init) refers to freertos.o(i.clean_filename) for clean_filename
    freertos.o(i.platform_init) refers to rw_lib_platform_os.o(i.get_stamp) for get_stamp
    freertos.o(i.platform_init) refers to printf8.o(i.__0printf$8) for __2printf
    freertos.o(i.platform_init) refers to cmsis_os.o(i.osMutexRelease) for osMutexRelease
    freertos.o(i.platform_init) refers to rw_lib.o(i.rw_getLibVersion) for rw_getLibVersion
    freertos.o(i.platform_init) refers to rw_lib.o(i.rw_getMacAddr) for rw_getMacAddr
    freertos.o(i.platform_init) refers to freertos.o(.data) for .data
    freertos.o(i.rw_app_task) refers to freertos.o(i.platform_init) for platform_init
    freertos.o(i.rw_app_task) refers to ap_sta.o(i.rw_appdemo_context_init) for rw_appdemo_context_init
    freertos.o(i.rw_app_task) refers to freertos.o(i.p_lock_mutex) for p_lock_mutex
    freertos.o(i.rw_app_task) refers to freertos.o(i.clean_filename) for clean_filename
    freertos.o(i.rw_app_task) refers to rw_lib_platform_os.o(i.get_stamp) for get_stamp
    freertos.o(i.rw_app_task) refers to printf8.o(i.__0printf$8) for __2printf
    freertos.o(i.rw_app_task) refers to cmsis_os.o(i.osMutexRelease) for osMutexRelease
    freertos.o(i.rw_app_task) refers to cmsis_os.o(i.osDelay) for osDelay
    freertos.o(i.rw_app_task) refers to freertos.o(.data) for .data
    freertos.o(.constdata) refers to freertos.o(.conststring) for .conststring
    freertos.o(.constdata) refers to freertos.o(i.rw_app_task) for rw_app_task
    freertos.o(.data) refers to freertos.o(.conststring) for .conststring
    spi.o(i.HAL_SPI_MspDeInit) refers to stm32f4xx_hal_gpio.o(i.HAL_GPIO_DeInit) for HAL_GPIO_DeInit
    spi.o(i.HAL_SPI_MspInit) refers to stm32f4xx_hal_gpio.o(i.HAL_GPIO_Init) for HAL_GPIO_Init
    spi.o(i.MX_SPI1_Init) refers to stm32f4xx_hal_spi.o(i.HAL_SPI_Init) for HAL_SPI_Init
[...]
    TIM3_IRQHandler                          0x08000273   Thumb Code     0  startup_stm32f407xx.o(.text)
    TIM4_IRQHandler                          0x08000273   Thumb Code     0  startup_stm32f407xx.o(.text)
    TIM5_IRQHandler                          0x08000273   Thumb Code     0  startup_stm32f407xx.o(.text)
    TIM6_DAC_IRQHandler                      0x08000273   Thumb Code     0  startup_stm32f407xx.o(.text)
    TIM7_IRQHandler                          0x08000273   Thumb Code     0  startup_stm32f407xx.o(.text)
    TIM8_BRK_TIM12_IRQHandler                0x08000273   Thumb Code     0  startup_stm32f407xx.o(.text)
    TIM8_CC_IRQHandler                       0x08000273   Thumb Code     0  startup_stm32f407xx.o(.text)
    TIM8_TRG_COM_TIM14_IRQHandler            0x08000273   Thumb Code     0  startup_stm32f407xx.o(.text)
    TIM8_UP_TIM13_IRQHandler                 0x08000273   Thumb Code     0  startup_stm32f407xx.o(.text)
    UART4_IRQHandler                         0x08000273   Thumb Code     0  startup_stm32f407xx.o(.text)
    UART5_IRQHandler                         0x08000273   Thumb Code     0  startup_stm32f407xx.o(.text)
    USART1_IRQHandler                        0x08000273   Thumb Code     0  startup_stm32f407xx.o(.text)
    USART2_IRQHandler                        0x08000273   Thumb Code     0  startup_stm32f407xx.o(.text)
    USART3_IRQHandler                        0x08000273   Thumb Code     0  startup_stm32f407xx.o(.text)
    USART6_IRQHandler                        0x08000273   Thumb Code     0  startup_stm32f407xx.o(.text)
    WWDG_IRQHandler                          0x08000273   Thumb Code     0  startup_stm32f407xx.o(.text)
    __aeabi_memcpy                           0x0800027d   Thumb Code    36  memcpya.o(.text)
    __aeabi_memcpy4                          0x0800027d   Thumb Code     0  memcpya.o(.text)
    __aeabi_memcpy8                          0x0800027d   Thumb Code     0  memcpya.o(.text)
    __aeabi_memset                           0x080002a1   Thumb Code    14  memseta.o(.text)
    __aeabi_memset4                          0x080002a1   Thumb Code     0  memseta.o(.text)
    __aeabi_memset8                          0x080002a1   Thumb Code     0  memseta.o(.text)
    __aeabi_memclr                           0x080002af   Thumb Code     4  memseta.o(.text)
    __aeabi_memclr4                          0x080002af   Thumb Code     0  memseta.o(.text)
    __aeabi_memclr8                          0x080002af   Thumb Code     0  memseta.o(.text)
    _memset$wrapper                          0x080002b3   Thumb Code    18  memseta.o(.text)
    strncpy                                  0x080002c5   Thumb Code    24  strncpy.o(.text)
    strlen                                   0x080002dd   Thumb Code    14  strlen.o(.text)
    strcmp                                   0x080002eb   Thumb Code    28  strcmp.o(.text)
    memcmp                                   0x08000307   Thumb Code    26  memcmp.o(.text)
    strcpy                                   0x08000321   Thumb Code    18  strcpy.o(.text)
    strncmp                                  0x08000333   Thumb Code    30  strncmp.o(.text)
    __aeabi_uldivmod                         0x08000351   Thumb Code    98  uldiv.o(.text)
    __scatterload                            0x080003b5   Thumb Code    28  init.o(.text)
    __scatterload_rt2                        0x080003b5   Thumb Code     0  init.o(.text)
    __aeabi_llsl                             0x080003d9   Thumb Code    30  llshl.o(.text)
    _ll_shift_l                              0x080003d9   Thumb Code     0  llshl.o(.text)
    __aeabi_llsr                             0x080003f7   Thumb Code    32  llushr.o(.text)
    _ll_ushift_r                             0x080003f7   Thumb Code     0  llushr.o(.text)
    Api_AggrRecvAddbaReqEvent                0x08000417   Thumb Code    24  api_wmi_rx.o(i.Api_AggrRecvAddbaReqEvent)
    Api_AggrRecvDelbaReqEvent                0x0800042f   Thumb Code    12  api_wmi_rx.o(i.Api_AggrRecvDelbaReqEvent)
    Api_BssInfoEvent                         0x0800043b   Thumb Code     4  api_wmi_rx.o(i.Api_BssInfoEvent)
    Api_ConnectEvent                         0x0800043f   Thumb Code    66  api_wmi_rx.o(i.Api_ConnectEvent)
    Api_ConnectWiFi                          0x08000481   Thumb Code   340  api_ioctl.o(i.Api_ConnectWiFi)
    Api_DeInitFinish                         0x080005d5   Thumb Code    46  api_init.o(i.Api_DeInitFinish)
    Api_DeInitStart                          0x08000603   Thumb Code     4  api_init.o(i.Api_DeInitStart)
    Api_DisconnectEvent                      0x08000607   Thumb Code   134  api_wmi_rx.o(i.Api_DisconnectEvent)
    Api_DisconnectWiFi                       0x0800068d   Thumb Code    78  api_ioctl.o(i.Api_DisconnectWiFi)
    Api_DriverAccessCheck                    0x080006db   Thumb Code    54  api_ioctl.o(i.Api_DriverAccessCheck)
    Api_GetPmkEvent                          0x08000711   Thumb Code    32  api_wmi_rx.o(i.Api_GetPmkEvent)
    Api_InitFinish                           0x08000731   Thumb Code    48  api_init.o(i.Api_InitFinish)
    Api_InitStart                            0x08000765   Thumb Code    24  api_init.o(i.Api_InitStart)
    Api_ParseInfoElem                        0x0800077d   Thumb Code   270  api_ioctl.o(i.Api_ParseInfoElem)
    Api_RSNASuccessEvent                     0x08000891   Thumb Code     4  api_wmi_rx.o(i.Api_RSNASuccessEvent)
    Api_ReadyEvent                           0x08000895   Thumb Code    22  api_wmi_rx.o(i.Api_ReadyEvent)
    Api_RegDomainEvent                       0x080008ab   Thumb Code     2  api_wmi_rx.o(i.Api_RegDomainEvent)
    Api_RxComplete                           0x080008ad   Thumb Code   230  api_txrx.o(i.Api_RxComplete)
    Api_ScanCompleteEvent                    0x0800099d   Thumb Code    32  api_wmi_rx.o(i.Api_ScanCompleteEvent)
    Api_SockResponseEventRx                  0x080009bd   Thumb Code   418  api_stack_offload.o(i.Api_SockResponseEventRx)
    Api_TargetStatsEvent                     0x08000b65   Thumb Code    30  api_wmi_rx.o(i.Api_TargetStatsEvent)
    Api_TkipMicErrorEvent                    0x08000b83   Thumb Code    18  api_wmi_rx.o(i.Api_TkipMicErrorEvent)
    Api_TxComplete                           0x08000b95   Thumb Code    42  api_txrx.o(i.Api_TxComplete)
    Api_TxGetStatus                          0x08000bc5   Thumb Code    76  api_txrx.o(i.Api_TxGetStatus)
    Api_WMIInitFinish                        0x08000c15   Thumb Code   174  api_init.o(i.Api_WMIInitFinish)
    Api_WmiTxStart                           0x08000cc9   Thumb Code    32  api_txrx.o(i.Api_WmiTxStart)
    Api_WpsProfileEvent                      0x08000ce9   Thumb Code   268  api_wmi_rx.o(i.Api_WpsProfileEvent)
    Api_easyconfigEvent                      0x08000df5   Thumb Code     4  api_wmi_rx.o(i.Api_easyconfigEvent)
    Api_ipconfig_set_tcp_exponential_backoff_retry 0x08000df9   Thumb Code    54  api_stack_offload.o(i.Api_ipconfig_set_tcp_exponential_backoff_retry)
    BSP_WIFICS_Down                          0x08000ea9   Thumb Code    10  bsp.o(i.BSP_WIFICS_Down)
    BSP_WIFICS_Up                            0x08000eb9   Thumb Code    10  bsp.o(i.BSP_WIFICS_Up)
    BSP_WIFIPWD_Down                         0x08000ec9   Thumb Code    10  bsp.o(i.BSP_WIFIPWD_Down)
    BSP_WIFIPWD_Up                           0x08000ed9   Thumb Code    10  bsp.o(i.BSP_WIFIPWD_Up)
    Bus_InOutDescriptorSet                   0x08000ee9   Thumb Code   146  hw_api.o(i.Bus_InOutDescriptorSet)
    Bus_InOutToken                           0x08000f81   Thumb Code    34  hw_api.o(i.Bus_InOutToken)
    Custom_Api_BssInfoEvent                  0x08001045   Thumb Code   186  cust_api_wmi_rx.o(i.Custom_Api_BssInfoEvent)
    Custom_Api_ConnectEvent                  0x080010ff   Thumb Code   204  cust_api_wmi_rx.o(i.Custom_Api_ConnectEvent)
    Custom_Api_DisconnectEvent               0x080011cb   Thumb Code   142  cust_api_wmi_rx.o(i.Custom_Api_DisconnectEvent)
    Custom_Api_RSNASuccessEvent              0x08001259   Thumb Code   154  cust_api_wmi_rx.o(i.Custom_Api_RSNASuccessEvent)
    Custom_Api_ReadyEvent                    0x080012f3   Thumb Code    16  cust_api_wmi_rx.o(i.Custom_Api_ReadyEvent)
    Custom_Api_Start                         0x08001305   Thumb Code   210  cust_api_init.o(i.Custom_Api_Start)
    Custom_Api_easyconfigEvent               0x080013ed   Thumb Code   192  cust_api_wmi_rx.o(i.Custom_Api_easyconfigEvent)
    Custom_DeliverFrameToNetworkStack        0x080014b5   Thumb Code    84  cust_api_stack_txrx.o(i.Custom_DeliverFrameToNetworkStack)
    Custom_Driver_ContextDeInit              0x0800150d   Thumb Code   150  cust_driver_main.o(i.Custom_Driver_ContextDeInit)
    Custom_Driver_ContextInit                0x080015b1   Thumb Code    98  cust_driver_main.o(i.Custom_Driver_ContextInit)
    Custom_Driver_CreateThread               0x08001615   Thumb Code    24  cust_driver_main.o(i.Custom_Driver_CreateThread)
    Custom_Driver_WaitForCondition           0x08001631   Thumb Code    42  cust_driver_main.o(i.Custom_Driver_WaitForCondition)
    Custom_Driver_WakeDriver                 0x0800165b   Thumb Code    12  cust_driver_main.o(i.Custom_Driver_WakeDriver)
    Custom_Driver_WakeUser                   0x08001667   Thumb Code    12  cust_driver_main.o(i.Custom_Driver_WakeUser)
    Custom_GetRxRequest                      0x08001675   Thumb Code    76  cust_driver_main.o(i.Custom_GetRxRequest)
    Driver_BootComm                          0x080017f1   Thumb Code   440  driver_init.o(i.Driver_BootComm)
    Driver_ContextDeInit                     0x080019e1   Thumb Code    28  driver_init.o(i.Driver_ContextDeInit)
    Driver_ContextInit                       0x080019fd   Thumb Code   148  driver_init.o(i.Driver_ContextInit)
    Driver_DeInit                            0x08001a95   Thumb Code    62  driver_init.o(i.Driver_DeInit)
    Driver_Init                              0x08001ad5   Thumb Code   380  driver_init.o(i.Driver_Init)
    Driver_Main                              0x08001c59   Thumb Code   578  driver_main.o(i.Driver_Main)
    Driver_ReadDataDiag                      0x08001ea1   Thumb Code   224  driver_diag.o(i.Driver_ReadDataDiag)
    Driver_RecvPacket                        0x08001f81   Thumb Code    82  driver_txrx.o(i.Driver_RecvPacket)
    Driver_ReportRxBuffStatus                0x08001fd3   Thumb Code    28  driver_main.o(i.Driver_ReportRxBuffStatus)
    Driver_RxComplete                        0x08001ff1   Thumb Code    60  driver_txrx.o(i.Driver_RxComplete)
    Driver_RxReady                           0x08002031   Thumb Code   226  driver_main.o(i.Driver_RxReady)
    Driver_SendPacket                        0x0800211d   Thumb Code   128  driver_txrx.o(i.Driver_SendPacket)
    Driver_SubmitTxRequest                   0x0800219d   Thumb Code   110  driver_txrx.o(i.Driver_SubmitTxRequest)
    Driver_SubmitTxRequestNoBlock            0x08002211   Thumb Code   104  driver_txrx.o(i.Driver_SubmitTxRequestNoBlock)
    Driver_TxReady                           0x080022a9   Thumb Code   214  driver_main.o(i.Driver_TxReady)
    Driver_WriteDataDiag                     0x08002385   Thumb Code   226  driver_diag.o(i.Driver_WriteDataDiag)
    GetDriverContextByInterrupt              0x08002469   Thumb Code    16  cust_api_init.o(i.GetDriverContextByInterrupt)
    GetDriverContextPtr                      0x0800247d   Thumb Code    12  cust_api_init.o(i.GetDriverContextPtr)
    HAL_GPIO_DeInit                          0x0800248d   Thumb Code   360  stm32f4xx_hal_gpio.o(i.HAL_GPIO_DeInit)
    HAL_GPIO_Init                            0x0800265d   Thumb Code   652  stm32f4xx_hal_gpio.o(i.HAL_GPIO_Init)
    HAL_GPIO_WritePin                        0x0800296d   Thumb Code    46  stm32f4xx_hal_gpio.o(i.HAL_GPIO_WritePin)
    HAL_GetTick                              0x080029d9   Thumb Code     6  stm32f4xx_hal.o(i.HAL_GetTick)
    HAL_Init                                 0x080029e5   Thumb Code    48  stm32f4xx_hal.o(i.HAL_Init)
    HAL_InitTick                             0x08002a19   Thumb Code    34  stm32f4xx_hal.o(i.HAL_InitTick)
    HAL_MspInit                              0x08002a3b   Thumb Code    22  stm32f4xx_hal_msp.o(i.HAL_MspInit)
    HAL_NVIC_SetPriority                     0x08002a51   Thumb Code    94  stm32f4xx_hal_cortex.o(i.HAL_NVIC_SetPriority)
    HAL_NVIC_SetPriorityGrouping             0x08002af1   Thumb Code    58  stm32f4xx_hal_cortex.o(i.HAL_NVIC_SetPriorityGrouping)
    HAL_RCC_ClockConfig                      0x08002b71   Thumb Code   798  stm32f4xx_hal_rcc.o(i.HAL_RCC_ClockConfig)
    HAL_RCC_GetHCLKFreq                      0x08002ed1   Thumb Code    38  stm32f4xx_hal_rcc.o(i.HAL_RCC_GetHCLKFreq)
    HAL_RCC_GetPCLK1Freq                     0x08002f05   Thumb Code    36  stm32f4xx_hal_rcc.o(i.HAL_RCC_GetPCLK1Freq)
    HAL_RCC_GetPCLK2Freq                     0x08002f31   Thumb Code    36  stm32f4xx_hal_rcc.o(i.HAL_RCC_GetPCLK2Freq)
    HAL_RCC_GetSysClockFreq                  0x08002f5d   Thumb Code   104  stm32f4xx_hal_rcc.o(i.HAL_RCC_GetSysClockFreq)
    HAL_RCC_OscConfig                        0x08002fcd   Thumb Code  1118  stm32f4xx_hal_rcc.o(i.HAL_RCC_OscConfig)
    HAL_SPI_Init                             0x0800342d   Thumb Code   360  stm32f4xx_hal_spi.o(i.HAL_SPI_Init)
    HAL_SPI_MspDeInit                        0x080035cd   Thumb Code    28  spi.o(i.HAL_SPI_MspDeInit)
    HAL_SPI_MspInit                          0x080035f5   Thumb Code    60  spi.o(i.HAL_SPI_MspInit)
    HAL_SPI_TransmitReceive                  0x0800363d   Thumb Code   708  stm32f4xx_hal_spi.o(i.HAL_SPI_TransmitReceive)
    HAL_SYSTICK_CLKSourceConfig              0x08003939   Thumb Code    40  stm32f4xx_hal_cortex.o(i.HAL_SYSTICK_CLKSourceConfig)
    HAL_SYSTICK_Config                       0x0800399d   Thumb Code    40  stm32f4xx_hal_cortex.o(i.HAL_SYSTICK_Config)
    HAL_UART_Init                            0x080039c5   Thumb Code   238  stm32f4xx_hal_uart.o(i.HAL_UART_Init)
    HAL_UART_MspInit                         0x08003b09   Thumb Code    64  usart.o(i.HAL_UART_MspInit)
    HAL_UART_Transmit                        0x08003b55   Thumb Code   204  stm32f4xx_hal_uart.o(i.HAL_UART_Transmit)
    HTC_ConnectService                       0x08003c21   Thumb Code   188  htc.o(i.HTC_ConnectService)
    HTC_ProcessCpuInterrupt                  0x08003ce5   Thumb Code   166  htc.o(i.HTC_ProcessCpuInterrupt)
    HTC_Start                                0x08003dcd   Thumb Code   102  htc.o(i.HTC_Start)
    HTC_WaitTarget                           0x08003e39   Thumb Code    80  htc.o(i.HTC_WaitTarget)
    HW_DeInit                                0x08003e8d   Thumb Code     8  hw_api.o(i.HW_DeInit)
    HW_EnableDisableSPIIRQ                   0x08003e95   Thumb Code    84  hw_api.o(i.HW_EnableDisableSPIIRQ)
    HW_Init                                  0x08003ee9   Thumb Code    42  hw_api.o(i.HW_Init)
    HW_MsecDelay                             0x08003f13   Thumb Code    10  hw_api.o(i.HW_MsecDelay)
    HW_PowerUpDown                           0x08003f1d   Thumb Code    62  hw_api.o(i.HW_PowerUpDown)
    Hcd_ClearCPUInterrupt                    0x08003f5b   Thumb Code    60  spi_hcd.o(i.Hcd_ClearCPUInterrupt)
    Hcd_Deinitialize                         0x08003f97   Thumb Code    24  spi_hcd.o(i.Hcd_Deinitialize)
    Hcd_DoPioExternalAccess                  0x08003fb1   Thumb Code   266  spi_hcd.o(i.Hcd_DoPioExternalAccess)
    Hcd_DoPioInternalAccess                  0x080040c1   Thumb Code    14  spi_hcd.o(i.Hcd_DoPioInternalAccess)
    Hcd_GetLookAhead                         0x080040d1   Thumb Code   146  spi_hcd.o(i.Hcd_GetLookAhead)
    Hcd_GetMboxAddress                       0x08004169   Thumb Code    30  spi_hcd.o(i.Hcd_GetMboxAddress)
    Hcd_Init                                 0x0800418d   Thumb Code   438  spi_hcd.o(i.Hcd_Init)
    Hcd_ProgramWriteBufferWaterMark          0x0800434d   Thumb Code   250  spi_hcd.o(i.Hcd_ProgramWriteBufferWaterMark)
    Hcd_RefreshWriteBufferSpace              0x0800444d   Thumb Code    30  spi_hcd.o(i.Hcd_RefreshWriteBufferSpace)
    Hcd_Request                              0x0800446d   Thumb Code   164  spi_hcd.o(i.Hcd_Request)
    Hcd_SpiInterrupt                         0x08004515   Thumb Code   420  spi_hcd.o(i.Hcd_SpiInterrupt)
    Hcd_UnmaskSPIInterrupts                  0x080046bd   Thumb Code    44  spi_hcd.o(i.Hcd_UnmaskSPIInterrupts)
    Htc_GetCreditCounterUpdate               0x080046e9   Thumb Code   166  htc.o(i.Htc_GetCreditCounterUpdate)
    Htc_PrepareRecvPacket                    0x080047d5   Thumb Code    54  htc.o(i.Htc_PrepareRecvPacket)
    Htc_ProcessRecvHeader                    0x0800480d   Thumb Code   474  htc.o(i.Htc_ProcessRecvHeader)
    Htc_ProcessTxComplete                    0x08004a2d   Thumb Code     8  htc.o(i.Htc_ProcessTxComplete)
    Htc_ReadCreditCounter                    0x08004a35   Thumb Code    76  htc.o(i.Htc_ReadCreditCounter)
    Htc_RxComplete                           0x08004ac1   Thumb Code    30  htc.o(i.Htc_RxComplete)
    Htc_SendPacket                           0x08004b21   Thumb Code   138  htc.o(i.Htc_SendPacket)
    MX_FREERTOS_Init                         0x08004bed   Thumb Code    42  freertos.o(i.MX_FREERTOS_Init)
    MX_GPIO_Init                             0x08004c21   Thumb Code   110  gpio.o(i.MX_GPIO_Init)
    MX_SPI1_Init                             0x08004c9d   Thumb Code    68  spi.o(i.MX_SPI1_Init)
    MX_USART1_UART_Init                      0x08004cf9   Thumb Code    32  usart.o(i.MX_USART1_UART_Init)
    SysTick_Handler                          0x08004e27   Thumb Code     4  stm32f4xx_it.o(i.SysTick_Handler)
    SystemClock_Config                       0x08004e2d   Thumb Code   132  main.o(i.SystemClock_Config)
    SystemInit                               0x08004eb9   Thumb Code    66  system_stm32f4xx.o(i.SystemInit)
    Util_Freq2ieee                           0x080051ad   Thumb Code    78  util.o(i.Util_Freq2ieee)
    Util_GetEndpoint                         0x08005201   Thumb Code    18  util.o(i.Util_GetEndpoint)
    Util_Ieee2freq                           0x08005213   Thumb Code    46  util.o(i.Util_Ieee2freq)
    __0printf$8                              0x08005241   Thumb Code    22  printf8.o(i.__0printf$8)
    __1printf$8                              0x08005241   Thumb Code     0  printf8.o(i.__0printf$8)
    __2printf                                0x08005241   Thumb Code     0  printf8.o(i.__0printf$8)
    __0sprintf$8                             0x08005261   Thumb Code    34  printf8.o(i.__0sprintf$8)
    __1sprintf$8                             0x08005261   Thumb Code     0  printf8.o(i.__0sprintf$8)
    __2sprintf                               0x08005261   Thumb Code     0  printf8.o(i.__0sprintf$8)
    __ARM_common_memclr4_6                   0x08005289   Thumb Code     8  api_ioctl.o(i.__ARM_common_memclr4_6)
    __ARM_common_memclr4_7                   0x08005291   Thumb Code    10  wmi.o(i.__ARM_common_memclr4_7)
    __ARM_common_memclr4_8                   0x0800529b   Thumb Code     8  wmi.o(i.__ARM_common_memclr4_8)
    __scatterload_copy                       0x080052a3   Thumb Code    14  handlers.o(i.__scatterload_copy)
    __scatterload_null                       0x080052b1   Thumb Code     2  handlers.o(i.__scatterload_null)
    __scatterload_zeroinit                   0x080052b3   Thumb Code    14  handlers.o(i.__scatterload_zeroinit)
    a_free                                   0x08005b1f   Thumb Code    24  cust_driver_netbuf.o(i.a_free)
    a_malloc                                 0x08005b37   Thumb Code    24  cust_driver_netbuf.o(i.a_malloc)
    a_malloc_init                            0x08005b4f   Thumb Code     2  cust_driver_netbuf.o(i.a_malloc_init)
    a_netbuf_alloc                           0x08005b51   Thumb Code   118  cust_driver_netbuf.o(i.a_netbuf_alloc)
    a_netbuf_alloc_raw                       0x08005bc7   Thumb Code   104  cust_driver_netbuf.o(i.a_netbuf_alloc_raw)
    a_netbuf_configure                       0x08005c2f   Thumb Code    52  cust_driver_netbuf.o(i.a_netbuf_configure)
    a_netbuf_dequeue                         0x08005c63   Thumb Code    38  driver_netbuf.o(i.a_netbuf_dequeue)
    a_netbuf_enqueue                         0x08005c89   Thumb Code    26  driver_netbuf.o(i.a_netbuf_enqueue)
    a_netbuf_free                            0x08005ca3   Thumb Code   112  cust_driver_netbuf.o(i.a_netbuf_free)
    a_netbuf_get_fragment                    0x08005d13   Thumb Code    60  cust_driver_netbuf.o(i.a_netbuf_get_fragment)
    a_netbuf_init                            0x08005d4f   Thumb Code    24  cust_driver_netbuf.o(i.a_netbuf_init)
    a_netbuf_pull                            0x08005d69   Thumb Code    36  cust_driver_netbuf.o(i.a_netbuf_pull)
    a_netbuf_push                            0x08005d91   Thumb Code    36  cust_driver_netbuf.o(i.a_netbuf_push)
    a_netbuf_put                             0x08005db9   Thumb Code    50  cust_driver_netbuf.o(i.a_netbuf_put)
    a_netbuf_queue_init                      0x08005deb   Thumb Code    10  driver_netbuf.o(i.a_netbuf_queue_init)
    a_netbuf_reinit                          0x08005df5   Thumb Code    46  cust_driver_netbuf.o(i.a_netbuf_reinit)
    a_netbuf_set_rx_pool                     0x08005e23   Thumb Code     8  cust_driver_netbuf.o(i.a_netbuf_set_rx_pool)
    a_netbuf_tailroom                        0x08005e2b   Thumb Code     8  cust_driver_netbuf.o(i.a_netbuf_tailroom)
    a_netbuf_to_data                         0x08005e33   Thumb Code     4  cust_driver_netbuf.o(i.a_netbuf_to_data)
    a_netbuf_to_len                          0x08005e37   Thumb Code    62  cust_driver_netbuf.o(i.a_netbuf_to_len)
    a_netbuf_trim                            0x08005e75   Thumb Code    36  cust_driver_netbuf.o(i.a_netbuf_trim)
    aggr_deinit                              0x08005e9d   Thumb Code     2  rcv_aggr.o(i.aggr_deinit)
    aggr_init                                0x08005ea1   Thumb Code     8  rcv_aggr.o(i.aggr_init)
    aggr_recv_addba_req_evt                  0x08005ead   Thumb Code    48  rcv_aggr.o(i.aggr_recv_addba_req_evt)
    aggr_recv_delba_req_evt                  0x08005ee1   Thumb Code    28  rcv_aggr.o(i.aggr_recv_delba_req_evt)
    aggr_reset_state                         0x08005f01   Thumb Code    20  rcv_aggr.o(i.aggr_reset_state)
    assert_failed                            0x08005f19   Thumb Code    10  main.o(i.assert_failed)
    assert_func                              0x08005f55   Thumb Code    62  rw_lib.o(i.assert_func)
    ath_ioctl_handler                        0x08005f99   Thumb Code  1916  cust_api_ioctl.o(i.ath_ioctl_handler)
    clear_socket_context                     0x0800675d   Thumb Code    94  api_stack_offload.o(i.clear_socket_context)
    custom_ipconfig_set_tcp_exponential_backoff_retry 0x08006c69   Thumb Code    40  cust_api_stack_offload.o(i.custom_ipconfig_set_tcp_exponential_backoff_retry)
    custom_socket_context_deinit             0x08006c91   Thumb Code   204  cust_api_stack_offload.o(i.custom_socket_context_deinit)
    custom_socket_context_init               0x08006d61   Thumb Code   266  cust_api_stack_offload.o(i.custom_socket_context_init)
    default_native_free_fn                   0x08006f11   Thumb Code    54  cust_driver_netbuf.o(i.default_native_free_fn)
    delay_ms                                 0x08006f47   Thumb Code     4  rw_lib_platform_os.o(i.delay_ms)
    find_socket_context                      0x080070b5   Thumb Code   110  api_stack_offload.o(i.find_socket_context)
    fputc                                    0x08007129   Thumb Code    20  bsp.o(i.fputc)
    get_stamp                                0x08007141   Thumb Code     4  rw_lib_platform_os.o(i.get_stamp)
    isSocketBlocked                          0x08007151   Thumb Code     8  cust_api_stack_offload.o(i.isSocketBlocked)
    main                                     0x08007159   Thumb Code    30  main.o(i.main)
    osDelay                                  0x08007183   Thumb Code    14  cmsis_os.o(i.osDelay)
    osKernelStart                            0x08007191   Thumb Code    10  cmsis_os.o(i.osKernelStart)
    osMutexCreate                            0x0800719b   Thumb Code     6  cmsis_os.o(i.osMutexCreate)
    osMutexDelete                            0x080071a1   Thumb Code    24  cmsis_os.o(i.osMutexDelete)
    osMutexRelease                           0x080071b9   Thumb Code    74  cmsis_os.o(i.osMutexRelease)
    osMutexWait                              0x08007209   Thumb Code   100  cmsis_os.o(i.osMutexWait)
    osSemaphoreCreate                        0x08007271   Thumb Code    46  cmsis_os.o(i.osSemaphoreCreate)
    osSemaphoreDelete                        0x0800729f   Thumb Code    24  cmsis_os.o(i.osSemaphoreDelete)
    osSemaphoreRelease                       0x080072b9   Thumb Code    74  cmsis_os.o(i.osSemaphoreRelease)
    osSemaphoreWait                          0x08007309   Thumb Code   100  cmsis_os.o(i.osSemaphoreWait)
    osSystickHandler                         0x08007371   Thumb Code    20  cmsis_os.o(i.osSystickHandler)
    osThreadCreate                           0x08007385   Thumb Code    56  cmsis_os.o(i.osThreadCreate)
    platform_init                            0x080073cd   Thumb Code   266  freertos.o(i.platform_init)
    pvPortMalloc                             0x08007ab1   Thumb Code   210  heap_4.o(i.pvPortMalloc)
    pvTaskIncrementMutexHeldCount            0x08007b89   Thumb Code    18  tasks.o(i.pvTaskIncrementMutexHeldCount)
    pxPortInitialiseStack                    0x08007ba1   Thumb Code    36  port.o(i.pxPortInitialiseStack)
    rw_app_task                              0x08007bf9   Thumb Code    68  freertos.o(i.rw_app_task)
    rw_appdemo_context_init                  0x08007c71   Thumb Code    30  ap_sta.o(i.rw_appdemo_context_init)
    rw_creat_mutex                           0x08007c95   Thumb Code     6  rw_os.o(i.rw_creat_mutex)
    rw_creat_sem                             0x08007ca1   Thumb Code     8  rw_os.o(i.rw_creat_sem)
    rw_creat_task                            0x08007cad   Thumb Code    30  rw_os.o(i.rw_creat_task)
    rw_del_mutex                             0x08007cd1   Thumb Code    10  rw_os.o(i.rw_del_mutex)
    rw_del_sem                               0x08007cdb   Thumb Code    10  rw_os.o(i.rw_del_sem)
    rw_getLibVersion                         0x08007ce5   Thumb Code    98  rw_lib.o(i.rw_getLibVersion)
    rw_getMacAddr                            0x08007d69   Thumb Code    40  rw_lib.o(i.rw_getMacAddr)
    rw_lock_mutex                            0x08007d95   Thumb Code    16  rw_os.o(i.rw_lock_mutex)
    rw_pend_sem                              0x08007da5   Thumb Code    32  rw_os.o(i.rw_pend_sem)
    rw_post_sem                              0x08007dc5   Thumb Code    10  rw_os.o(i.rw_post_sem)
    rw_sysDriverInit                         0x08007dd1   Thumb Code   204  rw_lib.o(i.rw_sysDriverInit)
    rw_unlock_mutex                          0x08007ea5   Thumb Code    10  rw_os.o(i.rw_unlock_mutex)
    send_stack_init                          0x080080c9   Thumb Code    48  api_stack_offload.o(i.send_stack_init)
    socket_context_deinit                    0x080080f9   Thumb Code    44  api_stack_offload.o(i.socket_context_deinit)
    socket_context_init                      0x08008129   Thumb Code    98  api_stack_offload.o(i.socket_context_init)
    txpkt_free                               0x08008191   Thumb Code    56  cust_api_stack_offload.o(i.txpkt_free)
    unblock                                  0x080081c9   Thumb Code    28  cust_api_stack_offload.o(i.unblock)
    uxListRemove                             0x080081e5   Thumb Code    36  list.o(i.uxListRemove)
    vListInitialise                          0x08008209   Thumb Code    22  list.o(i.vListInitialise)
    vListInitialiseItem                      0x0800821f   Thumb Code     6  list.o(i.vListInitialiseItem)
    vListInsert                              0x08008225   Thumb Code    48  list.o(i.vListInsert)
    vListInsertEnd                           0x08008255   Thumb Code    24  list.o(i.vListInsertEnd)
    vPortEnterCritical                       0x0800826d   Thumb Code    54  port.o(i.vPortEnterCritical)
    vPortExitCritical                        0x080082ad   Thumb Code    34  port.o(i.vPortExitCritical)
    vPortFree                                0x080082d5   Thumb Code    88  heap_4.o(i.vPortFree)
    vPortSetupTimerInterrupt                 0x08008331   Thumb Code    26  port.o(i.vPortSetupTimerInterrupt)
    vPortValidateInterruptPriority           0x08008351   Thumb Code    76  port.o(i.vPortValidateInterruptPriority)
    vQueueAddToRegistry                      0x080083a5   Thumb Code    34  queue.o(i.vQueueAddToRegistry)
    vQueueDelete                             0x080083cd   Thumb Code    36  queue.o(i.vQueueDelete)
    vQueueUnregisterQueue                    0x080083f1   Thumb Code    30  queue.o(i.vQueueUnregisterQueue)
    vQueueWaitForMessageRestricted           0x08008415   Thumb Code    58  queue.o(i.vQueueWaitForMessageRestricted)
    vTaskDelay                               0x08008451   Thumb Code    94  tasks.o(i.vTaskDelay)
    vTaskMissedYield                         0x080084b9   Thumb Code     8  tasks.o(i.vTaskMissedYield)
    vTaskPlaceOnEventList                    0x080084c5   Thumb Code    90  tasks.o(i.vTaskPlaceOnEventList)
    vTaskPlaceOnEventListRestricted          0x08008529   Thumb Code    72  tasks.o(i.vTaskPlaceOnEventListRestricted)
    vTaskPriorityInherit                     0x08008575   Thumb Code   124  tasks.o(i.vTaskPriorityInherit)
    vTaskSetTimeOutState                     0x080085f9   Thumb Code    30  tasks.o(i.vTaskSetTimeOutState)
    vTaskStartScheduler                      0x0800861d   Thumb Code    88  tasks.o(i.vTaskStartScheduler)
    vTaskSuspendAll                          0x08008685   Thumb Code    10  tasks.o(i.vTaskSuspendAll)
    vTaskSwitchContext                       0x08008695   Thumb Code    82  tasks.o(i.vTaskSwitchContext)
    wifi_init_params                         0x080086f1   Thumb Code    92  rw_lib_platform_os.o(i.wifi_init_params)
    wmi_allow_aggr_cmd                       0x08008791   Thumb Code    60  wmi.o(i.wmi_allow_aggr_cmd)
    wmi_ap_profile_commit                    0x080087cd   Thumb Code    72  wmi.o(i.wmi_ap_profile_commit)
    wmi_ap_set_param                         0x08008815   Thumb Code   350  wmi.o(i.wmi_ap_set_param)
    wmi_bssfilter_cmd                        0x08008973   Thumb Code    72  wmi.o(i.wmi_bssfilter_cmd)
    wmi_cmd_send                             0x080089bd   Thumb Code   110  wmi.o(i.wmi_cmd_send)
    wmi_connect_cmd                          0x08008a6d   Thumb Code   180  wmi.o(i.wmi_connect_cmd)
    wmi_control_rx                           0x08008b21   Thumb Code   814  wmi.o(i.wmi_control_rx)
    wmi_data_hdr_remove                      0x08008e9d   Thumb Code    28  wmi.o(i.wmi_data_hdr_remove)
    wmi_disconnect_cmd                       0x08008ef9   Thumb Code    34  wmi.o(i.wmi_disconnect_cmd)
    wmi_get_pmk_cmd                          0x08008f1b   Thumb Code    36  wmi.o(i.wmi_get_pmk_cmd)
    wmi_get_power_mode_cmd                   0x08008f3f   Thumb Code     6  wmi.o(i.wmi_get_power_mode_cmd)
    wmi_get_stats_cmd                        0x08008f45   Thumb Code    34  wmi.o(i.wmi_get_stats_cmd)
    wmi_init                                 0x08008f67   Thumb Code   110  wmi.o(i.wmi_init)
    wmi_is_dead_cmd                          0x08008fd5   Thumb Code    34  wmi.o(i.wmi_is_dead_cmd)
    wmi_listeninterval_cmd                   0x08008ff7   Thumb Code    62  wmi.o(i.wmi_listeninterval_cmd)
    wmi_meta_add                             0x08009035   Thumb Code   160  wmi.o(i.wmi_meta_add)
    wmi_pmparams_cmd                         0x08009115   Thumb Code    90  wmi.o(i.wmi_pmparams_cmd)
    wmi_powermode_cmd                        0x0800916f   Thumb Code    54  wmi.o(i.wmi_powermode_cmd)
    wmi_probedSsid_cmd                       0x080091a5   Thumb Code   126  wmi.o(i.wmi_probedSsid_cmd)
    wmi_promiscuous_cmd                      0x08009229   Thumb Code    52  wmi.o(i.wmi_promiscuous_cmd)
    wmi_scanparams_cmd                       0x0800925d   Thumb Code   116  wmi.o(i.wmi_scanparams_cmd)
    wmi_set_channelParams_cmd                0x080092d1   Thumb Code   116  wmi.o(i.wmi_set_channelParams_cmd)
    wmi_set_channel_cmd                      0x08009345   Thumb Code    52  wmi.o(i.wmi_set_channel_cmd)
    wmi_set_control_ep                       0x08009379   Thumb Code    28  wmi.o(i.wmi_set_control_ep)
    wmi_set_ht_cap_cmd                       0x080093d5   Thumb Code    94  wmi.o(i.wmi_set_ht_cap_cmd)
    wmi_set_passphrase_cmd                   0x08009433   Thumb Code   102  wmi.o(i.wmi_set_passphrase_cmd)
    wmi_set_pmk_cmd                          0x08009499   Thumb Code    72  wmi.o(i.wmi_set_pmk_cmd)
    wmi_shutdown                             0x080094e1   Thumb Code    26  wmi.o(i.wmi_shutdown)
    wmi_socket_cmd                           0x080094fd   Thumb Code   100  wmi.o(i.wmi_socket_cmd)
    wmi_startscan_cmd                        0x080095a1   Thumb Code   130  wmi.o(i.wmi_startscan_cmd)
    wmi_storerecall_configure_cmd            0x08009623   Thumb Code    68  wmi.o(i.wmi_storerecall_configure_cmd)
    wmi_wps_start_cmd                        0x08009667   Thumb Code    58  wmi.o(i.wmi_wps_start_cmd)
    xPortStartScheduler                      0x08009899   Thumb Code   206  port.o(i.xPortStartScheduler)
    xPortSysTickHandler                      0x0800997d   Thumb Code    38  port.o(i.xPortSysTickHandler)
    xQueueCreateCountingSemaphore            0x080099a9   Thumb Code    72  queue.o(i.xQueueCreateCountingSemaphore)
    xQueueCreateMutex                        0x080099f1   Thumb Code    90  queue.o(i.xQueueCreateMutex)
    xQueueGenericCreate                      0x08009a4b   Thumb Code   100  queue.o(i.xQueueGenericCreate)
    xQueueGenericReceive                     0x08009ab1   Thumb Code   358  queue.o(i.xQueueGenericReceive)
    xQueueGenericReset                       0x08009c1d   Thumb Code   126  queue.o(i.xQueueGenericReset)
    xQueueGenericSend                        0x08009ca1   Thumb Code   348  queue.o(i.xQueueGenericSend)
    xQueueGenericSendFromISR                 0x08009e01   Thumb Code   182  queue.o(i.xQueueGenericSendFromISR)
    xQueueGiveFromISR                        0x08009eb7   Thumb Code   156  queue.o(i.xQueueGiveFromISR)
    xQueueReceiveFromISR                     0x08009f53   Thumb Code   142  queue.o(i.xQueueReceiveFromISR)
    xTaskCheckForTimeOut                     0x08009fe1   Thumb Code   102  tasks.o(i.xTaskCheckForTimeOut)
    xTaskGenericCreate                       0x0800a04d   Thumb Code   430  tasks.o(i.xTaskGenericCreate)
    xTaskGetSchedulerState                   0x0800a209   Thumb Code    22  tasks.o(i.xTaskGetSchedulerState)
    xTaskGetTickCount                        0x0800a225   Thumb Code     6  tasks.o(i.xTaskGetTickCount)
    xTaskIncrementTick                       0x0800a231   Thumb Code   194  tasks.o(i.xTaskIncrementTick)
    xTaskPriorityDisinherit                  0x0800a2fd   Thumb Code   144  tasks.o(i.xTaskPriorityDisinherit)
    xTaskRemoveFromEventList                 0x0800a395   Thumb Code   108  tasks.o(i.xTaskRemoveFromEventList)
    xTaskResumeAll                           0x0800a409   Thumb Code   182  tasks.o(i.xTaskResumeAll)
    xTimerCreateTimerTask                    0x0800a4cd   Thumb Code    60  timers.o(i.xTimerCreateTimerTask)
    xTimerGenericCommand                     0x0800a519   Thumb Code    68  timers.o(i.xTimerGenericCommand)
    APBAHBPrescTable                         0x0800a574   Data          16  stm32f4xx_hal_rcc.o(.constdata)
    Region$$Table$$Base                      0x0800a960   Number         0  anon$$obj.o(Region$$Table)
    Region$$Table$$Limit                     0x0800a980   Number         0  anon$$obj.o(Region$$Table)
    app_taskHandle                           0x20000004   Data           4  freertos.o(.data)
    buf_mutexHandle                          0x20000008   Data           4  freertos.o(.data)
    SystemCoreClock                          0x2000000c   Data           4  system_stm32f4xx.o(.data)
    pxCurrentTCB                             0x20000048   Data           4  tasks.o(.data)
    g_handle                                 0x20000080   Data           4  rw_lib.o(.data)
    g_cxt_ptr                                0x20000084   Data           8  cust_api_init.o(.data)
    is_probe_ssid                            0x2000008c   Data           4  wmi.o(.data)
    g_driverState                            0x20000090   Data           1  cust_driver_netbuf.o(.data)
    __stdout                                 0x20000094   Data           4  stdout.o(.data)
    hspi1                                    0x20000098   Data          88  spi.o(.bss)
    huart1                                   0x200000f0   Data          64  usart.o(.bss)
    xQueueRegistry                           0x20006558   Data          64  queue.o(.bss)
    conn                                     0x20006688   Data          20  rw_lib_platform_os.o(.bss)
    easywpsinfo                              0x2000669c   Data         103  rw_lib_platform_os.o(.bss)
    app_demo_ctx                             0x20006704   Data          68  ap_sta.o(.bss)
    g_driver_params                          0x20006748   Data          80  rw_lib.o(.bss)
    g_custom_driver_context                  0x200067c4   Data          72  cust_api_init.o(.bss)
    ath_sock_context                         0x200069cc   Data          36  api_stack_offload.o(.bss)
    ath_custom_init                          0x200069f0   Data          28  cust_driver_main.o(.bss)
    ath_custom_htc                           0x20006a0c   Data          12  cust_driver_main.o(.bss)
    __initial_sp                             0x20006e30   Data           0  startup_stm32f407xx.o(STACK)



==============================================================================

Memory Map of the image

  Image Entry point : 0x08000189

  Load Region LR_IROM1 (Base: 0x08000000, Size: 0x0000aa18, Max: 0x00080000, ABSOLUTE)

    Execution Region ER_IROM1 (Base: 0x08000000, Size: 0x0000a980, Max: 0x00080000, ABSOLUTE)

    Base Addr    Size         Type   Attr      Idx    E Section Name        Object

    0x08000000   0x00000188   Data   RO          493    RESET               startup_stm32f407xx.o
    0x08000188   0x00000000   Code   RO         5894  * .ARM.Collect$$$$00000000  mc_w.l(entry.o)
    0x08000188   0x00000004   Code   RO         6179    .ARM.Collect$$$$00000001  mc_w.l(entry2.o)
    0x0800018c   0x00000004   Code   RO         6182    .ARM.Collect$$$$00000004  mc_w.l(entry5.o)
    0x08000190   0x00000000   Code   RO         6184    .ARM.Collect$$$$00000008  mc_w.l(entry7b.o)
    0x08000190   0x00000000   Code   RO         6186    .ARM.Collect$$$$0000000A  mc_w.l(entry8b.o)
    0x08000190   0x00000008   Code   RO         6187    .ARM.Collect$$$$0000000B  mc_w.l(entry9a.o)
    0x08000198   0x00000000   Code   RO         6189    .ARM.Collect$$$$0000000D  mc_w.l(entry10a.o)
    0x08000198   0x00000000   Code   RO         6191    .ARM.Collect$$$$0000000F  mc_w.l(entry11a.o)
    0x08000198   0x00000004   Code   RO         6180    .ARM.Collect$$$$00002712  mc_w.l(entry2.o)
    0x0800019c   0x000000ba   Code   RO         2147    .emb_text           port.o
    0x08000256   0x00000002   PAD
    0x08000258   0x00000024   Code   RO          494    .text               startup_stm32f407xx.o
    0x0800027c   0x00000024   Code   RO         5900    .text               mc_w.l(memcpya.o)
    0x080002a0   0x00000024   Code   RO         5902    .text               mc_w.l(memseta.o)
    0x080002c4   0x00000018   Code   RO         5904    .text               mc_w.l(strncpy.o)
    0x080002dc   0x0000000e   Code   RO         5906    .text               mc_w.l(strlen.o)
    0x080002ea   0x0000001c   Code   RO         5908    .text               mc_w.l(strcmp.o)
    0x08000306   0x0000001a   Code   RO         5910    .text               mc_w.l(memcmp.o)
    0x08000320   0x00000012   Code   RO         5912    .text               mc_w.l(strcpy.o)
    0x08000332   0x0000001e   Code   RO         5914    .text               mc_w.l(strncmp.o)
    0x08000350   0x00000062   Code   RO         6196    .text               mc_w.l(uldiv.o)
    0x080003b2   0x00000002   PAD
    0x080003b4   0x00000024   Code   RO         6209    .text               mc_w.l(init.o)
    0x080003d8   0x0000001e   Code   RO         6211    .text               mc_w.l(llshl.o)
    0x080003f6   0x00000020   Code   RO         6213    .text               mc_w.l(llushr.o)
    0x08000416   0x00000018   Code   RO         5319    i.Api_AggrRecvAddbaReqEvent  rak_wifi_lib_os_ARM_CM4_V1.0.6.14.lib(api_wmi_rx.o)
    0x0800042e   0x0000000c   Code   RO         5320    i.Api_AggrRecvDelbaReqEvent  rak_wifi_lib_os_ARM_CM4_V1.0.6.14.lib(api_wmi_rx.o)
    0x0800043a   0x00000004   Code   RO         5322    i.Api_BssInfoEvent  rak_wifi_lib_os_ARM_CM4_V1.0.6.14.lib(api_wmi_rx.o)
    0x0800043e   0x00000042   Code   RO         5324    i.Api_ConnectEvent  rak_wifi_lib_os_ARM_CM4_V1.0.6.14.lib(api_wmi_rx.o)
    0x08000480   0x00000154   Code   RO         4245    i.Api_ConnectWiFi   rak_wifi_lib_os_ARM_CM4_V1.0.6.14.lib(api_ioctl.o)
    0x080005d4   0x0000002e   Code   RO         4202    i.Api_DeInitFinish  rak_wifi_lib_os_ARM_CM4_V1.0.6.14.lib(api_init.o)
    0x08000602   0x00000004   Code   RO         4203    i.Api_DeInitStart   rak_wifi_lib_os_ARM_CM4_V1.0.6.14.lib(api_init.o)
    0x08000606   0x00000086   Code   RO         5325    i.Api_DisconnectEvent  rak_wifi_lib_os_ARM_CM4_V1.0.6.14.lib(api_wmi_rx.o)
    0x0800068c   0x0000004e   Code   RO         4246    i.Api_DisconnectWiFi  rak_wifi_lib_os_ARM_CM4_V1.0.6.14.lib(api_ioctl.o)
    0x080006da   0x00000036   Code   RO         4247    i.Api_DriverAccessCheck  rak_wifi_lib_os_ARM_CM4_V1.0.6.14.lib(api_ioctl.o)
    0x08000710   0x00000020   Code   RO         5326    i.Api_GetPmkEvent   rak_wifi_lib_os_ARM_CM4_V1.0.6.14.lib(api_wmi_rx.o)
    0x08000730   0x00000034   Code   RO         4204    i.Api_InitFinish    rak_wifi_lib_os_ARM_CM4_V1.0.6.14.lib(api_init.o)
    0x08000764   0x00000018   Code   RO         4205    i.Api_InitStart     rak_wifi_lib_os_ARM_CM4_V1.0.6.14.lib(api_init.o)
    0x0800077c   0x00000114   Code   RO         4248    i.Api_ParseInfoElem  rak_wifi_lib_os_ARM_CM4_V1.0.6.14.lib(api_ioctl.o)
    0x08000890   0x00000004   Code   RO         5327    i.Api_RSNASuccessEvent  rak_wifi_lib_os_ARM_CM4_V1.0.6.14.lib(api_wmi_rx.o)
    0x08000894   0x00000016   Code   RO         5328    i.Api_ReadyEvent    rak_wifi_lib_os_ARM_CM4_V1.0.6.14.lib(api_wmi_rx.o)
    0x080008aa   0x00000002   Code   RO         5329    i.Api_RegDomainEvent  rak_wifi_lib_os_ARM_CM4_V1.0.6.14.lib(api_wmi_rx.o)
    0x080008ac   0x000000f0   Code   RO         4301    i.Api_RxComplete    rak_wifi_lib_os_ARM_CM4_V1.0.6.14.lib(api_txrx.o)
    0x0800099c   0x00000020   Code   RO         5330    i.Api_ScanCompleteEvent  rak_wifi_lib_os_ARM_CM4_V1.0.6.14.lib(api_wmi_rx.o)
    0x080009bc   0x000001a8   Code   RO         4451    i.Api_SockResponseEventRx  rak_wifi_lib_os_ARM_CM4_V1.0.6.14.lib(api_stack_offload.o)
    0x08000b64   0x0000001e   Code   RO         5331    i.Api_TargetStatsEvent  rak_wifi_lib_os_ARM_CM4_V1.0.6.14.lib(api_wmi_rx.o)
    0x08000b82   0x00000012   Code   RO         5332    i.Api_TkipMicErrorEvent  rak_wifi_lib_os_ARM_CM4_V1.0.6.14.lib(api_wmi_rx.o)
    0x08000b94   0x00000030   Code   RO         4302    i.Api_TxComplete    rak_wifi_lib_os_ARM_CM4_V1.0.6.14.lib(api_txrx.o)
    0x08000bc4   0x00000050   Code   RO         4303    i.Api_TxGetStatus   rak_wifi_lib_os_ARM_CM4_V1.0.6.14.lib(api_txrx.o)
    0x08000c14   0x000000b4   Code   RO         4206    i.Api_WMIInitFinish  rak_wifi_lib_os_ARM_CM4_V1.0.6.14.lib(api_init.o)
    0x08000cc8   0x00000020   Code   RO         4304    i.Api_WmiTxStart    rak_wifi_lib_os_ARM_CM4_V1.0.6.14.lib(api_txrx.o)
    0x08000ce8   0x0000010c   Code   RO         5333    i.Api_WpsProfileEvent  rak_wifi_lib_os_ARM_CM4_V1.0.6.14.lib(api_wmi_rx.o)
    0x08000df4   0x00000004   Code   RO         5334    i.Api_easyconfigEvent  rak_wifi_lib_os_ARM_CM4_V1.0.6.14.lib(api_wmi_rx.o)
    0x08000df8   0x0000003c   Code   RO         4463    i.Api_ipconfig_set_tcp_exponential_backoff_retry  rak_wifi_lib_os_ARM_CM4_V1.0.6.14.lib(api_stack_offload.o)
    0x08000e34   0x00000074   Code   RO         5022    i.Atheros_Driver_Task  rak_wifi_lib_os_ARM_CM4_V1.0.6.14.lib(cust_driver_main.o)
    0x08000ea8   0x00000010   Code   RO         3110    i.BSP_WIFICS_Down   bsp.o
    0x08000eb8   0x00000010   Code   RO         3111    i.BSP_WIFICS_Up     bsp.o
    0x08000ec8   0x00000010   Code   RO         3112    i.BSP_WIFIPWD_Down  bsp.o
    0x08000ed8   0x00000010   Code   RO         3113    i.BSP_WIFIPWD_Up    bsp.o
    0x08000ee8   0x00000098   Code   RO         5743    i.Bus_InOutDescriptorSet  rak_wifi_lib_os_ARM_CM4_V1.0.6.14.lib(hw_api.o)
    0x08000f80   0x00000022   Code   RO         5744    i.Bus_InOutToken    rak_wifi_lib_os_ARM_CM4_V1.0.6.14.lib(hw_api.o)
    0x08000fa2   0x000000a0   Code   RO         4345    i.ConnectService    rak_wifi_lib_os_ARM_CM4_V1.0.6.14.lib(driver_init.o)
    0x08001042   0x00000002   PAD
    0x08001044   0x000000ba   Code   RO         5847    i.Custom_Api_BssInfoEvent  rak_wifi_lib_os_ARM_CM4_V1.0.6.14.lib(cust_api_wmi_rx.o)
    0x080010fe   0x000000cc   Code   RO         5848    i.Custom_Api_ConnectEvent  rak_wifi_lib_os_ARM_CM4_V1.0.6.14.lib(cust_api_wmi_rx.o)
    0x080011ca   0x0000008e   Code   RO         5849    i.Custom_Api_DisconnectEvent  rak_wifi_lib_os_ARM_CM4_V1.0.6.14.lib(cust_api_wmi_rx.o)
    0x08001258   0x0000009a   Code   RO         5850    i.Custom_Api_RSNASuccessEvent  rak_wifi_lib_os_ARM_CM4_V1.0.6.14.lib(cust_api_wmi_rx.o)
    0x080012f2   0x00000010   Code   RO         5851    i.Custom_Api_ReadyEvent  rak_wifi_lib_os_ARM_CM4_V1.0.6.14.lib(cust_api_wmi_rx.o)
    0x08001302   0x00000002   PAD
    0x08001304   0x000000e8   Code   RO         3865    i.Custom_Api_Start  rak_wifi_lib_os_ARM_CM4_V1.0.6.14.lib(cust_api_init.o)
    0x080013ec   0x000000c8   Code   RO         5852    i.Custom_Api_easyconfigEvent  rak_wifi_lib_os_ARM_CM4_V1.0.6.14.lib(cust_api_wmi_rx.o)
    0x080014b4   0x00000058   Code   RO         5295    i.Custom_DeliverFrameToNetworkStack  rak_wifi_lib_os_ARM_CM4_V1.0.6.14.lib(cust_api_stack_txrx.o)
    0x0800150c   0x000000a4   Code   RO         5023    i.Custom_Driver_ContextDeInit  rak_wifi_lib_os_ARM_CM4_V1.0.6.14.lib(cust_driver_main.o)
    0x080015b0   0x00000062   Code   RO         5024    i.Custom_Driver_ContextInit  rak_wifi_lib_os_ARM_CM4_V1.0.6.14.lib(cust_driver_main.o)
    0x08001612   0x00000002   PAD
    0x08001614   0x0000001c   Code   RO         5025    i.Custom_Driver_CreateThread  rak_wifi_lib_os_ARM_CM4_V1.0.6.14.lib(cust_driver_main.o)
    0x08001630   0x0000002a   Code   RO         5027    i.Custom_Driver_WaitForCondition  rak_wifi_lib_os_ARM_CM4_V1.0.6.14.lib(cust_driver_main.o)
    0x0800165a   0x0000000c   Code   RO         5028    i.Custom_Driver_WakeDriver  rak_wifi_lib_os_ARM_CM4_V1.0.6.14.lib(cust_driver_main.o)
    0x08001666   0x0000000c   Code   RO         5029    i.Custom_Driver_WakeUser  rak_wifi_lib_os_ARM_CM4_V1.0.6.14.lib(cust_driver_main.o)
    0x08001672   0x00000002   Code   RO         5030    i.Custom_FreeRxRequest  rak_wifi_lib_os_ARM_CM4_V1.0.6.14.lib(cust_driver_main.o)
    0x08001674   0x00000054   Code   RO         5031    i.Custom_GetRxRequest  rak_wifi_lib_os_ARM_CM4_V1.0.6.14.lib(cust_driver_main.o)
    0x080016c8   0x000000bc   Code   RO         5558    i.DoDMAOp           rak_wifi_lib_os_ARM_CM4_V1.0.6.14.lib(spi_hcd.o)
    0x08001784   0x0000003a   Code   RO         5559    i.DoPioReadInternal  rak_wifi_lib_os_ARM_CM4_V1.0.6.14.lib(spi_hcd.o)
    0x080017be   0x00000032   Code   RO         5560    i.DoPioWriteInternal  rak_wifi_lib_os_ARM_CM4_V1.0.6.14.lib(spi_hcd.o)
    0x080017f0   0x000001f0   Code   RO         4346    i.Driver_BootComm   rak_wifi_lib_os_ARM_CM4_V1.0.6.14.lib(driver_init.o)
    0x080019e0   0x0000001c   Code   RO         4347    i.Driver_ContextDeInit  rak_wifi_lib_os_ARM_CM4_V1.0.6.14.lib(driver_init.o)
    0x080019fc   0x00000098   Code   RO         4348    i.Driver_ContextInit  rak_wifi_lib_os_ARM_CM4_V1.0.6.14.lib(driver_init.o)
    0x08001a94   0x0000003e   Code   RO         4349    i.Driver_DeInit     rak_wifi_lib_os_ARM_CM4_V1.0.6.14.lib(driver_init.o)
    0x08001ad2   0x00000002   PAD
    0x08001ad4   0x00000184   Code   RO         4351    i.Driver_Init       rak_wifi_lib_os_ARM_CM4_V1.0.6.14.lib(driver_init.o)
    0x08001c58   0x00000248   Code   RO         5477    i.Driver_Main       rak_wifi_lib_os_ARM_CM4_V1.0.6.14.lib(driver_main.o)
    0x08001ea0   0x000000e0   Code   RO         5429    i.Driver_ReadDataDiag  rak_wifi_lib_os_ARM_CM4_V1.0.6.14.lib(driver_diag.o)
    0x08001f80   0x00000052   Code   RO         5516    i.Driver_RecvPacket  rak_wifi_lib_os_ARM_CM4_V1.0.6.14.lib(driver_txrx.o)
    0x08001fd2   0x0000001c   Code   RO         5478    i.Driver_ReportRxBuffStatus  rak_wifi_lib_os_ARM_CM4_V1.0.6.14.lib(driver_main.o)
    0x08001fee   0x00000002   PAD
    0x08001ff0   0x00000040   Code   RO         5517    i.Driver_RxComplete  rak_wifi_lib_os_ARM_CM4_V1.0.6.14.lib(driver_txrx.o)
    0x08002030   0x000000ec   Code   RO         5479    i.Driver_RxReady    rak_wifi_lib_os_ARM_CM4_V1.0.6.14.lib(driver_main.o)
    0x0800211c   0x00000080   Code   RO         5518    i.Driver_SendPacket  rak_wifi_lib_os_ARM_CM4_V1.0.6.14.lib(driver_txrx.o)
    0x0800219c   0x00000074   Code   RO         5519    i.Driver_SubmitTxRequest  rak_wifi_lib_os_ARM_CM4_V1.0.6.14.lib(driver_txrx.o)
    0x08002210   0x0000006c   Code   RO         5520    i.Driver_SubmitTxRequestNoBlock  rak_wifi_lib_os_ARM_CM4_V1.0.6.14.lib(driver_txrx.o)
    0x0800227c   0x0000002c   Code   RO         5521    i.Driver_TxComplete  rak_wifi_lib_os_ARM_CM4_V1.0.6.14.lib(driver_txrx.o)
    0x080022a8   0x000000dc   Code   RO         5480    i.Driver_TxReady    rak_wifi_lib_os_ARM_CM4_V1.0.6.14.lib(driver_main.o)
    0x08002384   0x000000e2   Code   RO         5431    i.Driver_WriteDataDiag  rak_wifi_lib_os_ARM_CM4_V1.0.6.14.lib(driver_diag.o)
    0x08002466   0x00000002   PAD
    0x08002468   0x00000014   Code   RO         3866    i.GetDriverContextByInterrupt  rak_wifi_lib_os_ARM_CM4_V1.0.6.14.lib(cust_api_init.o)
    0x0800247c   0x00000010   Code   RO         3867    i.GetDriverContextPtr  rak_wifi_lib_os_ARM_CM4_V1.0.6.14.lib(cust_api_init.o)
    0x0800248c   0x000001d0   Code   RO          880    i.HAL_GPIO_DeInit   stm32f4xx_hal_gpio.o
    0x0800265c   0x00000310   Code   RO          883    i.HAL_GPIO_Init     stm32f4xx_hal_gpio.o
    0x0800296c   0x0000006c   Code   RO          887    i.HAL_GPIO_WritePin  stm32f4xx_hal_gpio.o
    0x080029d8   0x0000000c   Code   RO         1430    i.HAL_GetTick       stm32f4xx_hal.o
    0x080029e4   0x00000034   Code   RO         1432    i.HAL_Init          stm32f4xx_hal.o
    0x08002a18   0x00000022   Code   RO         1433    i.HAL_InitTick      stm32f4xx_hal.o
    0x08002a3a   0x00000016   Code   RO          189    i.HAL_MspInit       stm32f4xx_hal_msp.o
    0x08002a50   0x000000a0   Code   RO          510    i.HAL_NVIC_SetPriority  stm32f4xx_hal_cortex.o
    0x08002af0   0x00000080   Code   RO          511    i.HAL_NVIC_SetPriorityGrouping  stm32f4xx_hal_cortex.o
    0x08002b70   0x00000360   Code   RO         1618    i.HAL_RCC_ClockConfig  stm32f4xx_hal_rcc.o
    0x08002ed0   0x00000034   Code   RO         1623    i.HAL_RCC_GetHCLKFreq  stm32f4xx_hal_rcc.o
    0x08002f04   0x0000002c   Code   RO         1625    i.HAL_RCC_GetPCLK1Freq  stm32f4xx_hal_rcc.o
    0x08002f30   0x0000002c   Code   RO         1626    i.HAL_RCC_GetPCLK2Freq  stm32f4xx_hal_rcc.o
    0x08002f5c   0x00000070   Code   RO         1627    i.HAL_RCC_GetSysClockFreq  stm32f4xx_hal_rcc.o
    0x08002fcc   0x0000045e   Code   RO         1630    i.HAL_RCC_OscConfig  stm32f4xx_hal_rcc.o
    0x0800342a   0x00000002   PAD
    0x0800342c   0x000001a0   Code   RO          650    i.HAL_SPI_Init      stm32f4xx_hal_spi.o
    0x080035cc   0x00000028   Code   RO          345    i.HAL_SPI_MspDeInit  spi.o
    0x080035f4   0x00000048   Code   RO          346    i.HAL_SPI_MspInit   spi.o
    0x0800363c   0x000002fc   Code   RO          658    i.HAL_SPI_TransmitReceive  stm32f4xx_hal_spi.o
    0x08003938   0x00000064   Code   RO          513    i.HAL_SYSTICK_CLKSourceConfig  stm32f4xx_hal_cortex.o
    0x0800399c   0x00000028   Code   RO          515    i.HAL_SYSTICK_Config  stm32f4xx_hal_cortex.o
    0x080039c4   0x00000144   Code   RO         1003    i.HAL_UART_Init     stm32f4xx_hal_uart.o
    0x08003b08   0x0000004c   Code   RO          419    i.HAL_UART_MspInit  usart.o
    0x08003b54   0x000000cc   Code   RO         1011    i.HAL_UART_Transmit  stm32f4xx_hal_uart.o
    0x08003c20   0x000000c4   Code   RO         5669    i.HTC_ConnectService  rak_wifi_lib_os_ARM_CM4_V1.0.6.14.lib(htc.o)
    0x08003ce4   0x000000e8   Code   RO         5670    i.HTC_ProcessCpuInterrupt  rak_wifi_lib_os_ARM_CM4_V1.0.6.14.lib(htc.o)
    0x08003dcc   0x0000006c   Code   RO         5671    i.HTC_Start         rak_wifi_lib_os_ARM_CM4_V1.0.6.14.lib(htc.o)
    0x08003e38   0x00000054   Code   RO         5672    i.HTC_WaitTarget    rak_wifi_lib_os_ARM_CM4_V1.0.6.14.lib(htc.o)
    0x08003e8c   0x00000008   Code   RO         5746    i.HW_DeInit         rak_wifi_lib_os_ARM_CM4_V1.0.6.14.lib(hw_api.o)
    0x08003e94   0x00000054   Code   RO         5747    i.HW_EnableDisableSPIIRQ  rak_wifi_lib_os_ARM_CM4_V1.0.6.14.lib(hw_api.o)
    0x08003ee8   0x0000002a   Code   RO         5748    i.HW_Init           rak_wifi_lib_os_ARM_CM4_V1.0.6.14.lib(hw_api.o)
    0x08003f12   0x0000000a   Code   RO         5750    i.HW_MsecDelay      rak_wifi_lib_os_ARM_CM4_V1.0.6.14.lib(hw_api.o)
    0x08003f1c   0x0000003e   Code   RO         5751    i.HW_PowerUpDown    rak_wifi_lib_os_ARM_CM4_V1.0.6.14.lib(hw_api.o)
    0x08003f5a   0x0000003c   Code   RO         5561    i.Hcd_ClearCPUInterrupt  rak_wifi_lib_os_ARM_CM4_V1.0.6.14.lib(spi_hcd.o)
    0x08003f96   0x00000018   Code   RO         5562    i.Hcd_Deinitialize  rak_wifi_lib_os_ARM_CM4_V1.0.6.14.lib(spi_hcd.o)
    0x08003fae   0x00000002   PAD
    0x08003fb0   0x00000110   Code   RO         5563    i.Hcd_DoPioExternalAccess  rak_wifi_lib_os_ARM_CM4_V1.0.6.14.lib(spi_hcd.o)
    0x080040c0   0x0000000e   Code   RO         5564    i.Hcd_DoPioInternalAccess  rak_wifi_lib_os_ARM_CM4_V1.0.6.14.lib(spi_hcd.o)
    0x080040ce   0x00000002   PAD
    0x080040d0   0x00000098   Code   RO         5566    i.Hcd_GetLookAhead  rak_wifi_lib_os_ARM_CM4_V1.0.6.14.lib(spi_hcd.o)
    0x08004168   0x00000024   Code   RO         5567    i.Hcd_GetMboxAddress  rak_wifi_lib_os_ARM_CM4_V1.0.6.14.lib(spi_hcd.o)
    0x0800418c   0x000001c0   Code   RO         5568    i.Hcd_Init          rak_wifi_lib_os_ARM_CM4_V1.0.6.14.lib(spi_hcd.o)
    0x0800434c   0x00000100   Code   RO         5569    i.Hcd_ProgramWriteBufferWaterMark  rak_wifi_lib_os_ARM_CM4_V1.0.6.14.lib(spi_hcd.o)
    0x0800444c   0x0000001e   Code   RO         5570    i.Hcd_RefreshWriteBufferSpace  rak_wifi_lib_os_ARM_CM4_V1.0.6.14.lib(spi_hcd.o)
    0x0800446a   0x00000002   PAD
    0x0800446c   0x000000a8   Code   RO         5572    i.Hcd_Request       rak_wifi_lib_os_ARM_CM4_V1.0.6.14.lib(spi_hcd.o)
    0x08004514   0x000001a8   Code   RO         5573    i.Hcd_SpiInterrupt  rak_wifi_lib_os_ARM_CM4_V1.0.6.14.lib(spi_hcd.o)
    0x080046bc   0x0000002c   Code   RO         5574    i.Hcd_UnmaskSPIInterrupts  rak_wifi_lib_os_ARM_CM4_V1.0.6.14.lib(spi_hcd.o)
    0x080046e8   0x000000ec   Code   RO         5673    i.Htc_GetCreditCounterUpdate  rak_wifi_lib_os_ARM_CM4_V1.0.6.14.lib(htc.o)
    0x080047d4   0x00000036   Code   RO         5674    i.Htc_PrepareRecvPacket  rak_wifi_lib_os_ARM_CM4_V1.0.6.14.lib(htc.o)
    0x0800480a   0x00000002   PAD
    0x0800480c   0x00000220   Code   RO         5675    i.Htc_ProcessRecvHeader  rak_wifi_lib_os_ARM_CM4_V1.0.6.14.lib(htc.o)
    0x08004a2c   0x00000008   Code   RO         5676    i.Htc_ProcessTxComplete  rak_wifi_lib_os_ARM_CM4_V1.0.6.14.lib(htc.o)
    0x08004a34   0x0000008c   Code   RO         5677    i.Htc_ReadCreditCounter  rak_wifi_lib_os_ARM_CM4_V1.0.6.14.lib(htc.o)
    0x08004ac0   0x00000060   Code   RO         5678    i.Htc_RxComplete    rak_wifi_lib_os_ARM_CM4_V1.0.6.14.lib(htc.o)
    0x08004b20   0x000000cc   Code   RO         5679    i.Htc_SendPacket    rak_wifi_lib_os_ARM_CM4_V1.0.6.14.lib(htc.o)
    0x08004bec   0x00000034   Code   RO          242    i.MX_FREERTOS_Init  freertos.o
    0x08004c20   0x0000007c   Code   RO          394    i.MX_GPIO_Init      gpio.o
    0x08004c9c   0x0000005c   Code   RO          347    i.MX_SPI1_Init      spi.o
    0x08004cf8   0x00000028   Code   RO          420    i.MX_USART1_UART_Init  usart.o
    0x08004d20   0x00000046   Code   RO         5575    i.MaskSPIInterrupts  rak_wifi_lib_os_ARM_CM4_V1.0.6.14.lib(spi_hcd.o)
    0x08004d66   0x00000002   PAD
    0x08004d68   0x00000020   Code   RO          517    i.NVIC_SetPriority  stm32f4xx_hal_cortex.o
    0x08004d88   0x0000009e   Code   RO          680    i.SPI_WaitOnFlagUntilTimeout  stm32f4xx_hal_spi.o
    0x08004e26   0x00000004   Code   RO          216    i.SysTick_Handler   stm32f4xx_it.o
    0x08004e2a   0x00000002   PAD
    0x08004e2c   0x0000008c   Code   RO            4    i.SystemClock_Config  main.o
    0x08004eb8   0x00000054   Code   RO          461    i.SystemInit        system_stm32f4xx.o
    0x08004f0c   0x0000020c   Code   RO         1022    i.UART_SetConfig    stm32f4xx_hal_uart.o
    0x08005118   0x00000092   Code   RO         1024    i.UART_WaitOnFlagUntilTimeout  stm32f4xx_hal_uart.o
    0x080051aa   0x00000002   PAD
    0x080051ac   0x00000054   Code   RO         4633    i.Util_Freq2ieee    rak_wifi_lib_os_ARM_CM4_V1.0.6.14.lib(util.o)
    0x08005200   0x00000012   Code   RO         4634    i.Util_GetEndpoint  rak_wifi_lib_os_ARM_CM4_V1.0.6.14.lib(util.o)
    0x08005212   0x0000002e   Code   RO         4635    i.Util_Ieee2freq    rak_wifi_lib_os_ARM_CM4_V1.0.6.14.lib(util.o)
    0x08005240   0x00000020   Code   RO         6125    i.__0printf$8       mc_w.l(printf8.o)
    0x08005260   0x00000028   Code   RO         6127    i.__0sprintf$8      mc_w.l(printf8.o)
    0x08005288   0x00000008   Code   RO         4277    i.__ARM_common_memclr4_6  rak_wifi_lib_os_ARM_CM4_V1.0.6.14.lib(api_ioctl.o)
    0x08005290   0x0000000a   Code   RO         5002    i.__ARM_common_memclr4_7  rak_wifi_lib_os_ARM_CM4_V1.0.6.14.lib(wmi.o)
    0x0800529a   0x00000008   Code   RO         5004    i.__ARM_common_memclr4_8  rak_wifi_lib_os_ARM_CM4_V1.0.6.14.lib(wmi.o)
    0x080052a2   0x0000000e   Code   RO         6221    i.__scatterload_copy  mc_w.l(handlers.o)
    0x080052b0   0x00000002   Code   RO         6222    i.__scatterload_null  mc_w.l(handlers.o)
    0x080052b2   0x0000000e   Code   RO         6223    i.__scatterload_zeroinit  mc_w.l(handlers.o)
    0x080052c0   0x0000009c   Code   RO         3502    i._check_sys_params  rak_wifi_lib_os_ARM_CM4_V1.0.6.14.lib(rw_lib.o)
    0x0800535c   0x00000088   Code   RO         3164    i._deinit_interface  rw_lib_platform_os.o
    0x080053e4   0x00000080   Code   RO         3165    i._ext_interrupt    rw_lib_platform_os.o
    0x08005464   0x00000080   Code   RO         3166    i._init_interface   rw_lib_platform_os.o
    0x080054e4   0x00000094   Code   RO         3167    i._power_up_down    rw_lib_platform_os.o
    0x08005578   0x00000408   Code   RO         6132    i._printf_core      mc_w.l(printf8.o)
    0x08005980   0x00000026   Code   RO         6133    i._printf_post_padding  mc_w.l(printf8.o)
    0x080059a6   0x00000030   Code   RO         6134    i._printf_pre_padding  mc_w.l(printf8.o)
    0x080059d6   0x00000002   PAD
    0x080059d8   0x0000013c   Code   RO         3168    i._spi_io_buffer    rw_lib_platform_os.o
    0x08005b14   0x0000000a   Code   RO         6136    i._sputc            mc_w.l(printf8.o)
    0x08005b1e   0x00000018   Code   RO         5099    i.a_free            rak_wifi_lib_os_ARM_CM4_V1.0.6.14.lib(cust_driver_netbuf.o)
    0x08005b36   0x00000018   Code   RO         5100    i.a_malloc          rak_wifi_lib_os_ARM_CM4_V1.0.6.14.lib(cust_driver_netbuf.o)
    0x08005b4e   0x00000002   Code   RO         5101    i.a_malloc_init     rak_wifi_lib_os_ARM_CM4_V1.0.6.14.lib(cust_driver_netbuf.o)
    0x08005b50   0x00000076   Code   RO         5102    i.a_netbuf_alloc    rak_wifi_lib_os_ARM_CM4_V1.0.6.14.lib(cust_driver_netbuf.o)
    0x08005bc6   0x00000068   Code   RO         5103    i.a_netbuf_alloc_raw  rak_wifi_lib_os_ARM_CM4_V1.0.6.14.lib(cust_driver_netbuf.o)
    0x08005c2e   0x00000034   Code   RO         5105    i.a_netbuf_configure  rak_wifi_lib_os_ARM_CM4_V1.0.6.14.lib(cust_driver_netbuf.o)
    0x08005c62   0x00000026   Code   RO         4421    i.a_netbuf_dequeue  rak_wifi_lib_os_ARM_CM4_V1.0.6.14.lib(driver_netbuf.o)
    0x08005c88   0x0000001a   Code   RO         4422    i.a_netbuf_enqueue  rak_wifi_lib_os_ARM_CM4_V1.0.6.14.lib(driver_netbuf.o)
    0x08005ca2   0x00000070   Code   RO         5107    i.a_netbuf_free     rak_wifi_lib_os_ARM_CM4_V1.0.6.14.lib(cust_driver_netbuf.o)
    0x08005d12   0x0000003c   Code   RO         5110    i.a_netbuf_get_fragment  rak_wifi_lib_os_ARM_CM4_V1.0.6.14.lib(cust_driver_netbuf.o)
    0x08005d4e   0x00000018   Code   RO         5112    i.a_netbuf_init     rak_wifi_lib_os_ARM_CM4_V1.0.6.14.lib(cust_driver_netbuf.o)
    0x08005d66   0x00000002   PAD
    0x08005d68   0x00000028   Code   RO         5113    i.a_netbuf_pull     rak_wifi_lib_os_ARM_CM4_V1.0.6.14.lib(cust_driver_netbuf.o)
    0x08005d90   0x00000028   Code   RO         5115    i.a_netbuf_push     rak_wifi_lib_os_ARM_CM4_V1.0.6.14.lib(cust_driver_netbuf.o)
    0x08005db8   0x00000032   Code   RO         5117    i.a_netbuf_put      rak_wifi_lib_os_ARM_CM4_V1.0.6.14.lib(cust_driver_netbuf.o)
    0x08005dea   0x0000000a   Code   RO         4424    i.a_netbuf_queue_init  rak_wifi_lib_os_ARM_CM4_V1.0.6.14.lib(driver_netbuf.o)
    0x08005df4   0x0000002e   Code   RO         5119    i.a_netbuf_reinit   rak_wifi_lib_os_ARM_CM4_V1.0.6.14.lib(cust_driver_netbuf.o)
    0x08005e22   0x00000008   Code   RO         5120    i.a_netbuf_set_rx_pool  rak_wifi_lib_os_ARM_CM4_V1.0.6.14.lib(cust_driver_netbuf.o)
    0x08005e2a   0x00000008   Code   RO         5122    i.a_netbuf_tailroom  rak_wifi_lib_os_ARM_CM4_V1.0.6.14.lib(cust_driver_netbuf.o)
    0x08005e32   0x00000004   Code   RO         5123    i.a_netbuf_to_data  rak_wifi_lib_os_ARM_CM4_V1.0.6.14.lib(cust_driver_netbuf.o)
    0x08005e36   0x0000003e   Code   RO         5124    i.a_netbuf_to_len   rak_wifi_lib_os_ARM_CM4_V1.0.6.14.lib(cust_driver_netbuf.o)
    0x08005e74   0x00000028   Code   RO         5125    i.a_netbuf_trim     rak_wifi_lib_os_ARM_CM4_V1.0.6.14.lib(cust_driver_netbuf.o)
    0x08005e9c   0x00000002   Code   RO         5802    i.aggr_deinit       rak_wifi_lib_os_ARM_CM4_V1.0.6.14.lib(rcv_aggr.o)
    0x08005e9e   0x00000002   PAD
    0x08005ea0   0x0000000c   Code   RO         5803    i.aggr_init         rak_wifi_lib_os_ARM_CM4_V1.0.6.14.lib(rcv_aggr.o)
    0x08005eac   0x00000034   Code   RO         5805    i.aggr_recv_addba_req_evt  rak_wifi_lib_os_ARM_CM4_V1.0.6.14.lib(rcv_aggr.o)
    0x08005ee0   0x00000020   Code   RO         5806    i.aggr_recv_delba_req_evt  rak_wifi_lib_os_ARM_CM4_V1.0.6.14.lib(rcv_aggr.o)
    0x08005f00   0x00000018   Code   RO         5807    i.aggr_reset_state  rak_wifi_lib_os_ARM_CM4_V1.0.6.14.lib(rcv_aggr.o)
    0x08005f18   0x0000003c   Code   RO            5    i.assert_failed     main.o
    0x08005f54   0x00000044   Code   RO         3505    i.assert_func       rak_wifi_lib_os_ARM_CM4_V1.0.6.14.lib(rw_lib.o)
    0x08005f98   0x0000077c   Code   RO         3945    i.ath_ioctl_handler  rak_wifi_lib_os_ARM_CM4_V1.0.6.14.lib(cust_api_ioctl.o)
    0x08006714   0x00000024   Code   RO          244    i.clean_filename    freertos.o
    0x08006738   0x00000024   Code   RO         3169    i.clean_filename    rw_lib_platform_os.o
    0x0800675c   0x00000064   Code   RO         4471    i.clear_socket_context  rak_wifi_lib_os_ARM_CM4_V1.0.6.14.lib(api_stack_offload.o)
    0x080067c0   0x000004a8   Code   RO         3170    i.connect_callback  rw_lib_platform_os.o
    0x08006c68   0x00000028   Code   RO         3986    i.custom_ipconfig_set_tcp_exponential_backoff_retry  rak_wifi_lib_os_ARM_CM4_V1.0.6.14.lib(cust_api_stack_offload.o)
    0x08006c90   0x000000d0   Code   RO         3988    i.custom_socket_context_deinit  rak_wifi_lib_os_ARM_CM4_V1.0.6.14.lib(cust_api_stack_offload.o)
    0x08006d60   0x00000114   Code   RO         3989    i.custom_socket_context_init  rak_wifi_lib_os_ARM_CM4_V1.0.6.14.lib(cust_api_stack_offload.o)
    0x08006e74   0x0000009c   Code   RO         3171    i.customer_assert   rw_lib_platform_os.o
    0x08006f10   0x00000036   Code   RO         5126    i.default_native_free_fn  rak_wifi_lib_os_ARM_CM4_V1.0.6.14.lib(cust_driver_netbuf.o)
    0x08006f46   0x00000004   Code   RO         3172    i.delay_ms          rw_lib_platform_os.o
    0x08006f4a   0x0000016a   Code   RO         5853    i.fill_scan_info    rak_wifi_lib_os_ARM_CM4_V1.0.6.14.lib(cust_api_wmi_rx.o)
    0x080070b4   0x00000074   Code   RO         4472    i.find_socket_context  rak_wifi_lib_os_ARM_CM4_V1.0.6.14.lib(api_stack_offload.o)
    0x08007128   0x00000018   Code   RO         3115    i.fputc             bsp.o
    0x08007140   0x00000004   Code   RO         3173    i.get_stamp         rw_lib_platform_os.o
    0x08007144   0x0000000c   Code   RO         2223    i.inHandlerMode     cmsis_os.o
    0x08007150   0x00000008   Code   RO         3991    i.isSocketBlocked   rak_wifi_lib_os_ARM_CM4_V1.0.6.14.lib(cust_api_stack_offload.o)
    0x08007158   0x0000001e   Code   RO            6    i.main              main.o
    0x08007176   0x0000000c   Code   RO         2225    i.makeFreeRtosPriority  cmsis_os.o
    0x08007182   0x0000000e   Code   RO         2226    i.osDelay           cmsis_os.o
    0x08007190   0x0000000a   Code   RO         2229    i.osKernelStart     cmsis_os.o
    0x0800719a   0x00000006   Code   RO         2241    i.osMutexCreate     cmsis_os.o
    0x080071a0   0x00000018   Code   RO         2242    i.osMutexDelete     cmsis_os.o
    0x080071b8   0x00000050   Code   RO         2243    i.osMutexRelease    cmsis_os.o
    0x08007208   0x00000068   Code   RO         2244    i.osMutexWait       cmsis_os.o
    0x08007270   0x0000002e   Code   RO         2252    i.osSemaphoreCreate  cmsis_os.o
    0x0800729e   0x00000018   Code   RO         2253    i.osSemaphoreDelete  cmsis_os.o
    0x080072b6   0x00000002   PAD
    0x080072b8   0x00000050   Code   RO         2254    i.osSemaphoreRelease  cmsis_os.o
    0x08007308   0x00000068   Code   RO         2255    i.osSemaphoreWait   cmsis_os.o
    0x08007370   0x00000014   Code   RO         2258    i.osSystickHandler  cmsis_os.o
    0x08007384   0x00000038   Code   RO         2259    i.osThreadCreate    cmsis_os.o
    0x080073bc   0x00000008   Code   RO          245    i.p_lock_mutex      freertos.o
    0x080073c4   0x00000008   Code   RO         3174    i.p_lock_mutex      rw_lib_platform_os.o
    0x080073cc   0x000001b0   Code   RO          246    i.platform_init     freertos.o
    0x0800757c   0x00000034   Code   RO         2819    i.prvAddCurrentTaskToDelayedList  tasks.o
    0x080075b0   0x00000060   Code   RO         2026    i.prvCheckForValidListAndQueue  timers.o
    0x08007610   0x00000054   Code   RO         2820    i.prvCheckTasksWaitingTermination  tasks.o
    0x08007664   0x00000026   Code   RO         2648    i.prvCopyDataFromQueue  queue.o
    0x0800768a   0x0000006e   Code   RO         2649    i.prvCopyDataToQueue  queue.o
    0x080076f8   0x0000004c   Code   RO         1958    i.prvHeapInit       heap_4.o
    0x08007744   0x00000028   Code   RO         2821    i.prvIdleTask       tasks.o
    0x0800776c   0x0000004c   Code   RO         1959    i.prvInsertBlockIntoFreeList  heap_4.o
    0x080077b8   0x00000038   Code   RO         2027    i.prvInsertTimerInActiveList  timers.o
    0x080077f0   0x000000bc   Code   RO         2028    i.prvProcessReceivedCommands  timers.o
    0x080078ac   0x000000a8   Code   RO         2029    i.prvProcessTimerOrBlockTask  timers.o
    0x08007954   0x00000020   Code   RO         2823    i.prvResetNextTaskUnblockTime  tasks.o
    0x08007974   0x00000028   Code   RO         2030    i.prvSampleTimeNow  timers.o
    0x0800799c   0x0000006c   Code   RO         2031    i.prvSwitchTimerLists  timers.o
    0x08007a08   0x00000020   Code   RO         2148    i.prvTaskExitError  port.o
    0x08007a28   0x00000024   Code   RO         2032    i.prvTimerTask      timers.o
    0x08007a4c   0x00000064   Code   RO         2650    i.prvUnlockQueue    queue.o
    0x08007ab0   0x000000d8   Code   RO         1960    i.pvPortMalloc      heap_4.o
    0x08007b88   0x00000018   Code   RO         2825    i.pvTaskIncrementMutexHeldCount  tasks.o
    0x08007ba0   0x00000028   Code   RO         2149    i.pxPortInitialiseStack  port.o
    0x08007bc8   0x0000002e   Code   RO         4305    i.query_credit_deficit  rak_wifi_lib_os_ARM_CM4_V1.0.6.14.lib(api_txrx.o)
    0x08007bf6   0x00000002   PAD
    0x08007bf8   0x00000078   Code   RO          247    i.rw_app_task       freertos.o
    0x08007c70   0x00000024   Code   RO         3350    i.rw_appdemo_context_init  ap_sta.o
    0x08007c94   0x0000000c   Code   RO         3267    i.rw_creat_mutex    rw_os.o
    0x08007ca0   0x0000000c   Code   RO         3268    i.rw_creat_sem      rw_os.o
    0x08007cac   0x00000024   Code   RO         3269    i.rw_creat_task     rw_os.o
    0x08007cd0   0x0000000a   Code   RO         3270    i.rw_del_mutex      rw_os.o
    0x08007cda   0x0000000a   Code   RO         3271    i.rw_del_sem        rw_os.o
    0x08007ce4   0x00000084   Code   RO         3518    i.rw_getLibVersion  rak_wifi_lib_os_ARM_CM4_V1.0.6.14.lib(rw_lib.o)
    0x08007d68   0x0000002c   Code   RO         3519    i.rw_getMacAddr     rak_wifi_lib_os_ARM_CM4_V1.0.6.14.lib(rw_lib.o)
    0x08007d94   0x00000010   Code   RO         3273    i.rw_lock_mutex     rw_os.o
    0x08007da4   0x00000020   Code   RO         3274    i.rw_pend_sem       rw_os.o
    0x08007dc4   0x0000000a   Code   RO         3275    i.rw_post_sem       rw_os.o
    0x08007dce   0x00000002   PAD
    0x08007dd0   0x000000d4   Code   RO         3526    i.rw_sysDriverInit  rak_wifi_lib_os_ARM_CM4_V1.0.6.14.lib(rw_lib.o)
    0x08007ea4   0x0000000a   Code   RO         3276    i.rw_unlock_mutex   rw_os.o
    0x08007eae   0x00000002   PAD
    0x08007eb0   0x00000088   Code   RO         3175    i.scan_callback     rw_lib_platform_os.o
    0x08007f38   0x00000190   Code   RO         4249    i.security_ie_parse  rak_wifi_lib_os_ARM_CM4_V1.0.6.14.lib(api_ioctl.o)
    0x080080c8   0x00000030   Code   RO         4475    i.send_stack_init   rak_wifi_lib_os_ARM_CM4_V1.0.6.14.lib(api_stack_offload.o)
    0x080080f8   0x00000030   Code   RO         4476    i.socket_context_deinit  rak_wifi_lib_os_ARM_CM4_V1.0.6.14.lib(api_stack_offload.o)
    0x08008128   0x00000068   Code   RO         4477    i.socket_context_init  rak_wifi_lib_os_ARM_CM4_V1.0.6.14.lib(api_stack_offload.o)
    0x08008190   0x00000038   Code   RO         4012    i.txpkt_free        rak_wifi_lib_os_ARM_CM4_V1.0.6.14.lib(cust_api_stack_offload.o)
    0x080081c8   0x0000001c   Code   RO         4013    i.unblock           rak_wifi_lib_os_ARM_CM4_V1.0.6.14.lib(cust_api_stack_offload.o)
    0x080081e4   0x00000024   Code   RO         2111    i.uxListRemove      list.o
    0x08008208   0x00000016   Code   RO         2112    i.vListInitialise   list.o
    0x0800821e   0x00000006   Code   RO         2113    i.vListInitialiseItem  list.o
    0x08008224   0x00000030   Code   RO         2114    i.vListInsert       list.o
    0x08008254   0x00000018   Code   RO         2115    i.vListInsertEnd    list.o
    0x0800826c   0x00000040   Code   RO         2151    i.vPortEnterCritical  port.o
    0x080082ac   0x00000028   Code   RO         2152    i.vPortExitCritical  port.o
    0x080082d4   0x0000005c   Code   RO         1961    i.vPortFree         heap_4.o
    0x08008330   0x00000020   Code   RO         2153    i.vPortSetupTimerInterrupt  port.o
    0x08008350   0x00000054   Code   RO         2154    i.vPortValidateInterruptPriority  port.o
    0x080083a4   0x00000028   Code   RO         2656    i.vQueueAddToRegistry  queue.o
    0x080083cc   0x00000024   Code   RO         2657    i.vQueueDelete      queue.o
    0x080083f0   0x00000024   Code   RO         2659    i.vQueueUnregisterQueue  queue.o
    0x08008414   0x0000003a   Code   RO         2660    i.vQueueWaitForMessageRestricted  queue.o
    0x0800844e   0x00000002   PAD
    0x08008450   0x00000068   Code   RO         2833    i.vTaskDelay        tasks.o
    0x080084b8   0x0000000c   Code   RO         2837    i.vTaskMissedYield  tasks.o
    0x080084c4   0x00000064   Code   RO         2839    i.vTaskPlaceOnEventList  tasks.o
    0x08008528   0x0000004c   Code   RO         2840    i.vTaskPlaceOnEventListRestricted  tasks.o
    0x08008574   0x00000084   Code   RO         2842    i.vTaskPriorityInherit  tasks.o
    0x080085f8   0x00000024   Code   RO         2846    i.vTaskSetTimeOutState  tasks.o
    0x0800861c   0x00000068   Code   RO         2847    i.vTaskStartScheduler  tasks.o
    0x08008684   0x00000010   Code   RO         2849    i.vTaskSuspendAll   tasks.o
    0x08008694   0x0000005c   Code   RO         2850    i.vTaskSwitchContext  tasks.o
    0x080086f0   0x000000a0   Code   RO         3176    i.wifi_init_params  rw_lib_platform_os.o
    0x08008790   0x0000003c   Code   RO         4668    i.wmi_allow_aggr_cmd  rak_wifi_lib_os_ARM_CM4_V1.0.6.14.lib(wmi.o)
    0x080087cc   0x00000048   Code   RO         4669    i.wmi_ap_profile_commit  rak_wifi_lib_os_ARM_CM4_V1.0.6.14.lib(wmi.o)
    0x08008814   0x0000015e   Code   RO         4670    i.wmi_ap_set_param  rak_wifi_lib_os_ARM_CM4_V1.0.6.14.lib(wmi.o)
    0x08008972   0x00000048   Code   RO         4671    i.wmi_bssfilter_cmd  rak_wifi_lib_os_ARM_CM4_V1.0.6.14.lib(wmi.o)
    0x080089ba   0x00000002   PAD
    0x080089bc   0x000000b0   Code   RO         4672    i.wmi_cmd_send      rak_wifi_lib_os_ARM_CM4_V1.0.6.14.lib(wmi.o)
    0x08008a6c   0x000000b4   Code   RO         4673    i.wmi_connect_cmd   rak_wifi_lib_os_ARM_CM4_V1.0.6.14.lib(wmi.o)
    0x08008b20   0x0000037c   Code   RO         4674    i.wmi_control_rx    rak_wifi_lib_os_ARM_CM4_V1.0.6.14.lib(wmi.o)
    0x08008e9c   0x0000005c   Code   RO         4676    i.wmi_data_hdr_remove  rak_wifi_lib_os_ARM_CM4_V1.0.6.14.lib(wmi.o)
    0x08008ef8   0x00000022   Code   RO         4678    i.wmi_disconnect_cmd  rak_wifi_lib_os_ARM_CM4_V1.0.6.14.lib(wmi.o)
    0x08008f1a   0x00000024   Code   RO         4685    i.wmi_get_pmk_cmd   rak_wifi_lib_os_ARM_CM4_V1.0.6.14.lib(wmi.o)
    0x08008f3e   0x00000006   Code   RO         4686    i.wmi_get_power_mode_cmd  rak_wifi_lib_os_ARM_CM4_V1.0.6.14.lib(wmi.o)
    0x08008f44   0x00000022   Code   RO         4688    i.wmi_get_stats_cmd  rak_wifi_lib_os_ARM_CM4_V1.0.6.14.lib(wmi.o)
    0x08008f66   0x0000006e   Code   RO         4692    i.wmi_init          rak_wifi_lib_os_ARM_CM4_V1.0.6.14.lib(wmi.o)
    0x08008fd4   0x00000022   Code   RO         4693    i.wmi_is_dead_cmd   rak_wifi_lib_os_ARM_CM4_V1.0.6.14.lib(wmi.o)
    0x08008ff6   0x0000003e   Code   RO         4694    i.wmi_listeninterval_cmd  rak_wifi_lib_os_ARM_CM4_V1.0.6.14.lib(wmi.o)
    0x08009034   0x000000e0   Code   RO         4696    i.wmi_meta_add      rak_wifi_lib_os_ARM_CM4_V1.0.6.14.lib(wmi.o)
    0x08009114   0x0000005a   Code   RO         4697    i.wmi_pmparams_cmd  rak_wifi_lib_os_ARM_CM4_V1.0.6.14.lib(wmi.o)
    0x0800916e   0x00000036   Code   RO         4698    i.wmi_powermode_cmd  rak_wifi_lib_os_ARM_CM4_V1.0.6.14.lib(wmi.o)
    0x080091a4   0x00000084   Code   RO         4699    i.wmi_probedSsid_cmd  rak_wifi_lib_os_ARM_CM4_V1.0.6.14.lib(wmi.o)
    0x08009228   0x00000034   Code   RO         4700    i.wmi_promiscuous_cmd  rak_wifi_lib_os_ARM_CM4_V1.0.6.14.lib(wmi.o)
    0x0800925c   0x00000074   Code   RO         4703    i.wmi_scanparams_cmd  rak_wifi_lib_os_ARM_CM4_V1.0.6.14.lib(wmi.o)
    0x080092d0   0x00000074   Code   RO         4704    i.wmi_set_channelParams_cmd  rak_wifi_lib_os_ARM_CM4_V1.0.6.14.lib(wmi.o)
    0x08009344   0x00000034   Code   RO         4705    i.wmi_set_channel_cmd  rak_wifi_lib_os_ARM_CM4_V1.0.6.14.lib(wmi.o)
    0x08009378   0x0000005c   Code   RO         4706    i.wmi_set_control_ep  rak_wifi_lib_os_ARM_CM4_V1.0.6.14.lib(wmi.o)
    0x080093d4   0x0000005e   Code   RO         4708    i.wmi_set_ht_cap_cmd  rak_wifi_lib_os_ARM_CM4_V1.0.6.14.lib(wmi.o)
    0x08009432   0x00000066   Code   RO         4710    i.wmi_set_passphrase_cmd  rak_wifi_lib_os_ARM_CM4_V1.0.6.14.lib(wmi.o)
    0x08009498   0x00000048   Code   RO         4711    i.wmi_set_pmk_cmd   rak_wifi_lib_os_ARM_CM4_V1.0.6.14.lib(wmi.o)
    0x080094e0   0x0000001a   Code   RO         4715    i.wmi_shutdown      rak_wifi_lib_os_ARM_CM4_V1.0.6.14.lib(wmi.o)
    0x080094fa   0x00000002   PAD
    0x080094fc   0x000000a4   Code   RO         4716    i.wmi_socket_cmd    rak_wifi_lib_os_ARM_CM4_V1.0.6.14.lib(wmi.o)
    0x080095a0   0x00000082   Code   RO         4717    i.wmi_startscan_cmd  rak_wifi_lib_os_ARM_CM4_V1.0.6.14.lib(wmi.o)
    0x08009622   0x00000044   Code   RO         4718    i.wmi_storerecall_configure_cmd  rak_wifi_lib_os_ARM_CM4_V1.0.6.14.lib(wmi.o)
    0x08009666   0x0000003a   Code   RO         4721    i.wmi_wps_start_cmd  rak_wifi_lib_os_ARM_CM4_V1.0.6.14.lib(wmi.o)
    0x080096a0   0x000001f8   Code   RO         3177    i.wps_easy_callback  rw_lib_platform_os.o
    0x08009898   0x000000e4   Code   RO         2155    i.xPortStartScheduler  port.o
    0x0800997c   0x0000002c   Code   RO         2156    i.xPortSysTickHandler  port.o
    0x080099a8   0x00000048   Code   RO         2661    i.xQueueCreateCountingSemaphore  queue.o
    0x080099f0   0x0000005a   Code   RO         2662    i.xQueueCreateMutex  queue.o
    0x08009a4a   0x00000064   Code   RO         2663    i.xQueueGenericCreate  queue.o
    0x08009aae   0x00000002   PAD
    0x08009ab0   0x0000016c   Code   RO         2664    i.xQueueGenericReceive  queue.o
    0x08009c1c   0x00000084   Code   RO         2665    i.xQueueGenericReset  queue.o
    0x08009ca0   0x00000160   Code   RO         2666    i.xQueueGenericSend  queue.o
    0x08009e00   0x000000b6   Code   RO         2667    i.xQueueGenericSendFromISR  queue.o
    0x08009eb6   0x0000009c   Code   RO         2668    i.xQueueGiveFromISR  queue.o
    0x08009f52   0x0000008e   Code   RO         2673    i.xQueueReceiveFromISR  queue.o
    0x08009fe0   0x0000006c   Code   RO         2851    i.xTaskCheckForTimeOut  tasks.o
    0x0800a04c   0x000001bc   Code   RO         2852    i.xTaskGenericCreate  tasks.o
    0x0800a208   0x0000001c   Code   RO         2855    i.xTaskGetSchedulerState  tasks.o
    0x0800a224   0x0000000c   Code   RO         2856    i.xTaskGetTickCount  tasks.o
    0x0800a230   0x000000cc   Code   RO         2858    i.xTaskIncrementTick  tasks.o
    0x0800a2fc   0x00000098   Code   RO         2861    i.xTaskPriorityDisinherit  tasks.o
    0x0800a394   0x00000074   Code   RO         2862    i.xTaskRemoveFromEventList  tasks.o
    0x0800a408   0x000000c4   Code   RO         2864    i.xTaskResumeAll    tasks.o
    0x0800a4cc   0x0000004c   Code   RO         2036    i.xTimerCreateTimerTask  timers.o
    0x0800a518   0x00000048   Code   RO         2037    i.xTimerGenericCommand  timers.o
    0x0800a560   0x00000014   Data   RO          248    .constdata          freertos.o
    0x0800a574   0x00000010   Data   RO         1631    .constdata          stm32f4xx_hal_rcc.o
    0x0800a584   0x0000001c   Data   RO         3277    .constdata          rw_os.o
    0x0800a5a0   0x0000001d   Data   RO          249    .conststring        freertos.o
    0x0800a5bd   0x0000000a   Data   RO         3278    .conststring        rw_os.o
    0x0800a5c7   0x00000001   PAD
    0x0800a5c8   0x00000051   Data   RO         3870    .conststring        rak_wifi_lib_os_ARM_CM4_V1.0.6.14.lib(cust_api_init.o)
    0x0800a619   0x00000003   PAD
    0x0800a61c   0x00000059   Data   RO         4014    .conststring        rak_wifi_lib_os_ARM_CM4_V1.0.6.14.lib(cust_api_stack_offload.o)
    0x0800a675   0x00000003   PAD
    0x0800a678   0x0000004c   Data   RO         4207    .conststring        rak_wifi_lib_os_ARM_CM4_V1.0.6.14.lib(api_init.o)
    0x0800a6c4   0x0000004c   Data   RO         4306    .conststring        rak_wifi_lib_os_ARM_CM4_V1.0.6.14.lib(api_txrx.o)
    0x0800a710   0x00000048   Data   RO         4353    .conststring        rak_wifi_lib_os_ARM_CM4_V1.0.6.14.lib(driver_init.o)
    0x0800a758   0x0000004d   Data   RO         5034    .conststring        rak_wifi_lib_os_ARM_CM4_V1.0.6.14.lib(cust_driver_main.o)
    0x0800a7a5   0x00000003   PAD
    0x0800a7a8   0x0000004f   Data   RO         5127    .conststring        rak_wifi_lib_os_ARM_CM4_V1.0.6.14.lib(cust_driver_netbuf.o)
    0x0800a7f7   0x00000001   PAD
    0x0800a7f8   0x00000048   Data   RO         5481    .conststring        rak_wifi_lib_os_ARM_CM4_V1.0.6.14.lib(driver_main.o)
    0x0800a840   0x00000048   Data   RO         5522    .conststring        rak_wifi_lib_os_ARM_CM4_V1.0.6.14.lib(driver_txrx.o)
    0x0800a888   0x00000041   Data   RO         5576    .conststring        rak_wifi_lib_os_ARM_CM4_V1.0.6.14.lib(spi_hcd.o)
    0x0800a8c9   0x00000003   PAD
    0x0800a8cc   0x00000049   Data   RO         5752    .conststring        rak_wifi_lib_os_ARM_CM4_V1.0.6.14.lib(hw_api.o)
    0x0800a915   0x00000003   PAD
    0x0800a918   0x00000046   Data   RO         5809    .conststring        rak_wifi_lib_os_ARM_CM4_V1.0.6.14.lib(rcv_aggr.o)
    0x0800a95e   0x00000002   PAD
    0x0800a960   0x00000020   Data   RO         6219    Region$$Table       anon$$obj.o


    Execution Region RW_IRAM1 (Base: 0x20000000, Size: 0x00006e30, Max: 0x00020000, ABSOLUTE)

    Base Addr    Size         Type   Attr      Idx    E Section Name        Object

    0x20000000   0x0000000c   Data   RW          250    .data               freertos.o
    0x2000000c   0x00000004   Data   RW          463    .data               system_stm32f4xx.o
    0x20000010   0x00000004   Data   RW         1438    .data               stm32f4xx_hal.o
    0x20000014   0x00000018   Data   RW         1966    .data               heap_4.o
    0x2000002c   0x00000010   Data   RW         2040    .data               timers.o
    0x2000003c   0x0000000c   Data   RW         2157    .data               port.o
    0x20000048   0x00000038   Data   RW         2867    .data               tasks.o
    0x20000080   0x00000004   Data   RW         3540    .data               rak_wifi_lib_os_ARM_CM4_V1.0.6.14.lib(rw_lib.o)
    0x20000084   0x00000008   Data   RW         3871    .data               rak_wifi_lib_os_ARM_CM4_V1.0.6.14.lib(cust_api_init.o)
    0x2000008c   0x00000004   Data   RW         4723    .data               rak_wifi_lib_os_ARM_CM4_V1.0.6.14.lib(wmi.o)
    0x20000090   0x00000001   Data   RW         5128    .data               rak_wifi_lib_os_ARM_CM4_V1.0.6.14.lib(cust_driver_netbuf.o)
    0x20000091   0x00000003   PAD
    0x20000094   0x00000004   Data   RW         6193    .data               mc_w.l(stdout.o)
    0x20000098   0x00000058   Zero   RW          348    .bss                spi.o
    0x200000f0   0x00000040   Zero   RW          421    .bss                usart.o
    0x20000130   0x00006400   Zero   RW         1965    .bss                heap_4.o
    0x20006530   0x00000028   Zero   RW         2039    .bss                timers.o
    0x20006558   0x00000040   Zero   RW         2675    .bss                queue.o
    0x20006598   0x000000f0   Zero   RW         2866    .bss                tasks.o
    0x20006688   0x0000007b   Zero   RW         3178    .bss                rw_lib_platform_os.o
    0x20006703   0x00000001   PAD
    0x20006704   0x00000044   Zero   RW         3355    .bss                ap_sta.o
    0x20006748   0x0000007c   Zero   RW         3538    .bss                rak_wifi_lib_os_ARM_CM4_V1.0.6.14.lib(rw_lib.o)
    0x200067c4   0x00000208   Zero   RW         3869    .bss                rak_wifi_lib_os_ARM_CM4_V1.0.6.14.lib(cust_api_init.o)
    0x200069cc   0x00000024   Zero   RW         4478    .bss                rak_wifi_lib_os_ARM_CM4_V1.0.6.14.lib(api_stack_offload.o)
    0x200069f0   0x0000001c   Zero   RW         5032    .bss                rak_wifi_lib_os_ARM_CM4_V1.0.6.14.lib(cust_driver_main.o)
    0x20006a0c   0x0000000c   Zero   RW         5033    .bss                rak_wifi_lib_os_ARM_CM4_V1.0.6.14.lib(cust_driver_main.o)
    0x20006a18   0x00000014   Zero   RW         5808    .bss                rak_wifi_lib_os_ARM_CM4_V1.0.6.14.lib(rcv_aggr.o)
    0x20006a2c   0x00000004   PAD
    0x20006a30   0x00000400   Zero   RW          491    STACK               startup_stm32f407xx.o


==============================================================================

Image component sizes


      Code (inc. data)   RO Data    RW Data    ZI Data      Debug   Object Name

        36          6          0          0         68       1724   ap_sta.o
        88         28          0          0          0       2214   bsp.o
       592         20          0          0          0      20394   cmsis_os.o
       648        228         49         12          0      12692   freertos.o
       124         14          0          0          0        871   gpio.o
       460         24          0         24      25600      10815   heap_4.o
       136          0          0          0          0       3254   list.o
       230         58          0          0          0     367480   main.o
       750         82          0         12          0      16793   port.o
      2008         28          0          0         64      16627   queue.o
      3056       1358          0          0        123      11449   rw_lib_platform_os.o
       148         16         38          0          0       5786   rw_os.o
       204         48          0          0         88       2017   spi.o
        36          8        392          0       1024        896   startup_stm32f407xx.o
        98         10          0          4          0       2940   stm32f4xx_hal.o
       460        206          0          0          0      30000   stm32f4xx_hal_cortex.o
      1356        298          0          0          0       3238   stm32f4xx_hal_gpio.o
        22          0          0          0          0        482   stm32f4xx_hal_msp.o
      2234        180         16          0          0       6035   stm32f4xx_hal_rcc.o
      1338        112          0          0          0       3249   stm32f4xx_hal_spi.o
      1198        160          0          0          0       3728   stm32f4xx_hal_uart.o
         4          0          0          0          0        434   stm32f4xx_it.o
        84         18          0          4          0       1281   system_stm32f4xx.o
      2164        180          0         56        240      20610   tasks.o
       840         82          0         16         40       8607   timers.o
       116         20          0          0         64       1474   usart.o

    ----------------------------------------------------------------------
     18448       3184        528        128      27312     555090   Object Totals
         0          0         32          0          0          0   (incl. Generated)
        18          0          1          0          1          0   (incl. Padding)

    ----------------------------------------------------------------------

      Code (inc. data)   RO Data    RW Data    ZI Data      Debug   Library Member Name

         0          0          0          0          0          0   entry.o
         0          0          0          0          0          0   entry10a.o
         0          0          0          0          0          0   entry11a.o
         8          4          0          0          0          0   entry2.o
         4          0          0          0          0          0   entry5.o
         0          0          0          0          0          0   entry7b.o
         0          0          0          0          0          0   entry8b.o
         8          4          0          0          0          0   entry9a.o
        30          0          0          0          0          0   handlers.o
        36          8          0          0          0         68   init.o
        30          0          0          0          0         68   llshl.o
        32          0          0          0          0         68   llushr.o
        26          0          0          0          0         80   memcmp.o
        36          0          0          0          0         68   memcpya.o
        36          0          0          0          0        108   memseta.o
      1200         60          0          0          0        504   printf8.o
         0          0          0          4          0          0   stdout.o
        28          0          0          0          0         76   strcmp.o
        18          0          0          0          0         68   strcpy.o
        14          0          0          0          0         68   strlen.o
        30          0          0          0          0         80   strncmp.o
        24          0          0          0          0         76   strncpy.o
        98          0          0          0          0         92   uldiv.o
       306         10         76          0          0       4690   api_init.o
      1156         14          0          0          0       9771   api_ioctl.o
       900         50          0          0         36       9739   api_stack_offload.o
       446         20         76          0          0       5077   api_txrx.o
       652          0          0          0          0      14100   api_wmi_rx.o
       268         30         81          8        520      53815   cust_api_init.o
      1916         72          0          0          0      12870   cust_api_ioctl.o
       616         14         89          0          0      16538   cust_api_stack_offload.o
        88          4          0          0          0       2151   cust_api_stack_txrx.o
      1264          8          0          0          0       8032   cust_api_wmi_rx.o
       558         30         77          0         40      12283   cust_driver_main.o
       872         12         79          1          0      17967   cust_driver_netbuf.o
       450          0          0          0          0       4188   driver_diag.o
      1286         74         72          0          0       9841   driver_init.o
      1068         22         72          0          0       5473   driver_main.o
        74          0          0          0          0       2396   driver_netbuf.o
       542         18         72          0          0       6505   driver_txrx.o
      1902        426          0          0          0      11709   htc.o
       392          6         73          0          0       6301   hw_api.o
       122         16         70          0         20       3997   rcv_aggr.o
         0          0          0          0          0       1922   rw_dns.o
       612         74          0          4        124      68025   rw_lib.o
      2294         42         65          0          0      16489   spi_hcd.o
       148          6          0          0          0       2461   util.o
      3870        414          0          4          0      34755   wmi.o

    ----------------------------------------------------------------------
     23496       1438        920         24        744     342519   Library Totals
        36          0         18          3          4          0   (incl. Padding)

    ----------------------------------------------------------------------

      Code (inc. data)   RO Data    RW Data    ZI Data      Debug   Library Name

      1658         76          0          4          0       1424   mc_w.l
     21802       1362        902         17        740     341095   rak_wifi_lib_os_ARM_CM4_V1.0.6.14.lib

    ----------------------------------------------------------------------
     23496       1438        920         24        744     342519   Library Totals

    ----------------------------------------------------------------------

==============================================================================


      Code (inc. data)   RO Data    RW Data    ZI Data      Debug   

     41944       4622       1448        152      28056     873017   Grand Totals
     41944       4622       1448        152      28056     873017   ELF Image Totals
     41944       4622       1448        152          0          0   ROM Totals

==============================================================================

    Total RO  Size (Code + RO Data)                43392 (  42.38kB)
    Total RW  Size (RW Data + ZI Data)             28208 (  27.55kB)
    Total ROM Size (Code + RO Data + RW Data)      43544 (  42.52kB)

==============================================================================

