ARM Linker, 5.03 [Build 24] [MDK-ARM Professional]

==============================================================================

Section Cross References

    main.o(i.HAL_TIM_PeriodElapsedCallback) refers to tim.o(.data) for Tim3Counter
    main.o(i.SystemClock_Config) refers to stm32f4xx_hal_rcc.o(i.HAL_RCC_OscConfig) for HAL_RCC_OscConfig
    main.o(i.SystemClock_Config) refers to stm32f4xx_hal_rcc.o(i.HAL_RCC_ClockConfig) for HAL_RCC_ClockConfig
    main.o(i.SystemClock_Config) refers to stm32f4xx_hal_rcc.o(i.HAL_RCC_GetHCLKFreq) for HAL_RCC_GetHCLKFreq
    main.o(i.SystemClock_Config) refers to stm32f4xx_hal_cortex.o(i.HAL_SYSTICK_Config) for HAL_SYSTICK_Config
    main.o(i.SystemClock_Config) refers to stm32f4xx_hal_cortex.o(i.HAL_SYSTICK_CLKSourceConfig) for HAL_SYSTICK_CLKSourceConfig
    main.o(i.SystemClock_Config) refers to stm32f4xx_hal_cortex.o(i.HAL_NVIC_SetPriority) for HAL_NVIC_SetPriority
    main.o(i.assert_failed) refers to printf8.o(i.__0printf$8) for __2printf
    main.o(i.assert_failed) refers to cmsis_os.o(i.osDelay) for osDelay
    main.o(i.main) refers to stm32f4xx_hal.o(i.HAL_Init) for HAL_Init
    main.o(i.main) refers to main.o(i.SystemClock_Config) for SystemClock_Config
    main.o(i.main) refers to gpio.o(i.MX_GPIO_Init) for MX_GPIO_Init
    main.o(i.main) refers to adc.o(i.MX_ADC3_Init) for MX_ADC3_Init
    main.o(i.main) refers to spi.o(i.MX_SPI1_Init) for MX_SPI1_Init
    main.o(i.main) refers to tim.o(i.MX_TIM3_Init) for MX_TIM3_Init
    main.o(i.main) refers to usart.o(i.MX_USART1_UART_Init) for MX_USART1_UART_Init
    main.o(i.main) refers to printf8.o(i.__0printf$8) for __2printf
    main.o(i.main) refers to freertos.o(i.MX_FREERTOS_Init) for MX_FREERTOS_Init
    main.o(i.main) refers to cmsis_os.o(i.osKernelStart) for osKernelStart
    stm32f4xx_hal_msp.o(i.HAL_MspInit) refers to stm32f4xx_hal_cortex.o(i.HAL_NVIC_SetPriorityGrouping) for HAL_NVIC_SetPriorityGrouping
    stm32f4xx_hal_msp.o(i.HAL_MspInit) refers to stm32f4xx_hal_cortex.o(i.HAL_NVIC_SetPriority) for HAL_NVIC_SetPriority
    stm32f4xx_it.o(i.EXTI4_IRQHandler) refers to stm32f4xx_hal_gpio.o(i.HAL_GPIO_EXTI_IRQHandler) for HAL_GPIO_EXTI_IRQHandler
    stm32f4xx_it.o(i.SysTick_Handler) refers to cmsis_os.o(i.osSystickHandler) for osSystickHandler
    stm32f4xx_it.o(i.TIM3_IRQHandler) refers to stm32f4xx_hal_tim.o(i.HAL_TIM_IRQHandler) for HAL_TIM_IRQHandler
    stm32f4xx_it.o(i.TIM3_IRQHandler) refers to tim.o(.bss) for htim3
    freertos.o(i.MX_FREERTOS_Init) refers to cmsis_os.o(i.osMutexCreate) for osMutexCreate
    freertos.o(i.MX_FREERTOS_Init) refers to memcpya.o(.text) for __aeabi_memcpy4
    freertos.o(i.MX_FREERTOS_Init) refers to cmsis_os.o(i.osThreadCreate) for osThreadCreate
    freertos.o(i.MX_FREERTOS_Init) refers to freertos.o(.data) for .data
    freertos.o(i.MX_FREERTOS_Init) refers to freertos.o(.constdata) for .constdata
    freertos.o(i.StartAppTask) refers to freertos.o(i.platform_init) for platform_init
    freertos.o(i.StartAppTask) refers to ap_sta.o(i.rw_appdemo_context_init) for rw_appdemo_context_init
    freertos.o(i.StartAppTask) refers to ap_sta.o(i.rw_network_startSTA) for rw_network_startSTA
    freertos.o(i.StartAppTask) refers to freertos.o(i.p_lock_mutex) for p_lock_mutex
    freertos.o(i.StartAppTask) refers to freertos.o(i.clean_filename) for clean_filename
    freertos.o(i.StartAppTask) refers to rw_lib_platform_os.o(i.get_stamp) for get_stamp
    freertos.o(i.StartAppTask) refers to printf8.o(i.__0printf$8) for __2printf
    freertos.o(i.StartAppTask) refers to cmsis_os.o(i.osMutexRelease) for osMutexRelease
    freertos.o(i.StartAppTask) refers to rw_lib.o(i.rw_sysDriverReset) for rw_sysDriverReset
    freertos.o(i.StartAppTask) refers to ap_sta.o(i.rw_network_init) for rw_network_init
    freertos.o(i.StartAppTask) refers to rw_lib.o(i.rw_sysSleep) for rw_sysSleep
    freertos.o(i.StartAppTask) refers to ap_sta.o(.bss) for app_demo_ctx
    freertos.o(i.StartAppTask) refers to freertos.o(.data) for .data
    freertos.o(i.StartAppTask) refers to rw_lib_platform_os.o(.bss) for conn
    freertos.o(i.StartClientTask) refers to cmsis_os.o(i.osDelay) for osDelay
    freertos.o(i.StartDefaultTask) refers to freertos.o(i.get_xtask_state) for get_xtask_state
    freertos.o(i.StartDefaultTask) refers to cmsis_os.o(i.osDelay) for osDelay
    freertos.o(i.StartMallocTask) refers to cmsis_os.o(i.osDelay) for osDelay
    freertos.o(i.clean_filename) refers to strlen.o(.text) for strlen
    freertos.o(i.configureTimerForRunTimeStats) refers to stm32f4xx_hal_tim.o(i.HAL_TIM_Base_Start_IT) for HAL_TIM_Base_Start_IT
    freertos.o(i.configureTimerForRunTimeStats) refers to tim.o(.bss) for htim3
    freertos.o(i.getRunTimeCounterValue) refers to tim.o(.data) for Tim3Counter
    freertos.o(i.get_xtask_state) refers to memseta.o(.text) for __aeabi_memclr4
[...]
    Api_RxComplete                           0x08000a29   Thumb Code   230  api_txrx.o(i.Api_RxComplete)
    Api_ScanCompleteEvent                    0x08000b19   Thumb Code    32  api_wmi_rx.o(i.Api_ScanCompleteEvent)
    Api_SockResponseEventRx                  0x08000b39   Thumb Code   418  api_stack_offload.o(i.Api_SockResponseEventRx)
    Api_TargetStatsEvent                     0x08000ce1   Thumb Code    30  api_wmi_rx.o(i.Api_TargetStatsEvent)
    Api_TkipMicErrorEvent                    0x08000cff   Thumb Code    18  api_wmi_rx.o(i.Api_TkipMicErrorEvent)
    Api_TxComplete                           0x08000d11   Thumb Code    42  api_txrx.o(i.Api_TxComplete)
    Api_TxGetStatus                          0x08000d41   Thumb Code    76  api_txrx.o(i.Api_TxGetStatus)
    Api_WMIInitFinish                        0x08000d91   Thumb Code   174  api_init.o(i.Api_WMIInitFinish)
    Api_WmiTxStart                           0x08000e45   Thumb Code    32  api_txrx.o(i.Api_WmiTxStart)
    Api_WpsProfileEvent                      0x08000e65   Thumb Code   268  api_wmi_rx.o(i.Api_WpsProfileEvent)
    Api_easyconfigEvent                      0x08000f71   Thumb Code     4  api_wmi_rx.o(i.Api_easyconfigEvent)
    Api_ipconfig                             0x08000f75   Thumb Code   250  api_stack_offload.o(i.Api_ipconfig)
    Api_ipconfig_dhcp_pool                   0x08001075   Thumb Code    68  api_stack_offload.o(i.Api_ipconfig_dhcp_pool)
    Api_ipconfig_set_tcp_exponential_backoff_retry 0x080010bd   Thumb Code    54  api_stack_offload.o(i.Api_ipconfig_set_tcp_exponential_backoff_retry)
    Bus_InOutDescriptorSet                   0x08001181   Thumb Code   146  hw_api.o(i.Bus_InOutDescriptorSet)
    Bus_InOutToken                           0x08001219   Thumb Code    34  hw_api.o(i.Bus_InOutToken)
    Custom_Api_BssInfoEvent                  0x080012dd   Thumb Code   186  cust_api_wmi_rx.o(i.Custom_Api_BssInfoEvent)
    Custom_Api_ConnectEvent                  0x08001397   Thumb Code   204  cust_api_wmi_rx.o(i.Custom_Api_ConnectEvent)
    Custom_Api_DisconnectEvent               0x08001463   Thumb Code   142  cust_api_wmi_rx.o(i.Custom_Api_DisconnectEvent)
    Custom_Api_RSNASuccessEvent              0x080014f1   Thumb Code   154  cust_api_wmi_rx.o(i.Custom_Api_RSNASuccessEvent)
    Custom_Api_ReadyEvent                    0x0800158b   Thumb Code    16  cust_api_wmi_rx.o(i.Custom_Api_ReadyEvent)
    Custom_Api_Shutdown                      0x0800159d   Thumb Code    90  cust_api_init.o(i.Custom_Api_Shutdown)
    Custom_Api_Start                         0x08001601   Thumb Code   210  cust_api_init.o(i.Custom_Api_Start)
    Custom_Api_easyconfigEvent               0x080016e9   Thumb Code   192  cust_api_wmi_rx.o(i.Custom_Api_easyconfigEvent)
    Custom_DeliverFrameToNetworkStack        0x080017b1   Thumb Code    84  cust_api_stack_txrx.o(i.Custom_DeliverFrameToNetworkStack)
    Custom_Driver_ContextDeInit              0x08001809   Thumb Code   150  cust_driver_main.o(i.Custom_Driver_ContextDeInit)
    Custom_Driver_ContextInit                0x080018ad   Thumb Code    98  cust_driver_main.o(i.Custom_Driver_ContextInit)
    Custom_Driver_CreateThread               0x08001911   Thumb Code    24  cust_driver_main.o(i.Custom_Driver_CreateThread)
    Custom_Driver_DestroyThread              0x0800192d   Thumb Code    20  cust_driver_main.o(i.Custom_Driver_DestroyThread)
    Custom_Driver_WaitForCondition           0x08001941   Thumb Code    42  cust_driver_main.o(i.Custom_Driver_WaitForCondition)
    Custom_Driver_WakeDriver                 0x0800196b   Thumb Code    12  cust_driver_main.o(i.Custom_Driver_WakeDriver)
    Custom_Driver_WakeUser                   0x08001977   Thumb Code    12  cust_driver_main.o(i.Custom_Driver_WakeUser)
    Custom_GetRxRequest                      0x08001985   Thumb Code    76  cust_driver_main.o(i.Custom_GetRxRequest)
    DRIVER_INT_HANDLE                        0x080019d9   Thumb Code    22  cust_api_isr.o(i.DRIVER_INT_HANDLE)
    Driver_BootComm                          0x08001b19   Thumb Code   440  driver_init.o(i.Driver_BootComm)
    Driver_ContextDeInit                     0x08001d09   Thumb Code    28  driver_init.o(i.Driver_ContextDeInit)
    Driver_ContextInit                       0x08001d25   Thumb Code   148  driver_init.o(i.Driver_ContextInit)
    Driver_DeInit                            0x08001dbd   Thumb Code    74  driver_init.o(i.Driver_DeInit)
    Driver_Init                              0x08001e11   Thumb Code   380  driver_init.o(i.Driver_Init)
    Driver_Main                              0x08001f95   Thumb Code   578  driver_main.o(i.Driver_Main)
    Driver_ReadDataDiag                      0x080021dd   Thumb Code   224  driver_diag.o(i.Driver_ReadDataDiag)
    Driver_RecvPacket                        0x080022bd   Thumb Code    82  driver_txrx.o(i.Driver_RecvPacket)
    Driver_ReportRxBuffStatus                0x0800230f   Thumb Code    28  driver_main.o(i.Driver_ReportRxBuffStatus)
    Driver_RxComplete                        0x0800232d   Thumb Code    60  driver_txrx.o(i.Driver_RxComplete)
    Driver_RxReady                           0x0800236d   Thumb Code   226  driver_main.o(i.Driver_RxReady)
    Driver_SendPacket                        0x08002459   Thumb Code   128  driver_txrx.o(i.Driver_SendPacket)
    Driver_SubmitTxRequest                   0x080024d9   Thumb Code   110  driver_txrx.o(i.Driver_SubmitTxRequest)
    Driver_SubmitTxRequestNoBlock            0x0800254d   Thumb Code   104  driver_txrx.o(i.Driver_SubmitTxRequestNoBlock)
    Driver_TxReady                           0x080025e5   Thumb Code   214  driver_main.o(i.Driver_TxReady)
    Driver_WriteDataDiag                     0x080026c1   Thumb Code   226  driver_diag.o(i.Driver_WriteDataDiag)
    EXTI4_IRQHandler                         0x080027a3   Thumb Code     6  stm32f4xx_it.o(i.EXTI4_IRQHandler)
    GetDriverContextByInterrupt              0x080027a9   Thumb Code    16  cust_api_init.o(i.GetDriverContextByInterrupt)
    GetDriverContextPtr                      0x080027bd   Thumb Code    12  cust_api_init.o(i.GetDriverContextPtr)
    HAL_ADC_ConfigChannel                    0x080027cd   Thumb Code   402  stm32f4xx_hal_adc.o(i.HAL_ADC_ConfigChannel)
    HAL_ADC_Init                             0x080029a5   Thumb Code   436  stm32f4xx_hal_adc.o(i.HAL_ADC_Init)
    HAL_ADC_MspInit                          0x08002ba1   Thumb Code    54  adc.o(i.HAL_ADC_MspInit)
    HAL_GPIO_DeInit                          0x08002be5   Thumb Code   360  stm32f4xx_hal_gpio.o(i.HAL_GPIO_DeInit)
    HAL_GPIO_EXTI_Callback                   0x08002db5   Thumb Code    10  rw_lib_platform_os.o(i.HAL_GPIO_EXTI_Callback)
    HAL_GPIO_EXTI_IRQHandler                 0x08002dc1   Thumb Code    18  stm32f4xx_hal_gpio.o(i.HAL_GPIO_EXTI_IRQHandler)
    HAL_GPIO_Init                            0x08002dd9   Thumb Code   652  stm32f4xx_hal_gpio.o(i.HAL_GPIO_Init)
    HAL_GPIO_WritePin                        0x080030e9   Thumb Code    46  stm32f4xx_hal_gpio.o(i.HAL_GPIO_WritePin)
    HAL_GetTick                              0x08003155   Thumb Code     6  stm32f4xx_hal.o(i.HAL_GetTick)
    HAL_Init                                 0x08003161   Thumb Code    48  stm32f4xx_hal.o(i.HAL_Init)
    HAL_InitTick                             0x08003195   Thumb Code    34  stm32f4xx_hal.o(i.HAL_InitTick)
    HAL_MspInit                              0x080031b7   Thumb Code    22  stm32f4xx_hal_msp.o(i.HAL_MspInit)
    HAL_NVIC_EnableIRQ                       0x080031cd   Thumb Code    38  stm32f4xx_hal_cortex.o(i.HAL_NVIC_EnableIRQ)
    HAL_NVIC_SetPriority                     0x08003231   Thumb Code    94  stm32f4xx_hal_cortex.o(i.HAL_NVIC_SetPriority)
    HAL_NVIC_SetPriorityGrouping             0x080032d1   Thumb Code    58  stm32f4xx_hal_cortex.o(i.HAL_NVIC_SetPriorityGrouping)
    HAL_RCC_ClockConfig                      0x08003351   Thumb Code   798  stm32f4xx_hal_rcc.o(i.HAL_RCC_ClockConfig)
    HAL_RCC_GetHCLKFreq                      0x080036b1   Thumb Code    38  stm32f4xx_hal_rcc.o(i.HAL_RCC_GetHCLKFreq)
    HAL_RCC_GetPCLK1Freq                     0x080036e5   Thumb Code    36  stm32f4xx_hal_rcc.o(i.HAL_RCC_GetPCLK1Freq)
    HAL_RCC_GetPCLK2Freq                     0x08003711   Thumb Code    36  stm32f4xx_hal_rcc.o(i.HAL_RCC_GetPCLK2Freq)
    HAL_RCC_GetSysClockFreq                  0x0800373d   Thumb Code   104  stm32f4xx_hal_rcc.o(i.HAL_RCC_GetSysClockFreq)
    HAL_RCC_OscConfig                        0x080037ad   Thumb Code  1118  stm32f4xx_hal_rcc.o(i.HAL_RCC_OscConfig)
    HAL_SPI_DeInit                           0x08003c0b   Thumb Code    38  stm32f4xx_hal_spi.o(i.HAL_SPI_DeInit)
    HAL_SPI_Init                             0x08003c31   Thumb Code   360  stm32f4xx_hal_spi.o(i.HAL_SPI_Init)
    HAL_SPI_MspDeInit                        0x08003dd1   Thumb Code    28  spi.o(i.HAL_SPI_MspDeInit)
    HAL_SPI_MspInit                          0x08003df9   Thumb Code    60  spi.o(i.HAL_SPI_MspInit)
    HAL_SPI_TransmitReceive                  0x08003e41   Thumb Code   708  stm32f4xx_hal_spi.o(i.HAL_SPI_TransmitReceive)
    HAL_SYSTICK_CLKSourceConfig              0x0800413d   Thumb Code    40  stm32f4xx_hal_cortex.o(i.HAL_SYSTICK_CLKSourceConfig)
    HAL_SYSTICK_Config                       0x080041a1   Thumb Code    40  stm32f4xx_hal_cortex.o(i.HAL_SYSTICK_Config)
    HAL_TIMEx_BreakCallback                  0x080041c9   Thumb Code     2  stm32f4xx_hal_tim_ex.o(i.HAL_TIMEx_BreakCallback)
    HAL_TIMEx_CommutationCallback            0x080041cb   Thumb Code     2  stm32f4xx_hal_tim_ex.o(i.HAL_TIMEx_CommutationCallback)
    HAL_TIMEx_MasterConfigSynchronization    0x080041cd   Thumb Code   214  stm32f4xx_hal_tim_ex.o(i.HAL_TIMEx_MasterConfigSynchronization)
    HAL_TIM_Base_Init                        0x08004305   Thumb Code   200  stm32f4xx_hal_tim.o(i.HAL_TIM_Base_Init)
    HAL_TIM_Base_MspInit                     0x08004439   Thumb Code    50  tim.o(i.HAL_TIM_Base_MspInit)
    HAL_TIM_Base_Start_IT                    0x08004475   Thumb Code   124  stm32f4xx_hal_tim.o(i.HAL_TIM_Base_Start_IT)
    HAL_TIM_ConfigClockSource                0x0800455d   Thumb Code  1234  stm32f4xx_hal_tim.o(i.HAL_TIM_ConfigClockSource)
    HAL_TIM_IC_CaptureCallback               0x08004a2f   Thumb Code     2  stm32f4xx_hal_tim.o(i.HAL_TIM_IC_CaptureCallback)
    HAL_TIM_IRQHandler                       0x08004a31   Thumb Code   358  stm32f4xx_hal_tim.o(i.HAL_TIM_IRQHandler)
    HAL_TIM_OC_DelayElapsedCallback          0x08004b97   Thumb Code     2  stm32f4xx_hal_tim.o(i.HAL_TIM_OC_DelayElapsedCallback)
    HAL_TIM_PWM_PulseFinishedCallback        0x08004b99   Thumb Code     2  stm32f4xx_hal_tim.o(i.HAL_TIM_PWM_PulseFinishedCallback)
    HAL_TIM_PeriodElapsedCallback            0x08004b9d   Thumb Code    10  main.o(i.HAL_TIM_PeriodElapsedCallback)
    HAL_TIM_TriggerCallback                  0x08004bad   Thumb Code     2  stm32f4xx_hal_tim.o(i.HAL_TIM_TriggerCallback)
    HAL_UART_Init                            0x08004bb1   Thumb Code   238  stm32f4xx_hal_uart.o(i.HAL_UART_Init)
    HAL_UART_MspInit                         0x08004cf5   Thumb Code    64  usart.o(i.HAL_UART_MspInit)
    HAL_UART_Transmit                        0x08004d41   Thumb Code   204  stm32f4xx_hal_uart.o(i.HAL_UART_Transmit)
    HTC_ConnectService                       0x08004e0d   Thumb Code   188  htc.o(i.HTC_ConnectService)
    HTC_ProcessCpuInterrupt                  0x08004ed1   Thumb Code   166  htc.o(i.HTC_ProcessCpuInterrupt)
    HTC_Start                                0x08004fb9   Thumb Code   102  htc.o(i.HTC_Start)
    HTC_WaitTarget                           0x08005025   Thumb Code    80  htc.o(i.HTC_WaitTarget)
    HW_DeInit                                0x08005079   Thumb Code    36  hw_api.o(i.HW_DeInit)
    HW_EnableDisableSPIIRQ                   0x080050ad   Thumb Code    84  hw_api.o(i.HW_EnableDisableSPIIRQ)
    HW_Init                                  0x08005101   Thumb Code    42  hw_api.o(i.HW_Init)
    HW_InterruptHandler                      0x0800512b   Thumb Code    54  hw_api.o(i.HW_InterruptHandler)
    HW_MsecDelay                             0x08005161   Thumb Code    10  hw_api.o(i.HW_MsecDelay)
    HW_PowerUpDown                           0x0800516d   Thumb Code    92  hw_api.o(i.HW_PowerUpDown)
    Hcd_ClearCPUInterrupt                    0x080051f1   Thumb Code    60  spi_hcd.o(i.Hcd_ClearCPUInterrupt)
    Hcd_Deinitialize                         0x0800522d   Thumb Code    24  spi_hcd.o(i.Hcd_Deinitialize)
    Hcd_DoPioExternalAccess                  0x08005245   Thumb Code   266  spi_hcd.o(i.Hcd_DoPioExternalAccess)
    Hcd_DoPioInternalAccess                  0x08005355   Thumb Code    14  spi_hcd.o(i.Hcd_DoPioInternalAccess)
    Hcd_GetLookAhead                         0x08005365   Thumb Code   146  spi_hcd.o(i.Hcd_GetLookAhead)
    Hcd_GetMboxAddress                       0x080053fd   Thumb Code    30  spi_hcd.o(i.Hcd_GetMboxAddress)
    Hcd_Init                                 0x08005421   Thumb Code   438  spi_hcd.o(i.Hcd_Init)
    Hcd_ProgramWriteBufferWaterMark          0x080055e1   Thumb Code   250  spi_hcd.o(i.Hcd_ProgramWriteBufferWaterMark)
    Hcd_RefreshWriteBufferSpace              0x080056e1   Thumb Code    30  spi_hcd.o(i.Hcd_RefreshWriteBufferSpace)
    Hcd_Request                              0x08005701   Thumb Code   164  spi_hcd.o(i.Hcd_Request)
    Hcd_SpiInterrupt                         0x080057a9   Thumb Code   420  spi_hcd.o(i.Hcd_SpiInterrupt)
    Hcd_UnmaskSPIInterrupts                  0x08005951   Thumb Code    44  spi_hcd.o(i.Hcd_UnmaskSPIInterrupts)
    Htc_GetCreditCounterUpdate               0x0800597d   Thumb Code   166  htc.o(i.Htc_GetCreditCounterUpdate)
    Htc_PrepareRecvPacket                    0x08005a69   Thumb Code    54  htc.o(i.Htc_PrepareRecvPacket)
    Htc_ProcessRecvHeader                    0x08005aa1   Thumb Code   474  htc.o(i.Htc_ProcessRecvHeader)
    Htc_ProcessTxComplete                    0x08005cc1   Thumb Code     8  htc.o(i.Htc_ProcessTxComplete)
    Htc_ReadCreditCounter                    0x08005cc9   Thumb Code    76  htc.o(i.Htc_ReadCreditCounter)
    Htc_RxComplete                           0x08005d55   Thumb Code    30  htc.o(i.Htc_RxComplete)
    Htc_SendPacket                           0x08005db5   Thumb Code   138  htc.o(i.Htc_SendPacket)
    MX_ADC3_Init                             0x08005e81   Thumb Code    56  adc.o(i.MX_ADC3_Init)
    MX_FREERTOS_Init                         0x08005ec1   Thumb Code   108  freertos.o(i.MX_FREERTOS_Init)
    MX_GPIO_Init                             0x08005f35   Thumb Code   134  gpio.o(i.MX_GPIO_Init)
    MX_SPI1_Init                             0x08005fcd   Thumb Code    48  spi.o(i.MX_SPI1_Init)
    MX_TIM3_Init                             0x08006005   Thumb Code    60  tim.o(i.MX_TIM3_Init)
    MX_USART1_UART_Init                      0x08006049   Thumb Code    32  usart.o(i.MX_USART1_UART_Init)
    StartAppTask                             0x08006179   Thumb Code   100  freertos.o(i.StartAppTask)
    StartClientTask                          0x08006225   Thumb Code     8  freertos.o(i.StartClientTask)
    StartDefaultTask                         0x0800622d   Thumb Code    16  freertos.o(i.StartDefaultTask)
    StartMallocTask                          0x0800623d   Thumb Code     8  freertos.o(i.StartMallocTask)
    SysTick_Handler                          0x08006245   Thumb Code     4  stm32f4xx_it.o(i.SysTick_Handler)
    SystemClock_Config                       0x08006249   Thumb Code   132  main.o(i.SystemClock_Config)
    SystemInit                               0x080062d5   Thumb Code    66  system_stm32f4xx.o(i.SystemInit)
    TIM3_IRQHandler                          0x08006329   Thumb Code     6  stm32f4xx_it.o(i.TIM3_IRQHandler)
    TIM_Base_SetConfig                       0x08006335   Thumb Code   148  stm32f4xx_hal_tim.o(i.TIM_Base_SetConfig)
    Util_Freq2ieee                           0x08006701   Thumb Code    78  util.o(i.Util_Freq2ieee)
    Util_GetEndpoint                         0x08006755   Thumb Code    18  util.o(i.Util_GetEndpoint)
    Util_Ieee2freq                           0x08006767   Thumb Code    46  util.o(i.Util_Ieee2freq)
    __0printf$8                              0x08006795   Thumb Code    22  printf8.o(i.__0printf$8)
    __1printf$8                              0x08006795   Thumb Code     0  printf8.o(i.__0printf$8)
    __2printf                                0x08006795   Thumb Code     0  printf8.o(i.__0printf$8)
    __0sprintf$8                             0x080067b5   Thumb Code    34  printf8.o(i.__0sprintf$8)
    __1sprintf$8                             0x080067b5   Thumb Code     0  printf8.o(i.__0sprintf$8)
    __2sprintf                               0x080067b5   Thumb Code     0  printf8.o(i.__0sprintf$8)
    __ARM_common_memclr4_6                   0x080067dd   Thumb Code     8  api_ioctl.o(i.__ARM_common_memclr4_6)
    __ARM_common_memclr4_7                   0x080067e5   Thumb Code    10  wmi.o(i.__ARM_common_memclr4_7)
    __ARM_common_memclr4_8                   0x080067ef   Thumb Code     8  wmi.o(i.__ARM_common_memclr4_8)
    __scatterload_copy                       0x080067f7   Thumb Code    14  handlers.o(i.__scatterload_copy)
    __scatterload_null                       0x08006805   Thumb Code     2  handlers.o(i.__scatterload_null)
    __scatterload_zeroinit                   0x08006807   Thumb Code    14  handlers.o(i.__scatterload_zeroinit)
    a_free                                   0x08006e4b   Thumb Code    24  cust_driver_netbuf.o(i.a_free)
    a_malloc                                 0x08006e63   Thumb Code    24  cust_driver_netbuf.o(i.a_malloc)
    a_malloc_init                            0x08006e7b   Thumb Code     2  cust_driver_netbuf.o(i.a_malloc_init)
    a_netbuf_alloc                           0x08006e7d   Thumb Code   118  cust_driver_netbuf.o(i.a_netbuf_alloc)
    a_netbuf_alloc_raw                       0x08006ef3   Thumb Code   104  cust_driver_netbuf.o(i.a_netbuf_alloc_raw)
    a_netbuf_configure                       0x08006f5b   Thumb Code    52  cust_driver_netbuf.o(i.a_netbuf_configure)
    a_netbuf_dequeue                         0x08006f8f   Thumb Code    38  driver_netbuf.o(i.a_netbuf_dequeue)
    a_netbuf_enqueue                         0x08006fb5   Thumb Code    26  driver_netbuf.o(i.a_netbuf_enqueue)
    a_netbuf_free                            0x08006fcf   Thumb Code   112  cust_driver_netbuf.o(i.a_netbuf_free)
    a_netbuf_get_fragment                    0x0800703f   Thumb Code    60  cust_driver_netbuf.o(i.a_netbuf_get_fragment)
    a_netbuf_init                            0x0800707b   Thumb Code    24  cust_driver_netbuf.o(i.a_netbuf_init)
    a_netbuf_pull                            0x08007095   Thumb Code    36  cust_driver_netbuf.o(i.a_netbuf_pull)
    a_netbuf_push                            0x080070bd   Thumb Code    36  cust_driver_netbuf.o(i.a_netbuf_push)
    a_netbuf_put                             0x080070e5   Thumb Code    50  cust_driver_netbuf.o(i.a_netbuf_put)
    a_netbuf_queue_init                      0x08007117   Thumb Code    10  driver_netbuf.o(i.a_netbuf_queue_init)
    a_netbuf_reinit                          0x08007121   Thumb Code    46  cust_driver_netbuf.o(i.a_netbuf_reinit)
    a_netbuf_set_rx_pool                     0x0800714f   Thumb Code     8  cust_driver_netbuf.o(i.a_netbuf_set_rx_pool)
    a_netbuf_tailroom                        0x08007157   Thumb Code     8  cust_driver_netbuf.o(i.a_netbuf_tailroom)
    a_netbuf_to_data                         0x0800715f   Thumb Code     4  cust_driver_netbuf.o(i.a_netbuf_to_data)
    a_netbuf_to_len                          0x08007163   Thumb Code    62  cust_driver_netbuf.o(i.a_netbuf_to_len)
    a_netbuf_trim                            0x080071a1   Thumb Code    36  cust_driver_netbuf.o(i.a_netbuf_trim)
    aggr_deinit                              0x080071c9   Thumb Code     2  rcv_aggr.o(i.aggr_deinit)
    aggr_init                                0x080071cd   Thumb Code     8  rcv_aggr.o(i.aggr_init)
    aggr_recv_addba_req_evt                  0x080071d9   Thumb Code    48  rcv_aggr.o(i.aggr_recv_addba_req_evt)
    aggr_recv_delba_req_evt                  0x0800720d   Thumb Code    28  rcv_aggr.o(i.aggr_recv_delba_req_evt)
    aggr_reset_state                         0x0800722d   Thumb Code    20  rcv_aggr.o(i.aggr_reset_state)
    assert_failed                            0x08007245   Thumb Code    26  main.o(i.assert_failed)
    assert_func                              0x08007291   Thumb Code    62  rw_lib.o(i.assert_func)
    ath_ioctl_handler                        0x080072d5   Thumb Code  1916  cust_api_ioctl.o(i.ath_ioctl_handler)
    blockForResponse                         0x08007a51   Thumb Code    66  cust_api_stack_offload.o(i.blockForResponse)
    clear_socket_context                     0x08007b01   Thumb Code    94  api_stack_offload.o(i.clear_socket_context)
    configureTimerForRunTimeStats            0x08007b65   Thumb Code     6  freertos.o(i.configureTimerForRunTimeStats)
    custom_ipconfig_set_tcp_exponential_backoff_retry 0x08007ff5   Thumb Code    40  cust_api_stack_offload.o(i.custom_ipconfig_set_tcp_exponential_backoff_retry)
    custom_socket_context_deinit             0x0800801d   Thumb Code   204  cust_api_stack_offload.o(i.custom_socket_context_deinit)
    custom_socket_context_init               0x080080ed   Thumb Code   266  cust_api_stack_offload.o(i.custom_socket_context_init)
    default_native_free_fn                   0x0800829d   Thumb Code    54  cust_driver_netbuf.o(i.default_native_free_fn)
    delay_ms                                 0x080082d3   Thumb Code     4  rw_lib_platform_os.o(i.delay_ms)
    find_socket_context                      0x08008441   Thumb Code   110  api_stack_offload.o(i.find_socket_context)
    fputc                                    0x080084b5   Thumb Code    20  bsp.o(i.fputc)
    getRunTimeCounterValue                   0x080084cd   Thumb Code     6  freertos.o(i.getRunTimeCounterValue)
    get_stamp                                0x080084d9   Thumb Code     4  rw_lib_platform_os.o(i.get_stamp)
    get_xtask_state                          0x080084dd   Thumb Code   412  freertos.o(i.get_xtask_state)
    isSocketBlocked                          0x080087b5   Thumb Code     8  cust_api_stack_offload.o(i.isSocketBlocked)
    main                                     0x080087bd   Thumb Code    44  main.o(i.main)
    osDelay                                  0x0800880d   Thumb Code    14  cmsis_os.o(i.osDelay)
    osKernelStart                            0x0800881b   Thumb Code    10  cmsis_os.o(i.osKernelStart)
    osKernelSysTick                          0x08008825   Thumb Code    24  cmsis_os.o(i.osKernelSysTick)
    osMutexCreate                            0x0800883d   Thumb Code     6  cmsis_os.o(i.osMutexCreate)
    osMutexDelete                            0x08008843   Thumb Code    24  cmsis_os.o(i.osMutexDelete)
    osMutexRelease                           0x0800885d   Thumb Code    74  cmsis_os.o(i.osMutexRelease)
    osMutexWait                              0x080088ad   Thumb Code   100  cmsis_os.o(i.osMutexWait)
    osSemaphoreCreate                        0x08008915   Thumb Code    46  cmsis_os.o(i.osSemaphoreCreate)
    osSemaphoreDelete                        0x08008943   Thumb Code    24  cmsis_os.o(i.osSemaphoreDelete)
    osSemaphoreRelease                       0x0800895d   Thumb Code    74  cmsis_os.o(i.osSemaphoreRelease)
    osSemaphoreWait                          0x080089ad   Thumb Code   100  cmsis_os.o(i.osSemaphoreWait)
    osSystickHandler                         0x08008a15   Thumb Code    20  cmsis_os.o(i.osSystickHandler)
    osThreadCreate                           0x08008a29   Thumb Code    56  cmsis_os.o(i.osThreadCreate)
    osThreadTerminate                        0x08008a61   Thumb Code    10  cmsis_os.o(i.osThreadTerminate)
    platform_init                            0x08008a85   Thumb Code   256  freertos.o(i.platform_init)
    pvPortMalloc                             0x08008f4d   Thumb Code   220  heap_4.o(i.pvPortMalloc)
    pvTaskIncrementMutexHeldCount            0x0800902d   Thumb Code    18  tasks.o(i.pvTaskIncrementMutexHeldCount)
    pxPortInitialiseStack                    0x08009045   Thumb Code    36  port.o(i.pxPortInitialiseStack)
    rw_appdemo_context_init                  0x0800909d   Thumb Code    30  ap_sta.o(i.rw_appdemo_context_init)
    rw_creat_mutex                           0x080090c1   Thumb Code     6  rw_os.o(i.rw_creat_mutex)
    rw_creat_sem                             0x080090cd   Thumb Code     8  rw_os.o(i.rw_creat_sem)
    rw_creat_task                            0x080090d9   Thumb Code    30  rw_os.o(i.rw_creat_task)
    rw_del_mutex                             0x080090fd   Thumb Code    10  rw_os.o(i.rw_del_mutex)
    rw_del_sem                               0x08009107   Thumb Code    10  rw_os.o(i.rw_del_sem)
    rw_del_task                              0x08009111   Thumb Code    10  rw_os.o(i.rw_del_task)
    rw_getLibVersion                         0x0800911d   Thumb Code    98  rw_lib.o(i.rw_getLibVersion)
    rw_getMacAddr                            0x080091a1   Thumb Code    40  rw_lib.o(i.rw_getMacAddr)
    rw_ipConfig                              0x080091cd   Thumb Code   222  rw_lib.o(i.rw_ipConfig)
    rw_lock_mutex                            0x080092b5   Thumb Code    16  rw_os.o(i.rw_lock_mutex)
    rw_network_init                          0x080092c5   Thumb Code   368  ap_sta.o(i.rw_network_init)
    rw_network_startSTA                      0x080094fd   Thumb Code   100  ap_sta.o(i.rw_network_startSTA)
    rw_pend_sem                              0x080095d5   Thumb Code    32  rw_os.o(i.rw_pend_sem)
    rw_post_sem                              0x080095f5   Thumb Code    10  rw_os.o(i.rw_post_sem)
    rw_sysDriverInit                         0x08009601   Thumb Code   204  rw_lib.o(i.rw_sysDriverInit)
    rw_sysDriverReset                        0x080096d5   Thumb Code   122  rw_lib.o(i.rw_sysDriverReset)
    rw_sysSleep                              0x08009759   Thumb Code     6  rw_lib.o(i.rw_sysSleep)
    rw_unlock_mutex                          0x08009765   Thumb Code    10  rw_os.o(i.rw_unlock_mutex)
    rw_wlanConnect                           0x08009771   Thumb Code  1182  rw_lib.o(i.rw_wlanConnect)
    send_stack_init                          0x08009e29   Thumb Code    48  api_stack_offload.o(i.send_stack_init)
    socket_context_deinit                    0x08009e59   Thumb Code    44  api_stack_offload.o(i.socket_context_deinit)
    socket_context_init                      0x08009e89   Thumb Code    98  api_stack_offload.o(i.socket_context_init)
    t_ipconfig                               0x08009ef1   Thumb Code    76  cust_api_stack_offload.o(i.t_ipconfig)
    t_ipconfig_dhcp_pool                     0x08009f3d   Thumb Code    52  cust_api_stack_offload.o(i.t_ipconfig_dhcp_pool)
    txpkt_free                               0x08009f71   Thumb Code    56  cust_api_stack_offload.o(i.txpkt_free)
    unblock                                  0x08009fa9   Thumb Code    28  cust_api_stack_offload.o(i.unblock)
    uxListRemove                             0x08009fc5   Thumb Code    36  list.o(i.uxListRemove)
    uxTaskGetNumberOfTasks                   0x08009fe9   Thumb Code     6  tasks.o(i.uxTaskGetNumberOfTasks)
    uxTaskGetSystemState                     0x08009ff5   Thumb Code   142  tasks.o(i.uxTaskGetSystemState)
    vApplicationMallocFailedHook             0x0800a08d   Thumb Code    50  freertos.o(i.vApplicationMallocFailedHook)
    vApplicationStackOverflowHook            0x0800a105   Thumb Code    54  freertos.o(i.vApplicationStackOverflowHook)
    vListInitialise                          0x0800a175   Thumb Code    22  list.o(i.vListInitialise)
    vListInitialiseItem                      0x0800a18b   Thumb Code     6  list.o(i.vListInitialiseItem)
    vListInsert                              0x0800a191   Thumb Code    48  list.o(i.vListInsert)
    vListInsertEnd                           0x0800a1c1   Thumb Code    24  list.o(i.vListInsertEnd)
    vPortEnterCritical                       0x0800a1d9   Thumb Code    54  port.o(i.vPortEnterCritical)
    vPortExitCritical                        0x0800a219   Thumb Code    34  port.o(i.vPortExitCritical)
    vPortFree                                0x0800a241   Thumb Code    88  heap_4.o(i.vPortFree)
    vPortSetupTimerInterrupt                 0x0800a29d   Thumb Code    26  port.o(i.vPortSetupTimerInterrupt)
    vPortValidateInterruptPriority           0x0800a2bd   Thumb Code    76  port.o(i.vPortValidateInterruptPriority)
    vQueueDelete                             0x0800a311   Thumb Code    36  queue.o(i.vQueueDelete)
    vQueueUnregisterQueue                    0x0800a335   Thumb Code    30  queue.o(i.vQueueUnregisterQueue)
    vTaskDelay                               0x0800a359   Thumb Code    94  tasks.o(i.vTaskDelay)
    vTaskDelete                              0x0800a3c1   Thumb Code   150  tasks.o(i.vTaskDelete)
    vTaskMissedYield                         0x0800a465   Thumb Code     8  tasks.o(i.vTaskMissedYield)
    vTaskPlaceOnEventList                    0x0800a471   Thumb Code    90  tasks.o(i.vTaskPlaceOnEventList)
    vTaskPriorityInherit                     0x0800a4d5   Thumb Code   124  tasks.o(i.vTaskPriorityInherit)
    vTaskSetTimeOutState                     0x0800a559   Thumb Code    30  tasks.o(i.vTaskSetTimeOutState)
    vTaskStartScheduler                      0x0800a57d   Thumb Code    84  tasks.o(i.vTaskStartScheduler)
    vTaskSuspendAll                          0x0800a5e1   Thumb Code    10  tasks.o(i.vTaskSuspendAll)
    vTaskSwitchContext                       0x0800a5f1   Thumb Code   154  tasks.o(i.vTaskSwitchContext)
    wifi_init_params                         0x0800a699   Thumb Code    92  rw_lib_platform_os.o(i.wifi_init_params)
    wmi_allow_aggr_cmd                       0x0800a739   Thumb Code    60  wmi.o(i.wmi_allow_aggr_cmd)
    wmi_ap_profile_commit                    0x0800a775   Thumb Code    72  wmi.o(i.wmi_ap_profile_commit)
    wmi_ap_set_param                         0x0800a7bd   Thumb Code   350  wmi.o(i.wmi_ap_set_param)
    wmi_bssfilter_cmd                        0x0800a91b   Thumb Code    72  wmi.o(i.wmi_bssfilter_cmd)
    wmi_cmd_send                             0x0800a965   Thumb Code   110  wmi.o(i.wmi_cmd_send)
    wmi_connect_cmd                          0x0800aa15   Thumb Code   180  wmi.o(i.wmi_connect_cmd)
    wmi_control_rx                           0x0800aac9   Thumb Code   814  wmi.o(i.wmi_control_rx)
    wmi_data_hdr_remove                      0x0800ae45   Thumb Code    28  wmi.o(i.wmi_data_hdr_remove)
    wmi_disconnect_cmd                       0x0800aea1   Thumb Code    34  wmi.o(i.wmi_disconnect_cmd)
    wmi_get_pmk_cmd                          0x0800aec3   Thumb Code    36  wmi.o(i.wmi_get_pmk_cmd)
    wmi_get_power_mode_cmd                   0x0800aee7   Thumb Code     6  wmi.o(i.wmi_get_power_mode_cmd)
    wmi_get_stats_cmd                        0x0800aeed   Thumb Code    34  wmi.o(i.wmi_get_stats_cmd)
    wmi_init                                 0x0800af0f   Thumb Code   110  wmi.o(i.wmi_init)
    wmi_is_dead_cmd                          0x0800af7d   Thumb Code    34  wmi.o(i.wmi_is_dead_cmd)
    wmi_listeninterval_cmd                   0x0800af9f   Thumb Code    62  wmi.o(i.wmi_listeninterval_cmd)
    wmi_meta_add                             0x0800afdd   Thumb Code   160  wmi.o(i.wmi_meta_add)
    wmi_pmparams_cmd                         0x0800b0bd   Thumb Code    90  wmi.o(i.wmi_pmparams_cmd)
    wmi_powermode_cmd                        0x0800b117   Thumb Code    54  wmi.o(i.wmi_powermode_cmd)
    wmi_probedSsid_cmd                       0x0800b14d   Thumb Code   126  wmi.o(i.wmi_probedSsid_cmd)
    wmi_promiscuous_cmd                      0x0800b1d1   Thumb Code    52  wmi.o(i.wmi_promiscuous_cmd)
    wmi_scanparams_cmd                       0x0800b205   Thumb Code   116  wmi.o(i.wmi_scanparams_cmd)
    wmi_set_channelParams_cmd                0x0800b279   Thumb Code   116  wmi.o(i.wmi_set_channelParams_cmd)
    wmi_set_channel_cmd                      0x0800b2ed   Thumb Code    52  wmi.o(i.wmi_set_channel_cmd)
    wmi_set_control_ep                       0x0800b321   Thumb Code    28  wmi.o(i.wmi_set_control_ep)
    wmi_set_ht_cap_cmd                       0x0800b37d   Thumb Code    94  wmi.o(i.wmi_set_ht_cap_cmd)
    wmi_set_passphrase_cmd                   0x0800b3db   Thumb Code   102  wmi.o(i.wmi_set_passphrase_cmd)
    wmi_set_pmk_cmd                          0x0800b441   Thumb Code    72  wmi.o(i.wmi_set_pmk_cmd)
    wmi_shutdown                             0x0800b489   Thumb Code    26  wmi.o(i.wmi_shutdown)
    wmi_socket_cmd                           0x0800b4a5   Thumb Code   100  wmi.o(i.wmi_socket_cmd)
    wmi_startscan_cmd                        0x0800b549   Thumb Code   130  wmi.o(i.wmi_startscan_cmd)
    wmi_storerecall_configure_cmd            0x0800b5cb   Thumb Code    68  wmi.o(i.wmi_storerecall_configure_cmd)
    wmi_wps_start_cmd                        0x0800b60f   Thumb Code    58  wmi.o(i.wmi_wps_start_cmd)
    xPortGetFreeHeapSize                     0x0800b841   Thumb Code     6  heap_4.o(i.xPortGetFreeHeapSize)
    xPortStartScheduler                      0x0800b84d   Thumb Code   206  port.o(i.xPortStartScheduler)
    xPortSysTickHandler                      0x0800b931   Thumb Code    38  port.o(i.xPortSysTickHandler)
    xQueueCreateCountingSemaphore            0x0800b95d   Thumb Code    72  queue.o(i.xQueueCreateCountingSemaphore)
    xQueueCreateMutex                        0x0800b9a5   Thumb Code    90  queue.o(i.xQueueCreateMutex)
    xQueueGenericCreate                      0x0800b9ff   Thumb Code   100  queue.o(i.xQueueGenericCreate)
    xQueueGenericReceive                     0x0800ba65   Thumb Code   358  queue.o(i.xQueueGenericReceive)
    xQueueGenericReset                       0x0800bbd1   Thumb Code   126  queue.o(i.xQueueGenericReset)
    xQueueGenericSend                        0x0800bc55   Thumb Code   348  queue.o(i.xQueueGenericSend)
    xQueueGiveFromISR                        0x0800bdb5   Thumb Code   156  queue.o(i.xQueueGiveFromISR)
    xQueueReceiveFromISR                     0x0800be51   Thumb Code   142  queue.o(i.xQueueReceiveFromISR)
    xTaskCheckForTimeOut                     0x0800bee1   Thumb Code   102  tasks.o(i.xTaskCheckForTimeOut)
    xTaskGenericCreate                       0x0800bf4d   Thumb Code   434  tasks.o(i.xTaskGenericCreate)
    xTaskGetSchedulerState                   0x0800c10d   Thumb Code    22  tasks.o(i.xTaskGetSchedulerState)
    xTaskGetTickCount                        0x0800c129   Thumb Code     6  tasks.o(i.xTaskGetTickCount)
    xTaskGetTickCountFromISR                 0x0800c135   Thumb Code    12  tasks.o(i.xTaskGetTickCountFromISR)
    xTaskIncrementTick                       0x0800c145   Thumb Code   194  tasks.o(i.xTaskIncrementTick)
    xTaskPriorityDisinherit                  0x0800c211   Thumb Code   144  tasks.o(i.xTaskPriorityDisinherit)
    xTaskRemoveFromEventList                 0x0800c2a9   Thumb Code   108  tasks.o(i.xTaskRemoveFromEventList)
    xTaskResumeAll                           0x0800c31d   Thumb Code   182  tasks.o(i.xTaskResumeAll)
    APBAHBPrescTable                         0x0800c430   Data          16  stm32f4xx_hal_rcc.o(.constdata)
    Region$$Table$$Base                      0x0800c83c   Number         0  anon$$obj.o(Region$$Table)
    Region$$Table$$Limit                     0x0800c85c   Number         0  anon$$obj.o(Region$$Table)
    defaultTaskHandle                        0x20000000   Data           4  freertos.o(.data)
    appTaskHandle                            0x20000004   Data           4  freertos.o(.data)
    clientTaskHandle                         0x20000008   Data           4  freertos.o(.data)
    mallocTaskHandle                         0x2000000c   Data           4  freertos.o(.data)
    buf_mutexHandle                          0x20000010   Data           4  freertos.o(.data)
    Tim3Counter                              0x20000014   Data           4  tim.o(.data)
    SystemCoreClock                          0x20000018   Data           4  system_stm32f4xx.o(.data)
    pxCurrentTCB                             0x20000044   Data           4  tasks.o(.data)
    g_handle                                 0x20000084   Data           4  rw_lib.o(.data)
    g_cxt_ptr                                0x20000088   Data           8  cust_api_init.o(.data)
    is_probe_ssid                            0x20000090   Data           4  wmi.o(.data)
    g_driverState                            0x20000094   Data           1  cust_driver_netbuf.o(.data)
    __stdout                                 0x20000098   Data           4  stdout.o(.data)
    hspi1                                    0x2000009c   Data          88  spi.o(.bss)
    huart1                                   0x200000f4   Data          64  usart.o(.bss)
    htim3                                    0x20000134   Data          60  tim.o(.bss)
    hadc3                                    0x20000170   Data          68  adc.o(.bss)
    xQueueRegistry                           0x200191b4   Data          64  queue.o(.bss)
    conn                                     0x200192e4   Data          20  rw_lib_platform_os.o(.bss)
    easywpsinfo                              0x200192f8   Data         103  rw_lib_platform_os.o(.bss)
    app_demo_ctx                             0x20019360   Data          68  ap_sta.o(.bss)
    g_driver_params                          0x200193a4   Data          80  rw_lib.o(.bss)
    g_custom_driver_context                  0x20019420   Data          72  cust_api_init.o(.bss)
    ath_sock_context                         0x20019628   Data          36  api_stack_offload.o(.bss)
    ath_custom_init                          0x2001964c   Data          28  cust_driver_main.o(.bss)
    ath_custom_htc                           0x20019668   Data          12  cust_driver_main.o(.bss)
    __initial_sp                             0x20019a88   Data           0  startup_stm32f407xx.o(STACK)



==============================================================================

Memory Map of the image

  Image Entry point : 0x08000189

  Load Region LR_IROM1 (Base: 0x08000000, Size: 0x0000c8f8, Max: 0x00080000, ABSOLUTE)

    Execution Region ER_IROM1 (Base: 0x08000000, Size: 0x0000c85c, Max: 0x00080000, ABSOLUTE)

    Base Addr    Size         Type   Attr      Idx    E Section Name        Object

    0x08000000   0x00000188   Data   RO          658    RESET               startup_stm32f407xx.o
    0x08000188   0x00000000   Code   RO         7156  * .ARM.Collect$$$$00000000  mc_w.l(entry.o)
    0x08000188   0x00000004   Code   RO         7443    .ARM.Collect$$$$00000001  mc_w.l(entry2.o)
    0x0800018c   0x00000004   Code   RO         7446    .ARM.Collect$$$$00000004  mc_w.l(entry5.o)
    0x08000190   0x00000000   Code   RO         7448    .ARM.Collect$$$$00000008  mc_w.l(entry7b.o)
    0x08000190   0x00000000   Code   RO         7450    .ARM.Collect$$$$0000000A  mc_w.l(entry8b.o)
    0x08000190   0x00000008   Code   RO         7451    .ARM.Collect$$$$0000000B  mc_w.l(entry9a.o)
    0x08000198   0x00000000   Code   RO         7453    .ARM.Collect$$$$0000000D  mc_w.l(entry10a.o)
    0x08000198   0x00000000   Code   RO         7455    .ARM.Collect$$$$0000000F  mc_w.l(entry11a.o)
    0x08000198   0x00000004   Code   RO         7444    .ARM.Collect$$$$00002712  mc_w.l(entry2.o)
    0x0800019c   0x000000ba   Code   RO         3383    .emb_text           port.o
    0x08000256   0x00000002   PAD
    0x08000258   0x00000024   Code   RO          659    .text               startup_stm32f407xx.o
    0x0800027c   0x00000062   Code   RO         7159    .text               mc_w.l(uldiv.o)
    0x080002de   0x00000024   Code   RO         7164    .text               mc_w.l(memcpya.o)
    0x08000302   0x00000024   Code   RO         7166    .text               mc_w.l(memseta.o)
    0x08000326   0x00000018   Code   RO         7168    .text               mc_w.l(strncpy.o)
    0x0800033e   0x0000000e   Code   RO         7170    .text               mc_w.l(strlen.o)
    0x0800034c   0x0000001c   Code   RO         7172    .text               mc_w.l(strcmp.o)
    0x08000368   0x0000001a   Code   RO         7174    .text               mc_w.l(memcmp.o)
    0x08000382   0x00000012   Code   RO         7176    .text               mc_w.l(strcpy.o)
    0x08000394   0x0000001e   Code   RO         7178    .text               mc_w.l(strncmp.o)
    0x080003b2   0x0000001e   Code   RO         7460    .text               mc_w.l(llshl.o)
    0x080003d0   0x00000020   Code   RO         7462    .text               mc_w.l(llushr.o)
    0x080003f0   0x00000024   Code   RO         7475    .text               mc_w.l(init.o)
    0x08000414   0x0000017c   Code   RO         3005    i.ADC_Init          stm32f4xx_hal_adc.o
    0x08000590   0x00000018   Code   RO         6647    i.Api_AggrRecvAddbaReqEvent  test4.lib(api_wmi_rx.o)
    0x080005a8   0x0000000c   Code   RO         6648    i.Api_AggrRecvDelbaReqEvent  test4.lib(api_wmi_rx.o)
    0x080005b4   0x00000004   Code   RO         6650    i.Api_BssInfoEvent  test4.lib(api_wmi_rx.o)
    0x080005b8   0x00000042   Code   RO         6652    i.Api_ConnectEvent  test4.lib(api_wmi_rx.o)
    0x080005fa   0x00000154   Code   RO         5573    i.Api_ConnectWiFi   test4.lib(api_ioctl.o)
    0x0800074e   0x0000002e   Code   RO         5530    i.Api_DeInitFinish  test4.lib(api_init.o)
    0x0800077c   0x00000004   Code   RO         5531    i.Api_DeInitStart   test4.lib(api_init.o)
    0x08000780   0x00000086   Code   RO         6653    i.Api_DisconnectEvent  test4.lib(api_wmi_rx.o)
    0x08000806   0x0000004e   Code   RO         5574    i.Api_DisconnectWiFi  test4.lib(api_ioctl.o)
    0x08000854   0x00000036   Code   RO         5575    i.Api_DriverAccessCheck  test4.lib(api_ioctl.o)
    0x0800088a   0x00000020   Code   RO         6654    i.Api_GetPmkEvent   test4.lib(api_wmi_rx.o)
    0x080008aa   0x00000002   PAD
    0x080008ac   0x00000034   Code   RO         5532    i.Api_InitFinish    test4.lib(api_init.o)
    0x080008e0   0x00000018   Code   RO         5533    i.Api_InitStart     test4.lib(api_init.o)
    0x080008f8   0x00000114   Code   RO         5576    i.Api_ParseInfoElem  test4.lib(api_ioctl.o)
    0x08000a0c   0x00000004   Code   RO         6655    i.Api_RSNASuccessEvent  test4.lib(api_wmi_rx.o)
    0x08000a10   0x00000016   Code   RO         6656    i.Api_ReadyEvent    test4.lib(api_wmi_rx.o)
    0x08000a26   0x00000002   Code   RO         6657    i.Api_RegDomainEvent  test4.lib(api_wmi_rx.o)
    0x08000a28   0x000000f0   Code   RO         5629    i.Api_RxComplete    test4.lib(api_txrx.o)
    0x08000b18   0x00000020   Code   RO         6658    i.Api_ScanCompleteEvent  test4.lib(api_wmi_rx.o)
    0x08000b38   0x000001a8   Code   RO         5779    i.Api_SockResponseEventRx  test4.lib(api_stack_offload.o)
    0x08000ce0   0x0000001e   Code   RO         6659    i.Api_TargetStatsEvent  test4.lib(api_wmi_rx.o)
    0x08000cfe   0x00000012   Code   RO         6660    i.Api_TkipMicErrorEvent  test4.lib(api_wmi_rx.o)
    0x08000d10   0x00000030   Code   RO         5630    i.Api_TxComplete    test4.lib(api_txrx.o)
    0x08000d40   0x00000050   Code   RO         5631    i.Api_TxGetStatus   test4.lib(api_txrx.o)
    0x08000d90   0x000000b4   Code   RO         5534    i.Api_WMIInitFinish  test4.lib(api_init.o)
    0x08000e44   0x00000020   Code   RO         5632    i.Api_WmiTxStart    test4.lib(api_txrx.o)
    0x08000e64   0x0000010c   Code   RO         6661    i.Api_WpsProfileEvent  test4.lib(api_wmi_rx.o)
    0x08000f70   0x00000004   Code   RO         6662    i.Api_easyconfigEvent  test4.lib(api_wmi_rx.o)
    0x08000f74   0x00000100   Code   RO         5787    i.Api_ipconfig      test4.lib(api_stack_offload.o)
    0x08001074   0x00000048   Code   RO         5788    i.Api_ipconfig_dhcp_pool  test4.lib(api_stack_offload.o)
    0x080010bc   0x0000003c   Code   RO         5791    i.Api_ipconfig_set_tcp_exponential_backoff_retry  test4.lib(api_stack_offload.o)
    0x080010f8   0x00000088   Code   RO         6350    i.Atheros_Driver_Task  test4.lib(cust_driver_main.o)
    0x08001180   0x00000098   Code   RO         5126    i.Bus_InOutDescriptorSet  test4.lib(hw_api.o)
    0x08001218   0x00000022   Code   RO         5127    i.Bus_InOutToken    test4.lib(hw_api.o)
    0x0800123a   0x000000a0   Code   RO         5673    i.ConnectService    test4.lib(driver_init.o)
    0x080012da   0x00000002   PAD
    0x080012dc   0x000000ba   Code   RO         7109    i.Custom_Api_BssInfoEvent  test4.lib(cust_api_wmi_rx.o)
    0x08001396   0x000000cc   Code   RO         7110    i.Custom_Api_ConnectEvent  test4.lib(cust_api_wmi_rx.o)
    0x08001462   0x0000008e   Code   RO         7111    i.Custom_Api_DisconnectEvent  test4.lib(cust_api_wmi_rx.o)
    0x080014f0   0x0000009a   Code   RO         7112    i.Custom_Api_RSNASuccessEvent  test4.lib(cust_api_wmi_rx.o)
    0x0800158a   0x00000010   Code   RO         7113    i.Custom_Api_ReadyEvent  test4.lib(cust_api_wmi_rx.o)
    0x0800159a   0x00000002   PAD
    0x0800159c   0x00000064   Code   RO         5192    i.Custom_Api_Shutdown  test4.lib(cust_api_init.o)
    0x08001600   0x000000e8   Code   RO         5193    i.Custom_Api_Start  test4.lib(cust_api_init.o)
    0x080016e8   0x000000c8   Code   RO         7114    i.Custom_Api_easyconfigEvent  test4.lib(cust_api_wmi_rx.o)
    0x080017b0   0x00000058   Code   RO         6623    i.Custom_DeliverFrameToNetworkStack  test4.lib(cust_api_stack_txrx.o)
    0x08001808   0x000000a4   Code   RO         6351    i.Custom_Driver_ContextDeInit  test4.lib(cust_driver_main.o)
    0x080018ac   0x00000062   Code   RO         6352    i.Custom_Driver_ContextInit  test4.lib(cust_driver_main.o)
    0x0800190e   0x00000002   PAD
    0x08001910   0x0000001c   Code   RO         6353    i.Custom_Driver_CreateThread  test4.lib(cust_driver_main.o)
    0x0800192c   0x00000014   Code   RO         6354    i.Custom_Driver_DestroyThread  test4.lib(cust_driver_main.o)
    0x08001940   0x0000002a   Code   RO         6355    i.Custom_Driver_WaitForCondition  test4.lib(cust_driver_main.o)
    0x0800196a   0x0000000c   Code   RO         6356    i.Custom_Driver_WakeDriver  test4.lib(cust_driver_main.o)
    0x08001976   0x0000000c   Code   RO         6357    i.Custom_Driver_WakeUser  test4.lib(cust_driver_main.o)
    0x08001982   0x00000002   Code   RO         6358    i.Custom_FreeRxRequest  test4.lib(cust_driver_main.o)
    0x08001984   0x00000054   Code   RO         6359    i.Custom_GetRxRequest  test4.lib(cust_driver_main.o)
    0x080019d8   0x00000016   Code   RO         5072    i.DRIVER_INT_HANDLE  test4.lib(cust_api_isr.o)
    0x080019ee   0x000000bc   Code   RO         6879    i.DoDMAOp           test4.lib(spi_hcd.o)
    0x08001aaa   0x0000003a   Code   RO         6880    i.DoPioReadInternal  test4.lib(spi_hcd.o)
    0x08001ae4   0x00000032   Code   RO         6881    i.DoPioWriteInternal  test4.lib(spi_hcd.o)
    0x08001b16   0x00000002   PAD
    0x08001b18   0x000001f0   Code   RO         5674    i.Driver_BootComm   test4.lib(driver_init.o)
    0x08001d08   0x0000001c   Code   RO         5675    i.Driver_ContextDeInit  test4.lib(driver_init.o)
    0x08001d24   0x00000098   Code   RO         5676    i.Driver_ContextInit  test4.lib(driver_init.o)
    0x08001dbc   0x00000054   Code   RO         5677    i.Driver_DeInit     test4.lib(driver_init.o)
    0x08001e10   0x00000184   Code   RO         5679    i.Driver_Init       test4.lib(driver_init.o)
    0x08001f94   0x00000248   Code   RO         6798    i.Driver_Main       test4.lib(driver_main.o)
    0x080021dc   0x000000e0   Code   RO         6753    i.Driver_ReadDataDiag  test4.lib(driver_diag.o)
    0x080022bc   0x00000052   Code   RO         6837    i.Driver_RecvPacket  test4.lib(driver_txrx.o)
    0x0800230e   0x0000001c   Code   RO         6799    i.Driver_ReportRxBuffStatus  test4.lib(driver_main.o)
    0x0800232a   0x00000002   PAD
    0x0800232c   0x00000040   Code   RO         6838    i.Driver_RxComplete  test4.lib(driver_txrx.o)
    0x0800236c   0x000000ec   Code   RO         6800    i.Driver_RxReady    test4.lib(driver_main.o)
    0x08002458   0x00000080   Code   RO         6839    i.Driver_SendPacket  test4.lib(driver_txrx.o)
    0x080024d8   0x00000074   Code   RO         6840    i.Driver_SubmitTxRequest  test4.lib(driver_txrx.o)
    0x0800254c   0x0000006c   Code   RO         6841    i.Driver_SubmitTxRequestNoBlock  test4.lib(driver_txrx.o)
    0x080025b8   0x0000002c   Code   RO         6842    i.Driver_TxComplete  test4.lib(driver_txrx.o)
    0x080025e4   0x000000dc   Code   RO         6801    i.Driver_TxReady    test4.lib(driver_main.o)
    0x080026c0   0x000000e2   Code   RO         6755    i.Driver_WriteDataDiag  test4.lib(driver_diag.o)
    0x080027a2   0x00000006   Code   RO          242    i.EXTI4_IRQHandler  stm32f4xx_it.o
    0x080027a8   0x00000014   Code   RO         5194    i.GetDriverContextByInterrupt  test4.lib(cust_api_init.o)
    0x080027bc   0x00000010   Code   RO         5195    i.GetDriverContextPtr  test4.lib(cust_api_init.o)
    0x080027cc   0x000001d8   Code   RO         3007    i.HAL_ADC_ConfigChannel  stm32f4xx_hal_adc.o
    0x080029a4   0x000001fc   Code   RO         3016    i.HAL_ADC_Init      stm32f4xx_hal_adc.o
    0x08002ba0   0x00000044   Code   RO          584    i.HAL_ADC_MspInit   adc.o
    0x08002be4   0x000001d0   Code   RO         1051    i.HAL_GPIO_DeInit   stm32f4xx_hal_gpio.o
    0x08002db4   0x0000000a   Code   RO         4400    i.HAL_GPIO_EXTI_Callback  rw_lib_platform_os.o
    0x08002dbe   0x00000002   PAD
    0x08002dc0   0x00000018   Code   RO         1053    i.HAL_GPIO_EXTI_IRQHandler  stm32f4xx_hal_gpio.o
    0x08002dd8   0x00000310   Code   RO         1054    i.HAL_GPIO_Init     stm32f4xx_hal_gpio.o
    0x080030e8   0x0000006c   Code   RO         1058    i.HAL_GPIO_WritePin  stm32f4xx_hal_gpio.o
    0x08003154   0x0000000c   Code   RO         1601    i.HAL_GetTick       stm32f4xx_hal.o
    0x08003160   0x00000034   Code   RO         1603    i.HAL_Init          stm32f4xx_hal.o
    0x08003194   0x00000022   Code   RO         1604    i.HAL_InitTick      stm32f4xx_hal.o
    0x080031b6   0x00000016   Code   RO          215    i.HAL_MspInit       stm32f4xx_hal_msp.o
    0x080031cc   0x00000064   Code   RO          669    i.HAL_NVIC_EnableIRQ  stm32f4xx_hal_cortex.o
    0x08003230   0x000000a0   Code   RO          675    i.HAL_NVIC_SetPriority  stm32f4xx_hal_cortex.o
    0x080032d0   0x00000080   Code   RO          676    i.HAL_NVIC_SetPriorityGrouping  stm32f4xx_hal_cortex.o
    0x08003350   0x00000360   Code   RO         1789    i.HAL_RCC_ClockConfig  stm32f4xx_hal_rcc.o
    0x080036b0   0x00000034   Code   RO         1794    i.HAL_RCC_GetHCLKFreq  stm32f4xx_hal_rcc.o
    0x080036e4   0x0000002c   Code   RO         1796    i.HAL_RCC_GetPCLK1Freq  stm32f4xx_hal_rcc.o
    0x08003710   0x0000002c   Code   RO         1797    i.HAL_RCC_GetPCLK2Freq  stm32f4xx_hal_rcc.o
    0x0800373c   0x00000070   Code   RO         1798    i.HAL_RCC_GetSysClockFreq  stm32f4xx_hal_rcc.o
    0x080037ac   0x0000045e   Code   RO         1801    i.HAL_RCC_OscConfig  stm32f4xx_hal_rcc.o
    0x08003c0a   0x00000026   Code   RO          810    i.HAL_SPI_DeInit    stm32f4xx_hal_spi.o
    0x08003c30   0x000001a0   Code   RO          815    i.HAL_SPI_Init      stm32f4xx_hal_spi.o
    0x08003dd0   0x00000028   Code   RO          425    i.HAL_SPI_MspDeInit  spi.o
    0x08003df8   0x00000048   Code   RO          426    i.HAL_SPI_MspInit   spi.o
    0x08003e40   0x000002fc   Code   RO          824    i.HAL_SPI_TransmitReceive  stm32f4xx_hal_spi.o
    0x0800413c   0x00000064   Code   RO          678    i.HAL_SYSTICK_CLKSourceConfig  stm32f4xx_hal_cortex.o
    0x080041a0   0x00000028   Code   RO          680    i.HAL_SYSTICK_Config  stm32f4xx_hal_cortex.o
    0x080041c8   0x00000002   Code   RO         2132    i.HAL_TIMEx_BreakCallback  stm32f4xx_hal_tim_ex.o
    0x080041ca   0x00000002   Code   RO         2133    i.HAL_TIMEx_CommutationCallback  stm32f4xx_hal_tim_ex.o
    0x080041cc   0x00000138   Code   RO         2149    i.HAL_TIMEx_MasterConfigSynchronization  stm32f4xx_hal_tim_ex.o
    0x08004304   0x00000134   Code   RO         2373    i.HAL_TIM_Base_Init  stm32f4xx_hal_tim.o
    0x08004438   0x0000003c   Code   RO          541    i.HAL_TIM_Base_MspInit  tim.o
    0x08004474   0x000000e8   Code   RO         2378    i.HAL_TIM_Base_Start_IT  stm32f4xx_hal_tim.o
    0x0800455c   0x000004d2   Code   RO         2382    i.HAL_TIM_ConfigClockSource  stm32f4xx_hal_tim.o
    0x08004a2e   0x00000002   Code   RO         2402    i.HAL_TIM_IC_CaptureCallback  stm32f4xx_hal_tim.o
    0x08004a30   0x00000166   Code   RO         2415    i.HAL_TIM_IRQHandler  stm32f4xx_hal_tim.o
    0x08004b96   0x00000002   Code   RO         2418    i.HAL_TIM_OC_DelayElapsedCallback  stm32f4xx_hal_tim.o
    0x08004b98   0x00000002   Code   RO         2445    i.HAL_TIM_PWM_PulseFinishedCallback  stm32f4xx_hal_tim.o
    0x08004b9a   0x00000002   PAD
    0x08004b9c   0x00000010   Code   RO            4    i.HAL_TIM_PeriodElapsedCallback  main.o
    0x08004bac   0x00000002   Code   RO         2456    i.HAL_TIM_TriggerCallback  stm32f4xx_hal_tim.o
    0x08004bae   0x00000002   PAD
    0x08004bb0   0x00000144   Code   RO         1174    i.HAL_UART_Init     stm32f4xx_hal_uart.o
    0x08004cf4   0x0000004c   Code   RO          499    i.HAL_UART_MspInit  usart.o
    0x08004d40   0x000000cc   Code   RO         1182    i.HAL_UART_Transmit  stm32f4xx_hal_uart.o
    0x08004e0c   0x000000c4   Code   RO         6990    i.HTC_ConnectService  test4.lib(htc.o)
    0x08004ed0   0x000000e8   Code   RO         6991    i.HTC_ProcessCpuInterrupt  test4.lib(htc.o)
    0x08004fb8   0x0000006c   Code   RO         6992    i.HTC_Start         test4.lib(htc.o)
    0x08005024   0x00000054   Code   RO         6993    i.HTC_WaitTarget    test4.lib(htc.o)
    0x08005078   0x00000034   Code   RO         5129    i.HW_DeInit         test4.lib(hw_api.o)
    0x080050ac   0x00000054   Code   RO         5130    i.HW_EnableDisableSPIIRQ  test4.lib(hw_api.o)
    0x08005100   0x0000002a   Code   RO         5131    i.HW_Init           test4.lib(hw_api.o)
    0x0800512a   0x00000036   Code   RO         5132    i.HW_InterruptHandler  test4.lib(hw_api.o)
    0x08005160   0x0000000a   Code   RO         5133    i.HW_MsecDelay      test4.lib(hw_api.o)
    0x0800516a   0x00000002   PAD
    0x0800516c   0x00000084   Code   RO         5134    i.HW_PowerUpDown    test4.lib(hw_api.o)
    0x080051f0   0x0000003c   Code   RO         6882    i.Hcd_ClearCPUInterrupt  test4.lib(spi_hcd.o)
    0x0800522c   0x00000018   Code   RO         6883    i.Hcd_Deinitialize  test4.lib(spi_hcd.o)
    0x08005244   0x00000110   Code   RO         6884    i.Hcd_DoPioExternalAccess  test4.lib(spi_hcd.o)
    0x08005354   0x0000000e   Code   RO         6885    i.Hcd_DoPioInternalAccess  test4.lib(spi_hcd.o)
    0x08005362   0x00000002   PAD
    0x08005364   0x00000098   Code   RO         6887    i.Hcd_GetLookAhead  test4.lib(spi_hcd.o)
    0x080053fc   0x00000024   Code   RO         6888    i.Hcd_GetMboxAddress  test4.lib(spi_hcd.o)
    0x08005420   0x000001c0   Code   RO         6889    i.Hcd_Init          test4.lib(spi_hcd.o)
    0x080055e0   0x00000100   Code   RO         6890    i.Hcd_ProgramWriteBufferWaterMark  test4.lib(spi_hcd.o)
    0x080056e0   0x0000001e   Code   RO         6891    i.Hcd_RefreshWriteBufferSpace  test4.lib(spi_hcd.o)
    0x080056fe   0x00000002   PAD
    0x08005700   0x000000a8   Code   RO         6893    i.Hcd_Request       test4.lib(spi_hcd.o)
    0x080057a8   0x000001a8   Code   RO         6894    i.Hcd_SpiInterrupt  test4.lib(spi_hcd.o)
    0x08005950   0x0000002c   Code   RO         6895    i.Hcd_UnmaskSPIInterrupts  test4.lib(spi_hcd.o)
    0x0800597c   0x000000ec   Code   RO         6994    i.Htc_GetCreditCounterUpdate  test4.lib(htc.o)
    0x08005a68   0x00000036   Code   RO         6995    i.Htc_PrepareRecvPacket  test4.lib(htc.o)
    0x08005a9e   0x00000002   PAD
    0x08005aa0   0x00000220   Code   RO         6996    i.Htc_ProcessRecvHeader  test4.lib(htc.o)
    0x08005cc0   0x00000008   Code   RO         6997    i.Htc_ProcessTxComplete  test4.lib(htc.o)
    0x08005cc8   0x0000008c   Code   RO         6998    i.Htc_ReadCreditCounter  test4.lib(htc.o)
    0x08005d54   0x00000060   Code   RO         6999    i.Htc_RxComplete    test4.lib(htc.o)
    0x08005db4   0x000000cc   Code   RO         7000    i.Htc_SendPacket    test4.lib(htc.o)
    0x08005e80   0x00000040   Code   RO          585    i.MX_ADC3_Init      adc.o
    0x08005ec0   0x00000074   Code   RO          281    i.MX_FREERTOS_Init  freertos.o
    0x08005f34   0x00000098   Code   RO          474    i.MX_GPIO_Init      gpio.o
    0x08005fcc   0x00000038   Code   RO          427    i.MX_SPI1_Init      spi.o
    0x08006004   0x00000044   Code   RO          542    i.MX_TIM3_Init      tim.o
    0x08006048   0x00000028   Code   RO          500    i.MX_USART1_UART_Init  usart.o
    0x08006070   0x00000046   Code   RO         6896    i.MaskSPIInterrupts  test4.lib(spi_hcd.o)
    0x080060b6   0x00000002   PAD
    0x080060b8   0x00000020   Code   RO          682    i.NVIC_SetPriority  stm32f4xx_hal_cortex.o
    0x080060d8   0x0000009e   Code   RO          846    i.SPI_WaitOnFlagUntilTimeout  stm32f4xx_hal_spi.o
    0x08006176   0x00000002   PAD
    0x08006178   0x000000ac   Code   RO          282    i.StartAppTask      freertos.o
    0x08006224   0x00000008   Code   RO          283    i.StartClientTask   freertos.o
    0x0800622c   0x00000010   Code   RO          284    i.StartDefaultTask  freertos.o
    0x0800623c   0x00000008   Code   RO          285    i.StartMallocTask   freertos.o
    0x08006244   0x00000004   Code   RO          243    i.SysTick_Handler   stm32f4xx_it.o
    0x08006248   0x0000008c   Code   RO            5    i.SystemClock_Config  main.o
    0x080062d4   0x00000054   Code   RO          626    i.SystemInit        system_stm32f4xx.o
    0x08006328   0x0000000c   Code   RO          244    i.TIM3_IRQHandler   stm32f4xx_it.o
    0x08006334   0x000000c0   Code   RO         2457    i.TIM_Base_SetConfig  stm32f4xx_hal_tim.o
    0x080063f4   0x00000014   Code   RO         2464    i.TIM_ETR_SetConfig  stm32f4xx_hal_tim.o
    0x08006408   0x00000010   Code   RO         2465    i.TIM_ITRx_SetConfig  stm32f4xx_hal_tim.o
    0x08006418   0x00000022   Code   RO         2471    i.TIM_TI1_ConfigInputStage  stm32f4xx_hal_tim.o
    0x0800643a   0x00000024   Code   RO         2473    i.TIM_TI2_ConfigInputStage  stm32f4xx_hal_tim.o
    0x0800645e   0x00000002   PAD
    0x08006460   0x0000020c   Code   RO         1193    i.UART_SetConfig    stm32f4xx_hal_uart.o
    0x0800666c   0x00000092   Code   RO         1195    i.UART_WaitOnFlagUntilTimeout  stm32f4xx_hal_uart.o
    0x080066fe   0x00000002   PAD
    0x08006700   0x00000054   Code   RO         5961    i.Util_Freq2ieee    test4.lib(util.o)
    0x08006754   0x00000012   Code   RO         5962    i.Util_GetEndpoint  test4.lib(util.o)
    0x08006766   0x0000002e   Code   RO         5963    i.Util_Ieee2freq    test4.lib(util.o)
    0x08006794   0x00000020   Code   RO         7389    i.__0printf$8       mc_w.l(printf8.o)
    0x080067b4   0x00000028   Code   RO         7391    i.__0sprintf$8      mc_w.l(printf8.o)
    0x080067dc   0x00000008   Code   RO         5605    i.__ARM_common_memclr4_6  test4.lib(api_ioctl.o)
    0x080067e4   0x0000000a   Code   RO         6330    i.__ARM_common_memclr4_7  test4.lib(wmi.o)
    0x080067ee   0x00000008   Code   RO         6332    i.__ARM_common_memclr4_8  test4.lib(wmi.o)
    0x080067f6   0x0000000e   Code   RO         7483    i.__scatterload_copy  mc_w.l(handlers.o)
    0x08006804   0x00000002   Code   RO         7484    i.__scatterload_null  mc_w.l(handlers.o)
    0x08006806   0x0000000e   Code   RO         7485    i.__scatterload_zeroinit  mc_w.l(handlers.o)
    0x08006814   0x0000009c   Code   RO         4752    i._check_sys_params  test4.lib(rw_lib.o)
    0x080068b0   0x00000010   Code   RO         4401    i._deinit_interface  rw_lib_platform_os.o
    0x080068c0   0x00000016   Code   RO         4402    i._ext_interrupt    rw_lib_platform_os.o
    0x080068d6   0x00000012   Code   RO         4403    i._init_interface   rw_lib_platform_os.o
    0x080068e8   0x00000024   Code   RO         4404    i._power_up_down    rw_lib_platform_os.o
    0x0800690c   0x00000408   Code   RO         7396    i._printf_core      mc_w.l(printf8.o)
    0x08006d14   0x00000026   Code   RO         7397    i._printf_post_padding  mc_w.l(printf8.o)
    0x08006d3a   0x00000030   Code   RO         7398    i._printf_pre_padding  mc_w.l(printf8.o)
    0x08006d6a   0x00000002   PAD
    0x08006d6c   0x000000d4   Code   RO         4405    i._spi_io_buffer    rw_lib_platform_os.o
    0x08006e40   0x0000000a   Code   RO         7400    i._sputc            mc_w.l(printf8.o)
    0x08006e4a   0x00000018   Code   RO         6427    i.a_free            test4.lib(cust_driver_netbuf.o)
    0x08006e62   0x00000018   Code   RO         6428    i.a_malloc          test4.lib(cust_driver_netbuf.o)
    0x08006e7a   0x00000002   Code   RO         6429    i.a_malloc_init     test4.lib(cust_driver_netbuf.o)
    0x08006e7c   0x00000076   Code   RO         6430    i.a_netbuf_alloc    test4.lib(cust_driver_netbuf.o)
    0x08006ef2   0x00000068   Code   RO         6431    i.a_netbuf_alloc_raw  test4.lib(cust_driver_netbuf.o)
    0x08006f5a   0x00000034   Code   RO         6433    i.a_netbuf_configure  test4.lib(cust_driver_netbuf.o)
    0x08006f8e   0x00000026   Code   RO         5749    i.a_netbuf_dequeue  test4.lib(driver_netbuf.o)
    0x08006fb4   0x0000001a   Code   RO         5750    i.a_netbuf_enqueue  test4.lib(driver_netbuf.o)
    0x08006fce   0x00000070   Code   RO         6435    i.a_netbuf_free     test4.lib(cust_driver_netbuf.o)
    0x0800703e   0x0000003c   Code   RO         6438    i.a_netbuf_get_fragment  test4.lib(cust_driver_netbuf.o)
    0x0800707a   0x00000018   Code   RO         6440    i.a_netbuf_init     test4.lib(cust_driver_netbuf.o)
    0x08007092   0x00000002   PAD
    0x08007094   0x00000028   Code   RO         6441    i.a_netbuf_pull     test4.lib(cust_driver_netbuf.o)
    0x080070bc   0x00000028   Code   RO         6443    i.a_netbuf_push     test4.lib(cust_driver_netbuf.o)
    0x080070e4   0x00000032   Code   RO         6445    i.a_netbuf_put      test4.lib(cust_driver_netbuf.o)
    0x08007116   0x0000000a   Code   RO         5752    i.a_netbuf_queue_init  test4.lib(driver_netbuf.o)
    0x08007120   0x0000002e   Code   RO         6447    i.a_netbuf_reinit   test4.lib(cust_driver_netbuf.o)
    0x0800714e   0x00000008   Code   RO         6448    i.a_netbuf_set_rx_pool  test4.lib(cust_driver_netbuf.o)
    0x08007156   0x00000008   Code   RO         6450    i.a_netbuf_tailroom  test4.lib(cust_driver_netbuf.o)
    0x0800715e   0x00000004   Code   RO         6451    i.a_netbuf_to_data  test4.lib(cust_driver_netbuf.o)
    0x08007162   0x0000003e   Code   RO         6452    i.a_netbuf_to_len   test4.lib(cust_driver_netbuf.o)
    0x080071a0   0x00000028   Code   RO         6453    i.a_netbuf_trim     test4.lib(cust_driver_netbuf.o)
    0x080071c8   0x00000002   Code   RO         7064    i.aggr_deinit       test4.lib(rcv_aggr.o)
    0x080071ca   0x00000002   PAD
    0x080071cc   0x0000000c   Code   RO         7065    i.aggr_init         test4.lib(rcv_aggr.o)
    0x080071d8   0x00000034   Code   RO         7067    i.aggr_recv_addba_req_evt  test4.lib(rcv_aggr.o)
    0x0800720c   0x00000020   Code   RO         7068    i.aggr_recv_delba_req_evt  test4.lib(rcv_aggr.o)
    0x0800722c   0x00000018   Code   RO         7069    i.aggr_reset_state  test4.lib(rcv_aggr.o)
    0x08007244   0x0000004c   Code   RO            6    i.assert_failed     main.o
    0x08007290   0x00000044   Code   RO         4755    i.assert_func       test4.lib(rw_lib.o)
    0x080072d4   0x0000077c   Code   RO         5273    i.ath_ioctl_handler  test4.lib(cust_api_ioctl.o)
    0x08007a50   0x00000042   Code   RO         5309    i.blockForResponse  test4.lib(cust_api_stack_offload.o)
    0x08007a92   0x00000024   Code   RO          286    i.clean_filename    freertos.o
    0x08007ab6   0x00000024   Code   RO         4406    i.clean_filename    rw_lib_platform_os.o
    0x08007ada   0x00000024   Code   RO         4598    i.clean_filename    ap_sta.o
    0x08007afe   0x00000002   PAD
    0x08007b00   0x00000064   Code   RO         5799    i.clear_socket_context  test4.lib(api_stack_offload.o)
    0x08007b64   0x0000000c   Code   RO          287    i.configureTimerForRunTimeStats  freertos.o
    0x08007b70   0x00000484   Code   RO         4407    i.connect_callback  rw_lib_platform_os.o
    0x08007ff4   0x00000028   Code   RO         5314    i.custom_ipconfig_set_tcp_exponential_backoff_retry  test4.lib(cust_api_stack_offload.o)
    0x0800801c   0x000000d0   Code   RO         5316    i.custom_socket_context_deinit  test4.lib(cust_api_stack_offload.o)
    0x080080ec   0x00000114   Code   RO         5317    i.custom_socket_context_init  test4.lib(cust_api_stack_offload.o)
    0x08008200   0x0000009c   Code   RO         4408    i.customer_assert   rw_lib_platform_os.o
    0x0800829c   0x00000036   Code   RO         6454    i.default_native_free_fn  test4.lib(cust_driver_netbuf.o)
    0x080082d2   0x00000004   Code   RO         4409    i.delay_ms          rw_lib_platform_os.o
    0x080082d6   0x0000016a   Code   RO         7115    i.fill_scan_info    test4.lib(cust_api_wmi_rx.o)
    0x08008440   0x00000074   Code   RO         5800    i.find_socket_context  test4.lib(api_stack_offload.o)
    0x080084b4   0x00000018   Code   RO         4371    i.fputc             bsp.o
    0x080084cc   0x0000000c   Code   RO          288    i.getRunTimeCounterValue  freertos.o
    0x080084d8   0x00000004   Code   RO         4410    i.get_stamp         rw_lib_platform_os.o
    0x080084dc   0x000002cc   Code   RO          289    i.get_xtask_state   freertos.o
    0x080087a8   0x0000000c   Code   RO         3459    i.inHandlerMode     cmsis_os.o
    0x080087b4   0x00000008   Code   RO         5319    i.isSocketBlocked   test4.lib(cust_api_stack_offload.o)
    0x080087bc   0x00000044   Code   RO            7    i.main              main.o
    0x08008800   0x0000000c   Code   RO         3461    i.makeFreeRtosPriority  cmsis_os.o
    0x0800880c   0x0000000e   Code   RO         3462    i.osDelay           cmsis_os.o
    0x0800881a   0x0000000a   Code   RO         3465    i.osKernelStart     cmsis_os.o
    0x08008824   0x00000018   Code   RO         3466    i.osKernelSysTick   cmsis_os.o
    0x0800883c   0x00000006   Code   RO         3477    i.osMutexCreate     cmsis_os.o
    0x08008842   0x00000018   Code   RO         3478    i.osMutexDelete     cmsis_os.o
    0x0800885a   0x00000002   PAD
    0x0800885c   0x00000050   Code   RO         3479    i.osMutexRelease    cmsis_os.o
    0x080088ac   0x00000068   Code   RO         3480    i.osMutexWait       cmsis_os.o
    0x08008914   0x0000002e   Code   RO         3488    i.osSemaphoreCreate  cmsis_os.o
    0x08008942   0x00000018   Code   RO         3489    i.osSemaphoreDelete  cmsis_os.o
    0x0800895a   0x00000002   PAD
    0x0800895c   0x00000050   Code   RO         3490    i.osSemaphoreRelease  cmsis_os.o
    0x080089ac   0x00000068   Code   RO         3491    i.osSemaphoreWait   cmsis_os.o
    0x08008a14   0x00000014   Code   RO         3494    i.osSystickHandler  cmsis_os.o
    0x08008a28   0x00000038   Code   RO         3495    i.osThreadCreate    cmsis_os.o
    0x08008a60   0x0000000a   Code   RO         3506    i.osThreadTerminate  cmsis_os.o
    0x08008a6a   0x00000008   Code   RO          290    i.p_lock_mutex      freertos.o
    0x08008a72   0x00000008   Code   RO         4411    i.p_lock_mutex      rw_lib_platform_os.o
    0x08008a7a   0x00000008   Code   RO         4599    i.p_lock_mutex      ap_sta.o
    0x08008a82   0x00000002   PAD
    0x08008a84   0x000001b4   Code   RO          291    i.platform_init     freertos.o
    0x08008c38   0x00000034   Code   RO         4063    i.prvAddCurrentTaskToDelayedList  tasks.o
    0x08008c6c   0x00000054   Code   RO         4064    i.prvCheckTasksWaitingTermination  tasks.o
    0x08008cc0   0x00000026   Code   RO         3896    i.prvCopyDataFromQueue  queue.o
    0x08008ce6   0x0000006e   Code   RO         3897    i.prvCopyDataToQueue  queue.o
    0x08008d54   0x0000004c   Code   RO         3274    i.prvHeapInit       heap_4.o
    0x08008da0   0x00000028   Code   RO         4065    i.prvIdleTask       tasks.o
    0x08008dc8   0x0000004c   Code   RO         3275    i.prvInsertBlockIntoFreeList  heap_4.o
    0x08008e14   0x0000007e   Code   RO         4066    i.prvListTaskWithinSingleList  tasks.o
    0x08008e92   0x00000002   PAD
    0x08008e94   0x00000020   Code   RO         4067    i.prvResetNextTaskUnblockTime  tasks.o
    0x08008eb4   0x00000014   Code   RO         4068    i.prvTaskCheckFreeStackSpace  tasks.o
    0x08008ec8   0x00000020   Code   RO         3384    i.prvTaskExitError  port.o
    0x08008ee8   0x00000064   Code   RO         3898    i.prvUnlockQueue    queue.o
    0x08008f4c   0x000000e0   Code   RO         3276    i.pvPortMalloc      heap_4.o
    0x0800902c   0x00000018   Code   RO         4070    i.pvTaskIncrementMutexHeldCount  tasks.o
    0x08009044   0x00000028   Code   RO         3385    i.pxPortInitialiseStack  port.o
    0x0800906c   0x0000002e   Code   RO         5633    i.query_credit_deficit  test4.lib(api_txrx.o)
    0x0800909a   0x00000002   PAD
    0x0800909c   0x00000024   Code   RO         4600    i.rw_appdemo_context_init  ap_sta.o
    0x080090c0   0x0000000c   Code   RO         4513    i.rw_creat_mutex    rw_os.o
    0x080090cc   0x0000000c   Code   RO         4514    i.rw_creat_sem      rw_os.o
    0x080090d8   0x00000024   Code   RO         4515    i.rw_creat_task     rw_os.o
    0x080090fc   0x0000000a   Code   RO         4516    i.rw_del_mutex      rw_os.o
    0x08009106   0x0000000a   Code   RO         4517    i.rw_del_sem        rw_os.o
    0x08009110   0x0000000a   Code   RO         4518    i.rw_del_task       rw_os.o
    0x0800911a   0x00000002   PAD
    0x0800911c   0x00000084   Code   RO         4768    i.rw_getLibVersion  test4.lib(rw_lib.o)
    0x080091a0   0x0000002c   Code   RO         4769    i.rw_getMacAddr     test4.lib(rw_lib.o)
    0x080091cc   0x000000e8   Code   RO         4772    i.rw_ipConfig       test4.lib(rw_lib.o)
    0x080092b4   0x00000010   Code   RO         4519    i.rw_lock_mutex     rw_os.o
    0x080092c4   0x00000238   Code   RO         4601    i.rw_network_init   ap_sta.o
    0x080094fc   0x000000d8   Code   RO         4604    i.rw_network_startSTA  ap_sta.o
    0x080095d4   0x00000020   Code   RO         4520    i.rw_pend_sem       rw_os.o
    0x080095f4   0x0000000a   Code   RO         4521    i.rw_post_sem       rw_os.o
    0x080095fe   0x00000002   PAD
    0x08009600   0x000000d4   Code   RO         4776    i.rw_sysDriverInit  test4.lib(rw_lib.o)
    0x080096d4   0x00000084   Code   RO         4777    i.rw_sysDriverReset  test4.lib(rw_lib.o)
    0x08009758   0x0000000c   Code   RO         4778    i.rw_sysSleep       test4.lib(rw_lib.o)
    0x08009764   0x0000000a   Code   RO         4522    i.rw_unlock_mutex   rw_os.o
    0x0800976e   0x00000002   PAD
    0x08009770   0x0000049e   Code   RO         4779    i.rw_wlanConnect    test4.lib(rw_lib.o)
    0x08009c0e   0x00000002   PAD
    0x08009c10   0x00000088   Code   RO         4412    i.scan_callback     rw_lib_platform_os.o
    0x08009c98   0x00000190   Code   RO         5577    i.security_ie_parse  test4.lib(api_ioctl.o)
    0x08009e28   0x00000030   Code   RO         5803    i.send_stack_init   test4.lib(api_stack_offload.o)
    0x08009e58   0x00000030   Code   RO         5804    i.socket_context_deinit  test4.lib(api_stack_offload.o)
    0x08009e88   0x00000068   Code   RO         5805    i.socket_context_init  test4.lib(api_stack_offload.o)
    0x08009ef0   0x0000004c   Code   RO         5327    i.t_ipconfig        test4.lib(cust_api_stack_offload.o)
    0x08009f3c   0x00000034   Code   RO         5328    i.t_ipconfig_dhcp_pool  test4.lib(cust_api_stack_offload.o)
    0x08009f70   0x00000038   Code   RO         5340    i.txpkt_free        test4.lib(cust_api_stack_offload.o)
    0x08009fa8   0x0000001c   Code   RO         5341    i.unblock           test4.lib(cust_api_stack_offload.o)
    0x08009fc4   0x00000024   Code   RO         3347    i.uxListRemove      list.o
    0x08009fe8   0x0000000c   Code   RO         4072    i.uxTaskGetNumberOfTasks  tasks.o
    0x08009ff4   0x00000098   Code   RO         4074    i.uxTaskGetSystemState  tasks.o
    0x0800a08c   0x00000078   Code   RO          292    i.vApplicationMallocFailedHook  freertos.o
    0x0800a104   0x00000070   Code   RO          293    i.vApplicationStackOverflowHook  freertos.o
    0x0800a174   0x00000016   Code   RO         3348    i.vListInitialise   list.o
    0x0800a18a   0x00000006   Code   RO         3349    i.vListInitialiseItem  list.o
    0x0800a190   0x00000030   Code   RO         3350    i.vListInsert       list.o
    0x0800a1c0   0x00000018   Code   RO         3351    i.vListInsertEnd    list.o
    0x0800a1d8   0x00000040   Code   RO         3387    i.vPortEnterCritical  port.o
    0x0800a218   0x00000028   Code   RO         3388    i.vPortExitCritical  port.o
    0x0800a240   0x0000005c   Code   RO         3277    i.vPortFree         heap_4.o
    0x0800a29c   0x00000020   Code   RO         3389    i.vPortSetupTimerInterrupt  port.o
    0x0800a2bc   0x00000054   Code   RO         3390    i.vPortValidateInterruptPriority  port.o
    0x0800a310   0x00000024   Code   RO         3905    i.vQueueDelete      queue.o
    0x0800a334   0x00000024   Code   RO         3907    i.vQueueUnregisterQueue  queue.o
    0x0800a358   0x00000068   Code   RO         4079    i.vTaskDelay        tasks.o
    0x0800a3c0   0x000000a4   Code   RO         4081    i.vTaskDelete       tasks.o
    0x0800a464   0x0000000c   Code   RO         4083    i.vTaskMissedYield  tasks.o
    0x0800a470   0x00000064   Code   RO         4085    i.vTaskPlaceOnEventList  tasks.o
    0x0800a4d4   0x00000084   Code   RO         4087    i.vTaskPriorityInherit  tasks.o
    0x0800a558   0x00000024   Code   RO         4091    i.vTaskSetTimeOutState  tasks.o
    0x0800a57c   0x00000064   Code   RO         4092    i.vTaskStartScheduler  tasks.o
    0x0800a5e0   0x00000010   Code   RO         4094    i.vTaskSuspendAll   tasks.o
    0x0800a5f0   0x000000a8   Code   RO         4095    i.vTaskSwitchContext  tasks.o
    0x0800a698   0x000000a0   Code   RO         4413    i.wifi_init_params  rw_lib_platform_os.o
    0x0800a738   0x0000003c   Code   RO         5996    i.wmi_allow_aggr_cmd  test4.lib(wmi.o)
    0x0800a774   0x00000048   Code   RO         5997    i.wmi_ap_profile_commit  test4.lib(wmi.o)
    0x0800a7bc   0x0000015e   Code   RO         5998    i.wmi_ap_set_param  test4.lib(wmi.o)
    0x0800a91a   0x00000048   Code   RO         5999    i.wmi_bssfilter_cmd  test4.lib(wmi.o)
    0x0800a962   0x00000002   PAD
    0x0800a964   0x000000b0   Code   RO         6000    i.wmi_cmd_send      test4.lib(wmi.o)
    0x0800aa14   0x000000b4   Code   RO         6001    i.wmi_connect_cmd   test4.lib(wmi.o)
    0x0800aac8   0x0000037c   Code   RO         6002    i.wmi_control_rx    test4.lib(wmi.o)
    0x0800ae44   0x0000005c   Code   RO         6004    i.wmi_data_hdr_remove  test4.lib(wmi.o)
    0x0800aea0   0x00000022   Code   RO         6006    i.wmi_disconnect_cmd  test4.lib(wmi.o)
    0x0800aec2   0x00000024   Code   RO         6013    i.wmi_get_pmk_cmd   test4.lib(wmi.o)
    0x0800aee6   0x00000006   Code   RO         6014    i.wmi_get_power_mode_cmd  test4.lib(wmi.o)
    0x0800aeec   0x00000022   Code   RO         6016    i.wmi_get_stats_cmd  test4.lib(wmi.o)
    0x0800af0e   0x0000006e   Code   RO         6020    i.wmi_init          test4.lib(wmi.o)
    0x0800af7c   0x00000022   Code   RO         6021    i.wmi_is_dead_cmd   test4.lib(wmi.o)
    0x0800af9e   0x0000003e   Code   RO         6022    i.wmi_listeninterval_cmd  test4.lib(wmi.o)
    0x0800afdc   0x000000e0   Code   RO         6024    i.wmi_meta_add      test4.lib(wmi.o)
    0x0800b0bc   0x0000005a   Code   RO         6025    i.wmi_pmparams_cmd  test4.lib(wmi.o)
    0x0800b116   0x00000036   Code   RO         6026    i.wmi_powermode_cmd  test4.lib(wmi.o)
    0x0800b14c   0x00000084   Code   RO         6027    i.wmi_probedSsid_cmd  test4.lib(wmi.o)
    0x0800b1d0   0x00000034   Code   RO         6028    i.wmi_promiscuous_cmd  test4.lib(wmi.o)
    0x0800b204   0x00000074   Code   RO         6031    i.wmi_scanparams_cmd  test4.lib(wmi.o)
    0x0800b278   0x00000074   Code   RO         6032    i.wmi_set_channelParams_cmd  test4.lib(wmi.o)
    0x0800b2ec   0x00000034   Code   RO         6033    i.wmi_set_channel_cmd  test4.lib(wmi.o)
    0x0800b320   0x0000005c   Code   RO         6034    i.wmi_set_control_ep  test4.lib(wmi.o)
    0x0800b37c   0x0000005e   Code   RO         6036    i.wmi_set_ht_cap_cmd  test4.lib(wmi.o)
    0x0800b3da   0x00000066   Code   RO         6038    i.wmi_set_passphrase_cmd  test4.lib(wmi.o)
    0x0800b440   0x00000048   Code   RO         6039    i.wmi_set_pmk_cmd   test4.lib(wmi.o)
    0x0800b488   0x0000001a   Code   RO         6043    i.wmi_shutdown      test4.lib(wmi.o)
    0x0800b4a2   0x00000002   PAD
    0x0800b4a4   0x000000a4   Code   RO         6044    i.wmi_socket_cmd    test4.lib(wmi.o)
    0x0800b548   0x00000082   Code   RO         6045    i.wmi_startscan_cmd  test4.lib(wmi.o)
    0x0800b5ca   0x00000044   Code   RO         6046    i.wmi_storerecall_configure_cmd  test4.lib(wmi.o)
    0x0800b60e   0x0000003a   Code   RO         6049    i.wmi_wps_start_cmd  test4.lib(wmi.o)
    0x0800b648   0x000001f8   Code   RO         4414    i.wps_easy_callback  rw_lib_platform_os.o
    0x0800b840   0x0000000c   Code   RO         3279    i.xPortGetFreeHeapSize  heap_4.o
    0x0800b84c   0x000000e4   Code   RO         3391    i.xPortStartScheduler  port.o
    0x0800b930   0x0000002c   Code   RO         3392    i.xPortSysTickHandler  port.o
    0x0800b95c   0x00000048   Code   RO         3908    i.xQueueCreateCountingSemaphore  queue.o
    0x0800b9a4   0x0000005a   Code   RO         3909    i.xQueueCreateMutex  queue.o
    0x0800b9fe   0x00000064   Code   RO         3910    i.xQueueGenericCreate  queue.o
    0x0800ba62   0x00000002   PAD
    0x0800ba64   0x0000016c   Code   RO         3911    i.xQueueGenericReceive  queue.o
    0x0800bbd0   0x00000084   Code   RO         3912    i.xQueueGenericReset  queue.o
    0x0800bc54   0x00000160   Code   RO         3913    i.xQueueGenericSend  queue.o
    0x0800bdb4   0x0000009c   Code   RO         3915    i.xQueueGiveFromISR  queue.o
    0x0800be50   0x0000008e   Code   RO         3920    i.xQueueReceiveFromISR  queue.o
    0x0800bede   0x00000002   PAD
    0x0800bee0   0x0000006c   Code   RO         4096    i.xTaskCheckForTimeOut  tasks.o
    0x0800bf4c   0x000001c0   Code   RO         4097    i.xTaskGenericCreate  tasks.o
    0x0800c10c   0x0000001c   Code   RO         4100    i.xTaskGetSchedulerState  tasks.o
    0x0800c128   0x0000000c   Code   RO         4101    i.xTaskGetTickCount  tasks.o
    0x0800c134   0x00000010   Code   RO         4102    i.xTaskGetTickCountFromISR  tasks.o
    0x0800c144   0x000000cc   Code   RO         4103    i.xTaskIncrementTick  tasks.o
    0x0800c210   0x00000098   Code   RO         4106    i.xTaskPriorityDisinherit  tasks.o
    0x0800c2a8   0x00000074   Code   RO         4107    i.xTaskRemoveFromEventList  tasks.o
    0x0800c31c   0x000000c4   Code   RO         4109    i.xTaskResumeAll    tasks.o
    0x0800c3e0   0x00000050   Data   RO          294    .constdata          freertos.o
    0x0800c430   0x00000010   Data   RO         1802    .constdata          stm32f4xx_hal_rcc.o
    0x0800c440   0x00000014   Data   RO         4112    .constdata          tasks.o
    0x0800c454   0x0000001c   Data   RO         4523    .constdata          rw_os.o
    0x0800c470   0x0000002a   Data   RO          295    .conststring        freertos.o
    0x0800c49a   0x0000000a   Data   RO         4524    .conststring        rw_os.o
    0x0800c4a4   0x00000049   Data   RO         5135    .conststring        test4.lib(hw_api.o)
    0x0800c4ed   0x00000003   PAD
    0x0800c4f0   0x00000051   Data   RO         5198    .conststring        test4.lib(cust_api_init.o)
    0x0800c541   0x00000003   PAD
    0x0800c544   0x00000059   Data   RO         5342    .conststring        test4.lib(cust_api_stack_offload.o)
    0x0800c59d   0x00000003   PAD
    0x0800c5a0   0x0000004c   Data   RO         5535    .conststring        test4.lib(api_init.o)
    0x0800c5ec   0x0000004c   Data   RO         5634    .conststring        test4.lib(api_txrx.o)
    0x0800c638   0x00000048   Data   RO         5681    .conststring        test4.lib(driver_init.o)
    0x0800c680   0x0000004d   Data   RO         6362    .conststring        test4.lib(cust_driver_main.o)
    0x0800c6cd   0x00000003   PAD
    0x0800c6d0   0x0000004f   Data   RO         6455    .conststring        test4.lib(cust_driver_netbuf.o)
    0x0800c71f   0x00000001   PAD
    0x0800c720   0x00000048   Data   RO         6802    .conststring        test4.lib(driver_main.o)
    0x0800c768   0x00000048   Data   RO         6843    .conststring        test4.lib(driver_txrx.o)
    0x0800c7b0   0x00000041   Data   RO         6897    .conststring        test4.lib(spi_hcd.o)
    0x0800c7f1   0x00000003   PAD
    0x0800c7f4   0x00000046   Data   RO         7071    .conststring        test4.lib(rcv_aggr.o)
    0x0800c83a   0x00000002   PAD
    0x0800c83c   0x00000020   Data   RO         7481    Region$$Table       anon$$obj.o


    Execution Region RW_IRAM1 (Base: 0x20000000, Size: 0x00019a88, Max: 0x00020000, ABSOLUTE)

    Base Addr    Size         Type   Attr      Idx    E Section Name        Object

    0x20000000   0x00000014   Data   RW          296    .data               freertos.o
    0x20000014   0x00000004   Data   RW          544    .data               tim.o
    0x20000018   0x00000004   Data   RW          628    .data               system_stm32f4xx.o
    0x2000001c   0x00000004   Data   RW         1609    .data               stm32f4xx_hal.o
    0x20000020   0x00000018   Data   RW         3282    .data               heap_4.o
    0x20000038   0x0000000c   Data   RW         3393    .data               port.o
    0x20000044   0x00000040   Data   RW         4113    .data               tasks.o
    0x20000084   0x00000004   Data   RW         4790    .data               test4.lib(rw_lib.o)
    0x20000088   0x00000008   Data   RW         5199    .data               test4.lib(cust_api_init.o)
    0x20000090   0x00000004   Data   RW         6051    .data               test4.lib(wmi.o)
    0x20000094   0x00000001   Data   RW         6456    .data               test4.lib(cust_driver_netbuf.o)
    0x20000095   0x00000003   PAD
    0x20000098   0x00000004   Data   RW         7457    .data               mc_w.l(stdout.o)
    0x2000009c   0x00000058   Zero   RW          428    .bss                spi.o
    0x200000f4   0x00000040   Zero   RW          501    .bss                usart.o
    0x20000134   0x0000003c   Zero   RW          543    .bss                tim.o
    0x20000170   0x00000044   Zero   RW          586    .bss                adc.o
    0x200001b4   0x00019000   Zero   RW         3281    .bss                heap_4.o
    0x200191b4   0x00000040   Zero   RW         3922    .bss                queue.o
    0x200191f4   0x000000f0   Zero   RW         4111    .bss                tasks.o
    0x200192e4   0x0000007b   Zero   RW         4415    .bss                rw_lib_platform_os.o
    0x2001935f   0x00000001   PAD
    0x20019360   0x00000044   Zero   RW         4605    .bss                ap_sta.o
    0x200193a4   0x0000007c   Zero   RW         4788    .bss                test4.lib(rw_lib.o)
    0x20019420   0x00000208   Zero   RW         5197    .bss                test4.lib(cust_api_init.o)
    0x20019628   0x00000024   Zero   RW         5806    .bss                test4.lib(api_stack_offload.o)
    0x2001964c   0x0000001c   Zero   RW         6360    .bss                test4.lib(cust_driver_main.o)
    0x20019668   0x0000000c   Zero   RW         6361    .bss                test4.lib(cust_driver_main.o)
    0x20019674   0x00000014   Zero   RW         7070    .bss                test4.lib(rcv_aggr.o)
    0x20019688   0x00000400   Zero   RW          656    STACK               startup_stm32f407xx.o


==============================================================================

Image component sizes


      Code (inc. data)   RO Data    RW Data    ZI Data      Debug   Object Name

       132         22          0          0         68       1481   adc.o
       864        322          0          0         68       4396   ap_sta.o
        24          4          0          0          0        488   bsp.o
       626         20          0          0          0      21756   cmsis_os.o
      1772        704        122         20          0      18007   freertos.o
       152         18          0          0          0        883   gpio.o
       480         28          0         24     102400       8798   heap_4.o
       136          0          0          0          0       3254   list.o
       300         88          0          0          0     408640   main.o
       750         82          0         12          0      16793   port.o
      1728         22          0          0         64      14097   queue.o
      2478        988          0          0        123      38041   rw_lib_platform_os.o
       158         16         38          0          0       6328   rw_os.o
       168         32          0          0         88       1937   spi.o
        36          8        392          0       1024        896   startup_stm32f407xx.o
        98         10          0          4          0       2940   stm32f4xx_hal.o
      1360        210          0          0          0       2639   stm32f4xx_hal_adc.o
       560        268          0          0          0      30637   stm32f4xx_hal_cortex.o
      1380        304          0          0          0       3825   stm32f4xx_hal_gpio.o
        22          0          0          0          0        482   stm32f4xx_hal_msp.o
      2234        180         16          0          0       6035   stm32f4xx_hal_rcc.o
      1376        112          0          0          0       3874   stm32f4xx_hal_spi.o
      2438        370          0          0          0       9259   stm32f4xx_hal_tim.o
       316         98          0          0          0       2226   stm32f4xx_hal_tim_ex.o
      1198        160          0          0          0       3728   stm32f4xx_hal_uart.o
        22          6          0          0          0       1307   stm32f4xx_it.o
        84         18          0          4          0       1281   system_stm32f4xx.o
      2654        214         20         64        240      24041   tasks.o
       128         18          0          4         60       1598   tim.o
       116         20          0          0         64       1474   usart.o

    ----------------------------------------------------------------------
     23824       4342        620        132     104200     641141   Object Totals
         0          0         32          0          0          0   (incl. Generated)
        34          0          0          0          1          0   (incl. Padding)

    ----------------------------------------------------------------------

      Code (inc. data)   RO Data    RW Data    ZI Data      Debug   Library Member Name

         0          0          0          0          0          0   entry.o
         0          0          0          0          0          0   entry10a.o
         0          0          0          0          0          0   entry11a.o
         8          4          0          0          0          0   entry2.o
         4          0          0          0          0          0   entry5.o
         0          0          0          0          0          0   entry7b.o
         0          0          0          0          0          0   entry8b.o
         8          4          0          0          0          0   entry9a.o
        30          0          0          0          0          0   handlers.o
        36          8          0          0          0         68   init.o
        30          0          0          0          0         68   llshl.o
        32          0          0          0          0         68   llushr.o
        26          0          0          0          0         80   memcmp.o
        36          0          0          0          0         68   memcpya.o
        36          0          0          0          0        108   memseta.o
      1200         60          0          0          0        504   printf8.o
         0          0          0          4          0          0   stdout.o
        28          0          0          0          0         76   strcmp.o
        18          0          0          0          0         68   strcpy.o
        14          0          0          0          0         68   strlen.o
        30          0          0          0          0         80   strncmp.o
        24          0          0          0          0         76   strncpy.o
        98          0          0          0          0         92   uldiv.o
       306         10         76          0          0       4690   api_init.o
      1156         14          0          0          0       9771   api_ioctl.o
      1228         60          0          0         36      12079   api_stack_offload.o
       446         20         76          0          0       5077   api_txrx.o
       652          0          0          0          0      11314   api_wmi_rx.o
       368         40         81          8        520      54629   cust_api_init.o
      1916         72          0          0          0      12870   cust_api_ioctl.o
        22          0          0          0          0        604   cust_api_isr.o
       810         14         89          0          0      19377   cust_api_stack_offload.o
        88          4          0          0          0       2151   cust_api_stack_txrx.o
      1264          8          0          0          0       8032   cust_api_wmi_rx.o
       598         44         77          0         40      12969   cust_driver_main.o
       872         12         79          1          0      17967   cust_driver_netbuf.o
       450          0          0          0          0       4188   driver_diag.o
      1308         84         72          0          0       9849   driver_init.o
      1068         22         72          0          0       5473   driver_main.o
        74          0          0          0          0       2396   driver_netbuf.o
       542         18         72          0          0       6505   driver_txrx.o
      1902        426          0          0          0      11709   htc.o
       560         62         73          0          0       9857   hw_api.o
       122         16         70          0         20       3997   rcv_aggr.o
         0          0          0          0          0       1922   rw_dns.o
      2170        120          0          4        124      73636   rw_lib.o
      2294         42         65          0          0      16489   spi_hcd.o
       148          6          0          0          0       2461   util.o
      3870        414          0          4          0      34755   wmi.o

    ----------------------------------------------------------------------
     25928       1584        920         24        740     356191   Library Totals
        36          0         18          3          0          0   (incl. Padding)

    ----------------------------------------------------------------------

      Code (inc. data)   RO Data    RW Data    ZI Data      Debug   Library Name

      1658         76          0          4          0       1424   mc_w.l
     24234       1508        902         17        740     354767   test4.lib

    ----------------------------------------------------------------------
     25928       1584        920         24        740     356191   Library Totals

    ----------------------------------------------------------------------

==============================================================================


      Code (inc. data)   RO Data    RW Data    ZI Data      Debug   

     49752       5926       1540        156     104940     968664   Grand Totals
     49752       5926       1540        156     104940     968664   ELF Image Totals
     49752       5926       1540        156          0          0   ROM Totals

==============================================================================

    Total RO  Size (Code + RO Data)                51292 (  50.09kB)
    Total RW  Size (RW Data + ZI Data)            105096 ( 102.63kB)
    Total ROM Size (Code + RO Data + RW Data)      51448 (  50.24kB)

==============================================================================

