<!doctype html public "-//w3c//dtd html 4.0 transitional//en">
<html><head>
<title>Static Call Graph - [.\Output\RAK439.axf]</title></head>
<body><HR>
<H1>Static Call Graph for image .\Output\RAK439.axf</H1><HR>
<BR><P>#&#060CALLGRAPH&#062# ARM Linker, 5050169: Last Updated: Wed Dec 07 15:40:14 2016
<BR><P>
<H3>Maximum Stack Usage =        808 bytes + Unknown(Cycles, Untraceable Function Pointers)</H3><H3>
Call chain for Maximum Stack Depth:</H3>
rw_app_task &rArr; rw_network_startSTA &rArr; rw_network_init &rArr; rw_wlanConnect &rArr; _set_str_pmk &rArr; ath_ioctl_handler &rArr; Api_ConnectWiFi &rArr; wmi_scanparams_cmd &rArr; wmi_cmd_send &rArr; a_netbuf_free &rArr; txpkt_free &rArr; unblock &rArr; rw_post_sem &rArr; osSemaphoreRelease &rArr; xQueueGenericSend &rArr; xTaskResumeAll &rArr; xTaskIncrementTick
<P>
<H3>
Mutually Recursive functions
</H3> <LI><a href="#[1c]">ADC_IRQHandler</a>&nbsp;&nbsp;&nbsp;&rArr;&nbsp;&nbsp;&nbsp;<a href="#[1c]">ADC_IRQHandler</a><BR>
 <LI><a href="#[4]">BusFault_Handler</a>&nbsp;&nbsp;&nbsp;&rArr;&nbsp;&nbsp;&nbsp;<a href="#[4]">BusFault_Handler</a><BR>
 <LI><a href="#[2]">HardFault_Handler</a>&nbsp;&nbsp;&nbsp;&rArr;&nbsp;&nbsp;&nbsp;<a href="#[2]">HardFault_Handler</a><BR>
 <LI><a href="#[3]">MemManage_Handler</a>&nbsp;&nbsp;&nbsp;&rArr;&nbsp;&nbsp;&nbsp;<a href="#[3]">MemManage_Handler</a><BR>
 <LI><a href="#[5]">UsageFault_Handler</a>&nbsp;&nbsp;&nbsp;&rArr;&nbsp;&nbsp;&nbsp;<a href="#[5]">UsageFault_Handler</a><BR>
 <LI><a href="#[f5]">MaskSPIInterrupts</a>&nbsp;&nbsp;&nbsp;&rArr;&nbsp;&nbsp;&nbsp;<a href="#[f9]">Hcd_UnmaskSPIInterrupts</a><BR>
</UL>
<P>
<H3>
Function Pointers
</H3><UL>
 <LI><a href="#[1c]">ADC_IRQHandler</a> from startup_stm32f411xe.o(.text) referenced from startup_stm32f411xe.o(RESET)
 <LI><a href="#[47]">Atheros_Driver_Task</a> from cust_driver_main.o(i.Atheros_Driver_Task) referenced from cust_driver_main.o(i.Custom_Driver_CreateThread)
 <LI><a href="#[4]">BusFault_Handler</a> from stm32f4xx_it.o(i.BusFault_Handler) referenced from startup_stm32f411xe.o(RESET)
 <LI><a href="#[48]">Custom_FreeRxRequest</a> from cust_driver_main.o(i.Custom_FreeRxRequest) referenced from cust_driver_main.o(i.Custom_GetRxRequest)
 <LI><a href="#[15]">DMA1_Stream0_IRQHandler</a> from startup_stm32f411xe.o(.text) referenced from startup_stm32f411xe.o(RESET)
 <LI><a href="#[16]">DMA1_Stream1_IRQHandler</a> from startup_stm32f411xe.o(.text) referenced from startup_stm32f411xe.o(RESET)
 <LI><a href="#[17]">DMA1_Stream2_IRQHandler</a> from startup_stm32f411xe.o(.text) referenced from startup_stm32f411xe.o(RESET)
 <LI><a href="#[18]">DMA1_Stream3_IRQHandler</a> from startup_stm32f411xe.o(.text) referenced from startup_stm32f411xe.o(RESET)
 <LI><a href="#[19]">DMA1_Stream4_IRQHandler</a> from startup_stm32f411xe.o(.text) referenced from startup_stm32f411xe.o(RESET)
 <LI><a href="#[1a]">DMA1_Stream5_IRQHandler</a> from startup_stm32f411xe.o(.text) referenced from startup_stm32f411xe.o(RESET)
 <LI><a href="#[1b]">DMA1_Stream6_IRQHandler</a> from startup_stm32f411xe.o(.text) referenced from startup_stm32f411xe.o(RESET)
 <LI><a href="#[30]">DMA1_Stream7_IRQHandler</a> from startup_stm32f411xe.o(.text) referenced from startup_stm32f411xe.o(RESET)
 <LI><a href="#[34]">DMA2_Stream0_IRQHandler</a> from startup_stm32f411xe.o(.text) referenced from startup_stm32f411xe.o(RESET)
 <LI><a href="#[35]">DMA2_Stream1_IRQHandler</a> from startup_stm32f411xe.o(.text) referenced from startup_stm32f411xe.o(RESET)
 <LI><a href="#[36]">DMA2_Stream2_IRQHandler</a> from startup_stm32f411xe.o(.text) referenced from startup_stm32f411xe.o(RESET)
 <LI><a href="#[37]">DMA2_Stream3_IRQHandler</a> from startup_stm32f411xe.o(.text) referenced from startup_stm32f411xe.o(RESET)
 <LI><a href="#[38]">DMA2_Stream4_IRQHandler</a> from startup_stm32f411xe.o(.text) referenced from startup_stm32f411xe.o(RESET)
 <LI><a href="#[3a]">DMA2_Stream5_IRQHandler</a> from startup_stm32f411xe.o(.text) referenced from startup_stm32f411xe.o(RESET)
 <LI><a href="#[3b]">DMA2_Stream6_IRQHandler</a> from startup_stm32f411xe.o(.text) referenced from startup_stm32f411xe.o(RESET)
 <LI><a href="#[3c]">DMA2_Stream7_IRQHandler</a> from startup_stm32f411xe.o(.text) referenced from startup_stm32f411xe.o(RESET)
 <LI><a href="#[7]">DebugMon_Handler</a> from stm32f4xx_it.o(i.DebugMon_Handler) referenced from startup_stm32f411xe.o(RESET)
 <LI><a href="#[49]">Driver_RxComplete</a> from driver_txrx.o(i.Driver_RxComplete) referenced from driver_main.o(i.Driver_RxReady)
 <LI><a href="#[4a]">Driver_TxComplete</a> from driver_txrx.o(i.Driver_TxComplete) referenced from driver_txrx.o(i.Driver_SubmitTxRequest)
 <LI><a href="#[10]">EXTI0_IRQHandler</a> from stm32f4xx_it.o(i.EXTI0_IRQHandler) referenced from startup_stm32f411xe.o(RESET)
 <LI><a href="#[2d]">EXTI15_10_IRQHandler</a> from startup_stm32f411xe.o(.text) referenced from startup_stm32f411xe.o(RESET)
 <LI><a href="#[11]">EXTI1_IRQHandler</a> from startup_stm32f411xe.o(.text) referenced from startup_stm32f411xe.o(RESET)
 <LI><a href="#[12]">EXTI2_IRQHandler</a> from startup_stm32f411xe.o(.text) referenced from startup_stm32f411xe.o(RESET)
 <LI><a href="#[13]">EXTI3_IRQHandler</a> from startup_stm32f411xe.o(.text) referenced from startup_stm32f411xe.o(RESET)
 <LI><a href="#[14]">EXTI4_IRQHandler</a> from startup_stm32f411xe.o(.text) referenced from startup_stm32f411xe.o(RESET)
 <LI><a href="#[1d]">EXTI9_5_IRQHandler</a> from startup_stm32f411xe.o(.text) referenced from startup_stm32f411xe.o(RESET)
 <LI><a href="#[e]">FLASH_IRQHandler</a> from startup_stm32f411xe.o(.text) referenced from startup_stm32f411xe.o(RESET)
 <LI><a href="#[40]">FPU_IRQHandler</a> from startup_stm32f411xe.o(.text) referenced from startup_stm32f411xe.o(RESET)
 <LI><a href="#[2]">HardFault_Handler</a> from stm32f4xx_it.o(i.HardFault_Handler) referenced from startup_stm32f411xe.o(RESET)
 <LI><a href="#[26]">I2C1_ER_IRQHandler</a> from startup_stm32f411xe.o(.text) referenced from startup_stm32f411xe.o(RESET)
 <LI><a href="#[25]">I2C1_EV_IRQHandler</a> from startup_stm32f411xe.o(.text) referenced from startup_stm32f411xe.o(RESET)
 <LI><a href="#[28]">I2C2_ER_IRQHandler</a> from startup_stm32f411xe.o(.text) referenced from startup_stm32f411xe.o(RESET)
 <LI><a href="#[27]">I2C2_EV_IRQHandler</a> from startup_stm32f411xe.o(.text) referenced from startup_stm32f411xe.o(RESET)
 <LI><a href="#[3f]">I2C3_ER_IRQHandler</a> from startup_stm32f411xe.o(.text) referenced from startup_stm32f411xe.o(RESET)
 <LI><a href="#[3e]">I2C3_EV_IRQHandler</a> from startup_stm32f411xe.o(.text) referenced from startup_stm32f411xe.o(RESET)
 <LI><a href="#[3]">MemManage_Handler</a> from stm32f4xx_it.o(i.MemManage_Handler) referenced from startup_stm32f411xe.o(RESET)
 <LI><a href="#[1]">NMI_Handler</a> from stm32f4xx_it.o(i.NMI_Handler) referenced from startup_stm32f411xe.o(RESET)
 <LI><a href="#[39]">OTG_FS_IRQHandler</a> from startup_stm32f411xe.o(.text) referenced from startup_stm32f411xe.o(RESET)
 <LI><a href="#[2f]">OTG_FS_WKUP_IRQHandler</a> from startup_stm32f411xe.o(.text) referenced from startup_stm32f411xe.o(RESET)
 <LI><a href="#[b]">PVD_IRQHandler</a> from startup_stm32f411xe.o(.text) referenced from startup_stm32f411xe.o(RESET)
 <LI><a href="#[8]">PendSV_Handler</a> from port.o(.emb_text) referenced from startup_stm32f411xe.o(RESET)
 <LI><a href="#[4d]">RAK_TcpServer_EventHandle</a> from tcp_udp.o(i.RAK_TcpServer_EventHandle) referenced from tcp_udp.o(i.creat_tcpsTask)
 <LI><a href="#[f]">RCC_IRQHandler</a> from startup_stm32f411xe.o(.text) referenced from startup_stm32f411xe.o(RESET)
 <LI><a href="#[2e]">RTC_Alarm_IRQHandler</a> from startup_stm32f411xe.o(.text) referenced from startup_stm32f411xe.o(RESET)
 <LI><a href="#[d]">RTC_WKUP_IRQHandler</a> from startup_stm32f411xe.o(.text) referenced from startup_stm32f411xe.o(RESET)
 <LI><a href="#[0]">Reset_Handler</a> from startup_stm32f411xe.o(.text) referenced from startup_stm32f411xe.o(RESET)
 <LI><a href="#[31]">SDIO_IRQHandler</a> from startup_stm32f411xe.o(.text) referenced from startup_stm32f411xe.o(RESET)
 <LI><a href="#[29]">SPI1_IRQHandler</a> from startup_stm32f411xe.o(.text) referenced from startup_stm32f411xe.o(RESET)
 <LI><a href="#[2a]">SPI2_IRQHandler</a> from startup_stm32f411xe.o(.text) referenced from startup_stm32f411xe.o(RESET)
 <LI><a href="#[33]">SPI3_IRQHandler</a> from startup_stm32f411xe.o(.text) referenced from startup_stm32f411xe.o(RESET)
 <LI><a href="#[41]">SPI4_IRQHandler</a> from startup_stm32f411xe.o(.text) referenced from startup_stm32f411xe.o(RESET)
 <LI><a href="#[42]">SPI5_IRQHandler</a> from startup_stm32f411xe.o(.text) referenced from startup_stm32f411xe.o(RESET)
 <LI><a href="#[6]">SVC_Handler</a> from port.o(.emb_text) referenced from startup_stm32f411xe.o(RESET)
 <LI><a href="#[9]">SysTick_Handler</a> from stm32f4xx_it.o(i.SysTick_Handler) referenced from startup_stm32f411xe.o(RESET)
 <LI><a href="#[44]">SystemInit</a> from system_stm32f4xx.o(i.SystemInit) referenced from startup_stm32f411xe.o(.text)
 <LI><a href="#[c]">TAMP_STAMP_IRQHandler</a> from startup_stm32f411xe.o(.text) referenced from startup_stm32f411xe.o(RESET)
 <LI><a href="#[1e]">TIM1_BRK_TIM9_IRQHandler</a> from startup_stm32f411xe.o(.text) referenced from startup_stm32f411xe.o(RESET)
 <LI><a href="#[21]">TIM1_CC_IRQHandler</a> from startup_stm32f411xe.o(.text) referenced from startup_stm32f411xe.o(RESET)
 <LI><a href="#[20]">TIM1_TRG_COM_TIM11_IRQHandler</a> from startup_stm32f411xe.o(.text) referenced from startup_stm32f411xe.o(RESET)
 <LI><a href="#[1f]">TIM1_UP_TIM10_IRQHandler</a> from startup_stm32f411xe.o(.text) referenced from startup_stm32f411xe.o(RESET)
 <LI><a href="#[22]">TIM2_IRQHandler</a> from startup_stm32f411xe.o(.text) referenced from startup_stm32f411xe.o(RESET)
 <LI><a href="#[23]">TIM3_IRQHandler</a> from startup_stm32f411xe.o(.text) referenced from startup_stm32f411xe.o(RESET)
 <LI><a href="#[24]">TIM4_IRQHandler</a> from startup_stm32f411xe.o(.text) referenced from startup_stm32f411xe.o(RESET)
 <LI><a href="#[32]">TIM5_IRQHandler</a> from startup_stm32f411xe.o(.text) referenced from startup_stm32f411xe.o(RESET)
 <LI><a href="#[2b]">USART1_IRQHandler</a> from startup_stm32f411xe.o(.text) referenced from startup_stm32f411xe.o(RESET)
 <LI><a href="#[2c]">USART2_IRQHandler</a> from startup_stm32f411xe.o(.text) referenced from startup_stm32f411xe.o(RESET)
 <LI><a href="#[3d]">USART6_IRQHandler</a> from startup_stm32f411xe.o(.text) referenced from startup_stm32f411xe.o(RESET)
 <LI><a href="#[5]">UsageFault_Handler</a> from stm32f4xx_it.o(i.UsageFault_Handler) referenced from startup_stm32f411xe.o(RESET)
 <LI><a href="#[a]">WWDG_IRQHandler</a> from startup_stm32f411xe.o(.text) referenced from startup_stm32f411xe.o(RESET)
 <LI><a href="#[45]">__main</a> from entry.o(.ARM.Collect$$$$00000000) referenced from startup_stm32f411xe.o(.text)
 <LI><a href="#[52]">_deinit_interface</a> from rw_lib_platform_os.o(i._deinit_interface) referenced from rw_lib_platform_os.o(i.wifi_init_params)
 <LI><a href="#[57]">_ext_interrupt</a> from rw_lib_platform_os.o(i._ext_interrupt) referenced from rw_lib_platform_os.o(i.wifi_init_params)
 <LI><a href="#[51]">_init_interface</a> from rw_lib_platform_os.o(i._init_interface) referenced from rw_lib_platform_os.o(i.wifi_init_params)
 <LI><a href="#[53]">_power_up_down</a> from rw_lib_platform_os.o(i._power_up_down) referenced from rw_lib_platform_os.o(i.wifi_init_params)
 <LI><a href="#[54]">_spi_io_buffer</a> from rw_lib_platform_os.o(i._spi_io_buffer) referenced from rw_lib_platform_os.o(i.wifi_init_params)
 <LI><a href="#[4c]">_sputc</a> from printf8.o(i._sputc) referenced from printf8.o(i.__0sprintf$8)
 <LI><a href="#[5b]">connect_callback</a> from rw_lib_platform_os.o(i.connect_callback) referenced from rw_lib_platform_os.o(i.wifi_init_params)
 <LI><a href="#[5a]">customer_assert</a> from rw_lib_platform_os.o(i.customer_assert) referenced from rw_lib_platform_os.o(i.wifi_init_params)
 <LI><a href="#[55]">delay_ms</a> from rw_lib_platform_os.o(i.delay_ms) referenced from rw_lib_platform_os.o(i.wifi_init_params)
 <LI><a href="#[4b]">fputc</a> from bsp.o(i.fputc) referenced from printf8.o(i.__0printf$8)
 <LI><a href="#[56]">get_stamp</a> from rw_lib_platform_os.o(i.get_stamp) referenced from rw_lib_platform_os.o(i.wifi_init_params)
 <LI><a href="#[43]">main</a> from tcpudp_test.o(i.main) referenced from entry9a.o(.ARM.Collect$$$$0000000B)
 <LI><a href="#[50]">prvIdleTask</a> from tasks.o(i.prvIdleTask) referenced from tasks.o(i.vTaskStartScheduler)
 <LI><a href="#[4f]">prvTaskExitError</a> from port.o(i.prvTaskExitError) referenced from port.o(i.pxPortInitialiseStack)
 <LI><a href="#[5e]">prvTimerTask</a> from timers.o(i.prvTimerTask) referenced from timers.o(i.xTimerCreateTimerTask)
 <LI><a href="#[59]">pvPortMalloc</a> from heap_4.o(i.pvPortMalloc) referenced from rw_lib_platform_os.o(i.wifi_init_params)
 <LI><a href="#[46]">query_credit_deficit</a> from api_txrx.o(i.query_credit_deficit) referenced from api_txrx.o(i.Api_TxGetStatus)
 <LI><a href="#[4e]">rw_app_task</a> from tcpudp_test.o(i.rw_app_task) referenced from tcpudp_test.o(i.main)
 <LI><a href="#[5c]">scan_callback</a> from rw_lib_platform_os.o(i.scan_callback) referenced from rw_lib_platform_os.o(i.wifi_init_params)
 <LI><a href="#[58]">vPortFree</a> from heap_4.o(i.vPortFree) referenced from rw_lib_platform_os.o(i.wifi_init_params)
 <LI><a href="#[5d]">wps_easy_callback</a> from rw_lib_platform_os.o(i.wps_easy_callback) referenced from rw_lib_platform_os.o(i.wifi_init_params)
</UL>
<P>
<H3>
Global Symbols
</H3>
<P><STRONG><a name="[45]"></a>__main</STRONG> (Thumb, 0 bytes, Stack size unknown bytes, entry.o(.ARM.Collect$$$$00000000))
<BR>[Address Reference Count : 1]<UL><LI> startup_stm32f411xe.o(.text)
</UL>
<P><STRONG><a name="[202]"></a>_main_stk</STRONG> (Thumb, 0 bytes, Stack size unknown bytes, entry2.o(.ARM.Collect$$$$00000001))

<P><STRONG><a name="[5f]"></a>_main_scatterload</STRONG> (Thumb, 0 bytes, Stack size unknown bytes, entry5.o(.ARM.Collect$$$$00000004))
<BR><BR>[Calls]<UL><LI><a href="#[60]">&gt;&gt;</a>&nbsp;&nbsp;&nbsp;__scatterload
</UL>

<P><STRONG><a name="[68]"></a>__main_after_scatterload</STRONG> (Thumb, 0 bytes, Stack size unknown bytes, entry5.o(.ARM.Collect$$$$00000004))
<BR><BR>[Called By]<UL><LI><a href="#[60]">&gt;&gt;</a>&nbsp;&nbsp;&nbsp;__scatterload
</UL>

<P><STRONG><a name="[203]"></a>_main_clock</STRONG> (Thumb, 0 bytes, Stack size unknown bytes, entry7b.o(.ARM.Collect$$$$00000008))

<P><STRONG><a name="[204]"></a>_main_cpp_init</STRONG> (Thumb, 0 bytes, Stack size unknown bytes, entry8b.o(.ARM.Collect$$$$0000000A))

<P><STRONG><a name="[205]"></a>_main_init</STRONG> (Thumb, 0 bytes, Stack size unknown bytes, entry9a.o(.ARM.Collect$$$$0000000B))

<P><STRONG><a name="[206]"></a>__rt_final_cpp</STRONG> (Thumb, 0 bytes, Stack size unknown bytes, entry10a.o(.ARM.Collect$$$$0000000D))

<P><STRONG><a name="[207]"></a>__rt_final_exit</STRONG> (Thumb, 0 bytes, Stack size unknown bytes, entry11a.o(.ARM.Collect$$$$0000000F))

<P><STRONG><a name="[6]"></a>SVC_Handler</STRONG> (Thumb, 28 bytes, Stack size 0 bytes, port.o(.emb_text))
<BR>[Address Reference Count : 1]<UL><LI> startup_stm32f411xe.o(RESET)
</UL>
<P><STRONG><a name="[1fa]"></a>__asm___6_port_c_39a90d8d__prvStartFirstTask</STRONG> (Thumb, 28 bytes, Stack size 0 bytes, port.o(.emb_text))
<BR><BR>[Called By]<UL><LI><a href="#[1f1]">&gt;&gt;</a>&nbsp;&nbsp;&nbsp;xPortStartScheduler
</UL>

<P><STRONG><a name="[1f9]"></a>__asm___6_port_c_39a90d8d__prvEnableVFP</STRONG> (Thumb, 16 bytes, Stack size 0 bytes, port.o(.emb_text))
<BR><BR>[Called By]<UL><LI><a href="#[1f1]">&gt;&gt;</a>&nbsp;&nbsp;&nbsp;xPortStartScheduler
</UL>

<P><STRONG><a name="[8]"></a>PendSV_Handler</STRONG> (Thumb, 84 bytes, Stack size 0 bytes, port.o(.emb_text))
<BR><BR>[Calls]<UL><LI><a href="#[61]">&gt;&gt;</a>&nbsp;&nbsp;&nbsp;vTaskSwitchContext
</UL>
<BR>[Address Reference Count : 1]<UL><LI> startup_stm32f411xe.o(RESET)
</UL>
<P><STRONG><a name="[1d1]"></a>ulPortSetInterruptMask</STRONG> (Thumb, 14 bytes, Stack size 0 bytes, port.o(.emb_text))
<BR><BR>[Called By]<UL><LI><a href="#[1be]">&gt;&gt;</a>&nbsp;&nbsp;&nbsp;vPortEnterCritical
<LI><a href="#[1a7]">&gt;&gt;</a>&nbsp;&nbsp;&nbsp;xQueueReceiveFromISR
<LI><a href="#[1a4]">&gt;&gt;</a>&nbsp;&nbsp;&nbsp;xQueueGenericSendFromISR
<LI><a href="#[19e]">&gt;&gt;</a>&nbsp;&nbsp;&nbsp;vTaskStartScheduler
<LI><a href="#[4f]">&gt;&gt;</a>&nbsp;&nbsp;&nbsp;prvTaskExitError
<LI><a href="#[1b0]">&gt;&gt;</a>&nbsp;&nbsp;&nbsp;xPortSysTickHandler
</UL>

<P><STRONG><a name="[1e7]"></a>vPortClearInterruptMask</STRONG> (Thumb, 6 bytes, Stack size 0 bytes, port.o(.emb_text))
<BR><BR>[Called By]<UL><LI><a href="#[1c1]">&gt;&gt;</a>&nbsp;&nbsp;&nbsp;vPortExitCritical
<LI><a href="#[1a7]">&gt;&gt;</a>&nbsp;&nbsp;&nbsp;xQueueReceiveFromISR
<LI><a href="#[1a4]">&gt;&gt;</a>&nbsp;&nbsp;&nbsp;xQueueGenericSendFromISR
<LI><a href="#[1b0]">&gt;&gt;</a>&nbsp;&nbsp;&nbsp;xPortSysTickHandler
</UL>

<P><STRONG><a name="[1e9]"></a>vPortGetIPSR</STRONG> (Thumb, 6 bytes, Stack size 0 bytes, port.o(.emb_text))
<BR><BR>[Called By]<UL><LI><a href="#[1e8]">&gt;&gt;</a>&nbsp;&nbsp;&nbsp;vPortValidateInterruptPriority
</UL>

<P><STRONG><a name="[0]"></a>Reset_Handler</STRONG> (Thumb, 8 bytes, Stack size 0 bytes, startup_stm32f411xe.o(.text))
<BR>[Address Reference Count : 1]<UL><LI> startup_stm32f411xe.o(RESET)
</UL>
<P><STRONG><a name="[1c]"></a>ADC_IRQHandler</STRONG> (Thumb, 0 bytes, Stack size 0 bytes, startup_stm32f411xe.o(.text))
<BR><BR>[Calls]<UL><LI><a href="#[1c]">&gt;&gt;</a>&nbsp;&nbsp;&nbsp;ADC_IRQHandler
</UL>
<BR>[Called By]<UL><LI><a href="#[1c]">&gt;&gt;</a>&nbsp;&nbsp;&nbsp;ADC_IRQHandler
</UL>
<BR>[Address Reference Count : 1]<UL><LI> startup_stm32f411xe.o(RESET)
</UL>
<P><STRONG><a name="[15]"></a>DMA1_Stream0_IRQHandler</STRONG> (Thumb, 0 bytes, Stack size 0 bytes, startup_stm32f411xe.o(.text))
<BR>[Address Reference Count : 1]<UL><LI> startup_stm32f411xe.o(RESET)
</UL>
<P><STRONG><a name="[16]"></a>DMA1_Stream1_IRQHandler</STRONG> (Thumb, 0 bytes, Stack size 0 bytes, startup_stm32f411xe.o(.text))
<BR>[Address Reference Count : 1]<UL><LI> startup_stm32f411xe.o(RESET)
</UL>
<P><STRONG><a name="[17]"></a>DMA1_Stream2_IRQHandler</STRONG> (Thumb, 0 bytes, Stack size 0 bytes, startup_stm32f411xe.o(.text))
<BR>[Address Reference Count : 1]<UL><LI> startup_stm32f411xe.o(RESET)
</UL>
<P><STRONG><a name="[18]"></a>DMA1_Stream3_IRQHandler</STRONG> (Thumb, 0 bytes, Stack size 0 bytes, startup_stm32f411xe.o(.text))
<BR>[Address Reference Count : 1]<UL><LI> startup_stm32f411xe.o(RESET)
</UL>
<P><STRONG><a name="[19]"></a>DMA1_Stream4_IRQHandler</STRONG> (Thumb, 0 bytes, Stack size 0 bytes, startup_stm32f411xe.o(.text))
<BR>[Address Reference Count : 1]<UL><LI> startup_stm32f411xe.o(RESET)
</UL>
<P><STRONG><a name="[1a]"></a>DMA1_Stream5_IRQHandler</STRONG> (Thumb, 0 bytes, Stack size 0 bytes, startup_stm32f411xe.o(.text))
<BR>[Address Reference Count : 1]<UL><LI> startup_stm32f411xe.o(RESET)
</UL>
<P><STRONG><a name="[1b]"></a>DMA1_Stream6_IRQHandler</STRONG> (Thumb, 0 bytes, Stack size 0 bytes, startup_stm32f411xe.o(.text))
<BR>[Address Reference Count : 1]<UL><LI> startup_stm32f411xe.o(RESET)
</UL>
<P><STRONG><a name="[30]"></a>DMA1_Stream7_IRQHandler</STRONG> (Thumb, 0 bytes, Stack size 0 bytes, startup_stm32f411xe.o(.text))
<BR>[Address Reference Count : 1]<UL><LI> startup_stm32f411xe.o(RESET)
</UL>
<P><STRONG><a name="[34]"></a>DMA2_Stream0_IRQHandler</STRONG> (Thumb, 0 bytes, Stack size 0 bytes, startup_stm32f411xe.o(.text))
<BR>[Address Reference Count : 1]<UL><LI> startup_stm32f411xe.o(RESET)
</UL>
<P><STRONG><a name="[35]"></a>DMA2_Stream1_IRQHandler</STRONG> (Thumb, 0 bytes, Stack size 0 bytes, startup_stm32f411xe.o(.text))
<BR>[Address Reference Count : 1]<UL><LI> startup_stm32f411xe.o(RESET)
</UL>
<P><STRONG><a name="[36]"></a>DMA2_Stream2_IRQHandler</STRONG> (Thumb, 0 bytes, Stack size 0 bytes, startup_stm32f411xe.o(.text))
<BR>[Address Reference Count : 1]<UL><LI> startup_stm32f411xe.o(RESET)
</UL>
<P><STRONG><a name="[37]"></a>DMA2_Stream3_IRQHandler</STRONG> (Thumb, 0 bytes, Stack size 0 bytes, startup_stm32f411xe.o(.text))
<BR>[Address Reference Count : 1]<UL><LI> startup_stm32f411xe.o(RESET)
</UL>
<P><STRONG><a name="[38]"></a>DMA2_Stream4_IRQHandler</STRONG> (Thumb, 0 bytes, Stack size 0 bytes, startup_stm32f411xe.o(.text))
<BR>[Address Reference Count : 1]<UL><LI> startup_stm32f411xe.o(RESET)
</UL>
<P><STRONG><a name="[3a]"></a>DMA2_Stream5_IRQHandler</STRONG> (Thumb, 0 bytes, Stack size 0 bytes, startup_stm32f411xe.o(.text))
<BR>[Address Reference Count : 1]<UL><LI> startup_stm32f411xe.o(RESET)
</UL>
<P><STRONG><a name="[3b]"></a>DMA2_Stream6_IRQHandler</STRONG> (Thumb, 0 bytes, Stack size 0 bytes, startup_stm32f411xe.o(.text))
<BR>[Address Reference Count : 1]<UL><LI> startup_stm32f411xe.o(RESET)
</UL>
<P><STRONG><a name="[3c]"></a>DMA2_Stream7_IRQHandler</STRONG> (Thumb, 0 bytes, Stack size 0 bytes, startup_stm32f411xe.o(.text))
<BR>[Address Reference Count : 1]<UL><LI> startup_stm32f411xe.o(RESET)
</UL>
<P><STRONG><a name="[2d]"></a>EXTI15_10_IRQHandler</STRONG> (Thumb, 0 bytes, Stack size 0 bytes, startup_stm32f411xe.o(.text))
<BR>[Address Reference Count : 1]<UL><LI> startup_stm32f411xe.o(RESET)
</UL>
<P><STRONG><a name="[11]"></a>EXTI1_IRQHandler</STRONG> (Thumb, 0 bytes, Stack size 0 bytes, startup_stm32f411xe.o(.text))
<BR>[Address Reference Count : 1]<UL><LI> startup_stm32f411xe.o(RESET)
</UL>
<P><STRONG><a name="[12]"></a>EXTI2_IRQHandler</STRONG> (Thumb, 0 bytes, Stack size 0 bytes, startup_stm32f411xe.o(.text))
<BR>[Address Reference Count : 1]<UL><LI> startup_stm32f411xe.o(RESET)
</UL>
<P><STRONG><a name="[13]"></a>EXTI3_IRQHandler</STRONG> (Thumb, 0 bytes, Stack size 0 bytes, startup_stm32f411xe.o(.text))
<BR>[Address Reference Count : 1]<UL><LI> startup_stm32f411xe.o(RESET)
</UL>
<P><STRONG><a name="[14]"></a>EXTI4_IRQHandler</STRONG> (Thumb, 0 bytes, Stack size 0 bytes, startup_stm32f411xe.o(.text))
<BR>[Address Reference Count : 1]<UL><LI> startup_stm32f411xe.o(RESET)
</UL>
<P><STRONG><a name="[1d]"></a>EXTI9_5_IRQHandler</STRONG> (Thumb, 0 bytes, Stack size 0 bytes, startup_stm32f411xe.o(.text))
<BR>[Address Reference Count : 1]<UL><LI> startup_stm32f411xe.o(RESET)
</UL>
<P><STRONG><a name="[e]"></a>FLASH_IRQHandler</STRONG> (Thumb, 0 bytes, Stack size 0 bytes, startup_stm32f411xe.o(.text))
<BR>[Address Reference Count : 1]<UL><LI> startup_stm32f411xe.o(RESET)
</UL>
<P><STRONG><a name="[40]"></a>FPU_IRQHandler</STRONG> (Thumb, 0 bytes, Stack size 0 bytes, startup_stm32f411xe.o(.text))
<BR>[Address Reference Count : 1]<UL><LI> startup_stm32f411xe.o(RESET)
</UL>
<P><STRONG><a name="[26]"></a>I2C1_ER_IRQHandler</STRONG> (Thumb, 0 bytes, Stack size 0 bytes, startup_stm32f411xe.o(.text))
<BR>[Address Reference Count : 1]<UL><LI> startup_stm32f411xe.o(RESET)
</UL>
<P><STRONG><a name="[25]"></a>I2C1_EV_IRQHandler</STRONG> (Thumb, 0 bytes, Stack size 0 bytes, startup_stm32f411xe.o(.text))
<BR>[Address Reference Count : 1]<UL><LI> startup_stm32f411xe.o(RESET)
</UL>
<P><STRONG><a name="[28]"></a>I2C2_ER_IRQHandler</STRONG> (Thumb, 0 bytes, Stack size 0 bytes, startup_stm32f411xe.o(.text))
<BR>[Address Reference Count : 1]<UL><LI> startup_stm32f411xe.o(RESET)
</UL>
<P><STRONG><a name="[27]"></a>I2C2_EV_IRQHandler</STRONG> (Thumb, 0 bytes, Stack size 0 bytes, startup_stm32f411xe.o(.text))
<BR>[Address Reference Count : 1]<UL><LI> startup_stm32f411xe.o(RESET)
</UL>
<P><STRONG><a name="[3f]"></a>I2C3_ER_IRQHandler</STRONG> (Thumb, 0 bytes, Stack size 0 bytes, startup_stm32f411xe.o(.text))
<BR>[Address Reference Count : 1]<UL><LI> startup_stm32f411xe.o(RESET)
</UL>
<P><STRONG><a name="[3e]"></a>I2C3_EV_IRQHandler</STRONG> (Thumb, 0 bytes, Stack size 0 bytes, startup_stm32f411xe.o(.text))
<BR>[Address Reference Count : 1]<UL><LI> startup_stm32f411xe.o(RESET)
</UL>
<P><STRONG><a name="[39]"></a>OTG_FS_IRQHandler</STRONG> (Thumb, 0 bytes, Stack size 0 bytes, startup_stm32f411xe.o(.text))
<BR>[Address Reference Count : 1]<UL><LI> startup_stm32f411xe.o(RESET)
</UL>
<P><STRONG><a name="[2f]"></a>OTG_FS_WKUP_IRQHandler</STRONG> (Thumb, 0 bytes, Stack size 0 bytes, startup_stm32f411xe.o(.text))
<BR>[Address Reference Count : 1]<UL><LI> startup_stm32f411xe.o(RESET)
</UL>
<P><STRONG><a name="[b]"></a>PVD_IRQHandler</STRONG> (Thumb, 0 bytes, Stack size 0 bytes, startup_stm32f411xe.o(.text))
<BR>[Address Reference Count : 1]<UL><LI> startup_stm32f411xe.o(RESET)
</UL>
<P><STRONG><a name="[f]"></a>RCC_IRQHandler</STRONG> (Thumb, 0 bytes, Stack size 0 bytes, startup_stm32f411xe.o(.text))
<BR>[Address Reference Count : 1]<UL><LI> startup_stm32f411xe.o(RESET)
</UL>
<P><STRONG><a name="[2e]"></a>RTC_Alarm_IRQHandler</STRONG> (Thumb, 0 bytes, Stack size 0 bytes, startup_stm32f411xe.o(.text))
<BR>[Address Reference Count : 1]<UL><LI> startup_stm32f411xe.o(RESET)
</UL>
<P><STRONG><a name="[d]"></a>RTC_WKUP_IRQHandler</STRONG> (Thumb, 0 bytes, Stack size 0 bytes, startup_stm32f411xe.o(.text))
<BR>[Address Reference Count : 1]<UL><LI> startup_stm32f411xe.o(RESET)
</UL>
<P><STRONG><a name="[31]"></a>SDIO_IRQHandler</STRONG> (Thumb, 0 bytes, Stack size 0 bytes, startup_stm32f411xe.o(.text))
<BR>[Address Reference Count : 1]<UL><LI> startup_stm32f411xe.o(RESET)
</UL>
<P><STRONG><a name="[29]"></a>SPI1_IRQHandler</STRONG> (Thumb, 0 bytes, Stack size 0 bytes, startup_stm32f411xe.o(.text))
<BR>[Address Reference Count : 1]<UL><LI> startup_stm32f411xe.o(RESET)
</UL>
<P><STRONG><a name="[2a]"></a>SPI2_IRQHandler</STRONG> (Thumb, 0 bytes, Stack size 0 bytes, startup_stm32f411xe.o(.text))
<BR>[Address Reference Count : 1]<UL><LI> startup_stm32f411xe.o(RESET)
</UL>
<P><STRONG><a name="[33]"></a>SPI3_IRQHandler</STRONG> (Thumb, 0 bytes, Stack size 0 bytes, startup_stm32f411xe.o(.text))
<BR>[Address Reference Count : 1]<UL><LI> startup_stm32f411xe.o(RESET)
</UL>
<P><STRONG><a name="[41]"></a>SPI4_IRQHandler</STRONG> (Thumb, 0 bytes, Stack size 0 bytes, startup_stm32f411xe.o(.text))
<BR>[Address Reference Count : 1]<UL><LI> startup_stm32f411xe.o(RESET)
</UL>
<P><STRONG><a name="[42]"></a>SPI5_IRQHandler</STRONG> (Thumb, 0 bytes, Stack size 0 bytes, startup_stm32f411xe.o(.text))
<BR>[Address Reference Count : 1]<UL><LI> startup_stm32f411xe.o(RESET)
</UL>
<P><STRONG><a name="[c]"></a>TAMP_STAMP_IRQHandler</STRONG> (Thumb, 0 bytes, Stack size 0 bytes, startup_stm32f411xe.o(.text))
<BR>[Address Reference Count : 1]<UL><LI> startup_stm32f411xe.o(RESET)
</UL>
<P><STRONG><a name="[1e]"></a>TIM1_BRK_TIM9_IRQHandler</STRONG> (Thumb, 0 bytes, Stack size 0 bytes, startup_stm32f411xe.o(.text))
<BR>[Address Reference Count : 1]<UL><LI> startup_stm32f411xe.o(RESET)
</UL>
<P><STRONG><a name="[21]"></a>TIM1_CC_IRQHandler</STRONG> (Thumb, 0 bytes, Stack size 0 bytes, startup_stm32f411xe.o(.text))
<BR>[Address Reference Count : 1]<UL><LI> startup_stm32f411xe.o(RESET)
</UL>
<P><STRONG><a name="[20]"></a>TIM1_TRG_COM_TIM11_IRQHandler</STRONG> (Thumb, 0 bytes, Stack size 0 bytes, startup_stm32f411xe.o(.text))
<BR>[Address Reference Count : 1]<UL><LI> startup_stm32f411xe.o(RESET)
</UL>
<P><STRONG><a name="[1f]"></a>TIM1_UP_TIM10_IRQHandler</STRONG> (Thumb, 0 bytes, Stack size 0 bytes, startup_stm32f411xe.o(.text))
<BR>[Address Reference Count : 1]<UL><LI> startup_stm32f411xe.o(RESET)
</UL>
<P><STRONG><a name="[22]"></a>TIM2_IRQHandler</STRONG> (Thumb, 0 bytes, Stack size 0 bytes, startup_stm32f411xe.o(.text))
<BR>[Address Reference Count : 1]<UL><LI> startup_stm32f411xe.o(RESET)
</UL>
<P><STRONG><a name="[23]"></a>TIM3_IRQHandler</STRONG> (Thumb, 0 bytes, Stack size 0 bytes, startup_stm32f411xe.o(.text))
<BR>[Address Reference Count : 1]<UL><LI> startup_stm32f411xe.o(RESET)
</UL>
<P><STRONG><a name="[24]"></a>TIM4_IRQHandler</STRONG> (Thumb, 0 bytes, Stack size 0 bytes, startup_stm32f411xe.o(.text))
<BR>[Address Reference Count : 1]<UL><LI> startup_stm32f411xe.o(RESET)
</UL>
<P><STRONG><a name="[32]"></a>TIM5_IRQHandler</STRONG> (Thumb, 0 bytes, Stack size 0 bytes, startup_stm32f411xe.o(.text))
<BR>[Address Reference Count : 1]<UL><LI> startup_stm32f411xe.o(RESET)
</UL>
<P><STRONG><a name="[2b]"></a>USART1_IRQHandler</STRONG> (Thumb, 0 bytes, Stack size 0 bytes, startup_stm32f411xe.o(.text))
<BR>[Address Reference Count : 1]<UL><LI> startup_stm32f411xe.o(RESET)
</UL>
<P><STRONG><a name="[2c]"></a>USART2_IRQHandler</STRONG> (Thumb, 0 bytes, Stack size 0 bytes, startup_stm32f411xe.o(.text))
<BR>[Address Reference Count : 1]<UL><LI> startup_stm32f411xe.o(RESET)
</UL>
<P><STRONG><a name="[3d]"></a>USART6_IRQHandler</STRONG> (Thumb, 0 bytes, Stack size 0 bytes, startup_stm32f411xe.o(.text))
<BR>[Address Reference Count : 1]<UL><LI> startup_stm32f411xe.o(RESET)
</UL>
<P><STRONG><a name="[a]"></a>WWDG_IRQHandler</STRONG> (Thumb, 0 bytes, Stack size 0 bytes, startup_stm32f411xe.o(.text))
<BR>[Address Reference Count : 1]<UL><LI> startup_stm32f411xe.o(RESET)
</UL>
<P><STRONG><a name="[8a]"></a>__aeabi_memcpy</STRONG> (Thumb, 36 bytes, Stack size 0 bytes, memcpya.o(.text))
<BR><BR>[Called By]<UL><LI><a href="#[1c7]">&gt;&gt;</a>&nbsp;&nbsp;&nbsp;prvCopyDataToQueue
<LI><a href="#[1c6]">&gt;&gt;</a>&nbsp;&nbsp;&nbsp;prvCopyDataFromQueue
<LI><a href="#[5d]">&gt;&gt;</a>&nbsp;&nbsp;&nbsp;wps_easy_callback
<LI><a href="#[b2]">&gt;&gt;</a>&nbsp;&nbsp;&nbsp;Api_accept
<LI><a href="#[be]">&gt;&gt;</a>&nbsp;&nbsp;&nbsp;Api_recvfrom
<LI><a href="#[17f]">&gt;&gt;</a>&nbsp;&nbsp;&nbsp;wmi_wps_start_cmd
<LI><a href="#[184]">&gt;&gt;</a>&nbsp;&nbsp;&nbsp;wmi_startscan_cmd
<LI><a href="#[17d]">&gt;&gt;</a>&nbsp;&nbsp;&nbsp;wmi_set_pmk_cmd
<LI><a href="#[181]">&gt;&gt;</a>&nbsp;&nbsp;&nbsp;wmi_set_passphrase_cmd
<LI><a href="#[17a]">&gt;&gt;</a>&nbsp;&nbsp;&nbsp;wmi_set_channelParams_cmd
<LI><a href="#[182]">&gt;&gt;</a>&nbsp;&nbsp;&nbsp;wmi_probedSsid_cmd
<LI><a href="#[1e6]">&gt;&gt;</a>&nbsp;&nbsp;&nbsp;t_sendto
<LI><a href="#[168]">&gt;&gt;</a>&nbsp;&nbsp;&nbsp;ath_ioctl_handler
<LI><a href="#[89]">&gt;&gt;</a>&nbsp;&nbsp;&nbsp;Api_GetPmkEvent
<LI><a href="#[b4]">&gt;&gt;</a>&nbsp;&nbsp;&nbsp;wmi_socket_cmd
<LI><a href="#[76]">&gt;&gt;</a>&nbsp;&nbsp;&nbsp;wmi_connect_cmd
<LI><a href="#[79]">&gt;&gt;</a>&nbsp;&nbsp;&nbsp;wmi_ap_profile_commit
<LI><a href="#[90]">&gt;&gt;</a>&nbsp;&nbsp;&nbsp;Api_ParseInfoElem
<LI><a href="#[173]">&gt;&gt;</a>&nbsp;&nbsp;&nbsp;a_netbuf_put_data
<LI><a href="#[b0]">&gt;&gt;</a>&nbsp;&nbsp;&nbsp;Api_WpsProfileEvent
<LI><a href="#[d0]">&gt;&gt;</a>&nbsp;&nbsp;&nbsp;fill_scan_info
</UL>

<P><STRONG><a name="[78]"></a>__aeabi_memcpy4</STRONG> (Thumb, 0 bytes, Stack size 0 bytes, memcpya.o(.text))
<BR><BR>[Called By]<UL><LI><a href="#[1b8]">&gt;&gt;</a>&nbsp;&nbsp;&nbsp;rw_sysDriverInit
<LI><a href="#[eb]">&gt;&gt;</a>&nbsp;&nbsp;&nbsp;rw_creat_task
<LI><a href="#[74]">&gt;&gt;</a>&nbsp;&nbsp;&nbsp;Api_ConnectWiFi
<LI><a href="#[168]">&gt;&gt;</a>&nbsp;&nbsp;&nbsp;ath_ioctl_handler
</UL>

<P><STRONG><a name="[208]"></a>__aeabi_memcpy8</STRONG> (Thumb, 0 bytes, Stack size 0 bytes, memcpya.o(.text), UNUSED)

<P><STRONG><a name="[63]"></a>__aeabi_memset</STRONG> (Thumb, 14 bytes, Stack size 0 bytes, memseta.o(.text))
<BR><BR>[Called By]<UL><LI><a href="#[190]">&gt;&gt;</a>&nbsp;&nbsp;&nbsp;xTaskGenericCreate
<LI><a href="#[64]">&gt;&gt;</a>&nbsp;&nbsp;&nbsp;_memset$wrapper
<LI><a href="#[62]">&gt;&gt;</a>&nbsp;&nbsp;&nbsp;__aeabi_memclr
</UL>

<P><STRONG><a name="[209]"></a>__aeabi_memset4</STRONG> (Thumb, 0 bytes, Stack size 0 bytes, memseta.o(.text), UNUSED)

<P><STRONG><a name="[20a]"></a>__aeabi_memset8</STRONG> (Thumb, 0 bytes, Stack size 0 bytes, memseta.o(.text), UNUSED)

<P><STRONG><a name="[62]"></a>__aeabi_memclr</STRONG> (Thumb, 4 bytes, Stack size 0 bytes, memseta.o(.text))
<BR><BR>[Calls]<UL><LI><a href="#[63]">&gt;&gt;</a>&nbsp;&nbsp;&nbsp;__aeabi_memset
</UL>
<BR>[Called By]<UL><LI><a href="#[17d]">&gt;&gt;</a>&nbsp;&nbsp;&nbsp;wmi_set_pmk_cmd
<LI><a href="#[181]">&gt;&gt;</a>&nbsp;&nbsp;&nbsp;wmi_set_passphrase_cmd
<LI><a href="#[17a]">&gt;&gt;</a>&nbsp;&nbsp;&nbsp;wmi_set_channelParams_cmd
<LI><a href="#[75]">&gt;&gt;</a>&nbsp;&nbsp;&nbsp;wmi_scanparams_cmd
<LI><a href="#[182]">&gt;&gt;</a>&nbsp;&nbsp;&nbsp;wmi_probedSsid_cmd
<LI><a href="#[1e6]">&gt;&gt;</a>&nbsp;&nbsp;&nbsp;t_sendto
<LI><a href="#[da]">&gt;&gt;</a>&nbsp;&nbsp;&nbsp;Custom_Api_Start
<LI><a href="#[76]">&gt;&gt;</a>&nbsp;&nbsp;&nbsp;wmi_connect_cmd
<LI><a href="#[79]">&gt;&gt;</a>&nbsp;&nbsp;&nbsp;wmi_ap_profile_commit
<LI><a href="#[90]">&gt;&gt;</a>&nbsp;&nbsp;&nbsp;Api_ParseInfoElem
<LI><a href="#[b8]">&gt;&gt;</a>&nbsp;&nbsp;&nbsp;Custom_Api_easyconfigEvent
<LI><a href="#[d0]">&gt;&gt;</a>&nbsp;&nbsp;&nbsp;fill_scan_info
</UL>

<P><STRONG><a name="[77]"></a>__aeabi_memclr4</STRONG> (Thumb, 0 bytes, Stack size 0 bytes, memseta.o(.text))
<BR><BR>[Called By]<UL><LI><a href="#[1da]">&gt;&gt;</a>&nbsp;&nbsp;&nbsp;rw_sysDriverReset
<LI><a href="#[1b6]">&gt;&gt;</a>&nbsp;&nbsp;&nbsp;platform_init
<LI><a href="#[1d9]">&gt;&gt;</a>&nbsp;&nbsp;&nbsp;rw_network_startSTA
<LI><a href="#[1d8]">&gt;&gt;</a>&nbsp;&nbsp;&nbsp;rw_appdemo_context_init
<LI><a href="#[5d]">&gt;&gt;</a>&nbsp;&nbsp;&nbsp;wps_easy_callback
<LI><a href="#[74]">&gt;&gt;</a>&nbsp;&nbsp;&nbsp;Api_ConnectWiFi
<LI><a href="#[1e6]">&gt;&gt;</a>&nbsp;&nbsp;&nbsp;t_sendto
<LI><a href="#[168]">&gt;&gt;</a>&nbsp;&nbsp;&nbsp;ath_ioctl_handler
<LI><a href="#[16f]">&gt;&gt;</a>&nbsp;&nbsp;&nbsp;_set_str_pmk
<LI><a href="#[110]">&gt;&gt;</a>&nbsp;&nbsp;&nbsp;wmi_init
<LI><a href="#[112]">&gt;&gt;</a>&nbsp;&nbsp;&nbsp;HTC_WaitTarget
<LI><a href="#[113]">&gt;&gt;</a>&nbsp;&nbsp;&nbsp;SetupServices
<LI><a href="#[8e]">&gt;&gt;</a>&nbsp;&nbsp;&nbsp;Driver_ContextInit
<LI><a href="#[174]">&gt;&gt;</a>&nbsp;&nbsp;&nbsp;a_netbuf_reinit
<LI><a href="#[171]">&gt;&gt;</a>&nbsp;&nbsp;&nbsp;a_netbuf_alloc
<LI><a href="#[b9]">&gt;&gt;</a>&nbsp;&nbsp;&nbsp;Api_ipconfig
<LI><a href="#[94]">&gt;&gt;</a>&nbsp;&nbsp;&nbsp;Custom_Api_RSNASuccessEvent
<LI><a href="#[73]">&gt;&gt;</a>&nbsp;&nbsp;&nbsp;Custom_Api_ConnectEvent
<LI><a href="#[11d]">&gt;&gt;</a>&nbsp;&nbsp;&nbsp;a_netbuf_configure
<LI><a href="#[e8]">&gt;&gt;</a>&nbsp;&nbsp;&nbsp;a_netbuf_alloc_raw
</UL>

<P><STRONG><a name="[20b]"></a>__aeabi_memclr8</STRONG> (Thumb, 0 bytes, Stack size 0 bytes, memseta.o(.text), UNUSED)

<P><STRONG><a name="[64]"></a>_memset$wrapper</STRONG> (Thumb, 18 bytes, Stack size 8 bytes, memseta.o(.text), UNUSED)
<BR><BR>[Calls]<UL><LI><a href="#[63]">&gt;&gt;</a>&nbsp;&nbsp;&nbsp;__aeabi_memset
</UL>

<P><STRONG><a name="[e0]"></a>strncpy</STRONG> (Thumb, 24 bytes, Stack size 8 bytes, strncpy.o(.text))
<BR><BR>[Stack]<UL><LI>Max Depth = 8<LI>Call Chain = strncpy
</UL>
<BR>[Called By]<UL><LI><a href="#[b8]">&gt;&gt;</a>&nbsp;&nbsp;&nbsp;Custom_Api_easyconfigEvent
</UL>

<P><STRONG><a name="[e1]"></a>strlen</STRONG> (Thumb, 14 bytes, Stack size 0 bytes, strlen.o(.text))
<BR><BR>[Called By]<UL><LI><a href="#[18a]">&gt;&gt;</a>&nbsp;&nbsp;&nbsp;clean_filename
<LI><a href="#[147]">&gt;&gt;</a>&nbsp;&nbsp;&nbsp;clean_filename
<LI><a href="#[1e0]">&gt;&gt;</a>&nbsp;&nbsp;&nbsp;rw_wlanConnect
<LI><a href="#[189]">&gt;&gt;</a>&nbsp;&nbsp;&nbsp;clean_filename
<LI><a href="#[18b]">&gt;&gt;</a>&nbsp;&nbsp;&nbsp;clean_filename
<LI><a href="#[9c]">&gt;&gt;</a>&nbsp;&nbsp;&nbsp;assert_func
<LI><a href="#[b8]">&gt;&gt;</a>&nbsp;&nbsp;&nbsp;Custom_Api_easyconfigEvent
</UL>

<P><STRONG><a name="[179]"></a>strcmp</STRONG> (Thumb, 28 bytes, Stack size 8 bytes, strcmp.o(.text))
<BR><BR>[Stack]<UL><LI>Max Depth = 8<LI>Call Chain = strcmp
</UL>
<BR>[Called By]<UL><LI><a href="#[168]">&gt;&gt;</a>&nbsp;&nbsp;&nbsp;ath_ioctl_handler
</UL>

<P><STRONG><a name="[cf]"></a>memcmp</STRONG> (Thumb, 26 bytes, Stack size 12 bytes, memcmp.o(.text))
<BR><BR>[Stack]<UL><LI>Max Depth = 12<LI>Call Chain = memcmp
</UL>
<BR>[Called By]<UL><LI><a href="#[1e0]">&gt;&gt;</a>&nbsp;&nbsp;&nbsp;rw_wlanConnect
<LI><a href="#[6e]">&gt;&gt;</a>&nbsp;&nbsp;&nbsp;Custom_Api_BssInfoEvent
</UL>

<P><STRONG><a name="[ba]"></a>strcpy</STRONG> (Thumb, 18 bytes, Stack size 0 bytes, strcpy.o(.text))
<BR><BR>[Called By]<UL><LI><a href="#[b9]">&gt;&gt;</a>&nbsp;&nbsp;&nbsp;Api_ipconfig
<LI><a href="#[b8]">&gt;&gt;</a>&nbsp;&nbsp;&nbsp;Custom_Api_easyconfigEvent
</UL>

<P><STRONG><a name="[df]"></a>strncmp</STRONG> (Thumb, 30 bytes, Stack size 12 bytes, strncmp.o(.text))
<BR><BR>[Stack]<UL><LI>Max Depth = 12<LI>Call Chain = strncmp
</UL>
<BR>[Called By]<UL><LI><a href="#[1e0]">&gt;&gt;</a>&nbsp;&nbsp;&nbsp;rw_wlanConnect
<LI><a href="#[169]">&gt;&gt;</a>&nbsp;&nbsp;&nbsp;_check_sys_params
<LI><a href="#[fc]">&gt;&gt;</a>&nbsp;&nbsp;&nbsp;Driver_BootComm
<LI><a href="#[b8]">&gt;&gt;</a>&nbsp;&nbsp;&nbsp;Custom_Api_easyconfigEvent
</UL>

<P><STRONG><a name="[65]"></a>__aeabi_uldivmod</STRONG> (Thumb, 98 bytes, Stack size 40 bytes, uldiv.o(.text), UNUSED)
<BR><BR>[Calls]<UL><LI><a href="#[66]">&gt;&gt;</a>&nbsp;&nbsp;&nbsp;__aeabi_llsr
<LI><a href="#[67]">&gt;&gt;</a>&nbsp;&nbsp;&nbsp;__aeabi_llsl
</UL>
<BR>[Called By]<UL><LI><a href="#[165]">&gt;&gt;</a>&nbsp;&nbsp;&nbsp;_printf_core
</UL>

<P><STRONG><a name="[60]"></a>__scatterload</STRONG> (Thumb, 28 bytes, Stack size 0 bytes, init.o(.text))
<BR><BR>[Calls]<UL><LI><a href="#[68]">&gt;&gt;</a>&nbsp;&nbsp;&nbsp;__main_after_scatterload
</UL>
<BR>[Called By]<UL><LI><a href="#[5f]">&gt;&gt;</a>&nbsp;&nbsp;&nbsp;_main_scatterload
</UL>

<P><STRONG><a name="[20c]"></a>__scatterload_rt2</STRONG> (Thumb, 0 bytes, Stack size 0 bytes, init.o(.text), UNUSED)

<P><STRONG><a name="[67]"></a>__aeabi_llsl</STRONG> (Thumb, 30 bytes, Stack size 0 bytes, llshl.o(.text), UNUSED)
<BR><BR>[Called By]<UL><LI><a href="#[65]">&gt;&gt;</a>&nbsp;&nbsp;&nbsp;__aeabi_uldivmod
</UL>

<P><STRONG><a name="[20d]"></a>_ll_shift_l</STRONG> (Thumb, 0 bytes, Stack size 0 bytes, llshl.o(.text), UNUSED)

<P><STRONG><a name="[66]"></a>__aeabi_llsr</STRONG> (Thumb, 32 bytes, Stack size 0 bytes, llushr.o(.text), UNUSED)
<BR><BR>[Called By]<UL><LI><a href="#[65]">&gt;&gt;</a>&nbsp;&nbsp;&nbsp;__aeabi_uldivmod
</UL>

<P><STRONG><a name="[20e]"></a>_ll_ushift_r</STRONG> (Thumb, 0 bytes, Stack size 0 bytes, llushr.o(.text), UNUSED)

<P><STRONG><a name="[69]"></a>Api_AggrRecvAddbaReqEvent</STRONG> (Thumb, 24 bytes, Stack size 0 bytes, api_wmi_rx.o(i.Api_AggrRecvAddbaReqEvent))
<BR><BR>[Stack]<UL><LI>Max Depth = 32<LI>Call Chain = Api_AggrRecvAddbaReqEvent &rArr; aggr_recv_addba_req_evt &rArr; assert_func
</UL>
<BR>[Calls]<UL><LI><a href="#[6a]">&gt;&gt;</a>&nbsp;&nbsp;&nbsp;aggr_recv_addba_req_evt
</UL>
<BR>[Called By]<UL><LI><a href="#[9a]">&gt;&gt;</a>&nbsp;&nbsp;&nbsp;wmi_control_rx
</UL>

<P><STRONG><a name="[6b]"></a>Api_AggrRecvDelbaReqEvent</STRONG> (Thumb, 12 bytes, Stack size 0 bytes, api_wmi_rx.o(i.Api_AggrRecvDelbaReqEvent))
<BR><BR>[Stack]<UL><LI>Max Depth = 32<LI>Call Chain = Api_AggrRecvDelbaReqEvent &rArr; aggr_recv_delba_req_evt &rArr; assert_func
</UL>
<BR>[Calls]<UL><LI><a href="#[6c]">&gt;&gt;</a>&nbsp;&nbsp;&nbsp;aggr_recv_delba_req_evt
</UL>
<BR>[Called By]<UL><LI><a href="#[9a]">&gt;&gt;</a>&nbsp;&nbsp;&nbsp;wmi_control_rx
</UL>

<P><STRONG><a name="[6d]"></a>Api_BssInfoEvent</STRONG> (Thumb, 4 bytes, Stack size 0 bytes, api_wmi_rx.o(i.Api_BssInfoEvent))
<BR><BR>[Stack]<UL><LI>Max Depth = 180<LI>Call Chain = Api_BssInfoEvent &rArr; Custom_Api_BssInfoEvent &rArr; fill_scan_info &rArr; Api_ParseInfoElem &rArr; security_ie_parse
</UL>
<BR>[Calls]<UL><LI><a href="#[6e]">&gt;&gt;</a>&nbsp;&nbsp;&nbsp;Custom_Api_BssInfoEvent
</UL>
<BR>[Called By]<UL><LI><a href="#[9a]">&gt;&gt;</a>&nbsp;&nbsp;&nbsp;wmi_control_rx
</UL>

<P><STRONG><a name="[6f]"></a>Api_ConnectEvent</STRONG> (Thumb, 62 bytes, Stack size 16 bytes, api_wmi_rx.o(i.Api_ConnectEvent))
<BR><BR>[Stack]<UL><LI>Max Depth = 184<LI>Call Chain = Api_ConnectEvent &rArr; Custom_Api_ConnectEvent &rArr; driver_unlock_mutex &rArr; rw_unlock_mutex &rArr; osMutexRelease &rArr; xQueueGenericSend &rArr; xTaskResumeAll &rArr; xTaskIncrementTick
</UL>
<BR>[Calls]<UL><LI><a href="#[72]">&gt;&gt;</a>&nbsp;&nbsp;&nbsp;aggr_reset_state
<LI><a href="#[73]">&gt;&gt;</a>&nbsp;&nbsp;&nbsp;Custom_Api_ConnectEvent
<LI><a href="#[71]">&gt;&gt;</a>&nbsp;&nbsp;&nbsp;driver_unlock_mutex
<LI><a href="#[70]">&gt;&gt;</a>&nbsp;&nbsp;&nbsp;driver_lock_mutex
</UL>
<BR>[Called By]<UL><LI><a href="#[1f3]">&gt;&gt;</a>&nbsp;&nbsp;&nbsp;wmi_connect_event_rx
</UL>

<P><STRONG><a name="[74]"></a>Api_ConnectWiFi</STRONG> (Thumb, 310 bytes, Stack size 64 bytes, api_ioctl.o(i.Api_ConnectWiFi))
<BR><BR>[Stack]<UL><LI>Max Depth = 304<LI>Call Chain = Api_ConnectWiFi &rArr; wmi_scanparams_cmd &rArr; wmi_cmd_send &rArr; a_netbuf_free &rArr; txpkt_free &rArr; unblock &rArr; rw_post_sem &rArr; osSemaphoreRelease &rArr; xQueueGenericSend &rArr; xTaskResumeAll &rArr; xTaskIncrementTick
</UL>
<BR>[Calls]<UL><LI><a href="#[75]">&gt;&gt;</a>&nbsp;&nbsp;&nbsp;wmi_scanparams_cmd
<LI><a href="#[76]">&gt;&gt;</a>&nbsp;&nbsp;&nbsp;wmi_connect_cmd
<LI><a href="#[79]">&gt;&gt;</a>&nbsp;&nbsp;&nbsp;wmi_ap_profile_commit
<LI><a href="#[77]">&gt;&gt;</a>&nbsp;&nbsp;&nbsp;__aeabi_memclr4
<LI><a href="#[78]">&gt;&gt;</a>&nbsp;&nbsp;&nbsp;__aeabi_memcpy4
</UL>
<BR>[Called By]<UL><LI><a href="#[168]">&gt;&gt;</a>&nbsp;&nbsp;&nbsp;ath_ioctl_handler
<LI><a href="#[84]">&gt;&gt;</a>&nbsp;&nbsp;&nbsp;Api_DisconnectEvent
</UL>

<P><STRONG><a name="[7a]"></a>Api_DataTxStart</STRONG> (Thumb, 144 bytes, Stack size 40 bytes, api_txrx.o(i.Api_DataTxStart))
<BR><BR>[Stack]<UL><LI>Max Depth = 224<LI>Call Chain = Api_DataTxStart &rArr; Api_DriverAccessCheck &rArr; Custom_Driver_WaitForCondition &rArr; rw_pend_sem &rArr; osSemaphoreWait &rArr; xQueueGenericReceive &rArr; xTaskResumeAll &rArr; xTaskIncrementTick
</UL>
<BR>[Calls]<UL><LI><a href="#[7b]">&gt;&gt;</a>&nbsp;&nbsp;&nbsp;Custom_Driver_WaitForCondition
<LI><a href="#[7c]">&gt;&gt;</a>&nbsp;&nbsp;&nbsp;Api_DriverAccessCheck
<LI><a href="#[7e]">&gt;&gt;</a>&nbsp;&nbsp;&nbsp;wmi_implicit_create_pstream
<LI><a href="#[7d]">&gt;&gt;</a>&nbsp;&nbsp;&nbsp;wmi_data_hdr_add
<LI><a href="#[7f]">&gt;&gt;</a>&nbsp;&nbsp;&nbsp;Util_AC2EndpointID
<LI><a href="#[80]">&gt;&gt;</a>&nbsp;&nbsp;&nbsp;Driver_SubmitTxRequest
</UL>
<BR>[Called By]<UL><LI><a href="#[194]">&gt;&gt;</a>&nbsp;&nbsp;&nbsp;custom_send_tcpip
</UL>

<P><STRONG><a name="[81]"></a>Api_DeInitFinish</STRONG> (Thumb, 42 bytes, Stack size 16 bytes, api_init.o(i.Api_DeInitFinish))
<BR><BR>[Stack]<UL><LI>Max Depth = 208<LI>Call Chain = Api_DeInitFinish &rArr; Driver_ContextDeInit &rArr; Custom_Driver_ContextDeInit &rArr; a_netbuf_free &rArr; txpkt_free &rArr; unblock &rArr; rw_post_sem &rArr; osSemaphoreRelease &rArr; xQueueGenericSend &rArr; xTaskResumeAll &rArr; xTaskIncrementTick
</UL>
<BR>[Calls]<UL><LI><a href="#[7b]">&gt;&gt;</a>&nbsp;&nbsp;&nbsp;Custom_Driver_WaitForCondition
<LI><a href="#[83]">&gt;&gt;</a>&nbsp;&nbsp;&nbsp;socket_context_deinit
<LI><a href="#[82]">&gt;&gt;</a>&nbsp;&nbsp;&nbsp;Driver_ContextDeInit
</UL>
<BR>[Called By]<UL><LI><a href="#[da]">&gt;&gt;</a>&nbsp;&nbsp;&nbsp;Custom_Api_Start
<LI><a href="#[d3]">&gt;&gt;</a>&nbsp;&nbsp;&nbsp;Custom_Api_Shutdown
</UL>

<P><STRONG><a name="[d5]"></a>Api_DeInitStart</STRONG> (Thumb, 4 bytes, Stack size 0 bytes, api_init.o(i.Api_DeInitStart))
<BR><BR>[Called By]<UL><LI><a href="#[da]">&gt;&gt;</a>&nbsp;&nbsp;&nbsp;Custom_Api_Start
<LI><a href="#[d3]">&gt;&gt;</a>&nbsp;&nbsp;&nbsp;Custom_Api_Shutdown
</UL>

<P><STRONG><a name="[84]"></a>Api_DisconnectEvent</STRONG> (Thumb, 128 bytes, Stack size 48 bytes, api_wmi_rx.o(i.Api_DisconnectEvent))
<BR><BR>[Stack]<UL><LI>Max Depth = 352<LI>Call Chain = Api_DisconnectEvent &rArr; Api_ConnectWiFi &rArr; wmi_scanparams_cmd &rArr; wmi_cmd_send &rArr; a_netbuf_free &rArr; txpkt_free &rArr; unblock &rArr; rw_post_sem &rArr; osSemaphoreRelease &rArr; xQueueGenericSend &rArr; xTaskResumeAll &rArr; xTaskIncrementTick
</UL>
<BR>[Calls]<UL><LI><a href="#[74]">&gt;&gt;</a>&nbsp;&nbsp;&nbsp;Api_ConnectWiFi
<LI><a href="#[86]">&gt;&gt;</a>&nbsp;&nbsp;&nbsp;HW_MsecDelay
<LI><a href="#[72]">&gt;&gt;</a>&nbsp;&nbsp;&nbsp;aggr_reset_state
<LI><a href="#[85]">&gt;&gt;</a>&nbsp;&nbsp;&nbsp;Custom_Api_DisconnectEvent
<LI><a href="#[71]">&gt;&gt;</a>&nbsp;&nbsp;&nbsp;driver_unlock_mutex
<LI><a href="#[70]">&gt;&gt;</a>&nbsp;&nbsp;&nbsp;driver_lock_mutex
</UL>
<BR>[Called By]<UL><LI><a href="#[9a]">&gt;&gt;</a>&nbsp;&nbsp;&nbsp;wmi_control_rx
</UL>

<P><STRONG><a name="[87]"></a>Api_DisconnectWiFi</STRONG> (Thumb, 78 bytes, Stack size 8 bytes, api_ioctl.o(i.Api_DisconnectWiFi))
<BR><BR>[Stack]<UL><LI>Max Depth = 208<LI>Call Chain = Api_DisconnectWiFi &rArr; wmi_disconnect_cmd &rArr; wmi_simple_cmd &rArr; wmi_cmd_send &rArr; a_netbuf_free &rArr; txpkt_free &rArr; unblock &rArr; rw_post_sem &rArr; osSemaphoreRelease &rArr; xQueueGenericSend &rArr; xTaskResumeAll &rArr; xTaskIncrementTick
</UL>
<BR>[Calls]<UL><LI><a href="#[88]">&gt;&gt;</a>&nbsp;&nbsp;&nbsp;wmi_disconnect_cmd
</UL>
<BR>[Called By]<UL><LI><a href="#[168]">&gt;&gt;</a>&nbsp;&nbsp;&nbsp;ath_ioctl_handler
</UL>

<P><STRONG><a name="[7c]"></a>Api_DriverAccessCheck</STRONG> (Thumb, 62 bytes, Stack size 32 bytes, api_ioctl.o(i.Api_DriverAccessCheck))
<BR><BR>[Stack]<UL><LI>Max Depth = 184<LI>Call Chain = Api_DriverAccessCheck &rArr; Custom_Driver_WaitForCondition &rArr; rw_pend_sem &rArr; osSemaphoreWait &rArr; xQueueGenericReceive &rArr; xTaskResumeAll &rArr; xTaskIncrementTick
</UL>
<BR>[Calls]<UL><LI><a href="#[7b]">&gt;&gt;</a>&nbsp;&nbsp;&nbsp;Custom_Driver_WaitForCondition
</UL>
<BR>[Called By]<UL><LI><a href="#[1e5]">&gt;&gt;</a>&nbsp;&nbsp;&nbsp;t_socket
<LI><a href="#[1e4]">&gt;&gt;</a>&nbsp;&nbsp;&nbsp;t_shutdown
<LI><a href="#[1e2]">&gt;&gt;</a>&nbsp;&nbsp;&nbsp;t_select
<LI><a href="#[1d7]">&gt;&gt;</a>&nbsp;&nbsp;&nbsp;t_recvfrom
<LI><a href="#[19c]">&gt;&gt;</a>&nbsp;&nbsp;&nbsp;t_listen
<LI><a href="#[1df]">&gt;&gt;</a>&nbsp;&nbsp;&nbsp;t_ipconfig_dhcp_pool
<LI><a href="#[1de]">&gt;&gt;</a>&nbsp;&nbsp;&nbsp;t_ipconfig
<LI><a href="#[188]">&gt;&gt;</a>&nbsp;&nbsp;&nbsp;t_bind
<LI><a href="#[176]">&gt;&gt;</a>&nbsp;&nbsp;&nbsp;t_accept
<LI><a href="#[193]">&gt;&gt;</a>&nbsp;&nbsp;&nbsp;custom_ipconfig_set_tcp_exponential_backoff_retry
<LI><a href="#[168]">&gt;&gt;</a>&nbsp;&nbsp;&nbsp;ath_ioctl_handler
<LI><a href="#[7a]">&gt;&gt;</a>&nbsp;&nbsp;&nbsp;Api_DataTxStart
</UL>

<P><STRONG><a name="[89]"></a>Api_GetPmkEvent</STRONG> (Thumb, 32 bytes, Stack size 16 bytes, api_wmi_rx.o(i.Api_GetPmkEvent))
<BR><BR>[Stack]<UL><LI>Max Depth = 144<LI>Call Chain = Api_GetPmkEvent &rArr; Custom_Driver_WakeUser &rArr; rw_post_sem &rArr; osSemaphoreRelease &rArr; xQueueGenericSend &rArr; xTaskResumeAll &rArr; xTaskIncrementTick
</UL>
<BR>[Calls]<UL><LI><a href="#[8b]">&gt;&gt;</a>&nbsp;&nbsp;&nbsp;Custom_Driver_WakeUser
<LI><a href="#[8a]">&gt;&gt;</a>&nbsp;&nbsp;&nbsp;__aeabi_memcpy
</UL>
<BR>[Called By]<UL><LI><a href="#[9a]">&gt;&gt;</a>&nbsp;&nbsp;&nbsp;wmi_control_rx
</UL>

<P><STRONG><a name="[8c]"></a>Api_InitFinish</STRONG> (Thumb, 50 bytes, Stack size 16 bytes, api_init.o(i.Api_InitFinish))
<BR><BR>[Stack]<UL><LI>Max Depth = 168<LI>Call Chain = Api_InitFinish &rArr; Custom_Driver_WaitForCondition &rArr; rw_pend_sem &rArr; osSemaphoreWait &rArr; xQueueGenericReceive &rArr; xTaskResumeAll &rArr; xTaskIncrementTick
</UL>
<BR>[Calls]<UL><LI><a href="#[7b]">&gt;&gt;</a>&nbsp;&nbsp;&nbsp;Custom_Driver_WaitForCondition
</UL>
<BR>[Called By]<UL><LI><a href="#[da]">&gt;&gt;</a>&nbsp;&nbsp;&nbsp;Custom_Api_Start
</UL>

<P><STRONG><a name="[8d]"></a>Api_InitStart</STRONG> (Thumb, 24 bytes, Stack size 8 bytes, api_init.o(i.Api_InitStart))
<BR><BR>[Stack]<UL><LI>Max Depth = 176<LI>Call Chain = Api_InitStart &rArr; socket_context_init &rArr; custom_socket_context_init &rArr; rw_creat_sem &rArr; osSemaphoreCreate &rArr; xQueueCreateCountingSemaphore &rArr; xQueueGenericCreate &rArr; pvPortMalloc &rArr; xTaskResumeAll &rArr; xTaskIncrementTick
</UL>
<BR>[Calls]<UL><LI><a href="#[8f]">&gt;&gt;</a>&nbsp;&nbsp;&nbsp;socket_context_init
<LI><a href="#[8e]">&gt;&gt;</a>&nbsp;&nbsp;&nbsp;Driver_ContextInit
</UL>
<BR>[Called By]<UL><LI><a href="#[da]">&gt;&gt;</a>&nbsp;&nbsp;&nbsp;Custom_Api_Start
</UL>

<P><STRONG><a name="[90]"></a>Api_ParseInfoElem</STRONG> (Thumb, 252 bytes, Stack size 24 bytes, api_ioctl.o(i.Api_ParseInfoElem))
<BR><BR>[Stack]<UL><LI>Max Depth = 60<LI>Call Chain = Api_ParseInfoElem &rArr; security_ie_parse
</UL>
<BR>[Calls]<UL><LI><a href="#[91]">&gt;&gt;</a>&nbsp;&nbsp;&nbsp;Util_Freq2ieee
<LI><a href="#[92]">&gt;&gt;</a>&nbsp;&nbsp;&nbsp;security_ie_parse
<LI><a href="#[62]">&gt;&gt;</a>&nbsp;&nbsp;&nbsp;__aeabi_memclr
<LI><a href="#[8a]">&gt;&gt;</a>&nbsp;&nbsp;&nbsp;__aeabi_memcpy
</UL>
<BR>[Called By]<UL><LI><a href="#[d0]">&gt;&gt;</a>&nbsp;&nbsp;&nbsp;fill_scan_info
</UL>

<P><STRONG><a name="[93]"></a>Api_RSNASuccessEvent</STRONG> (Thumb, 4 bytes, Stack size 0 bytes, api_wmi_rx.o(i.Api_RSNASuccessEvent))
<BR><BR>[Stack]<UL><LI>Max Depth = 168<LI>Call Chain = Api_RSNASuccessEvent &rArr; Custom_Api_RSNASuccessEvent &rArr; driver_unlock_mutex &rArr; rw_unlock_mutex &rArr; osMutexRelease &rArr; xQueueGenericSend &rArr; xTaskResumeAll &rArr; xTaskIncrementTick
</UL>
<BR>[Calls]<UL><LI><a href="#[94]">&gt;&gt;</a>&nbsp;&nbsp;&nbsp;Custom_Api_RSNASuccessEvent
</UL>
<BR>[Called By]<UL><LI><a href="#[9a]">&gt;&gt;</a>&nbsp;&nbsp;&nbsp;wmi_control_rx
</UL>

<P><STRONG><a name="[95]"></a>Api_ReadyEvent</STRONG> (Thumb, 20 bytes, Stack size 24 bytes, api_wmi_rx.o(i.Api_ReadyEvent))
<BR><BR>[Stack]<UL><LI>Max Depth = 152<LI>Call Chain = Api_ReadyEvent &rArr; Custom_Api_ReadyEvent &rArr; Custom_Driver_WakeUser &rArr; rw_post_sem &rArr; osSemaphoreRelease &rArr; xQueueGenericSend &rArr; xTaskResumeAll &rArr; xTaskIncrementTick
</UL>
<BR>[Calls]<UL><LI><a href="#[96]">&gt;&gt;</a>&nbsp;&nbsp;&nbsp;Custom_Api_ReadyEvent
</UL>
<BR>[Called By]<UL><LI><a href="#[9a]">&gt;&gt;</a>&nbsp;&nbsp;&nbsp;wmi_control_rx
</UL>

<P><STRONG><a name="[1f4]"></a>Api_RegDomainEvent</STRONG> (Thumb, 2 bytes, Stack size 0 bytes, api_wmi_rx.o(i.Api_RegDomainEvent))
<BR><BR>[Called By]<UL><LI><a href="#[9a]">&gt;&gt;</a>&nbsp;&nbsp;&nbsp;wmi_control_rx
</UL>

<P><STRONG><a name="[97]"></a>Api_RxComplete</STRONG> (Thumb, 236 bytes, Stack size 40 bytes, api_txrx.o(i.Api_RxComplete))
<BR><BR>[Stack]<UL><LI>Max Depth = 440<LI>Call Chain = Api_RxComplete &rArr; wmi_control_rx &rArr; Api_DisconnectEvent &rArr; Api_ConnectWiFi &rArr; wmi_scanparams_cmd &rArr; wmi_cmd_send &rArr; a_netbuf_free &rArr; txpkt_free &rArr; unblock &rArr; rw_post_sem &rArr; osSemaphoreRelease &rArr; xQueueGenericSend &rArr; xTaskResumeAll &rArr; xTaskIncrementTick
</UL>
<BR>[Calls]<UL><LI><a href="#[9d]">&gt;&gt;</a>&nbsp;&nbsp;&nbsp;a_netbuf_free
<LI><a href="#[9c]">&gt;&gt;</a>&nbsp;&nbsp;&nbsp;assert_func
<LI><a href="#[9b]">&gt;&gt;</a>&nbsp;&nbsp;&nbsp;wmi_data_hdr_remove
<LI><a href="#[9a]">&gt;&gt;</a>&nbsp;&nbsp;&nbsp;wmi_control_rx
<LI><a href="#[9e]">&gt;&gt;</a>&nbsp;&nbsp;&nbsp;Custom_DeliverFrameToNetworkStack
<LI><a href="#[99]">&gt;&gt;</a>&nbsp;&nbsp;&nbsp;a_netbuf_to_len
<LI><a href="#[98]">&gt;&gt;</a>&nbsp;&nbsp;&nbsp;a_netbuf_to_data
</UL>
<BR>[Called By]<UL><LI><a href="#[49]">&gt;&gt;</a>&nbsp;&nbsp;&nbsp;Driver_RxComplete
</UL>

<P><STRONG><a name="[9f]"></a>Api_ScanCompleteEvent</STRONG> (Thumb, 32 bytes, Stack size 16 bytes, api_wmi_rx.o(i.Api_ScanCompleteEvent))
<BR><BR>[Stack]<UL><LI>Max Depth = 224<LI>Call Chain = Api_ScanCompleteEvent &rArr; wmi_bssfilter_cmd &rArr; wmi_cmd_send &rArr; a_netbuf_free &rArr; txpkt_free &rArr; unblock &rArr; rw_post_sem &rArr; osSemaphoreRelease &rArr; xQueueGenericSend &rArr; xTaskResumeAll &rArr; xTaskIncrementTick
</UL>
<BR>[Calls]<UL><LI><a href="#[a0]">&gt;&gt;</a>&nbsp;&nbsp;&nbsp;wmi_bssfilter_cmd
<LI><a href="#[8b]">&gt;&gt;</a>&nbsp;&nbsp;&nbsp;Custom_Driver_WakeUser
</UL>
<BR>[Called By]<UL><LI><a href="#[9a]">&gt;&gt;</a>&nbsp;&nbsp;&nbsp;wmi_control_rx
</UL>

<P><STRONG><a name="[a1]"></a>Api_SockResponseEventRx</STRONG> (Thumb, 408 bytes, Stack size 40 bytes, api_stack_offload.o(i.Api_SockResponseEventRx))
<BR><BR>[Stack]<UL><LI>Max Depth = 200<LI>Call Chain = Api_SockResponseEventRx &rArr; a_netbuf_free &rArr; txpkt_free &rArr; unblock &rArr; rw_post_sem &rArr; osSemaphoreRelease &rArr; xQueueGenericSend &rArr; xTaskResumeAll &rArr; xTaskIncrementTick
</UL>
<BR>[Calls]<UL><LI><a href="#[a4]">&gt;&gt;</a>&nbsp;&nbsp;&nbsp;unblock
<LI><a href="#[9d]">&gt;&gt;</a>&nbsp;&nbsp;&nbsp;a_netbuf_free
<LI><a href="#[a2]">&gt;&gt;</a>&nbsp;&nbsp;&nbsp;find_socket_context
<LI><a href="#[a3]">&gt;&gt;</a>&nbsp;&nbsp;&nbsp;clear_socket_context
</UL>
<BR>[Called By]<UL><LI><a href="#[9a]">&gt;&gt;</a>&nbsp;&nbsp;&nbsp;wmi_control_rx
</UL>

<P><STRONG><a name="[a5]"></a>Api_TargetStatsEvent</STRONG> (Thumb, 26 bytes, Stack size 0 bytes, api_wmi_rx.o(i.Api_TargetStatsEvent))
<BR><BR>[Stack]<UL><LI>Max Depth = 128<LI>Call Chain = Api_TargetStatsEvent &rArr; Custom_Driver_WakeUser &rArr; rw_post_sem &rArr; osSemaphoreRelease &rArr; xQueueGenericSend &rArr; xTaskResumeAll &rArr; xTaskIncrementTick
</UL>
<BR>[Calls]<UL><LI><a href="#[8b]">&gt;&gt;</a>&nbsp;&nbsp;&nbsp;Custom_Driver_WakeUser
</UL>
<BR>[Called By]<UL><LI><a href="#[9a]">&gt;&gt;</a>&nbsp;&nbsp;&nbsp;wmi_control_rx
</UL>

<P><STRONG><a name="[a6]"></a>Api_TkipMicErrorEvent</STRONG> (Thumb, 18 bytes, Stack size 8 bytes, api_wmi_rx.o(i.Api_TkipMicErrorEvent))
<BR><BR>[Stack]<UL><LI>Max Depth = 208<LI>Call Chain = Api_TkipMicErrorEvent &rArr; wmi_disconnect_cmd &rArr; wmi_simple_cmd &rArr; wmi_cmd_send &rArr; a_netbuf_free &rArr; txpkt_free &rArr; unblock &rArr; rw_post_sem &rArr; osSemaphoreRelease &rArr; xQueueGenericSend &rArr; xTaskResumeAll &rArr; xTaskIncrementTick
</UL>
<BR>[Calls]<UL><LI><a href="#[88]">&gt;&gt;</a>&nbsp;&nbsp;&nbsp;wmi_disconnect_cmd
</UL>
<BR>[Called By]<UL><LI><a href="#[9a]">&gt;&gt;</a>&nbsp;&nbsp;&nbsp;wmi_control_rx
</UL>

<P><STRONG><a name="[a7]"></a>Api_TxComplete</STRONG> (Thumb, 60 bytes, Stack size 16 bytes, api_txrx.o(i.Api_TxComplete))
<BR><BR>[Stack]<UL><LI>Max Depth = 176<LI>Call Chain = Api_TxComplete &rArr; a_netbuf_free &rArr; txpkt_free &rArr; unblock &rArr; rw_post_sem &rArr; osSemaphoreRelease &rArr; xQueueGenericSend &rArr; xTaskResumeAll &rArr; xTaskIncrementTick
</UL>
<BR>[Calls]<UL><LI><a href="#[a8]">&gt;&gt;</a>&nbsp;&nbsp;&nbsp;txpkt_free
<LI><a href="#[9d]">&gt;&gt;</a>&nbsp;&nbsp;&nbsp;a_netbuf_free
<LI><a href="#[8b]">&gt;&gt;</a>&nbsp;&nbsp;&nbsp;Custom_Driver_WakeUser
</UL>
<BR>[Called By]<UL><LI><a href="#[4a]">&gt;&gt;</a>&nbsp;&nbsp;&nbsp;Driver_TxComplete
</UL>

<P><STRONG><a name="[a9]"></a>Api_TxGetStatus</STRONG> (Thumb, 74 bytes, Stack size 16 bytes, api_txrx.o(i.Api_TxGetStatus))
<BR><BR>[Stack]<UL><LI>Max Depth = 168<LI>Call Chain = Api_TxGetStatus &rArr; Custom_Driver_WaitForCondition &rArr; rw_pend_sem &rArr; osSemaphoreWait &rArr; xQueueGenericReceive &rArr; xTaskResumeAll &rArr; xTaskIncrementTick
</UL>
<BR>[Calls]<UL><LI><a href="#[7b]">&gt;&gt;</a>&nbsp;&nbsp;&nbsp;Custom_Driver_WaitForCondition
<LI><a href="#[aa]">&gt;&gt;</a>&nbsp;&nbsp;&nbsp;Custom_Driver_WakeDriver
</UL>
<BR>[Called By]<UL><LI><a href="#[168]">&gt;&gt;</a>&nbsp;&nbsp;&nbsp;ath_ioctl_handler
</UL>

<P><STRONG><a name="[ab]"></a>Api_WMIInitFinish</STRONG> (Thumb, 150 bytes, Stack size 56 bytes, api_init.o(i.Api_WMIInitFinish))
<BR><BR>[Stack]<UL><LI>Max Depth = 296<LI>Call Chain = Api_WMIInitFinish &rArr; wmi_scanparams_cmd &rArr; wmi_cmd_send &rArr; a_netbuf_free &rArr; txpkt_free &rArr; unblock &rArr; rw_post_sem &rArr; osSemaphoreRelease &rArr; xQueueGenericSend &rArr; xTaskResumeAll &rArr; xTaskIncrementTick
</UL>
<BR>[Calls]<UL><LI><a href="#[75]">&gt;&gt;</a>&nbsp;&nbsp;&nbsp;wmi_scanparams_cmd
<LI><a href="#[9c]">&gt;&gt;</a>&nbsp;&nbsp;&nbsp;assert_func
<LI><a href="#[ac]">&gt;&gt;</a>&nbsp;&nbsp;&nbsp;wmi_storerecall_configure_cmd
<LI><a href="#[ad]">&gt;&gt;</a>&nbsp;&nbsp;&nbsp;wmi_allow_aggr_cmd
<LI><a href="#[ae]">&gt;&gt;</a>&nbsp;&nbsp;&nbsp;send_stack_init
</UL>
<BR>[Called By]<UL><LI><a href="#[da]">&gt;&gt;</a>&nbsp;&nbsp;&nbsp;Custom_Api_Start
</UL>

<P><STRONG><a name="[af]"></a>Api_WmiTxStart</STRONG> (Thumb, 22 bytes, Stack size 8 bytes, api_txrx.o(i.Api_WmiTxStart))
<BR><BR>[Stack]<UL><LI>Max Depth = 160<LI>Call Chain = Api_WmiTxStart &rArr; Driver_SubmitTxRequest &rArr; rw_unlock_mutex &rArr; osMutexRelease &rArr; xQueueGenericSend &rArr; xTaskResumeAll &rArr; xTaskIncrementTick
</UL>
<BR>[Calls]<UL><LI><a href="#[80]">&gt;&gt;</a>&nbsp;&nbsp;&nbsp;Driver_SubmitTxRequest
</UL>
<BR>[Called By]<UL><LI><a href="#[1f2]">&gt;&gt;</a>&nbsp;&nbsp;&nbsp;wmi_cmd_send
</UL>

<P><STRONG><a name="[b0]"></a>Api_WpsProfileEvent</STRONG> (Thumb, 244 bytes, Stack size 40 bytes, api_wmi_rx.o(i.Api_WpsProfileEvent))
<BR><BR>[Stack]<UL><LI>Max Depth = 240<LI>Call Chain = Api_WpsProfileEvent &rArr; wmi_powermode_cmd &rArr; wmi_cmd_send &rArr; a_netbuf_free &rArr; txpkt_free &rArr; unblock &rArr; rw_post_sem &rArr; osSemaphoreRelease &rArr; xQueueGenericSend &rArr; xTaskResumeAll &rArr; xTaskIncrementTick
</UL>
<BR>[Calls]<UL><LI><a href="#[b1]">&gt;&gt;</a>&nbsp;&nbsp;&nbsp;wmi_powermode_cmd
<LI><a href="#[9d]">&gt;&gt;</a>&nbsp;&nbsp;&nbsp;a_netbuf_free
<LI><a href="#[88]">&gt;&gt;</a>&nbsp;&nbsp;&nbsp;wmi_disconnect_cmd
<LI><a href="#[71]">&gt;&gt;</a>&nbsp;&nbsp;&nbsp;driver_unlock_mutex
<LI><a href="#[70]">&gt;&gt;</a>&nbsp;&nbsp;&nbsp;driver_lock_mutex
<LI><a href="#[8a]">&gt;&gt;</a>&nbsp;&nbsp;&nbsp;__aeabi_memcpy
</UL>
<BR>[Called By]<UL><LI><a href="#[9a]">&gt;&gt;</a>&nbsp;&nbsp;&nbsp;wmi_control_rx
</UL>

<P><STRONG><a name="[b2]"></a>Api_accept</STRONG> (Thumb, 344 bytes, Stack size 88 bytes, api_stack_offload.o(i.Api_accept))
<BR><BR>[Stack]<UL><LI>Max Depth = 304<LI>Call Chain = Api_accept &rArr; wmi_socket_cmd &rArr; wmi_cmd_send &rArr; a_netbuf_free &rArr; txpkt_free &rArr; unblock &rArr; rw_post_sem &rArr; osSemaphoreRelease &rArr; xQueueGenericSend &rArr; xTaskResumeAll &rArr; xTaskIncrementTick
</UL>
<BR>[Calls]<UL><LI><a href="#[b3]">&gt;&gt;</a>&nbsp;&nbsp;&nbsp;isSocketBlocked
<LI><a href="#[b5]">&gt;&gt;</a>&nbsp;&nbsp;&nbsp;blockForResponse
<LI><a href="#[9d]">&gt;&gt;</a>&nbsp;&nbsp;&nbsp;a_netbuf_free
<LI><a href="#[b4]">&gt;&gt;</a>&nbsp;&nbsp;&nbsp;wmi_socket_cmd
<LI><a href="#[a2]">&gt;&gt;</a>&nbsp;&nbsp;&nbsp;find_socket_context
<LI><a href="#[8a]">&gt;&gt;</a>&nbsp;&nbsp;&nbsp;__aeabi_memcpy
</UL>
<BR>[Called By]<UL><LI><a href="#[176]">&gt;&gt;</a>&nbsp;&nbsp;&nbsp;t_accept
</UL>

<P><STRONG><a name="[b6]"></a>Api_bind</STRONG> (Thumb, 194 bytes, Stack size 72 bytes, api_stack_offload.o(i.Api_bind))
<BR><BR>[Stack]<UL><LI>Max Depth = 288<LI>Call Chain = Api_bind &rArr; wmi_socket_cmd &rArr; wmi_cmd_send &rArr; a_netbuf_free &rArr; txpkt_free &rArr; unblock &rArr; rw_post_sem &rArr; osSemaphoreRelease &rArr; xQueueGenericSend &rArr; xTaskResumeAll &rArr; xTaskIncrementTick
</UL>
<BR>[Calls]<UL><LI><a href="#[b3]">&gt;&gt;</a>&nbsp;&nbsp;&nbsp;isSocketBlocked
<LI><a href="#[b5]">&gt;&gt;</a>&nbsp;&nbsp;&nbsp;blockForResponse
<LI><a href="#[b4]">&gt;&gt;</a>&nbsp;&nbsp;&nbsp;wmi_socket_cmd
</UL>
<BR>[Called By]<UL><LI><a href="#[188]">&gt;&gt;</a>&nbsp;&nbsp;&nbsp;t_bind
</UL>

<P><STRONG><a name="[b7]"></a>Api_easyconfigEvent</STRONG> (Thumb, 4 bytes, Stack size 0 bytes, api_wmi_rx.o(i.Api_easyconfigEvent))
<BR><BR>[Stack]<UL><LI>Max Depth = 44<LI>Call Chain = Api_easyconfigEvent &rArr; Custom_Api_easyconfigEvent &rArr; strncmp
</UL>
<BR>[Calls]<UL><LI><a href="#[b8]">&gt;&gt;</a>&nbsp;&nbsp;&nbsp;Custom_Api_easyconfigEvent
</UL>
<BR>[Called By]<UL><LI><a href="#[9a]">&gt;&gt;</a>&nbsp;&nbsp;&nbsp;wmi_control_rx
</UL>

<P><STRONG><a name="[b9]"></a>Api_ipconfig</STRONG> (Thumb, 240 bytes, Stack size 184 bytes, api_stack_offload.o(i.Api_ipconfig))
<BR><BR>[Stack]<UL><LI>Max Depth = 400<LI>Call Chain = Api_ipconfig &rArr; wmi_socket_cmd &rArr; wmi_cmd_send &rArr; a_netbuf_free &rArr; txpkt_free &rArr; unblock &rArr; rw_post_sem &rArr; osSemaphoreRelease &rArr; xQueueGenericSend &rArr; xTaskResumeAll &rArr; xTaskIncrementTick
</UL>
<BR>[Calls]<UL><LI><a href="#[b3]">&gt;&gt;</a>&nbsp;&nbsp;&nbsp;isSocketBlocked
<LI><a href="#[b5]">&gt;&gt;</a>&nbsp;&nbsp;&nbsp;blockForResponse
<LI><a href="#[9d]">&gt;&gt;</a>&nbsp;&nbsp;&nbsp;a_netbuf_free
<LI><a href="#[b4]">&gt;&gt;</a>&nbsp;&nbsp;&nbsp;wmi_socket_cmd
<LI><a href="#[ba]">&gt;&gt;</a>&nbsp;&nbsp;&nbsp;strcpy
<LI><a href="#[77]">&gt;&gt;</a>&nbsp;&nbsp;&nbsp;__aeabi_memclr4
</UL>
<BR>[Called By]<UL><LI><a href="#[1de]">&gt;&gt;</a>&nbsp;&nbsp;&nbsp;t_ipconfig
</UL>

<P><STRONG><a name="[bb]"></a>Api_ipconfig_dhcp_pool</STRONG> (Thumb, 66 bytes, Stack size 40 bytes, api_stack_offload.o(i.Api_ipconfig_dhcp_pool))
<BR><BR>[Stack]<UL><LI>Max Depth = 256<LI>Call Chain = Api_ipconfig_dhcp_pool &rArr; wmi_socket_cmd &rArr; wmi_cmd_send &rArr; a_netbuf_free &rArr; txpkt_free &rArr; unblock &rArr; rw_post_sem &rArr; osSemaphoreRelease &rArr; xQueueGenericSend &rArr; xTaskResumeAll &rArr; xTaskIncrementTick
</UL>
<BR>[Calls]<UL><LI><a href="#[b3]">&gt;&gt;</a>&nbsp;&nbsp;&nbsp;isSocketBlocked
<LI><a href="#[b4]">&gt;&gt;</a>&nbsp;&nbsp;&nbsp;wmi_socket_cmd
</UL>
<BR>[Called By]<UL><LI><a href="#[1df]">&gt;&gt;</a>&nbsp;&nbsp;&nbsp;t_ipconfig_dhcp_pool
</UL>

<P><STRONG><a name="[bc]"></a>Api_ipconfig_set_tcp_exponential_backoff_retry</STRONG> (Thumb, 54 bytes, Stack size 24 bytes, api_stack_offload.o(i.Api_ipconfig_set_tcp_exponential_backoff_retry))
<BR><BR>[Stack]<UL><LI>Max Depth = 240<LI>Call Chain = Api_ipconfig_set_tcp_exponential_backoff_retry &rArr; wmi_socket_cmd &rArr; wmi_cmd_send &rArr; a_netbuf_free &rArr; txpkt_free &rArr; unblock &rArr; rw_post_sem &rArr; osSemaphoreRelease &rArr; xQueueGenericSend &rArr; xTaskResumeAll &rArr; xTaskIncrementTick
</UL>
<BR>[Calls]<UL><LI><a href="#[b3]">&gt;&gt;</a>&nbsp;&nbsp;&nbsp;isSocketBlocked
<LI><a href="#[b4]">&gt;&gt;</a>&nbsp;&nbsp;&nbsp;wmi_socket_cmd
</UL>
<BR>[Called By]<UL><LI><a href="#[193]">&gt;&gt;</a>&nbsp;&nbsp;&nbsp;custom_ipconfig_set_tcp_exponential_backoff_retry
</UL>

<P><STRONG><a name="[bd]"></a>Api_listen</STRONG> (Thumb, 130 bytes, Stack size 40 bytes, api_stack_offload.o(i.Api_listen))
<BR><BR>[Stack]<UL><LI>Max Depth = 256<LI>Call Chain = Api_listen &rArr; wmi_socket_cmd &rArr; wmi_cmd_send &rArr; a_netbuf_free &rArr; txpkt_free &rArr; unblock &rArr; rw_post_sem &rArr; osSemaphoreRelease &rArr; xQueueGenericSend &rArr; xTaskResumeAll &rArr; xTaskIncrementTick
</UL>
<BR>[Calls]<UL><LI><a href="#[b3]">&gt;&gt;</a>&nbsp;&nbsp;&nbsp;isSocketBlocked
<LI><a href="#[b5]">&gt;&gt;</a>&nbsp;&nbsp;&nbsp;blockForResponse
<LI><a href="#[b4]">&gt;&gt;</a>&nbsp;&nbsp;&nbsp;wmi_socket_cmd
</UL>
<BR>[Called By]<UL><LI><a href="#[19c]">&gt;&gt;</a>&nbsp;&nbsp;&nbsp;t_listen
</UL>

<P><STRONG><a name="[be]"></a>Api_recvfrom</STRONG> (Thumb, 168 bytes, Stack size 32 bytes, cust_api_stack_offload.o(i.Api_recvfrom))
<BR><BR>[Stack]<UL><LI>Max Depth = 192<LI>Call Chain = Api_recvfrom &rArr; a_netbuf_free &rArr; txpkt_free &rArr; unblock &rArr; rw_post_sem &rArr; osSemaphoreRelease &rArr; xQueueGenericSend &rArr; xTaskResumeAll &rArr; xTaskIncrementTick
</UL>
<BR>[Calls]<UL><LI><a href="#[9d]">&gt;&gt;</a>&nbsp;&nbsp;&nbsp;a_netbuf_free
<LI><a href="#[99]">&gt;&gt;</a>&nbsp;&nbsp;&nbsp;a_netbuf_to_len
<LI><a href="#[98]">&gt;&gt;</a>&nbsp;&nbsp;&nbsp;a_netbuf_to_data
<LI><a href="#[c0]">&gt;&gt;</a>&nbsp;&nbsp;&nbsp;a_netbuf_pull
<LI><a href="#[bf]">&gt;&gt;</a>&nbsp;&nbsp;&nbsp;a_netbuf_dequeue
<LI><a href="#[8a]">&gt;&gt;</a>&nbsp;&nbsp;&nbsp;__aeabi_memcpy
</UL>
<BR>[Called By]<UL><LI><a href="#[1d7]">&gt;&gt;</a>&nbsp;&nbsp;&nbsp;t_recvfrom
</UL>

<P><STRONG><a name="[c1]"></a>Api_select</STRONG> (Thumb, 110 bytes, Stack size 32 bytes, api_stack_offload.o(i.Api_select))
<BR><BR>[Stack]<UL><LI>Max Depth = 184<LI>Call Chain = Api_select &rArr; blockForResponse &rArr; rw_pend_sem &rArr; osSemaphoreWait &rArr; xQueueGenericReceive &rArr; xTaskResumeAll &rArr; xTaskIncrementTick
</UL>
<BR>[Calls]<UL><LI><a href="#[b3]">&gt;&gt;</a>&nbsp;&nbsp;&nbsp;isSocketBlocked
<LI><a href="#[c2]">&gt;&gt;</a>&nbsp;&nbsp;&nbsp;custom_queue_empty
<LI><a href="#[b5]">&gt;&gt;</a>&nbsp;&nbsp;&nbsp;blockForResponse
</UL>
<BR>[Called By]<UL><LI><a href="#[1e2]">&gt;&gt;</a>&nbsp;&nbsp;&nbsp;t_select
</UL>

<P><STRONG><a name="[c3]"></a>Api_shutdown</STRONG> (Thumb, 146 bytes, Stack size 32 bytes, api_stack_offload.o(i.Api_shutdown))
<BR><BR>[Stack]<UL><LI>Max Depth = 248<LI>Call Chain = Api_shutdown &rArr; wmi_socket_cmd &rArr; wmi_cmd_send &rArr; a_netbuf_free &rArr; txpkt_free &rArr; unblock &rArr; rw_post_sem &rArr; osSemaphoreRelease &rArr; xQueueGenericSend &rArr; xTaskResumeAll &rArr; xTaskIncrementTick
</UL>
<BR>[Calls]<UL><LI><a href="#[b3]">&gt;&gt;</a>&nbsp;&nbsp;&nbsp;isSocketBlocked
<LI><a href="#[b5]">&gt;&gt;</a>&nbsp;&nbsp;&nbsp;blockForResponse
<LI><a href="#[b4]">&gt;&gt;</a>&nbsp;&nbsp;&nbsp;wmi_socket_cmd
<LI><a href="#[c4]">&gt;&gt;</a>&nbsp;&nbsp;&nbsp;a_netbuf_purge_queue
<LI><a href="#[a3]">&gt;&gt;</a>&nbsp;&nbsp;&nbsp;clear_socket_context
</UL>
<BR>[Called By]<UL><LI><a href="#[1e4]">&gt;&gt;</a>&nbsp;&nbsp;&nbsp;t_shutdown
</UL>

<P><STRONG><a name="[c5]"></a>Api_socket</STRONG> (Thumb, 186 bytes, Stack size 48 bytes, api_stack_offload.o(i.Api_socket))
<BR><BR>[Stack]<UL><LI>Max Depth = 264<LI>Call Chain = Api_socket &rArr; wmi_socket_cmd &rArr; wmi_cmd_send &rArr; a_netbuf_free &rArr; txpkt_free &rArr; unblock &rArr; rw_post_sem &rArr; osSemaphoreRelease &rArr; xQueueGenericSend &rArr; xTaskResumeAll &rArr; xTaskIncrementTick
</UL>
<BR>[Calls]<UL><LI><a href="#[b5]">&gt;&gt;</a>&nbsp;&nbsp;&nbsp;blockForResponse
<LI><a href="#[b4]">&gt;&gt;</a>&nbsp;&nbsp;&nbsp;wmi_socket_cmd
<LI><a href="#[a2]">&gt;&gt;</a>&nbsp;&nbsp;&nbsp;find_socket_context
<LI><a href="#[a3]">&gt;&gt;</a>&nbsp;&nbsp;&nbsp;clear_socket_context
</UL>
<BR>[Called By]<UL><LI><a href="#[1e5]">&gt;&gt;</a>&nbsp;&nbsp;&nbsp;t_socket
</UL>

<P><STRONG><a name="[4]"></a>BusFault_Handler</STRONG> (Thumb, 2 bytes, Stack size 0 bytes, stm32f4xx_it.o(i.BusFault_Handler))
<BR><BR>[Calls]<UL><LI><a href="#[4]">&gt;&gt;</a>&nbsp;&nbsp;&nbsp;BusFault_Handler
</UL>
<BR>[Called By]<UL><LI><a href="#[4]">&gt;&gt;</a>&nbsp;&nbsp;&nbsp;BusFault_Handler
</UL>
<BR>[Address Reference Count : 1]<UL><LI> startup_stm32f411xe.o(RESET)
</UL>
<P><STRONG><a name="[ca]"></a>Bus_InOutDescriptorSet</STRONG> (Thumb, 142 bytes, Stack size 40 bytes, hw_api.o(i.Bus_InOutDescriptorSet))
<BR><BR>[Stack]<UL><LI>Max Depth = 56<LI>Call Chain = Bus_InOutDescriptorSet &rArr; assert_func
</UL>
<BR>[Calls]<UL><LI><a href="#[cb]">&gt;&gt;</a>&nbsp;&nbsp;&nbsp;a_netbuf_get_fragment
<LI><a href="#[9c]">&gt;&gt;</a>&nbsp;&nbsp;&nbsp;assert_func
</UL>
<BR>[Called By]<UL><LI><a href="#[f8]">&gt;&gt;</a>&nbsp;&nbsp;&nbsp;Hcd_TransferData
</UL>

<P><STRONG><a name="[f7]"></a>Bus_InOutToken</STRONG> (Thumb, 34 bytes, Stack size 32 bytes, hw_api.o(i.Bus_InOutToken))
<BR><BR>[Stack]<UL><LI>Max Depth = 32<LI>Call Chain = Bus_InOutToken
</UL>
<BR>[Called By]<UL><LI><a href="#[104]">&gt;&gt;</a>&nbsp;&nbsp;&nbsp;HW_PowerUpDown
<LI><a href="#[f6]">&gt;&gt;</a>&nbsp;&nbsp;&nbsp;DoPioWriteInternal
<LI><a href="#[fb]">&gt;&gt;</a>&nbsp;&nbsp;&nbsp;DoPioReadInternal
<LI><a href="#[f4]">&gt;&gt;</a>&nbsp;&nbsp;&nbsp;DoDMAOp
<LI><a href="#[11f]">&gt;&gt;</a>&nbsp;&nbsp;&nbsp;Hcd_DoPioExternalAccess
</UL>

<P><STRONG><a name="[6e]"></a>Custom_Api_BssInfoEvent</STRONG> (Thumb, 168 bytes, Stack size 48 bytes, cust_api_wmi_rx.o(i.Custom_Api_BssInfoEvent))
<BR><BR>[Stack]<UL><LI>Max Depth = 180<LI>Call Chain = Custom_Api_BssInfoEvent &rArr; fill_scan_info &rArr; Api_ParseInfoElem &rArr; security_ie_parse
</UL>
<BR>[Calls]<UL><LI><a href="#[cf]">&gt;&gt;</a>&nbsp;&nbsp;&nbsp;memcmp
<LI><a href="#[d0]">&gt;&gt;</a>&nbsp;&nbsp;&nbsp;fill_scan_info
</UL>
<BR>[Called By]<UL><LI><a href="#[6d]">&gt;&gt;</a>&nbsp;&nbsp;&nbsp;Api_BssInfoEvent
</UL>

<P><STRONG><a name="[73]"></a>Custom_Api_ConnectEvent</STRONG> (Thumb, 192 bytes, Stack size 32 bytes, cust_api_wmi_rx.o(i.Custom_Api_ConnectEvent))
<BR><BR>[Stack]<UL><LI>Max Depth = 168<LI>Call Chain = Custom_Api_ConnectEvent &rArr; driver_unlock_mutex &rArr; rw_unlock_mutex &rArr; osMutexRelease &rArr; xQueueGenericSend &rArr; xTaskResumeAll &rArr; xTaskIncrementTick
</UL>
<BR>[Calls]<UL><LI><a href="#[91]">&gt;&gt;</a>&nbsp;&nbsp;&nbsp;Util_Freq2ieee
<LI><a href="#[77]">&gt;&gt;</a>&nbsp;&nbsp;&nbsp;__aeabi_memclr4
<LI><a href="#[d2]">&gt;&gt;</a>&nbsp;&nbsp;&nbsp;driver_unlock_mutex
<LI><a href="#[d1]">&gt;&gt;</a>&nbsp;&nbsp;&nbsp;driver_lock_mutex
</UL>
<BR>[Called By]<UL><LI><a href="#[6f]">&gt;&gt;</a>&nbsp;&nbsp;&nbsp;Api_ConnectEvent
</UL>

<P><STRONG><a name="[85]"></a>Custom_Api_DisconnectEvent</STRONG> (Thumb, 118 bytes, Stack size 24 bytes, cust_api_wmi_rx.o(i.Custom_Api_DisconnectEvent))
<BR><BR>[Stack]<UL><LI>Max Depth = 160<LI>Call Chain = Custom_Api_DisconnectEvent &rArr; driver_unlock_mutex &rArr; rw_unlock_mutex &rArr; osMutexRelease &rArr; xQueueGenericSend &rArr; xTaskResumeAll &rArr; xTaskIncrementTick
</UL>
<BR>[Calls]<UL><LI><a href="#[d2]">&gt;&gt;</a>&nbsp;&nbsp;&nbsp;driver_unlock_mutex
<LI><a href="#[d1]">&gt;&gt;</a>&nbsp;&nbsp;&nbsp;driver_lock_mutex
</UL>
<BR>[Called By]<UL><LI><a href="#[84]">&gt;&gt;</a>&nbsp;&nbsp;&nbsp;Api_DisconnectEvent
</UL>

<P><STRONG><a name="[94]"></a>Custom_Api_RSNASuccessEvent</STRONG> (Thumb, 148 bytes, Stack size 32 bytes, cust_api_wmi_rx.o(i.Custom_Api_RSNASuccessEvent))
<BR><BR>[Stack]<UL><LI>Max Depth = 168<LI>Call Chain = Custom_Api_RSNASuccessEvent &rArr; driver_unlock_mutex &rArr; rw_unlock_mutex &rArr; osMutexRelease &rArr; xQueueGenericSend &rArr; xTaskResumeAll &rArr; xTaskIncrementTick
</UL>
<BR>[Calls]<UL><LI><a href="#[91]">&gt;&gt;</a>&nbsp;&nbsp;&nbsp;Util_Freq2ieee
<LI><a href="#[77]">&gt;&gt;</a>&nbsp;&nbsp;&nbsp;__aeabi_memclr4
<LI><a href="#[d2]">&gt;&gt;</a>&nbsp;&nbsp;&nbsp;driver_unlock_mutex
<LI><a href="#[d1]">&gt;&gt;</a>&nbsp;&nbsp;&nbsp;driver_lock_mutex
</UL>
<BR>[Called By]<UL><LI><a href="#[93]">&gt;&gt;</a>&nbsp;&nbsp;&nbsp;Api_RSNASuccessEvent
</UL>

<P><STRONG><a name="[96]"></a>Custom_Api_ReadyEvent</STRONG> (Thumb, 16 bytes, Stack size 0 bytes, cust_api_wmi_rx.o(i.Custom_Api_ReadyEvent))
<BR><BR>[Stack]<UL><LI>Max Depth = 128<LI>Call Chain = Custom_Api_ReadyEvent &rArr; Custom_Driver_WakeUser &rArr; rw_post_sem &rArr; osSemaphoreRelease &rArr; xQueueGenericSend &rArr; xTaskResumeAll &rArr; xTaskIncrementTick
</UL>
<BR>[Calls]<UL><LI><a href="#[8b]">&gt;&gt;</a>&nbsp;&nbsp;&nbsp;Custom_Driver_WakeUser
</UL>
<BR>[Called By]<UL><LI><a href="#[95]">&gt;&gt;</a>&nbsp;&nbsp;&nbsp;Api_ReadyEvent
</UL>

<P><STRONG><a name="[d3]"></a>Custom_Api_Shutdown</STRONG> (Thumb, 70 bytes, Stack size 16 bytes, cust_api_init.o(i.Custom_Api_Shutdown))
<BR><BR>[Stack]<UL><LI>Max Depth = 224<LI>Call Chain = Custom_Api_Shutdown &rArr; Api_DeInitFinish &rArr; Driver_ContextDeInit &rArr; Custom_Driver_ContextDeInit &rArr; a_netbuf_free &rArr; txpkt_free &rArr; unblock &rArr; rw_post_sem &rArr; osSemaphoreRelease &rArr; xQueueGenericSend &rArr; xTaskResumeAll &rArr; xTaskIncrementTick
</UL>
<BR>[Calls]<UL><LI><a href="#[d7]">&gt;&gt;</a>&nbsp;&nbsp;&nbsp;rw_del_task
<LI><a href="#[d8]">&gt;&gt;</a>&nbsp;&nbsp;&nbsp;rw_del_sem
<LI><a href="#[d6]">&gt;&gt;</a>&nbsp;&nbsp;&nbsp;Custom_Driver_DestroyThread
<LI><a href="#[d5]">&gt;&gt;</a>&nbsp;&nbsp;&nbsp;Api_DeInitStart
<LI><a href="#[81]">&gt;&gt;</a>&nbsp;&nbsp;&nbsp;Api_DeInitFinish
<LI><a href="#[d4]">&gt;&gt;</a>&nbsp;&nbsp;&nbsp;GetDriverContextPtr
<LI><a href="#[d9]">&gt;&gt;</a>&nbsp;&nbsp;&nbsp;ClearDriverContextPtr
</UL>
<BR>[Called By]<UL><LI><a href="#[1da]">&gt;&gt;</a>&nbsp;&nbsp;&nbsp;rw_sysDriverReset
</UL>

<P><STRONG><a name="[da]"></a>Custom_Api_Start</STRONG> (Thumb, 188 bytes, Stack size 32 bytes, cust_api_init.o(i.Custom_Api_Start))
<BR><BR>[Stack]<UL><LI>Max Depth = 472<LI>Call Chain = Custom_Api_Start &rArr; Driver_Init &rArr; Driver_BootComm &rArr; Driver_TargReset &rArr; Driver_WriteDataDiag &rArr; Driver_WriteRegDiag &rArr; Driver_SetAddressWindowRegister &rArr; Hcd_DoPioExternalAccess &rArr; Hcd_TransferData &rArr; Bus_InOutDescriptorSet &rArr; assert_func
</UL>
<BR>[Calls]<UL><LI><a href="#[dd]">&gt;&gt;</a>&nbsp;&nbsp;&nbsp;rw_creat_sem
<LI><a href="#[db]">&gt;&gt;</a>&nbsp;&nbsp;&nbsp;a_malloc_init
<LI><a href="#[dc]">&gt;&gt;</a>&nbsp;&nbsp;&nbsp;Driver_Init
<LI><a href="#[de]">&gt;&gt;</a>&nbsp;&nbsp;&nbsp;Custom_Driver_CreateThread
<LI><a href="#[ab]">&gt;&gt;</a>&nbsp;&nbsp;&nbsp;Api_WMIInitFinish
<LI><a href="#[8d]">&gt;&gt;</a>&nbsp;&nbsp;&nbsp;Api_InitStart
<LI><a href="#[8c]">&gt;&gt;</a>&nbsp;&nbsp;&nbsp;Api_InitFinish
<LI><a href="#[d5]">&gt;&gt;</a>&nbsp;&nbsp;&nbsp;Api_DeInitStart
<LI><a href="#[81]">&gt;&gt;</a>&nbsp;&nbsp;&nbsp;Api_DeInitFinish
<LI><a href="#[d9]">&gt;&gt;</a>&nbsp;&nbsp;&nbsp;ClearDriverContextPtr
<LI><a href="#[9c]">&gt;&gt;</a>&nbsp;&nbsp;&nbsp;assert_func
<LI><a href="#[62]">&gt;&gt;</a>&nbsp;&nbsp;&nbsp;__aeabi_memclr
</UL>
<BR>[Called By]<UL><LI><a href="#[1da]">&gt;&gt;</a>&nbsp;&nbsp;&nbsp;rw_sysDriverReset
<LI><a href="#[1b8]">&gt;&gt;</a>&nbsp;&nbsp;&nbsp;rw_sysDriverInit
</UL>

<P><STRONG><a name="[b8]"></a>Custom_Api_easyconfigEvent</STRONG> (Thumb, 186 bytes, Stack size 32 bytes, cust_api_wmi_rx.o(i.Custom_Api_easyconfigEvent))
<BR><BR>[Stack]<UL><LI>Max Depth = 44<LI>Call Chain = Custom_Api_easyconfigEvent &rArr; strncmp
</UL>
<BR>[Calls]<UL><LI><a href="#[df]">&gt;&gt;</a>&nbsp;&nbsp;&nbsp;strncmp
<LI><a href="#[ba]">&gt;&gt;</a>&nbsp;&nbsp;&nbsp;strcpy
<LI><a href="#[e1]">&gt;&gt;</a>&nbsp;&nbsp;&nbsp;strlen
<LI><a href="#[e0]">&gt;&gt;</a>&nbsp;&nbsp;&nbsp;strncpy
<LI><a href="#[62]">&gt;&gt;</a>&nbsp;&nbsp;&nbsp;__aeabi_memclr
</UL>
<BR>[Called By]<UL><LI><a href="#[b7]">&gt;&gt;</a>&nbsp;&nbsp;&nbsp;Api_easyconfigEvent
</UL>

<P><STRONG><a name="[9e]"></a>Custom_DeliverFrameToNetworkStack</STRONG> (Thumb, 4 bytes, Stack size 0 bytes, cust_api_stack_txrx.o(i.Custom_DeliverFrameToNetworkStack))
<BR><BR>[Stack]<UL><LI>Max Depth = 184<LI>Call Chain = Custom_DeliverFrameToNetworkStack &rArr; custom_receive_tcpip &rArr; a_netbuf_free &rArr; txpkt_free &rArr; unblock &rArr; rw_post_sem &rArr; osSemaphoreRelease &rArr; xQueueGenericSend &rArr; xTaskResumeAll &rArr; xTaskIncrementTick
</UL>
<BR>[Calls]<UL><LI><a href="#[e2]">&gt;&gt;</a>&nbsp;&nbsp;&nbsp;custom_receive_tcpip
</UL>
<BR>[Called By]<UL><LI><a href="#[97]">&gt;&gt;</a>&nbsp;&nbsp;&nbsp;Api_RxComplete
</UL>

<P><STRONG><a name="[e3]"></a>Custom_Driver_ContextDeInit</STRONG> (Thumb, 74 bytes, Stack size 24 bytes, cust_driver_main.o(i.Custom_Driver_ContextDeInit))
<BR><BR>[Stack]<UL><LI>Max Depth = 184<LI>Call Chain = Custom_Driver_ContextDeInit &rArr; a_netbuf_free &rArr; txpkt_free &rArr; unblock &rArr; rw_post_sem &rArr; osSemaphoreRelease &rArr; xQueueGenericSend &rArr; xTaskResumeAll &rArr; xTaskIncrementTick
</UL>
<BR>[Calls]<UL><LI><a href="#[9d]">&gt;&gt;</a>&nbsp;&nbsp;&nbsp;a_netbuf_free
<LI><a href="#[bf]">&gt;&gt;</a>&nbsp;&nbsp;&nbsp;a_netbuf_dequeue
<LI><a href="#[e5]">&gt;&gt;</a>&nbsp;&nbsp;&nbsp;default_native_free_fn
<LI><a href="#[e4]">&gt;&gt;</a>&nbsp;&nbsp;&nbsp;Custom_GetRxRequest
</UL>
<BR>[Called By]<UL><LI><a href="#[82]">&gt;&gt;</a>&nbsp;&nbsp;&nbsp;Driver_ContextDeInit
</UL>

<P><STRONG><a name="[e6]"></a>Custom_Driver_ContextInit</STRONG> (Thumb, 96 bytes, Stack size 32 bytes, cust_driver_main.o(i.Custom_Driver_ContextInit))
<BR><BR>[Stack]<UL><LI>Max Depth = 56<LI>Call Chain = Custom_Driver_ContextInit &rArr; a_netbuf_alloc_raw &rArr; a_malloc
</UL>
<BR>[Calls]<UL><LI><a href="#[ea]">&gt;&gt;</a>&nbsp;&nbsp;&nbsp;a_netbuf_enqueue
<LI><a href="#[e7]">&gt;&gt;</a>&nbsp;&nbsp;&nbsp;a_netbuf_queue_init
<LI><a href="#[e9]">&gt;&gt;</a>&nbsp;&nbsp;&nbsp;a_netbuf_set_rx_pool
<LI><a href="#[e8]">&gt;&gt;</a>&nbsp;&nbsp;&nbsp;a_netbuf_alloc_raw
</UL>
<BR>[Called By]<UL><LI><a href="#[8e]">&gt;&gt;</a>&nbsp;&nbsp;&nbsp;Driver_ContextInit
</UL>

<P><STRONG><a name="[de]"></a>Custom_Driver_CreateThread</STRONG> (Thumb, 24 bytes, Stack size 8 bytes, cust_driver_main.o(i.Custom_Driver_CreateThread))
<BR><BR>[Stack]<UL><LI>Max Depth = 208<LI>Call Chain = Custom_Driver_CreateThread &rArr; rw_creat_task &rArr; osThreadCreate &rArr; xTaskGenericCreate &rArr; pvPortMalloc &rArr; xTaskResumeAll &rArr; xTaskIncrementTick
</UL>
<BR>[Calls]<UL><LI><a href="#[eb]">&gt;&gt;</a>&nbsp;&nbsp;&nbsp;rw_creat_task
</UL>
<BR>[Called By]<UL><LI><a href="#[da]">&gt;&gt;</a>&nbsp;&nbsp;&nbsp;Custom_Api_Start
</UL>

<P><STRONG><a name="[d6]"></a>Custom_Driver_DestroyThread</STRONG> (Thumb, 16 bytes, Stack size 8 bytes, cust_driver_main.o(i.Custom_Driver_DestroyThread))
<BR><BR>[Stack]<UL><LI>Max Depth = 136<LI>Call Chain = Custom_Driver_DestroyThread &rArr; rw_post_sem &rArr; osSemaphoreRelease &rArr; xQueueGenericSend &rArr; xTaskResumeAll &rArr; xTaskIncrementTick
</UL>
<BR>[Calls]<UL><LI><a href="#[c9]">&gt;&gt;</a>&nbsp;&nbsp;&nbsp;rw_post_sem
</UL>
<BR>[Called By]<UL><LI><a href="#[d3]">&gt;&gt;</a>&nbsp;&nbsp;&nbsp;Custom_Api_Shutdown
</UL>

<P><STRONG><a name="[7b]"></a>Custom_Driver_WaitForCondition</STRONG> (Thumb, 42 bytes, Stack size 24 bytes, cust_driver_main.o(i.Custom_Driver_WaitForCondition))
<BR><BR>[Stack]<UL><LI>Max Depth = 152<LI>Call Chain = Custom_Driver_WaitForCondition &rArr; rw_pend_sem &rArr; osSemaphoreWait &rArr; xQueueGenericReceive &rArr; xTaskResumeAll &rArr; xTaskIncrementTick
</UL>
<BR>[Calls]<UL><LI><a href="#[c6]">&gt;&gt;</a>&nbsp;&nbsp;&nbsp;rw_pend_sem
</UL>
<BR>[Called By]<UL><LI><a href="#[a9]">&gt;&gt;</a>&nbsp;&nbsp;&nbsp;Api_TxGetStatus
<LI><a href="#[7c]">&gt;&gt;</a>&nbsp;&nbsp;&nbsp;Api_DriverAccessCheck
<LI><a href="#[8c]">&gt;&gt;</a>&nbsp;&nbsp;&nbsp;Api_InitFinish
<LI><a href="#[81]">&gt;&gt;</a>&nbsp;&nbsp;&nbsp;Api_DeInitFinish
<LI><a href="#[168]">&gt;&gt;</a>&nbsp;&nbsp;&nbsp;ath_ioctl_handler
<LI><a href="#[7a]">&gt;&gt;</a>&nbsp;&nbsp;&nbsp;Api_DataTxStart
</UL>

<P><STRONG><a name="[aa]"></a>Custom_Driver_WakeDriver</STRONG> (Thumb, 6 bytes, Stack size 0 bytes, cust_driver_main.o(i.Custom_Driver_WakeDriver))
<BR><BR>[Stack]<UL><LI>Max Depth = 128<LI>Call Chain = Custom_Driver_WakeDriver &rArr; rw_post_sem &rArr; osSemaphoreRelease &rArr; xQueueGenericSend &rArr; xTaskResumeAll &rArr; xTaskIncrementTick
</UL>
<BR>[Calls]<UL><LI><a href="#[c9]">&gt;&gt;</a>&nbsp;&nbsp;&nbsp;rw_post_sem
</UL>
<BR>[Called By]<UL><LI><a href="#[a9]">&gt;&gt;</a>&nbsp;&nbsp;&nbsp;Api_TxGetStatus
<LI><a href="#[f3]">&gt;&gt;</a>&nbsp;&nbsp;&nbsp;HW_InterruptHandler
<LI><a href="#[80]">&gt;&gt;</a>&nbsp;&nbsp;&nbsp;Driver_SubmitTxRequest
<LI><a href="#[ed]">&gt;&gt;</a>&nbsp;&nbsp;&nbsp;Driver_ReportRxBuffStatus
</UL>

[...]
<BR><BR>[Called By]<UL><LI><a href="#[da]">&gt;&gt;</a>&nbsp;&nbsp;&nbsp;Custom_Api_Start
<LI><a href="#[d3]">&gt;&gt;</a>&nbsp;&nbsp;&nbsp;Custom_Api_Shutdown
</UL>

<P><STRONG><a name="[92]"></a>security_ie_parse</STRONG> (Thumb, 340 bytes, Stack size 36 bytes, api_ioctl.o(i.security_ie_parse))
<BR><BR>[Stack]<UL><LI>Max Depth = 36<LI>Call Chain = security_ie_parse
</UL>
<BR>[Called By]<UL><LI><a href="#[90]">&gt;&gt;</a>&nbsp;&nbsp;&nbsp;Api_ParseInfoElem
</UL>

<P><STRONG><a name="[46]"></a>query_credit_deficit</STRONG> (Thumb, 46 bytes, Stack size 16 bytes, api_txrx.o(i.query_credit_deficit))
<BR><BR>[Stack]<UL><LI>Max Depth = 200<LI>Call Chain = query_credit_deficit &rArr; Htc_ReadCreditCounter &rArr; Hcd_DoPioExternalAccess &rArr; Hcd_TransferData &rArr; Bus_InOutDescriptorSet &rArr; assert_func
</UL>
<BR>[Calls]<UL><LI><a href="#[136]">&gt;&gt;</a>&nbsp;&nbsp;&nbsp;Htc_ReadCreditCounter
<LI><a href="#[8b]">&gt;&gt;</a>&nbsp;&nbsp;&nbsp;Custom_Driver_WakeUser
</UL>
<BR>[Address Reference Count : 1]<UL><LI> api_txrx.o(i.Api_TxGetStatus)
</UL>
<P><STRONG><a name="[cc]"></a>ConnectService</STRONG> (Thumb, 138 bytes, Stack size 40 bytes, driver_init.o(i.ConnectService))
<BR><BR>[Stack]<UL><LI>Max Depth = 88<LI>Call Chain = ConnectService &rArr; HTC_ConnectService &rArr; assert_func
</UL>
<BR>[Calls]<UL><LI><a href="#[ce]">&gt;&gt;</a>&nbsp;&nbsp;&nbsp;wmi_set_control_ep
<LI><a href="#[cd]">&gt;&gt;</a>&nbsp;&nbsp;&nbsp;HTC_ConnectService
</UL>
<BR>[Called By]<UL><LI><a href="#[113]">&gt;&gt;</a>&nbsp;&nbsp;&nbsp;SetupServices
</UL>

<P><STRONG><a name="[ff]"></a>Driver_TargReset</STRONG> (Thumb, 236 bytes, Stack size 24 bytes, driver_init.o(i.Driver_TargReset))
<BR><BR>[Stack]<UL><LI>Max Depth = 376<LI>Call Chain = Driver_TargReset &rArr; Driver_WriteDataDiag &rArr; Driver_WriteRegDiag &rArr; Driver_SetAddressWindowRegister &rArr; Hcd_DoPioExternalAccess &rArr; Hcd_TransferData &rArr; Bus_InOutDescriptorSet &rArr; assert_func
</UL>
<BR>[Calls]<UL><LI><a href="#[86]">&gt;&gt;</a>&nbsp;&nbsp;&nbsp;HW_MsecDelay
<LI><a href="#[9c]">&gt;&gt;</a>&nbsp;&nbsp;&nbsp;assert_func
<LI><a href="#[fe]">&gt;&gt;</a>&nbsp;&nbsp;&nbsp;Driver_WriteDataDiag
<LI><a href="#[fd]">&gt;&gt;</a>&nbsp;&nbsp;&nbsp;Driver_ReadDataDiag
</UL>
<BR>[Called By]<UL><LI><a href="#[fc]">&gt;&gt;</a>&nbsp;&nbsp;&nbsp;Driver_BootComm
</UL>

<P><STRONG><a name="[113]"></a>SetupServices</STRONG> (Thumb, 216 bytes, Stack size 40 bytes, driver_init.o(i.SetupServices))
<BR><BR>[Stack]<UL><LI>Max Depth = 128<LI>Call Chain = SetupServices &rArr; ConnectService &rArr; HTC_ConnectService &rArr; assert_func
</UL>
<BR>[Calls]<UL><LI><a href="#[9c]">&gt;&gt;</a>&nbsp;&nbsp;&nbsp;assert_func
<LI><a href="#[cc]">&gt;&gt;</a>&nbsp;&nbsp;&nbsp;ConnectService
<LI><a href="#[77]">&gt;&gt;</a>&nbsp;&nbsp;&nbsp;__aeabi_memclr4
</UL>
<BR>[Called By]<UL><LI><a href="#[dc]">&gt;&gt;</a>&nbsp;&nbsp;&nbsp;Driver_Init
</UL>

<P><STRONG><a name="[1f3]"></a>wmi_connect_event_rx</STRONG> (Thumb, 150 bytes, Stack size 48 bytes, wmi.o(i.wmi_connect_event_rx))
<BR><BR>[Stack]<UL><LI>Max Depth = 232<LI>Call Chain = wmi_connect_event_rx &rArr; Api_ConnectEvent &rArr; Custom_Api_ConnectEvent &rArr; driver_unlock_mutex &rArr; rw_unlock_mutex &rArr; osMutexRelease &rArr; xQueueGenericSend &rArr; xTaskResumeAll &rArr; xTaskIncrementTick
</UL>
<BR>[Calls]<UL><LI><a href="#[6f]">&gt;&gt;</a>&nbsp;&nbsp;&nbsp;Api_ConnectEvent
</UL>
<BR>[Called By]<UL><LI><a href="#[9a]">&gt;&gt;</a>&nbsp;&nbsp;&nbsp;wmi_control_rx
</UL>

<P><STRONG><a name="[1f6]"></a>wmi_simple_cmd</STRONG> (Thumb, 34 bytes, Stack size 16 bytes, wmi.o(i.wmi_simple_cmd))
<BR><BR>[Stack]<UL><LI>Max Depth = 200<LI>Call Chain = wmi_simple_cmd &rArr; wmi_cmd_send &rArr; a_netbuf_free &rArr; txpkt_free &rArr; unblock &rArr; rw_post_sem &rArr; osSemaphoreRelease &rArr; xQueueGenericSend &rArr; xTaskResumeAll &rArr; xTaskIncrementTick
</UL>
<BR>[Calls]<UL><LI><a href="#[1f2]">&gt;&gt;</a>&nbsp;&nbsp;&nbsp;wmi_cmd_send
<LI><a href="#[171]">&gt;&gt;</a>&nbsp;&nbsp;&nbsp;a_netbuf_alloc
</UL>
<BR>[Called By]<UL><LI><a href="#[17c]">&gt;&gt;</a>&nbsp;&nbsp;&nbsp;wmi_get_stats_cmd
<LI><a href="#[17e]">&gt;&gt;</a>&nbsp;&nbsp;&nbsp;wmi_get_pmk_cmd
<LI><a href="#[88]">&gt;&gt;</a>&nbsp;&nbsp;&nbsp;wmi_disconnect_cmd
</UL>

<P><STRONG><a name="[47]"></a>Atheros_Driver_Task</STRONG> (Thumb, 98 bytes, Stack size 24 bytes, cust_driver_main.o(i.Atheros_Driver_Task))
<BR><BR>[Stack]<UL><LI>Max Depth = 296<LI>Call Chain = Atheros_Driver_Task &rArr; Driver_Main &rArr; Driver_SendPacket &rArr; Hcd_Request &rArr; DoDMAOp &rArr; EnableDisableSPIIRQHwDetect &rArr; HW_EnableDisableSPIIRQ &rArr; rw_unlock_mutex &rArr; osMutexRelease &rArr; xQueueGenericSend &rArr; xTaskResumeAll &rArr; xTaskIncrementTick
</UL>
<BR>[Calls]<UL><LI><a href="#[c9]">&gt;&gt;</a>&nbsp;&nbsp;&nbsp;rw_post_sem
<LI><a href="#[c6]">&gt;&gt;</a>&nbsp;&nbsp;&nbsp;rw_pend_sem
<LI><a href="#[86]">&gt;&gt;</a>&nbsp;&nbsp;&nbsp;HW_MsecDelay
<LI><a href="#[c8]">&gt;&gt;</a>&nbsp;&nbsp;&nbsp;Driver_DeInit
<LI><a href="#[c7]">&gt;&gt;</a>&nbsp;&nbsp;&nbsp;Driver_Main
</UL>
<BR>[Address Reference Count : 1]<UL><LI> cust_driver_main.o(i.Custom_Driver_CreateThread)
</UL>
<P><STRONG><a name="[48]"></a>Custom_FreeRxRequest</STRONG> (Thumb, 2 bytes, Stack size 0 bytes, cust_driver_main.o(i.Custom_FreeRxRequest))
<BR>[Address Reference Count : 1]<UL><LI> cust_driver_main.o(i.Custom_GetRxRequest)
</UL>
<P><STRONG><a name="[70]"></a>driver_lock_mutex</STRONG> (Thumb, 18 bytes, Stack size 8 bytes, api_wmi_rx.o(i.driver_lock_mutex))
<BR><BR>[Stack]<UL><LI>Max Depth = 136<LI>Call Chain = driver_lock_mutex &rArr; rw_lock_mutex &rArr; osMutexWait &rArr; xQueueGenericReceive &rArr; xTaskResumeAll &rArr; xTaskIncrementTick
</UL>
<BR>[Calls]<UL><LI><a href="#[ec]">&gt;&gt;</a>&nbsp;&nbsp;&nbsp;rw_lock_mutex
</UL>
<BR>[Called By]<UL><LI><a href="#[84]">&gt;&gt;</a>&nbsp;&nbsp;&nbsp;Api_DisconnectEvent
<LI><a href="#[6f]">&gt;&gt;</a>&nbsp;&nbsp;&nbsp;Api_ConnectEvent
<LI><a href="#[b0]">&gt;&gt;</a>&nbsp;&nbsp;&nbsp;Api_WpsProfileEvent
</UL>

<P><STRONG><a name="[71]"></a>driver_unlock_mutex</STRONG> (Thumb, 16 bytes, Stack size 8 bytes, api_wmi_rx.o(i.driver_unlock_mutex))
<BR><BR>[Stack]<UL><LI>Max Depth = 136<LI>Call Chain = driver_unlock_mutex &rArr; rw_unlock_mutex &rArr; osMutexRelease &rArr; xQueueGenericSend &rArr; xTaskResumeAll &rArr; xTaskIncrementTick
</UL>
<BR>[Calls]<UL><LI><a href="#[ee]">&gt;&gt;</a>&nbsp;&nbsp;&nbsp;rw_unlock_mutex
</UL>
<BR>[Called By]<UL><LI><a href="#[84]">&gt;&gt;</a>&nbsp;&nbsp;&nbsp;Api_DisconnectEvent
<LI><a href="#[6f]">&gt;&gt;</a>&nbsp;&nbsp;&nbsp;Api_ConnectEvent
<LI><a href="#[b0]">&gt;&gt;</a>&nbsp;&nbsp;&nbsp;Api_WpsProfileEvent
</UL>

<P><STRONG><a name="[11e]"></a>Driver_SetAddressWindowRegister</STRONG> (Thumb, 130 bytes, Stack size 136 bytes, driver_diag.o(i.Driver_SetAddressWindowRegister))
<BR><BR>[Stack]<UL><LI>Max Depth = 216<LI>Call Chain = Driver_SetAddressWindowRegister &rArr; Hcd_DoPioExternalAccess &rArr; Hcd_TransferData &rArr; Bus_InOutDescriptorSet &rArr; assert_func
</UL>
<BR>[Calls]<UL><LI><a href="#[11f]">&gt;&gt;</a>&nbsp;&nbsp;&nbsp;Hcd_DoPioExternalAccess
<LI><a href="#[11d]">&gt;&gt;</a>&nbsp;&nbsp;&nbsp;a_netbuf_configure
</UL>
<BR>[Called By]<UL><LI><a href="#[12f]">&gt;&gt;</a>&nbsp;&nbsp;&nbsp;Driver_WriteRegDiag
<LI><a href="#[11c]">&gt;&gt;</a>&nbsp;&nbsp;&nbsp;Driver_ReadRegDiag
</UL>

<P><STRONG><a name="[10a]"></a>driver_lock_mutex</STRONG> (Thumb, 18 bytes, Stack size 8 bytes, driver_main.o(i.driver_lock_mutex))
<BR><BR>[Stack]<UL><LI>Max Depth = 136<LI>Call Chain = driver_lock_mutex &rArr; rw_lock_mutex &rArr; osMutexWait &rArr; xQueueGenericReceive &rArr; xTaskResumeAll &rArr; xTaskIncrementTick
</UL>
<BR>[Calls]<UL><LI><a href="#[ec]">&gt;&gt;</a>&nbsp;&nbsp;&nbsp;rw_lock_mutex
</UL>
<BR>[Called By]<UL><LI><a href="#[109]">&gt;&gt;</a>&nbsp;&nbsp;&nbsp;Driver_DropTxDataPackets
<LI><a href="#[c7]">&gt;&gt;</a>&nbsp;&nbsp;&nbsp;Driver_Main
</UL>

<P><STRONG><a name="[10b]"></a>driver_unlock_mutex</STRONG> (Thumb, 16 bytes, Stack size 8 bytes, driver_main.o(i.driver_unlock_mutex))
<BR><BR>[Stack]<UL><LI>Max Depth = 136<LI>Call Chain = driver_unlock_mutex &rArr; rw_unlock_mutex &rArr; osMutexRelease &rArr; xQueueGenericSend &rArr; xTaskResumeAll &rArr; xTaskIncrementTick
</UL>
<BR>[Calls]<UL><LI><a href="#[ee]">&gt;&gt;</a>&nbsp;&nbsp;&nbsp;rw_unlock_mutex
</UL>
<BR>[Called By]<UL><LI><a href="#[109]">&gt;&gt;</a>&nbsp;&nbsp;&nbsp;Driver_DropTxDataPackets
<LI><a href="#[c7]">&gt;&gt;</a>&nbsp;&nbsp;&nbsp;Driver_Main
</UL>

<P><STRONG><a name="[123]"></a>Driver_PostProcessRequest</STRONG> (Thumb, 34 bytes, Stack size 0 bytes, driver_txrx.o(i.Driver_PostProcessRequest))
<BR><BR>[Called By]<UL><LI><a href="#[11b]">&gt;&gt;</a>&nbsp;&nbsp;&nbsp;Driver_SendPacket
<LI><a href="#[119]">&gt;&gt;</a>&nbsp;&nbsp;&nbsp;Driver_RecvPacket
</UL>

<P><STRONG><a name="[4a]"></a>Driver_TxComplete</STRONG> (Thumb, 44 bytes, Stack size 16 bytes, driver_txrx.o(i.Driver_TxComplete))
<BR><BR>[Stack]<UL><LI>Max Depth = 192<LI>Call Chain = Driver_TxComplete &rArr; Api_TxComplete &rArr; a_netbuf_free &rArr; txpkt_free &rArr; unblock &rArr; rw_post_sem &rArr; osSemaphoreRelease &rArr; xQueueGenericSend &rArr; xTaskResumeAll &rArr; xTaskIncrementTick
</UL>
<BR>[Calls]<UL><LI><a href="#[9c]">&gt;&gt;</a>&nbsp;&nbsp;&nbsp;assert_func
<LI><a href="#[a7]">&gt;&gt;</a>&nbsp;&nbsp;&nbsp;Api_TxComplete
<LI><a href="#[12a]">&gt;&gt;</a>&nbsp;&nbsp;&nbsp;Htc_ProcessTxComplete
</UL>
<BR>[Address Reference Count : 1]<UL><LI> driver_txrx.o(i.Driver_SubmitTxRequest)
</UL>
<P><STRONG><a name="[f4]"></a>DoDMAOp</STRONG> (Thumb, 138 bytes, Stack size 24 bytes, spi_hcd.o(i.DoDMAOp))
<BR><BR>[Stack]<UL><LI>Max Depth = 192<LI>Call Chain = DoDMAOp &rArr; EnableDisableSPIIRQHwDetect &rArr; HW_EnableDisableSPIIRQ &rArr; rw_unlock_mutex &rArr; osMutexRelease &rArr; xQueueGenericSend &rArr; xTaskResumeAll &rArr; xTaskIncrementTick
</UL>
<BR>[Calls]<UL><LI><a href="#[f7]">&gt;&gt;</a>&nbsp;&nbsp;&nbsp;Bus_InOutToken
<LI><a href="#[f5]">&gt;&gt;</a>&nbsp;&nbsp;&nbsp;MaskSPIInterrupts
<LI><a href="#[f8]">&gt;&gt;</a>&nbsp;&nbsp;&nbsp;Hcd_TransferData
<LI><a href="#[fa]">&gt;&gt;</a>&nbsp;&nbsp;&nbsp;EnableDisableSPIIRQHwDetect
<LI><a href="#[f6]">&gt;&gt;</a>&nbsp;&nbsp;&nbsp;DoPioWriteInternal
<LI><a href="#[f9]">&gt;&gt;</a>&nbsp;&nbsp;&nbsp;Hcd_UnmaskSPIInterrupts
</UL>
<BR>[Called By]<UL><LI><a href="#[122]">&gt;&gt;</a>&nbsp;&nbsp;&nbsp;Hcd_Request
</UL>

<P><STRONG><a name="[fb]"></a>DoPioReadInternal</STRONG> (Thumb, 56 bytes, Stack size 16 bytes, spi_hcd.o(i.DoPioReadInternal))
<BR><BR>[Stack]<UL><LI>Max Depth = 48<LI>Call Chain = DoPioReadInternal &rArr; Bus_InOutToken
</UL>
<BR>[Calls]<UL><LI><a href="#[f7]">&gt;&gt;</a>&nbsp;&nbsp;&nbsp;Bus_InOutToken
</UL>
<BR>[Called By]<UL><LI><a href="#[10e]">&gt;&gt;</a>&nbsp;&nbsp;&nbsp;Hcd_Init
<LI><a href="#[115]">&gt;&gt;</a>&nbsp;&nbsp;&nbsp;Hcd_SpiInterrupt
<LI><a href="#[12d]">&gt;&gt;</a>&nbsp;&nbsp;&nbsp;Hcd_RefreshWriteBufferSpace
<LI><a href="#[12e]">&gt;&gt;</a>&nbsp;&nbsp;&nbsp;Hcd_ProgramWriteBufferWaterMark
<LI><a href="#[127]">&gt;&gt;</a>&nbsp;&nbsp;&nbsp;Hcd_GetLookAhead
<LI><a href="#[126]">&gt;&gt;</a>&nbsp;&nbsp;&nbsp;Hcd_DoPioInternalAccess
<LI><a href="#[11f]">&gt;&gt;</a>&nbsp;&nbsp;&nbsp;Hcd_DoPioExternalAccess
</UL>

<P><STRONG><a name="[f6]"></a>DoPioWriteInternal</STRONG> (Thumb, 50 bytes, Stack size 16 bytes, spi_hcd.o(i.DoPioWriteInternal))
<BR><BR>[Stack]<UL><LI>Max Depth = 48<LI>Call Chain = DoPioWriteInternal &rArr; Bus_InOutToken
</UL>
<BR>[Calls]<UL><LI><a href="#[f7]">&gt;&gt;</a>&nbsp;&nbsp;&nbsp;Bus_InOutToken
</UL>
<BR>[Called By]<UL><LI><a href="#[10e]">&gt;&gt;</a>&nbsp;&nbsp;&nbsp;Hcd_Init
<LI><a href="#[103]">&gt;&gt;</a>&nbsp;&nbsp;&nbsp;Hcd_Deinitialize
<LI><a href="#[135]">&gt;&gt;</a>&nbsp;&nbsp;&nbsp;ResetWriteBufferWaterMark
<LI><a href="#[f5]">&gt;&gt;</a>&nbsp;&nbsp;&nbsp;MaskSPIInterrupts
<LI><a href="#[fa]">&gt;&gt;</a>&nbsp;&nbsp;&nbsp;EnableDisableSPIIRQHwDetect
<LI><a href="#[f4]">&gt;&gt;</a>&nbsp;&nbsp;&nbsp;DoDMAOp
<LI><a href="#[122]">&gt;&gt;</a>&nbsp;&nbsp;&nbsp;Hcd_Request
<LI><a href="#[f9]">&gt;&gt;</a>&nbsp;&nbsp;&nbsp;Hcd_UnmaskSPIInterrupts
<LI><a href="#[115]">&gt;&gt;</a>&nbsp;&nbsp;&nbsp;Hcd_SpiInterrupt
<LI><a href="#[12e]">&gt;&gt;</a>&nbsp;&nbsp;&nbsp;Hcd_ProgramWriteBufferWaterMark
<LI><a href="#[126]">&gt;&gt;</a>&nbsp;&nbsp;&nbsp;Hcd_DoPioInternalAccess
<LI><a href="#[11f]">&gt;&gt;</a>&nbsp;&nbsp;&nbsp;Hcd_DoPioExternalAccess
</UL>

<P><STRONG><a name="[fa]"></a>EnableDisableSPIIRQHwDetect</STRONG> (Thumb, 92 bytes, Stack size 16 bytes, spi_hcd.o(i.EnableDisableSPIIRQHwDetect))
<BR><BR>[Stack]<UL><LI>Max Depth = 168<LI>Call Chain = EnableDisableSPIIRQHwDetect &rArr; HW_EnableDisableSPIIRQ &rArr; rw_unlock_mutex &rArr; osMutexRelease &rArr; xQueueGenericSend &rArr; xTaskResumeAll &rArr; xTaskIncrementTick
</UL>
<BR>[Calls]<UL><LI><a href="#[133]">&gt;&gt;</a>&nbsp;&nbsp;&nbsp;HW_EnableDisableSPIIRQ
<LI><a href="#[9c]">&gt;&gt;</a>&nbsp;&nbsp;&nbsp;assert_func
<LI><a href="#[f6]">&gt;&gt;</a>&nbsp;&nbsp;&nbsp;DoPioWriteInternal
</UL>
<BR>[Called By]<UL><LI><a href="#[10e]">&gt;&gt;</a>&nbsp;&nbsp;&nbsp;Hcd_Init
<LI><a href="#[f4]">&gt;&gt;</a>&nbsp;&nbsp;&nbsp;DoDMAOp
<LI><a href="#[115]">&gt;&gt;</a>&nbsp;&nbsp;&nbsp;Hcd_SpiInterrupt
</UL>

<P><STRONG><a name="[f8]"></a>Hcd_TransferData</STRONG> (Thumb, 4 bytes, Stack size 0 bytes, spi_hcd.o(i.Hcd_TransferData))
<BR><BR>[Stack]<UL><LI>Max Depth = 56<LI>Call Chain = Hcd_TransferData &rArr; Bus_InOutDescriptorSet &rArr; assert_func
</UL>
<BR>[Calls]<UL><LI><a href="#[ca]">&gt;&gt;</a>&nbsp;&nbsp;&nbsp;Bus_InOutDescriptorSet
</UL>
<BR>[Called By]<UL><LI><a href="#[f4]">&gt;&gt;</a>&nbsp;&nbsp;&nbsp;DoDMAOp
<LI><a href="#[11f]">&gt;&gt;</a>&nbsp;&nbsp;&nbsp;Hcd_DoPioExternalAccess
</UL>

<P><STRONG><a name="[f5]"></a>MaskSPIInterrupts</STRONG> (Thumb, 42 bytes, Stack size 16 bytes, spi_hcd.o(i.MaskSPIInterrupts))
<BR><BR>[Stack]<UL><LI>Max Depth = 64 + In Cycle
<LI>Call Chain = MaskSPIInterrupts &rArr;  Hcd_UnmaskSPIInterrupts (Cycle)
</UL>
<BR>[Calls]<UL><LI><a href="#[f6]">&gt;&gt;</a>&nbsp;&nbsp;&nbsp;DoPioWriteInternal
<LI><a href="#[f9]">&gt;&gt;</a>&nbsp;&nbsp;&nbsp;Hcd_UnmaskSPIInterrupts
</UL>
<BR>[Called By]<UL><LI><a href="#[f4]">&gt;&gt;</a>&nbsp;&nbsp;&nbsp;DoDMAOp
<LI><a href="#[f9]">&gt;&gt;</a>&nbsp;&nbsp;&nbsp;Hcd_UnmaskSPIInterrupts
<LI><a href="#[115]">&gt;&gt;</a>&nbsp;&nbsp;&nbsp;Hcd_SpiInterrupt
</UL>

<P><STRONG><a name="[135]"></a>ResetWriteBufferWaterMark</STRONG> (Thumb, 38 bytes, Stack size 8 bytes, spi_hcd.o(i.ResetWriteBufferWaterMark))
<BR><BR>[Stack]<UL><LI>Max Depth = 56<LI>Call Chain = ResetWriteBufferWaterMark &rArr; DoPioWriteInternal &rArr; Bus_InOutToken
</UL>
<BR>[Calls]<UL><LI><a href="#[f6]">&gt;&gt;</a>&nbsp;&nbsp;&nbsp;DoPioWriteInternal
</UL>
<BR>[Called By]<UL><LI><a href="#[10e]">&gt;&gt;</a>&nbsp;&nbsp;&nbsp;Hcd_Init
<LI><a href="#[115]">&gt;&gt;</a>&nbsp;&nbsp;&nbsp;Hcd_SpiInterrupt
<LI><a href="#[12e]">&gt;&gt;</a>&nbsp;&nbsp;&nbsp;Hcd_ProgramWriteBufferWaterMark
</UL>

<P><STRONG><a name="[134]"></a>Htc_DistributeCredits</STRONG> (Thumb, 62 bytes, Stack size 0 bytes, htc.o(i.Htc_DistributeCredits))
<BR><BR>[Called By]<UL><LI><a href="#[114]">&gt;&gt;</a>&nbsp;&nbsp;&nbsp;HTC_Start
<LI><a href="#[117]">&gt;&gt;</a>&nbsp;&nbsp;&nbsp;HTC_ProcessCpuInterrupt
</UL>

<P><STRONG><a name="[138]"></a>Htc_ProcessCreditRpt</STRONG> (Thumb, 96 bytes, Stack size 24 bytes, htc.o(i.Htc_ProcessCreditRpt))
<BR><BR>[Stack]<UL><LI>Max Depth = 40<LI>Call Chain = Htc_ProcessCreditRpt &rArr; assert_func
</UL>
<BR>[Calls]<UL><LI><a href="#[9c]">&gt;&gt;</a>&nbsp;&nbsp;&nbsp;assert_func
<LI><a href="#[12b]">&gt;&gt;</a>&nbsp;&nbsp;&nbsp;Util_GetEndpoint
</UL>
<BR>[Called By]<UL><LI><a href="#[13a]">&gt;&gt;</a>&nbsp;&nbsp;&nbsp;Htc_ProcessTrailer
</UL>

<P><STRONG><a name="[13a]"></a>Htc_ProcessTrailer</STRONG> (Thumb, 168 bytes, Stack size 40 bytes, htc.o(i.Htc_ProcessTrailer))
<BR><BR>[Stack]<UL><LI>Max Depth = 80<LI>Call Chain = Htc_ProcessTrailer &rArr; Htc_ProcessCreditRpt &rArr; assert_func
</UL>
<BR>[Calls]<UL><LI><a href="#[9c]">&gt;&gt;</a>&nbsp;&nbsp;&nbsp;assert_func
<LI><a href="#[138]">&gt;&gt;</a>&nbsp;&nbsp;&nbsp;Htc_ProcessCreditRpt
</UL>
<BR>[Called By]<UL><LI><a href="#[124]">&gt;&gt;</a>&nbsp;&nbsp;&nbsp;Htc_ProcessRecvHeader
</UL>

<P><STRONG><a name="[d1]"></a>driver_lock_mutex</STRONG> (Thumb, 18 bytes, Stack size 8 bytes, cust_api_wmi_rx.o(i.driver_lock_mutex))
<BR><BR>[Stack]<UL><LI>Max Depth = 136<LI>Call Chain = driver_lock_mutex &rArr; rw_lock_mutex &rArr; osMutexWait &rArr; xQueueGenericReceive &rArr; xTaskResumeAll &rArr; xTaskIncrementTick
</UL>
<BR>[Calls]<UL><LI><a href="#[ec]">&gt;&gt;</a>&nbsp;&nbsp;&nbsp;rw_lock_mutex
</UL>
<BR>[Called By]<UL><LI><a href="#[94]">&gt;&gt;</a>&nbsp;&nbsp;&nbsp;Custom_Api_RSNASuccessEvent
<LI><a href="#[85]">&gt;&gt;</a>&nbsp;&nbsp;&nbsp;Custom_Api_DisconnectEvent
<LI><a href="#[73]">&gt;&gt;</a>&nbsp;&nbsp;&nbsp;Custom_Api_ConnectEvent
</UL>

<P><STRONG><a name="[d2]"></a>driver_unlock_mutex</STRONG> (Thumb, 16 bytes, Stack size 8 bytes, cust_api_wmi_rx.o(i.driver_unlock_mutex))
<BR><BR>[Stack]<UL><LI>Max Depth = 136<LI>Call Chain = driver_unlock_mutex &rArr; rw_unlock_mutex &rArr; osMutexRelease &rArr; xQueueGenericSend &rArr; xTaskResumeAll &rArr; xTaskIncrementTick
</UL>
<BR>[Calls]<UL><LI><a href="#[ee]">&gt;&gt;</a>&nbsp;&nbsp;&nbsp;rw_unlock_mutex
</UL>
<BR>[Called By]<UL><LI><a href="#[94]">&gt;&gt;</a>&nbsp;&nbsp;&nbsp;Custom_Api_RSNASuccessEvent
<LI><a href="#[85]">&gt;&gt;</a>&nbsp;&nbsp;&nbsp;Custom_Api_DisconnectEvent
<LI><a href="#[73]">&gt;&gt;</a>&nbsp;&nbsp;&nbsp;Custom_Api_ConnectEvent
</UL>

<P><STRONG><a name="[d0]"></a>fill_scan_info</STRONG> (Thumb, 328 bytes, Stack size 72 bytes, cust_api_wmi_rx.o(i.fill_scan_info))
<BR><BR>[Stack]<UL><LI>Max Depth = 132<LI>Call Chain = fill_scan_info &rArr; Api_ParseInfoElem &rArr; security_ie_parse
</UL>
<BR>[Calls]<UL><LI><a href="#[90]">&gt;&gt;</a>&nbsp;&nbsp;&nbsp;Api_ParseInfoElem
<LI><a href="#[62]">&gt;&gt;</a>&nbsp;&nbsp;&nbsp;__aeabi_memclr
<LI><a href="#[8a]">&gt;&gt;</a>&nbsp;&nbsp;&nbsp;__aeabi_memcpy
</UL>
<BR>[Called By]<UL><LI><a href="#[6e]">&gt;&gt;</a>&nbsp;&nbsp;&nbsp;Custom_Api_BssInfoEvent
</UL>

<P><STRONG><a name="[165]"></a>_printf_core</STRONG> (Thumb, 996 bytes, Stack size 104 bytes, printf8.o(i._printf_core), UNUSED)
<BR><BR>[Calls]<UL><LI><a href="#[65]">&gt;&gt;</a>&nbsp;&nbsp;&nbsp;__aeabi_uldivmod
<LI><a href="#[16b]">&gt;&gt;</a>&nbsp;&nbsp;&nbsp;_printf_pre_padding
<LI><a href="#[16c]">&gt;&gt;</a>&nbsp;&nbsp;&nbsp;_printf_post_padding
</UL>
<BR>[Called By]<UL><LI><a href="#[166]">&gt;&gt;</a>&nbsp;&nbsp;&nbsp;__0sprintf$8
<LI><a href="#[164]">&gt;&gt;</a>&nbsp;&nbsp;&nbsp;__0printf$8
</UL>

<P><STRONG><a name="[16c]"></a>_printf_post_padding</STRONG> (Thumb, 36 bytes, Stack size 24 bytes, printf8.o(i._printf_post_padding), UNUSED)
<BR><BR>[Called By]<UL><LI><a href="#[165]">&gt;&gt;</a>&nbsp;&nbsp;&nbsp;_printf_core
</UL>

<P><STRONG><a name="[16b]"></a>_printf_pre_padding</STRONG> (Thumb, 46 bytes, Stack size 24 bytes, printf8.o(i._printf_pre_padding), UNUSED)
<BR><BR>[Called By]<UL><LI><a href="#[165]">&gt;&gt;</a>&nbsp;&nbsp;&nbsp;_printf_core
</UL>

<P><STRONG><a name="[4c]"></a>_sputc</STRONG> (Thumb, 10 bytes, Stack size 0 bytes, printf8.o(i._sputc))
<BR><BR>[Called By]<UL><LI><a href="#[166]">&gt;&gt;</a>&nbsp;&nbsp;&nbsp;__0sprintf$8
</UL>
<BR>[Address Reference Count : 1]<UL><LI> printf8.o(i.__0sprintf$8)
</UL><P>
<H3>
Undefined Global Symbols
</H3><HR></body></html>
